11:48:41 t2_lead_lag_sv_15m_kendi_k1_e3_t2 x1.0: net=-0.8416 sh=-2.09 dd=-0.842 n=3724 alfa=-0.3518 beta=-0.001 t=-4.64 maliyet=1.738 fon=-0.004 (3s)
11:48:49 ATLA (defterde) t2_lead_lag_sv_15m_kendi_k1_e3_t2
11:48:52 t2_lead_lag_sv_15m_kendi_k1_e3_t4 x1.0: net=-0.8562 sh=-2.17 dd=-0.859 n=3670 alfa=-0.3876 beta=+0.014 t=-5.06 maliyet=1.713 fon=-0.002 (3s)
11:48:53 t2_lead_lag_sv_15m_kendi_k1_e3_t12 x1.0: net=-0.8760 sh=-1.81 dd=-0.879 n=3560 alfa=-0.4236 beta=+0.027 t=-4.37 maliyet=1.661 fon=+0.023 (1s)
11:48:54 t2_lead_lag_sv_15m_kendi_k1_e4_t2 x1.0: net=-0.4997 sh=-0.98 dd=-0.518 n=1174 alfa=-0.1361 beta=+0.006 t=-2.31 maliyet=0.548 fon=+0.002 (1s)
11:48:54 t2_lead_lag_sv_15m_kendi_k1_e4_t4 x1.0: net=-0.6087 sh=-1.15 dd=-0.650 n=1162 alfa=-0.1935 beta=+0.016 t=-2.85 maliyet=0.542 fon=+0.004 (1s)
11:48:55 t2_lead_lag_sv_15m_kendi_k1_e4_t12 x1.0: net=-0.5554 sh=-0.81 dd=-0.631 n=1142 alfa=-0.1575 beta=+0.011 t=-1.97 maliyet=0.533 fon=+0.008 (1s)
11:48:55 t2_lead_lag_sv_15m_kendi_k1_e5_t2 x1.0: net=-0.0695 sh=-0.11 dd=-0.284 n=591 alfa=-0.0219 beta=+0.010 t=-0.53 maliyet=0.276 fon=+0.000 (1s)
11:48:56 t2_lead_lag_sv_15m_kendi_k1_e5_t4 x1.0: net=-0.2117 sh=-0.39 dd=-0.411 n=588 alfa=-0.0674 beta=+0.022 t=-1.42 maliyet=0.274 fon=-0.002 (1s)
11:48:57 t2_lead_lag_sv_15m_kendi_k1_e5_t12 x1.0: net=-0.2259 sh=-0.30 dd=-0.410 n=580 alfa=-0.0731 beta=+0.028 t=-1.19 maliyet=0.271 fon=-0.001 (1s)
11:48:58 t2_lead_lag_sv_15m_BTC_k1_e3_t2 x1.0: net=-0.7255 sh=-1.49 dd=-0.726 n=3852 alfa=-0.2165 beta=-0.025 t=-2.96 maliyet=1.798 fon=-0.000 (1s)
11:48:59 t2_lead_lag_sv_15m_BTC_k1_e3_t4 x1.0: net=-0.7869 sh=-1.49 dd=-0.788 n=3791 alfa=-0.2923 beta=+0.002 t=-3.37 maliyet=1.769 fon=-0.004 (1s)
11:49:00 t2_lead_lag_sv_15m_BTC_k1_e3_t12 x1.0: net=-0.7705 sh=-0.89 dd=-0.791 n=3659 alfa=-0.2499 beta=-0.003 t=-1.97 maliyet=1.708 fon=+0.026 (1s)
11:49:01 t2_lead_lag_sv_15m_BTC_k1_e4_t2 x1.0: net=+0.0531 sh=+0.14 dd=-0.212 n=1369 alfa=+0.0387 beta=-0.016 t=+0.60 maliyet=0.639 fon=+0.002 (1s)
11:49:01 t2_lead_lag_sv_15m_BTC_k1_e4_t4 x1.0: net=-0.0900 sh=-0.04 dd=-0.314 n=1351 alfa=+0.0034 beta=-0.009 t=+0.05 maliyet=0.630 fon=+0.000 (1s)
11:49:02 t2_lead_lag_sv_15m_BTC_k1_e4_t12 x1.0: net=+0.0130 sh=+0.12 dd=-0.384 n=1329 alfa=+0.0485 beta=-0.021 t=+0.52 maliyet=0.620 fon=+0.005 (1s)
11:49:03 t2_lead_lag_sv_15m_BTC_k1_e5_t2 x1.0: net=+0.3416 sh=+0.44 dd=-0.225 n=704 alfa=+0.0696 beta=+0.002 t=+0.95 maliyet=0.329 fon=+0.001 (1s)
11:49:04 t2_lead_lag_sv_15m_BTC_k1_e5_t4 x1.0: net=+0.1719 sh=+0.28 dd=-0.324 n=698 alfa=+0.0245 beta=+0.017 t=+0.35 maliyet=0.326 fon=+0.001 (1s)
11:49:05 t2_lead_lag_sv_15m_BTC_k1_e5_t12 x1.0: net=+0.2228 sh=+0.31 dd=-0.360 n=688 alfa=+0.0402 beta=+0.013 t=+0.50 maliyet=0.321 fon=-0.006 (1s)
11:49:06 t2_lead_lag_sv_15m_hepsi_k1_e3_t2 x1.0: net=+0.0018 sh=+0.06 dd=-0.200 n=624 alfa=+0.0161 beta=-0.008 t=+0.31 maliyet=0.291 fon=+0.000 (1s)
11:49:07 t2_lead_lag_sv_15m_hepsi_k1_e3_t4 x1.0: net=-0.2289 sh=-0.34 dd=-0.362 n=618 alfa=-0.0629 beta=+0.017 t=-1.10 maliyet=0.288 fon=-0.004 (1s)
11:49:08 t2_lead_lag_sv_15m_hepsi_k1_e3_t12 x1.0: net=-0.2046 sh=-0.12 dd=-0.517 n=609 alfa=-0.0523 beta=+0.025 t=-0.57 maliyet=0.284 fon=-0.011 (1s)
11:49:10 t2_lead_lag_sv_15m_hepsi_k1_e4_t2 x1.0: net=+0.1399 sh=+0.31 dd=-0.163 n=378 alfa=+0.0426 beta=-0.010 t=+0.93 maliyet=0.176 fon=+0.001 (1s)
11:49:11 t2_lead_lag_sv_15m_hepsi_k1_e4_t4 x1.0: net=-0.0094 sh=+0.03 dd=-0.282 n=375 alfa=-0.0007 beta=+0.003 t=-0.01 maliyet=0.175 fon=-0.002 (1s)
11:49:12 t2_lead_lag_sv_15m_hepsi_k1_e4_t12 x1.0: net=-0.0295 sh=+0.01 dd=-0.377 n=372 alfa=-0.0018 beta=+0.003 t=-0.03 maliyet=0.174 fon=-0.005 (1s)
11:49:12 t2_lead_lag_sv_15m_hepsi_k1_e5_t2 x1.0: net=+0.1120 sh=+0.26 dd=-0.169 n=237 alfa=+0.0441 beta=-0.016 t=+1.02 maliyet=0.111 fon=+0.001 (1s)
11:49:13 t2_lead_lag_sv_15m_hepsi_k1_e5_t4 x1.0: net=+0.1218 sh=+0.34 dd=-0.243 n=234 alfa=+0.0389 beta=-0.011 t=+1.16 maliyet=0.109 fon=+0.000 (1s)
11:49:15 t2_lead_lag_sv_15m_hepsi_k1_e5_t12 x1.0: net=+0.0731 sh=+0.20 dd=-0.307 n=234 alfa=+0.0254 beta=-0.006 t=+0.61 maliyet=0.109 fon=+0.001 (1s)
11:49:19 t2_lead_lag_sv_5m_kendi_k1_e3_t6 x1.0: net=-0.9635 sh=-2.99 dd=-0.964 n=9490 alfa=-0.5966 beta=-0.036 t=-6.30 maliyet=4.429 fon=-0.003 (5s)
11:49:22 t2_lead_lag_sv_5m_kendi_k1_e3_t12 x1.0: net=-0.9705 sh=-2.83 dd=-0.972 n=9237 alfa=-0.6313 beta=-0.038 t=-5.95 maliyet=4.310 fon=+0.008 (3s)
11:49:25 t2_lead_lag_sv_5m_kendi_k1_e3_t36 x1.0: net=-0.9571 sh=-1.93 dd=-0.960 n=8719 alfa=-0.5484 beta=-0.029 t=-4.07 maliyet=4.068 fon=+0.022 (2s)
11:49:27 t2_lead_lag_sv_5m_kendi_k1_e4_t6 x1.0: net=-0.4759 sh=-0.72 dd=-0.567 n=3011 alfa=-0.0840 beta=-0.028 t=-1.18 maliyet=1.405 fon=+0.002 (2s)
11:49:29 t2_lead_lag_sv_5m_kendi_k1_e4_t12 x1.0: net=-0.5898 sh=-0.98 dd=-0.646 n=2958 alfa=-0.1456 beta=-0.016 t=-1.95 maliyet=1.380 fon=+0.009 (2s)
11:49:32 t2_lead_lag_sv_5m_kendi_k1_e4_t36 x1.0: net=-0.7122 sh=-1.29 dd=-0.737 n=2874 alfa=-0.2155 beta=-0.015 t=-2.68 maliyet=1.341 fon=+0.027 (2s)
11:49:34 t2_lead_lag_sv_5m_kendi_k1_e5_t6 x1.0: net=-0.1424 sh=-0.13 dd=-0.474 n=1574 alfa=+0.0122 beta=-0.028 t=+0.18 maliyet=0.735 fon=+0.003 (2s)
11:49:36 t2_lead_lag_sv_5m_kendi_k1_e5_t12 x1.0: net=-0.1949 sh=-0.22 dd=-0.520 n=1553 alfa=-0.0161 beta=-0.014 t=-0.25 maliyet=0.725 fon=+0.010 (2s)
11:49:38 t2_lead_lag_sv_5m_kendi_k1_e5_t36 x1.0: net=-0.1695 sh=-0.14 dd=-0.601 n=1528 alfa=-0.0233 beta=-0.000 t=-0.31 maliyet=0.713 fon=+0.020 (2s)
11:49:40 t2_lead_lag_sv_5m_kendi_k3_e3_t6 x1.0: net=-0.4869 sh=-0.76 dd=-0.538 n=1779 alfa=-0.1393 beta=+0.017 t=-1.97 maliyet=0.830 fon=-0.006 (2s)
11:49:42 t2_lead_lag_sv_5m_kendi_k3_e3_t12 x1.0: net=-0.5353 sh=-0.82 dd=-0.596 n=1752 alfa=-0.1600 beta=+0.019 t=-2.13 maliyet=0.818 fon=+0.012 (2s)
11:49:43 t2_lead_lag_sv_5m_kendi_k3_e3_t36 x1.0: net=-0.4522 sh=-0.49 dd=-0.627 n=1718 alfa=-0.1219 beta=+0.020 t=-1.36 maliyet=0.802 fon=+0.029 (2s)
11:49:45 t2_lead_lag_sv_5m_kendi_k3_e4_t6 x1.0: net=-0.0897 sh=-0.09 dd=-0.365 n=870 alfa=-0.0177 beta=+0.006 t=-0.32 maliyet=0.406 fon=-0.005 (2s)
11:49:47 t2_lead_lag_sv_5m_kendi_k3_e4_t12 x1.0: net=-0.3823 sh=-0.54 dd=-0.552 n=856 alfa=-0.1036 beta=+0.017 t=-1.51 maliyet=0.399 fon=-0.008 (2s)
11:49:49 t2_lead_lag_sv_5m_kendi_k3_e4_t36 x1.0: net=-0.3935 sh=-0.43 dd=-0.541 n=843 alfa=-0.1153 beta=+0.030 t=-1.37 maliyet=0.393 fon=+0.006 (1s)
11:49:51 t2_lead_lag_sv_5m_kendi_k3_e5_t6 x1.0: net=+0.0728 sh=+0.19 dd=-0.319 n=523 alfa=+0.0085 beta=+0.009 t=+0.20 maliyet=0.244 fon=-0.004 (2s)
11:49:53 t2_lead_lag_sv_5m_kendi_k3_e5_t12 x1.0: net=-0.0521 sh=-0.05 dd=-0.406 n=518 alfa=-0.0273 beta=+0.019 t=-0.58 maliyet=0.242 fon=-0.007 (2s)
11:49:55 t2_lead_lag_sv_5m_kendi_k3_e5_t36 x1.0: net=-0.3762 sh=-0.54 dd=-0.594 n=514 alfa=-0.1217 beta=+0.034 t=-1.82 maliyet=0.240 fon=+0.006 (2s)
11:49:57 t2_lead_lag_sv_5m_BTC_k1_e3_t6 x1.0: net=-0.9695 sh=-2.31 dd=-0.970 n=9913 alfa=-0.5842 beta=-0.063 t=-4.67 maliyet=4.626 fon=+0.006 (3s)
11:49:59 t2_lead_lag_sv_5m_BTC_k1_e3_t12 x1.0: net=-0.9763 sh=-2.11 dd=-0.977 n=9667 alfa=-0.6184 beta=-0.065 t=-4.25 maliyet=4.511 fon=+0.013 (2s)
11:50:01 t2_lead_lag_sv_5m_BTC_k1_e3_t36 x1.0: net=-0.8946 sh=-0.87 dd=-0.899 n=9138 alfa=-0.2971 beta=-0.057 t=-1.60 maliyet=4.264 fon=+0.038 (2s)
11:50:05 t2_lead_lag_sv_5m_BTC_k1_e4_t6 x1.0: net=-0.6287 sh=-0.71 dd=-0.666 n=3555 alfa=-0.1014 beta=-0.059 t=-0.97 maliyet=1.659 fon=+0.002 (3s)
11:50:07 t2_lead_lag_sv_5m_BTC_k1_e4_t12 x1.0: net=-0.7116 sh=-0.82 dd=-0.751 n=3482 alfa=-0.1684 beta=-0.040 t=-1.45 maliyet=1.625 fon=+0.001 (2s)
11:50:09 t2_lead_lag_sv_5m_BTC_k1_e4_t36 x1.0: net=-0.5579 sh=-0.37 dd=-0.718 n=3385 alfa=-0.0742 beta=-0.035 t=-0.53 maliyet=1.580 fon=+0.025 (2s)
11:50:11 t2_lead_lag_sv_5m_BTC_k1_e5_t6 x1.0: net=-0.1510 sh=-0.09 dd=-0.432 n=1989 alfa=+0.0274 beta=-0.038 t=+0.34 maliyet=0.928 fon=+0.002 (2s)
11:50:13 t2_lead_lag_sv_5m_BTC_k1_e5_t12 x1.0: net=-0.1707 sh=-0.08 dd=-0.488 n=1967 alfa=+0.0014 beta=-0.016 t=+0.02 maliyet=0.918 fon=+0.004 (2s)
11:50:14 t2_lead_lag_sv_5m_BTC_k1_e5_t36 x1.0: net=+0.2842 sh=+0.32 dd=-0.560 n=1932 alfa=+0.1114 beta=-0.025 t=+0.96 maliyet=0.902 fon=+0.018 (1s)
11:50:16 t2_lead_lag_sv_5m_BTC_k3_e3_t6 x1.0: net=-0.3702 sh=-0.47 dd=-0.533 n=2149 alfa=-0.0617 beta=-0.014 t=-0.82 maliyet=1.003 fon=+0.002 (2s)
11:50:18 t2_lead_lag_sv_5m_BTC_k3_e3_t12 x1.0: net=-0.4795 sh=-0.63 dd=-0.581 n=2126 alfa=-0.0986 beta=-0.013 t=-1.22 maliyet=0.992 fon=-0.002 (2s)
11:50:20 t2_lead_lag_sv_5m_BTC_k3_e3_t36 x1.0: net=-0.4502 sh=-0.38 dd=-0.618 n=2073 alfa=-0.0620 beta=-0.025 t=-0.58 maliyet=0.967 fon=+0.005 (2s)
11:50:22 t2_lead_lag_sv_5m_BTC_k3_e4_t6 x1.0: net=+0.1365 sh=+0.26 dd=-0.275 n=1103 alfa=+0.0537 beta=-0.016 t=+0.88 maliyet=0.515 fon=+0.004 (2s)
11:50:24 t2_lead_lag_sv_5m_BTC_k3_e4_t12 x1.0: net=-0.2636 sh=-0.29 dd=-0.389 n=1091 alfa=-0.0269 beta=-0.018 t=-0.37 maliyet=0.509 fon=+0.004 (2s)
11:50:26 t2_lead_lag_sv_5m_BTC_k3_e4_t36 x1.0: net=-0.0436 sh=+0.07 dd=-0.395 n=1072 alfa=+0.0367 beta=-0.019 t=+0.38 maliyet=0.500 fon=+0.007 (2s)
11:50:29 t2_lead_lag_sv_5m_BTC_k3_e5_t6 x1.0: net=+0.3851 sh=+0.39 dd=-0.226 n=653 alfa=+0.1434 beta=-0.050 t=+1.47 maliyet=0.305 fon=+0.002 (2s)
11:50:31 t2_lead_lag_sv_5m_BTC_k3_e5_t12 x1.0: net=+0.3567 sh=+0.34 dd=-0.306 n=653 alfa=+0.1567 beta=-0.059 t=+1.36 maliyet=0.305 fon=+0.002 (2s)
11:50:32 t2_lead_lag_sv_5m_BTC_k3_e5_t36 x1.0: net=+0.6089 sh=+0.43 dd=-0.321 n=650 alfa=+0.2112 beta=-0.065 t=+1.51 maliyet=0.303 fon=-0.001 (2s)
11:50:35 t2_lead_lag_sv_5m_hepsi_k1_e3_t6 x1.0: net=-0.2038 sh=-0.17 dd=-0.447 n=1689 alfa=-0.0190 beta=-0.010 t=-0.24 maliyet=0.788 fon=+0.002 (3s)
11:50:38 t2_lead_lag_sv_5m_hepsi_k1_e3_t12 x1.0: net=-0.5229 sh=-0.65 dd=-0.661 n=1668 alfa=-0.1378 beta=+0.009 t=-1.56 maliyet=0.778 fon=-0.000 (3s)
11:50:41 t2_lead_lag_sv_5m_hepsi_k1_e3_t36 x1.0: net=-0.5740 sh=-0.62 dd=-0.712 n=1656 alfa=-0.1691 beta=+0.023 t=-1.65 maliyet=0.773 fon=+0.014 (3s)
11:50:43 t2_lead_lag_sv_5m_hepsi_k1_e4_t6 x1.0: net=-0.0952 sh=-0.04 dd=-0.485 n=1011 alfa=+0.0192 beta=-0.022 t=+0.26 maliyet=0.472 fon=+0.002 (3s)
11:50:46 t2_lead_lag_sv_5m_hepsi_k1_e4_t12 x1.0: net=-0.3592 sh=-0.42 dd=-0.562 n=1002 alfa=-0.0662 beta=-0.006 t=-0.84 maliyet=0.468 fon=-0.000 (3s)
11:50:49 t2_lead_lag_sv_5m_hepsi_k1_e4_t36 x1.0: net=-0.5347 sh=-0.58 dd=-0.622 n=993 alfa=-0.1350 beta=+0.007 t=-1.37 maliyet=0.463 fon=+0.005 (3s)
11:50:51 t2_lead_lag_sv_5m_hepsi_k1_e5_t6 x1.0: net=+0.2731 sh=+0.30 dd=-0.412 n=693 alfa=+0.1330 beta=-0.050 t=+1.20 maliyet=0.323 fon=+0.002 (3s)
11:50:55 t2_lead_lag_sv_5m_hepsi_k1_e5_t12 x1.0: net=+0.0972 sh=+0.18 dd=-0.402 n=690 alfa=+0.0861 beta=-0.039 t=+0.88 maliyet=0.322 fon=+0.004 (3s)
11:50:57 t2_lead_lag_sv_5m_hepsi_k1_e5_t36 x1.0: net=-0.1368 sh=-0.05 dd=-0.558 n=684 alfa=+0.0259 beta=-0.031 t=+0.29 maliyet=0.319 fon=-0.004 (3s)
11:51:00 t2_lead_lag_sv_5m_hepsi_k3_e3_t6 x1.0: net=+0.0451 sh=+0.13 dd=-0.355 n=675 alfa=+0.0231 beta=-0.006 t=+0.44 maliyet=0.315 fon=+0.001 (3s)
11:51:03 t2_lead_lag_sv_5m_hepsi_k3_e3_t12 x1.0: net=+0.1190 sh=+0.24 dd=-0.255 n=675 alfa=+0.0419 beta=-0.009 t=+0.71 maliyet=0.315 fon=-0.005 (3s)
11:51:06 t2_lead_lag_sv_5m_hepsi_k3_e3_t36 x1.0: net=+0.1653 sh=+0.27 dd=-0.233 n=666 alfa=+0.0417 beta=+0.003 t=+0.56 maliyet=0.311 fon=+0.001 (3s)
11:51:09 t2_lead_lag_sv_5m_hepsi_k3_e4_t6 x1.0: net=+0.3727 sh=+0.64 dd=-0.278 n=387 alfa=+0.0864 beta=-0.015 t=+1.80 maliyet=0.181 fon=+0.001 (3s)
11:51:12 t2_lead_lag_sv_5m_hepsi_k3_e4_t12 x1.0: net=+0.2659 sh=+0.45 dd=-0.310 n=387 alfa=+0.0621 beta=-0.007 t=+1.15 maliyet=0.181 fon=-0.000 (3s)
11:51:14 t2_lead_lag_sv_5m_hepsi_k3_e4_t36 x1.0: net=-0.0032 sh=+0.08 dd=-0.451 n=384 alfa=+0.0018 beta=+0.010 t=+0.02 maliyet=0.179 fon=+0.005 (3s)
11:51:17 t2_lead_lag_sv_5m_hepsi_k3_e5_t6 x1.0: net=+0.9856 sh=+1.09 dd=-0.151 n=249 alfa=+0.1742 beta=-0.025 t=+2.94 maliyet=0.116 fon=-0.000 (3s)
11:51:21 t2_lead_lag_sv_5m_hepsi_k3_e5_t12 x1.0: net=+1.1446 sh=+1.12 dd=-0.154 n=249 alfa=+0.1927 beta=-0.027 t=+3.00 maliyet=0.116 fon=-0.001 (4s)
11:51:24 t2_lead_lag_sv_5m_hepsi_k3_e5_t36 x1.0: net=+1.6157 sh=+1.06 dd=-0.184 n=249 alfa=+0.2475 beta=-0.034 t=+2.82 maliyet=0.116 fon=-0.004 (4s)
