11:52:42 t2_lead_lag_prim_1h_w24_e2_t4 x1.0: net=-0.8801 sh=-1.10 dd=-0.942 n=6886 alfa=-0.4027 beta=+0.031 t=-2.71 maliyet=3.213 fon=-0.127 (2s)
11:52:43 t2_lead_lag_prim_1h_w24_e2_t8 x1.0: net=-0.8533 sh=-0.75 dd=-0.946 n=6070 alfa=-0.3343 beta=+0.028 t=-1.85 maliyet=2.833 fon=-0.212 (1s)
11:52:45 t2_lead_lag_prim_1h_w24_e2_t24 x1.0: net=-0.7662 sh=-0.28 dd=-0.941 n=4710 alfa=-0.1873 beta=+0.034 t=-0.79 maliyet=2.198 fon=-0.336 (1s)
11:52:46 t2_lead_lag_prim_1h_w24_e3_t4 x1.0: net=-0.4041 sh=-0.35 dd=-0.620 n=2060 alfa=-0.0950 beta=+0.015 t=-0.96 maliyet=0.961 fon=-0.068 (1s)
11:52:47 t2_lead_lag_prim_1h_w24_e3_t8 x1.0: net=-0.5566 sh=-0.48 dd=-0.763 n=1971 alfa=-0.1490 beta=+0.019 t=-1.25 maliyet=0.920 fon=-0.135 (2s)
11:52:49 t2_lead_lag_prim_1h_w24_e3_t24 x1.0: net=-0.5088 sh=-0.15 dd=-0.864 n=1800 alfa=-0.1021 beta=+0.036 t=-0.57 maliyet=0.840 fon=-0.305 (2s)
11:52:51 t2_lead_lag_prim_1h_w168_e2_t4 x1.0: net=-0.5707 sh=-0.38 dd=-0.758 n=4087 alfa=-0.1973 beta=+0.068 t=-1.44 maliyet=1.907 fon=-0.211 (2s)
11:52:52 t2_lead_lag_prim_1h_w168_e2_t8 x1.0: net=-0.6173 sh=-0.37 dd=-0.826 n=3345 alfa=-0.1933 beta=+0.055 t=-1.25 maliyet=1.561 fon=-0.299 (1s)
11:52:53 t2_lead_lag_prim_1h_w168_e2_t24 x1.0: net=-0.6961 sh=-0.29 dd=-0.869 n=2315 alfa=-0.2309 beta=+0.086 t=-1.13 maliyet=1.080 fon=-0.413 (1s)
11:52:54 t2_lead_lag_prim_1h_w168_e3_t4 x1.0: net=-0.3243 sh=-0.22 dd=-0.581 n=1199 alfa=-0.1177 beta=+0.058 t=-1.18 maliyet=0.560 fon=-0.114 (1s)
11:52:55 t2_lead_lag_prim_1h_w168_e3_t8 x1.0: net=-0.1954 sh=-0.06 dd=-0.542 n=1082 alfa=-0.0740 beta=+0.052 t=-0.70 maliyet=0.505 fon=-0.176 (1s)
11:52:56 t2_lead_lag_prim_1h_w168_e3_t24 x1.0: net=-0.5677 sh=-0.32 dd=-0.726 n=907 alfa=-0.1934 beta=+0.073 t=-1.28 maliyet=0.423 fon=-0.290 (1s)
11:52:57 t2_lead_lag_sv_1h_kendi_k1_e3_t2 x1.0: net=-0.0591 sh=-0.03 dd=-0.299 n=1059 alfa=+0.0097 beta=-0.012 t=+0.17 maliyet=0.494 fon=+0.011 (0s)
11:52:57 t2_lead_lag_sv_1h_kendi_k1_e3_t6 x1.0: net=+0.5575 sh=+0.57 dd=-0.197 n=1030 alfa=+0.1279 beta=-0.020 t=+1.55 maliyet=0.481 fon=+0.027 (0s)
11:52:58 t2_lead_lag_sv_1h_kendi_k1_e4_t2 x1.0: net=+0.1549 sh=+0.34 dd=-0.158 n=403 alfa=+0.0468 beta=-0.012 t=+1.07 maliyet=0.188 fon=+0.008 (0s)
11:52:58 t2_lead_lag_sv_1h_kendi_k1_e4_t6 x1.0: net=+0.3712 sh=+0.50 dd=-0.190 n=397 alfa=+0.1034 beta=-0.026 t=+1.57 maliyet=0.185 fon=+0.019 (0s)
11:52:58 t2_lead_lag_sv_1h_hepsi_k1_e3_t2 x1.0: net=-0.1121 sh=-0.14 dd=-0.323 n=270 alfa=-0.0095 beta=-0.006 t=-0.18 maliyet=0.126 fon=+0.014 (1s)
11:52:59 t2_lead_lag_sv_1h_hepsi_k1_e3_t6 x1.0: net=+0.2041 sh=+0.29 dd=-0.237 n=267 alfa=+0.0702 beta=-0.016 t=+0.87 maliyet=0.125 fon=-0.005 (0s)
11:52:59 t2_lead_lag_sv_1h_hepsi_k1_e4_t2 x1.0: net=+0.1220 sh=+0.31 dd=-0.173 n=153 alfa=+0.0304 beta=-0.003 t=+0.77 maliyet=0.071 fon=-0.004 (0s)
11:52:59 t2_lead_lag_sv_1h_hepsi_k1_e4_t6 x1.0: net=+0.2998 sh=+0.54 dd=-0.194 n=153 alfa=+0.0512 beta=+0.006 t=+1.06 maliyet=0.071 fon=-0.016 (0s)
11:53:01 t2_lead_lag_baz_15m_kendi_w96_e3_t8 x1.0: net=+0.3472 sh=+0.35 dd=-0.333 n=2937 alfa=+0.1027 beta=-0.009 t=+0.87 maliyet=1.371 fon=-0.050 (2s)
11:53:02 t2_lead_lag_baz_15m_kendi_w96_e4_t8 x1.0: net=+1.3867 sh=+0.91 dd=-0.302 n=949 alfa=+0.2132 beta=-0.016 t=+2.23 maliyet=0.443 fon=-0.031 (1s)
11:53:02 t2_lead_lag_baz_1h_kendi_w24_e2_t8 x1.0: net=-0.5873 sh=-0.23 dd=-0.904 n=5880 alfa=-0.0874 beta=-0.006 t=-0.48 maliyet=2.744 fon=-0.252 (1s)
11:53:03 t2_lead_lag_baz_1h_kendi_w168_e2_t8 x1.0: net=-0.2119 sh=+0.04 dd=-0.756 n=3152 alfa=-0.0456 beta=+0.053 t=-0.29 maliyet=1.470 fon=-0.296 (0s)
11:53:03 t2_lead_lag_baz_1h_kendi_w168_e3_t8 x1.0: net=-0.1025 sh=+0.05 dd=-0.488 n=730 alfa=+0.0036 beta=+0.008 t=+0.03 maliyet=0.341 fon=-0.175 (0s)
