16:39:08 t2_lead_lag_baz_5m_hepsi_w288_e4_t12_uzun x1.0: net=+1.4216 sh=+1.49 dd=-0.232 n=264 alfa=+0.2024 beta=-0.016 t=+3.68 maliyet=0.123 fon=-0.001 (6s)
16:39:11 t2_lead_lag_baz_5m_hepsi_w288_e4_t48_uzun x1.0: net=+2.4542 sh=+1.72 dd=-0.307 n=258 alfa=+0.2739 beta=-0.013 t=+4.08 maliyet=0.120 fon=-0.007 (2s)
16:39:11 ATLA (defterde) t2_lead_lag_baz_5m_hepsi_w288_e5_t12_uzun
16:39:13 t2_lead_lag_baz_5m_hepsi_w288_e5_t48_uzun x1.0: net=+2.3738 sh=+1.50 dd=-0.192 n=189 alfa=+0.2855 beta=-0.025 t=+3.75 maliyet=0.088 fon=-0.006 (2s)
16:39:15 t2_lead_lag_baz_5m_hepsi_w288_e6_t12_uzun x1.0: net=+1.1400 sh=+1.60 dd=-0.173 n=159 alfa=+0.1796 beta=-0.020 t=+4.15 maliyet=0.074 fon=+0.001 (2s)
16:39:18 t2_lead_lag_baz_5m_hepsi_w288_e6_t48_uzun x1.0: net=+2.0435 sh=+1.53 dd=-0.192 n=156 alfa=+0.2679 beta=-0.030 t=+3.98 maliyet=0.073 fon=-0.005 (3s)
16:39:19 t2_lead_lag_baz_5m_kendi_w288_e4_t12_uzun x1.0: net=+1.6346 sh=+1.33 dd=-0.209 n=727 alfa=+0.1835 beta=+0.019 t=+2.66 maliyet=0.339 fon=-0.004 (1s)
16:39:20 t2_lead_lag_baz_5m_kendi_w288_e4_t48_uzun x1.0: net=+2.7533 sh=+1.41 dd=-0.296 n=666 alfa=+0.2542 beta=+0.026 t=+2.83 maliyet=0.311 fon=-0.021 (2s)
16:39:22 t2_lead_lag_baz_5m_kendi_w288_e5_t12_uzun x1.0: net=+1.5206 sh=+1.58 dd=-0.172 n=390 alfa=+0.1927 beta=-0.001 t=+3.53 maliyet=0.182 fon=-0.005 (1s)
16:39:23 t2_lead_lag_baz_5m_kendi_w288_e5_t48_uzun x1.0: net=+2.4742 sh=+1.50 dd=-0.232 n=371 alfa=+0.2623 beta=+0.001 t=+3.33 maliyet=0.173 fon=-0.022 (2s)
16:39:23 ATLA (defterde) t2_lead_lag_baz_5m_kendi_w288_e6_t12_uzun
16:39:24 t2_lead_lag_baz_5m_kendi_w288_e6_t48_uzun x1.0: net=+2.3722 sh=+1.62 dd=-0.233 n=260 alfa=+0.2690 beta=-0.013 t=+3.82 maliyet=0.121 fon=-0.020 (1s)
16:39:27 t2_lead_lag_sv_5m_hepsi_k3_e4_t12_uzun x1.0: net=+0.9614 sh=+1.53 dd=-0.223 n=165 alfa=+0.1519 beta=-0.012 t=+3.77 maliyet=0.077 fon=+0.001 (3s)
16:39:29 t2_lead_lag_sv_5m_hepsi_k3_e4_t36_uzun x1.0: net=+1.4095 sh=+1.63 dd=-0.307 n=162 alfa=+0.1912 beta=-0.008 t=+3.82 maliyet=0.076 fon=-0.001 (2s)
16:39:31 t2_lead_lag_sv_5m_hepsi_k3_e5_t12_uzun x1.0: net=+1.3448 sh=+1.27 dd=-0.151 n=123 alfa=+0.2129 beta=-0.029 t=+3.41 maliyet=0.057 fon=+0.000 (2s)
16:39:34 t2_lead_lag_sv_5m_hepsi_k3_e5_t36_uzun x1.0: net=+1.9730 sh=+1.19 dd=-0.151 n=123 alfa=+0.2761 beta=-0.037 t=+3.17 maliyet=0.057 fon=-0.001 (2s)
16:39:36 t2_lead_lag_sv_5m_hepsi_k6_e4_t12_uzun x1.0: net=+0.9271 sh=+1.37 dd=-0.154 n=90 alfa=+0.1485 beta=-0.011 t=+3.35 maliyet=0.042 fon=+0.000 (2s)
16:39:36 ATLA (defterde) t2_lead_lag_sv_5m_hepsi_k6_e4_t36_uzun
16:39:39 t2_lead_lag_sv_5m_hepsi_k6_e5_t12_uzun x1.0: net=+0.7272 sh=+1.15 dd=-0.152 n=63 alfa=+0.1276 beta=-0.012 t=+2.89 maliyet=0.029 fon=+0.000 (3s)
16:39:41 t2_lead_lag_sv_5m_hepsi_k6_e5_t36_uzun x1.0: net=+1.3452 sh=+1.27 dd=-0.157 n=63 alfa=+0.2095 beta=-0.026 t=+3.36 maliyet=0.029 fon=-0.003 (3s)
16:39:42 t2_lead_lag_baz_15m_kendi_w192_e5_t8_uzun_limt2b2 x1.0: net=+1.0565 sh=+1.06 dd=-0.193 n=168 alfa=+0.1670 beta=-0.012 t=+2.57 maliyet=0.028 fon=-0.008 (1s)
16:39:46 t2_lead_lag_baz_5m_hepsi_w288_e5_t12_uzun_limt2b2 x1.0: net=+1.3715 sh=+1.66 dd=-0.172 n=195 alfa=+0.1980 beta=-0.017 t=+4.15 maliyet=0.032 fon=-0.000 (4s)
16:39:49 t2_lead_lag_baz_5m_kendi_w288_e6_t12_uzun_limt2b2 x1.0: net=+1.3176 sh=+1.56 dd=-0.170 n=266 alfa=+0.1863 beta=-0.011 t=+3.73 maliyet=0.043 fon=-0.004 (3s)
16:39:52 t2_lead_lag_sv_5m_hepsi_k4_e4_t12_uzun_limt2b2 x1.0: net=+1.5297 sh=+1.36 dd=-0.151 n=132 alfa=+0.2302 beta=-0.031 t=+3.65 maliyet=0.022 fon=+0.000 (4s)
