16:29:59 t2_lead_lag_baz_15m_kendi_w48_e3.5_t4 x1.0: net=+0.3871 sh=+0.45 dd=-0.228 n=1970 alfa=+0.0858 beta=-0.004 t=+1.04 maliyet=0.919 fon=-0.006 (9s)
16:30:00 t2_lead_lag_baz_15m_kendi_w48_e3.5_t8 x1.0: net=+0.7284 sh=+0.54 dd=-0.308 n=1909 alfa=+0.1643 beta=-0.022 t=+1.43 maliyet=0.891 fon=-0.024 (1s)
16:30:00 t2_lead_lag_baz_15m_kendi_w48_e3.5_t16 x1.0: net=+0.8012 sh=+0.55 dd=-0.337 n=1856 alfa=+0.1657 beta=-0.010 t=+1.32 maliyet=0.866 fon=-0.052 (1s)
16:30:02 t2_lead_lag_baz_15m_kendi_w48_e4_t4 x1.0: net=+0.6093 sh=+0.65 dd=-0.216 n=1156 alfa=+0.1062 beta=+0.002 t=+1.42 maliyet=0.539 fon=-0.010 (1s)
16:30:03 t2_lead_lag_baz_15m_kendi_w48_e4_t8 x1.0: net=+0.9958 sh=+0.74 dd=-0.299 n=1136 alfa=+0.1807 beta=-0.018 t=+1.87 maliyet=0.530 fon=-0.029 (1s)
16:30:03 t2_lead_lag_baz_15m_kendi_w48_e4_t16 x1.0: net=+1.4494 sh=+0.85 dd=-0.325 n=1111 alfa=+0.2127 beta=-0.006 t=+1.96 maliyet=0.518 fon=-0.055 (1s)
16:30:04 t2_lead_lag_baz_15m_kendi_w48_e5_t4 x1.0: net=+0.4577 sh=+0.64 dd=-0.201 n=556 alfa=+0.0775 beta=+0.005 t=+1.32 maliyet=0.259 fon=-0.010 (0s)
16:30:04 t2_lead_lag_baz_15m_kendi_w48_e5_t8 x1.0: net=+0.9755 sh=+0.85 dd=-0.251 n=553 alfa=+0.1764 beta=-0.022 t=+2.23 maliyet=0.258 fon=-0.022 (1s)
16:30:05 t2_lead_lag_baz_15m_kendi_w48_e5_t16 x1.0: net=+1.3010 sh=+0.95 dd=-0.252 n=542 alfa=+0.1998 beta=-0.014 t=+2.31 maliyet=0.253 fon=-0.044 (1s)
16:30:06 t2_lead_lag_baz_15m_kendi_w96_e3.5_t4 x1.0: net=+0.9598 sh=+0.80 dd=-0.254 n=1593 alfa=+0.1487 beta=+0.003 t=+1.73 maliyet=0.743 fon=-0.014 (1s)
16:30:06 t2_lead_lag_baz_15m_kendi_w96_e3.5_t8 x1.0: net=+1.6169 sh=+0.88 dd=-0.304 n=1511 alfa=+0.2377 beta=-0.014 t=+2.11 maliyet=0.705 fon=-0.040 (1s)
16:30:07 t2_lead_lag_baz_15m_kendi_w96_e3.5_t16 x1.0: net=+2.2442 sh=+1.01 dd=-0.295 n=1446 alfa=+0.2823 beta=-0.013 t=+2.38 maliyet=0.675 fon=-0.074 (1s)
16:30:08 t2_lead_lag_baz_15m_kendi_w96_e4_t4 x1.0: net=+1.2129 sh=+1.06 dd=-0.217 n=979 alfa=+0.1731 beta=-0.002 t=+2.39 maliyet=0.457 fon=-0.010 (1s)
16:30:08 ATLA (defterde) t2_lead_lag_baz_15m_kendi_w96_e4_t8
16:30:08 t2_lead_lag_baz_15m_kendi_w96_e4_t16 x1.0: net=+1.8297 sh=+1.00 dd=-0.311 n=910 alfa=+0.2417 beta=-0.007 t=+2.30 maliyet=0.425 fon=-0.058 (1s)
16:30:09 t2_lead_lag_baz_15m_kendi_w96_e5_t4 x1.0: net=+0.6979 sh=+0.88 dd=-0.169 n=495 alfa=+0.1259 beta=-0.011 t=+2.19 maliyet=0.231 fon=-0.007 (1s)
16:30:10 t2_lead_lag_baz_15m_kendi_w96_e5_t8 x1.0: net=+1.1960 sh=+0.95 dd=-0.213 n=487 alfa=+0.2007 beta=-0.025 t=+2.50 maliyet=0.227 fon=-0.023 (1s)
16:30:10 t2_lead_lag_baz_15m_kendi_w96_e5_t16 x1.0: net=+1.2086 sh=+0.91 dd=-0.223 n=475 alfa=+0.1969 beta=-0.019 t=+2.28 maliyet=0.222 fon=-0.047 (1s)
16:30:11 t2_lead_lag_baz_15m_kendi_w192_e3.5_t4 x1.0: net=+1.3624 sh=+0.96 dd=-0.224 n=1373 alfa=+0.1806 beta=+0.009 t=+2.02 maliyet=0.641 fon=-0.016 (1s)
16:30:12 t2_lead_lag_baz_15m_kendi_w192_e3.5_t8 x1.0: net=+1.4486 sh=+0.83 dd=-0.281 n=1279 alfa=+0.2136 beta=-0.005 t=+1.89 maliyet=0.597 fon=-0.038 (1s)
16:30:13 t2_lead_lag_baz_15m_kendi_w192_e3.5_t16 x1.0: net=+2.0252 sh=+0.94 dd=-0.284 n=1219 alfa=+0.2558 beta=-0.000 t=+2.10 maliyet=0.569 fon=-0.079 (1s)
16:30:13 t2_lead_lag_baz_15m_kendi_w192_e4_t4 x1.0: net=+1.2555 sh=+1.03 dd=-0.224 n=839 alfa=+0.1691 beta=+0.007 t=+2.19 maliyet=0.392 fon=-0.012 (1s)
16:30:14 t2_lead_lag_baz_15m_kendi_w192_e4_t8 x1.0: net=+1.3628 sh=+0.87 dd=-0.271 n=794 alfa=+0.2026 beta=-0.007 t=+2.01 maliyet=0.371 fon=-0.033 (1s)
16:30:14 t2_lead_lag_baz_15m_kendi_w192_e4_t16 x1.0: net=+1.6470 sh=+0.93 dd=-0.245 n=765 alfa=+0.2314 beta=-0.009 t=+2.18 maliyet=0.357 fon=-0.062 (1s)
16:30:15 t2_lead_lag_baz_15m_kendi_w192_e5_t4 x1.0: net=+1.4186 sh=+1.30 dd=-0.144 n=465 alfa=+0.1908 beta=-0.004 t=+2.97 maliyet=0.217 fon=-0.008 (1s)
16:30:16 t2_lead_lag_baz_15m_kendi_w192_e5_t8 x1.0: net=+1.8894 sh=+1.19 dd=-0.207 n=448 alfa=+0.2536 beta=-0.022 t=+2.95 maliyet=0.209 fon=-0.017 (1s)
16:30:17 t2_lead_lag_baz_15m_kendi_w192_e5_t16 x1.0: net=+1.8675 sh=+1.15 dd=-0.194 n=437 alfa=+0.2516 beta=-0.020 t=+2.83 maliyet=0.204 fon=-0.036 (1s)
16:30:18 t2_lead_lag_baz_15m_hepsi_w48_e3.5_t4 x1.0: net=+0.4402 sh=+0.58 dd=-0.158 n=420 alfa=+0.1006 beta=-0.016 t=+1.59 maliyet=0.196 fon=-0.002 (1s)
16:30:19 t2_lead_lag_baz_15m_hepsi_w48_e3.5_t8 x1.0: net=+0.6366 sh=+0.62 dd=-0.222 n=417 alfa=+0.1554 beta=-0.036 t=+1.91 maliyet=0.195 fon=-0.012 (1s)
16:30:20 t2_lead_lag_baz_15m_hepsi_w48_e3.5_t16 x1.0: net=+0.6740 sh=+0.60 dd=-0.300 n=417 alfa=+0.1649 beta=-0.037 t=+1.83 maliyet=0.195 fon=-0.025 (1s)
16:30:21 t2_lead_lag_baz_15m_hepsi_w48_e4_t4 x1.0: net=+0.4041 sh=+0.56 dd=-0.174 n=336 alfa=+0.0954 beta=-0.016 t=+1.57 maliyet=0.157 fon=-0.002 (1s)
16:30:22 t2_lead_lag_baz_15m_hepsi_w48_e4_t8 x1.0: net=+0.8319 sh=+0.75 dd=-0.181 n=336 alfa=+0.1775 beta=-0.036 t=+2.19 maliyet=0.157 fon=-0.011 (1s)
16:30:23 t2_lead_lag_baz_15m_hepsi_w48_e4_t16 x1.0: net=+0.7970 sh=+0.68 dd=-0.266 n=336 alfa=+0.1760 beta=-0.035 t=+1.97 maliyet=0.157 fon=-0.023 (1s)
16:30:24 t2_lead_lag_baz_15m_hepsi_w48_e5_t4 x1.0: net=+0.5851 sh=+0.78 dd=-0.203 n=198 alfa=+0.1248 beta=-0.022 t=+2.20 maliyet=0.092 fon=-0.003 (1s)
16:30:25 t2_lead_lag_baz_15m_hepsi_w48_e5_t8 x1.0: net=+0.7856 sh=+0.75 dd=-0.214 n=198 alfa=+0.1750 beta=-0.040 t=+2.31 maliyet=0.092 fon=-0.008 (1s)
16:30:26 t2_lead_lag_baz_15m_hepsi_w48_e5_t16 x1.0: net=+0.7181 sh=+0.70 dd=-0.247 n=198 alfa=+0.1675 beta=-0.039 t=+2.16 maliyet=0.092 fon=-0.018 (1s)
16:30:27 t2_lead_lag_baz_15m_hepsi_w96_e3.5_t4 x1.0: net=+0.4036 sh=+0.54 dd=-0.179 n=423 alfa=+0.1012 beta=-0.020 t=+1.56 maliyet=0.197 fon=-0.005 (1s)
16:30:28 t2_lead_lag_baz_15m_hepsi_w96_e3.5_t8 x1.0: net=+0.7719 sh=+0.71 dd=-0.210 n=408 alfa=+0.1733 beta=-0.038 t=+2.13 maliyet=0.190 fon=-0.015 (1s)
16:30:29 t2_lead_lag_baz_15m_hepsi_w96_e3.5_t16 x1.0: net=+1.1007 sh=+0.80 dd=-0.258 n=390 alfa=+0.2167 beta=-0.042 t=+2.33 maliyet=0.182 fon=-0.038 (1s)
16:30:30 t2_lead_lag_baz_15m_hepsi_w96_e4_t4 x1.0: net=+0.4357 sh=+0.61 dd=-0.162 n=297 alfa=+0.1008 beta=-0.018 t=+1.71 maliyet=0.139 fon=-0.003 (1s)
16:30:30 t2_lead_lag_baz_15m_hepsi_w96_e4_t8 x1.0: net=+0.6465 sh=+0.64 dd=-0.190 n=294 alfa=+0.1550 beta=-0.035 t=+1.96 maliyet=0.137 fon=-0.007 (1s)
16:30:31 t2_lead_lag_baz_15m_hepsi_w96_e4_t16 x1.0: net=+0.4863 sh=+0.51 dd=-0.251 n=294 alfa=+0.1358 beta=-0.035 t=+1.65 maliyet=0.137 fon=-0.018 (1s)
16:30:32 t2_lead_lag_baz_15m_hepsi_w96_e5_t4 x1.0: net=+0.4366 sh=+0.65 dd=-0.198 n=198 alfa=+0.0968 beta=-0.015 t=+1.78 maliyet=0.092 fon=-0.003 (1s)
16:30:33 t2_lead_lag_baz_15m_hepsi_w96_e5_t8 x1.0: net=+0.6058 sh=+0.64 dd=-0.209 n=198 alfa=+0.1471 beta=-0.034 t=+1.97 maliyet=0.092 fon=-0.004 (1s)
16:30:34 t2_lead_lag_baz_15m_hepsi_w96_e5_t16 x1.0: net=+0.5098 sh=+0.57 dd=-0.243 n=198 alfa=+0.1343 beta=-0.034 t=+1.82 maliyet=0.092 fon=-0.013 (1s)
16:30:35 t2_lead_lag_baz_15m_hepsi_w192_e3.5_t4 x1.0: net=+0.3503 sh=+0.47 dd=-0.250 n=408 alfa=+0.0895 beta=-0.016 t=+1.32 maliyet=0.190 fon=-0.006 (1s)
16:30:36 t2_lead_lag_baz_15m_hepsi_w192_e3.5_t8 x1.0: net=+0.9532 sh=+0.78 dd=-0.241 n=390 alfa=+0.1983 beta=-0.041 t=+2.31 maliyet=0.182 fon=-0.016 (1s)
16:30:37 t2_lead_lag_baz_15m_hepsi_w192_e3.5_t16 x1.0: net=+1.3377 sh=+0.87 dd=-0.247 n=375 alfa=+0.2360 beta=-0.038 t=+2.40 maliyet=0.175 fon=-0.032 (1s)
16:30:38 t2_lead_lag_baz_15m_hepsi_w192_e4_t4 x1.0: net=+0.4907 sh=+0.68 dd=-0.215 n=315 alfa=+0.1116 beta=-0.021 t=+1.94 maliyet=0.147 fon=-0.005 (1s)
16:30:39 t2_lead_lag_baz_15m_hepsi_w192_e4_t8 x1.0: net=+0.6991 sh=+0.71 dd=-0.213 n=300 alfa=+0.1622 beta=-0.038 t=+2.19 maliyet=0.140 fon=-0.007 (1s)
16:30:41 t2_lead_lag_baz_15m_hepsi_w192_e4_t16 x1.0: net=+0.7344 sh=+0.71 dd=-0.215 n=294 alfa=+0.1677 beta=-0.038 t=+2.17 maliyet=0.137 fon=-0.020 (1s)
16:30:42 t2_lead_lag_baz_15m_hepsi_w192_e5_t4 x1.0: net=+0.8016 sh=+1.02 dd=-0.133 n=195 alfa=+0.1407 beta=-0.014 t=+2.59 maliyet=0.091 fon=-0.003 (1s)
16:30:43 t2_lead_lag_baz_15m_hepsi_w192_e5_t8 x1.0: net=+1.0320 sh=+0.91 dd=-0.151 n=192 alfa=+0.1906 beta=-0.031 t=+2.51 maliyet=0.090 fon=-0.004 (1s)
16:30:44 t2_lead_lag_baz_15m_hepsi_w192_e5_t16 x1.0: net=+0.8287 sh=+0.76 dd=-0.188 n=192 alfa=+0.1708 beta=-0.031 t=+2.16 maliyet=0.090 fon=-0.013 (2s)
16:30:48 t2_lead_lag_baz_5m_kendi_w288_e4_t12 x1.0: net=+0.7939 sh=+0.76 dd=-0.205 n=1733 alfa=+0.1295 beta=+0.002 t=+1.66 maliyet=0.809 fon=-0.018 (4s)
16:30:49 t2_lead_lag_baz_5m_kendi_w288_e4_t24 x1.0: net=+0.5969 sh=+0.57 dd=-0.277 n=1636 alfa=+0.1276 beta=-0.013 t=+1.45 maliyet=0.763 fon=-0.040 (1s)
16:30:51 t2_lead_lag_baz_5m_kendi_w288_e4_t48 x1.0: net=+0.9596 sh=+0.67 dd=-0.289 n=1559 alfa=+0.1862 beta=-0.021 t=+1.73 maliyet=0.728 fon=-0.070 (2s)
16:30:52 t2_lead_lag_baz_5m_kendi_w288_e5_t12 x1.0: net=+0.9600 sh=+1.14 dd=-0.238 n=922 alfa=+0.1437 beta=-0.001 t=+2.57 maliyet=0.430 fon=-0.013 (1s)
16:30:54 t2_lead_lag_baz_5m_kendi_w288_e5_t24 x1.0: net=+0.6529 sh=+0.79 dd=-0.290 n=896 alfa=+0.1174 beta=-0.006 t=+1.88 maliyet=0.418 fon=-0.028 (1s)
16:30:56 t2_lead_lag_baz_5m_kendi_w288_e5_t48 x1.0: net=+1.0336 sh=+0.92 dd=-0.287 n=870 alfa=+0.1652 beta=-0.008 t=+2.19 maliyet=0.406 fon=-0.050 (2s)
16:30:57 t2_lead_lag_baz_5m_kendi_w288_e6_t12 x1.0: net=+1.0029 sh=+1.30 dd=-0.230 n=609 alfa=+0.1553 beta=-0.009 t=+3.11 maliyet=0.284 fon=-0.009 (2s)
16:30:58 t2_lead_lag_baz_5m_kendi_w288_e6_t24 x1.0: net=+0.6185 sh=+0.82 dd=-0.332 n=603 alfa=+0.1266 beta=-0.020 t=+2.25 maliyet=0.281 fon=-0.020 (1s)
16:31:00 t2_lead_lag_baz_5m_kendi_w288_e6_t48 x1.0: net=+1.2732 sh=+1.17 dd=-0.277 n=591 alfa=+0.1962 beta=-0.019 t=+2.94 maliyet=0.276 fon=-0.039 (2s)
16:31:02 t2_lead_lag_baz_5m_hepsi_w288_e4_t12 x1.0: net=+1.2612 sh=+1.04 dd=-0.262 n=600 alfa=+0.2052 beta=-0.025 t=+2.70 maliyet=0.280 fon=-0.005 (2s)
16:31:05 t2_lead_lag_baz_5m_hepsi_w288_e4_t24 x1.0: net=+1.1027 sh=+0.91 dd=-0.307 n=588 alfa=+0.1957 beta=-0.028 t=+2.44 maliyet=0.274 fon=-0.010 (3s)
16:31:07 t2_lead_lag_baz_5m_hepsi_w288_e4_t48 x1.0: net=+1.4650 sh=+0.99 dd=-0.310 n=585 alfa=+0.2377 beta=-0.033 t=+2.67 maliyet=0.273 fon=-0.022 (3s)
16:31:09 t2_lead_lag_baz_5m_hepsi_w288_e5_t12 x1.0: net=+1.2827 sh=+1.18 dd=-0.213 n=420 alfa=+0.2011 beta=-0.022 t=+3.05 maliyet=0.196 fon=-0.002 (2s)
16:31:12 t2_lead_lag_baz_5m_hepsi_w288_e5_t24 x1.0: net=+1.4573 sh=+1.04 dd=-0.248 n=414 alfa=+0.2402 beta=-0.038 t=+2.89 maliyet=0.193 fon=-0.006 (3s)
16:31:14 t2_lead_lag_baz_5m_hepsi_w288_e5_t48 x1.0: net=+1.7884 sh=+1.09 dd=-0.242 n=414 alfa=+0.2691 beta=-0.039 t=+2.95 maliyet=0.193 fon=-0.018 (2s)
16:31:16 t2_lead_lag_baz_5m_hepsi_w288_e6_t12 x1.0: net=+1.0718 sh=+1.20 dd=-0.227 n=330 alfa=+0.1806 beta=-0.024 t=+3.17 maliyet=0.154 fon=-0.001 (2s)
16:31:18 t2_lead_lag_baz_5m_hepsi_w288_e6_t24 x1.0: net=+1.3742 sh=+1.05 dd=-0.247 n=327 alfa=+0.2343 beta=-0.041 t=+2.99 maliyet=0.153 fon=-0.004 (2s)
16:31:20 t2_lead_lag_baz_5m_hepsi_w288_e6_t48 x1.0: net=+1.5555 sh=+1.12 dd=-0.243 n=327 alfa=+0.2506 beta=-0.042 t=+3.15 maliyet=0.153 fon=-0.015 (2s)
16:31:23 t2_lead_lag_baz_1h_kendi_w24_e3_t4 x1.0: net=+0.1225 sh=+0.21 dd=-0.340 n=1485 alfa=+0.0744 beta=-0.029 t=+0.86 maliyet=0.693 fon=-0.070 (3s)
16:31:24 t2_lead_lag_baz_1h_kendi_w24_e3_t8 x1.0: net=+0.4749 sh=+0.42 dd=-0.475 n=1435 alfa=+0.1367 beta=-0.025 t=+1.20 maliyet=0.670 fon=-0.130 (0s)
16:31:24 t2_lead_lag_baz_1h_kendi_w24_e4_t4 x1.0: net=+0.6369 sh=+0.67 dd=-0.161 n=482 alfa=+0.1432 beta=-0.028 t=+1.94 maliyet=0.225 fon=-0.041 (0s)
16:31:24 t2_lead_lag_baz_1h_kendi_w24_e4_t8 x1.0: net=+0.5216 sh=+0.58 dd=-0.307 n=473 alfa=+0.1142 beta=-0.015 t=+1.51 maliyet=0.221 fon=-0.082 (0s)
16:31:24 t2_lead_lag_baz_1h_kendi_w48_e3_t4 x1.0: net=+0.4472 sh=+0.47 dd=-0.381 n=1118 alfa=+0.1200 beta=-0.024 t=+1.37 maliyet=0.522 fon=-0.082 (0s)
16:31:25 t2_lead_lag_baz_1h_kendi_w48_e3_t8 x1.0: net=+0.9204 sh=+0.64 dd=-0.446 n=1064 alfa=+0.1845 beta=-0.021 t=+1.65 maliyet=0.497 fon=-0.143 (1s)
16:31:25 t2_lead_lag_baz_1h_kendi_w48_e4_t4 x1.0: net=+0.8240 sh=+0.80 dd=-0.141 n=385 alfa=+0.1679 beta=-0.031 t=+2.29 maliyet=0.180 fon=-0.038 (0s)
16:31:26 t2_lead_lag_baz_1h_kendi_w48_e4_t8 x1.0: net=+0.5684 sh=+0.65 dd=-0.272 n=375 alfa=+0.1144 beta=-0.011 t=+1.63 maliyet=0.175 fon=-0.077 (0s)
16:31:26 t2_lead_lag_baz_1h_hepsi_w24_e3_t4 x1.0: net=+0.5614 sh=+0.54 dd=-0.186 n=324 alfa=+0.1334 beta=-0.023 t=+1.53 maliyet=0.151 fon=-0.035 (0s)
16:31:26 t2_lead_lag_baz_1h_hepsi_w24_e3_t8 x1.0: net=-0.3160 sh=-0.38 dd=-0.473 n=318 alfa=-0.0533 beta=-0.008 t=-0.72 maliyet=0.148 fon=-0.065 (0s)
16:31:27 t2_lead_lag_baz_1h_hepsi_w24_e4_t4 x1.0: net=+0.2720 sh=+0.37 dd=-0.228 n=162 alfa=+0.0961 beta=-0.032 t=+1.33 maliyet=0.076 fon=-0.025 (0s)
16:31:27 t2_lead_lag_baz_1h_hepsi_w24_e4_t8 x1.0: net=-0.1587 sh=-0.21 dd=-0.361 n=159 alfa=-0.0205 beta=-0.005 t=-0.36 maliyet=0.074 fon=-0.046 (1s)
16:31:28 t2_lead_lag_baz_1h_hepsi_w48_e3_t4 x1.0: net=+0.5997 sh=+0.60 dd=-0.221 n=276 alfa=+0.1303 beta=-0.018 t=+1.61 maliyet=0.129 fon=-0.038 (0s)
16:31:28 t2_lead_lag_baz_1h_hepsi_w48_e3_t8 x1.0: net=-0.1006 sh=-0.04 dd=-0.364 n=276 alfa=-0.0080 beta=+0.000 t=-0.11 maliyet=0.129 fon=-0.071 (0s)
16:31:28 t2_lead_lag_baz_1h_hepsi_w48_e4_t4 x1.0: net=+0.3324 sh=+0.44 dd=-0.143 n=147 alfa=+0.1070 beta=-0.034 t=+1.55 maliyet=0.069 fon=-0.022 (0s)
16:31:29 t2_lead_lag_baz_1h_hepsi_w48_e4_t8 x1.0: net=+0.0527 sh=+0.14 dd=-0.227 n=147 alfa=+0.0241 beta=-0.005 t=+0.42 maliyet=0.069 fon=-0.042 (0s)
