16:31:35 t2_lead_lag_sv_5m_hepsi_k2_e4_t6 x1.0: net=+0.1478 sh=+0.26 dd=-0.328 n=516 alfa=+0.0567 beta=-0.013 t=+0.78 maliyet=0.241 fon=+0.000 (5s)
16:31:37 t2_lead_lag_sv_5m_hepsi_k2_e4_t12 x1.0: net=+0.1806 sh=+0.29 dd=-0.348 n=516 alfa=+0.0528 beta=-0.005 t=+0.73 maliyet=0.241 fon=-0.002 (2s)
16:31:39 t2_lead_lag_sv_5m_hepsi_k2_e4_t36 x1.0: net=+0.5914 sh=+0.59 dd=-0.353 n=507 alfa=+0.1167 beta=-0.004 t=+1.38 maliyet=0.237 fon=-0.002 (2s)
16:31:42 t2_lead_lag_sv_5m_hepsi_k2_e4_t72 x1.0: net=+0.1537 sh=+0.25 dd=-0.441 n=504 alfa=+0.0415 beta=+0.007 t=+0.46 maliyet=0.235 fon=-0.006 (3s)
16:31:45 t2_lead_lag_sv_5m_hepsi_k2_e4.5_t6 x1.0: net=+0.8141 sh=+0.80 dd=-0.158 n=411 alfa=+0.1660 beta=-0.030 t=+2.27 maliyet=0.192 fon=+0.000 (3s)
16:31:47 t2_lead_lag_sv_5m_hepsi_k2_e4.5_t12 x1.0: net=+0.8013 sh=+0.89 dd=-0.154 n=411 alfa=+0.1501 beta=-0.020 t=+2.36 maliyet=0.192 fon=-0.000 (2s)
16:31:49 t2_lead_lag_sv_5m_hepsi_k2_e4.5_t36 x1.0: net=+0.7412 sh=+0.83 dd=-0.322 n=405 alfa=+0.1298 beta=-0.008 t=+1.99 maliyet=0.189 fon=+0.000 (3s)
16:31:52 t2_lead_lag_sv_5m_hepsi_k2_e4.5_t72 x1.0: net=+0.5089 sh=+0.58 dd=-0.356 n=402 alfa=+0.0890 beta=+0.006 t=+1.20 maliyet=0.188 fon=-0.001 (3s)
16:31:55 t2_lead_lag_sv_5m_hepsi_k2_e5_t6 x1.0: net=+0.9412 sh=+0.89 dd=-0.151 n=351 alfa=+0.1793 beta=-0.031 t=+2.51 maliyet=0.164 fon=+0.000 (3s)
16:31:57 t2_lead_lag_sv_5m_hepsi_k2_e5_t12 x1.0: net=+0.8780 sh=+0.98 dd=-0.161 n=351 alfa=+0.1583 beta=-0.020 t=+2.59 maliyet=0.164 fon=+0.000 (2s)
16:32:00 t2_lead_lag_sv_5m_hepsi_k2_e5_t36 x1.0: net=+0.7582 sh=+0.85 dd=-0.338 n=342 alfa=+0.1343 beta=-0.010 t=+2.06 maliyet=0.160 fon=-0.005 (3s)
16:32:02 t2_lead_lag_sv_5m_hepsi_k2_e5_t72 x1.0: net=+0.2188 sh=+0.32 dd=-0.433 n=336 alfa=+0.0481 beta=+0.004 t=+0.65 maliyet=0.157 fon=-0.005 (3s)
16:32:05 t2_lead_lag_sv_5m_hepsi_k2_e6_t6 x1.0: net=+0.8497 sh=+1.16 dd=-0.152 n=258 alfa=+0.1475 beta=-0.016 t=+2.99 maliyet=0.120 fon=-0.000 (3s)
16:32:08 t2_lead_lag_sv_5m_hepsi_k2_e6_t12 x1.0: net=+0.7404 sh=+1.08 dd=-0.195 n=255 alfa=+0.1299 beta=-0.012 t=+2.69 maliyet=0.119 fon=-0.001 (3s)
16:32:11 t2_lead_lag_sv_5m_hepsi_k2_e6_t36 x1.0: net=+1.3589 sh=+1.02 dd=-0.184 n=255 alfa=+0.2199 beta=-0.029 t=+2.71 maliyet=0.119 fon=-0.008 (3s)
16:32:13 t2_lead_lag_sv_5m_hepsi_k2_e6_t72 x1.0: net=+0.7690 sh=+0.73 dd=-0.237 n=252 alfa=+0.1429 beta=-0.012 t=+1.81 maliyet=0.118 fon=-0.012 (3s)
16:32:13 ATLA (defterde) t2_lead_lag_sv_5m_hepsi_k3_e4_t6
16:32:13 ATLA (defterde) t2_lead_lag_sv_5m_hepsi_k3_e4_t12
16:32:13 ATLA (defterde) t2_lead_lag_sv_5m_hepsi_k3_e4_t36
16:32:16 t2_lead_lag_sv_5m_hepsi_k3_e4_t72 x1.0: net=-0.0813 sh=-0.01 dd=-0.529 n=381 alfa=-0.0085 beta=+0.007 t=-0.11 maliyet=0.178 fon=-0.001 (3s)
16:32:18 t2_lead_lag_sv_5m_hepsi_k3_e4.5_t6 x1.0: net=+0.3902 sh=+0.66 dd=-0.273 n=306 alfa=+0.0884 beta=-0.015 t=+1.83 maliyet=0.143 fon=-0.000 (3s)
16:32:21 t2_lead_lag_sv_5m_hepsi_k3_e4.5_t12 x1.0: net=+0.4078 sh=+0.67 dd=-0.267 n=306 alfa=+0.0885 beta=-0.012 t=+1.78 maliyet=0.143 fon=-0.001 (3s)
16:32:23 t2_lead_lag_sv_5m_hepsi_k3_e4.5_t36 x1.0: net=+0.3728 sh=+0.55 dd=-0.300 n=306 alfa=+0.0757 beta=-0.003 t=+1.28 maliyet=0.143 fon=+0.005 (2s)
16:32:26 t2_lead_lag_sv_5m_hepsi_k3_e4.5_t72 x1.0: net=+0.2296 sh=+0.34 dd=-0.352 n=303 alfa=+0.0586 beta=-0.004 t=+0.81 maliyet=0.141 fon=+0.001 (3s)
16:32:26 ATLA (defterde) t2_lead_lag_sv_5m_hepsi_k3_e5_t6
16:32:26 ATLA (defterde) t2_lead_lag_sv_5m_hepsi_k3_e5_t12
16:32:26 ATLA (defterde) t2_lead_lag_sv_5m_hepsi_k3_e5_t36
16:32:28 t2_lead_lag_sv_5m_hepsi_k3_e5_t72 x1.0: net=+0.9507 sh=+0.75 dd=-0.211 n=249 alfa=+0.1779 beta=-0.023 t=+1.99 maliyet=0.116 fon=-0.010 (2s)
16:32:31 t2_lead_lag_sv_5m_hepsi_k3_e6_t6 x1.0: net=+0.9237 sh=+1.35 dd=-0.156 n=159 alfa=+0.1493 beta=-0.012 t=+3.33 maliyet=0.074 fon=-0.000 (3s)
16:32:33 t2_lead_lag_sv_5m_hepsi_k3_e6_t12 x1.0: net=+0.9298 sh=+1.29 dd=-0.152 n=159 alfa=+0.1473 beta=-0.009 t=+3.11 maliyet=0.074 fon=-0.001 (2s)
16:32:36 t2_lead_lag_sv_5m_hepsi_k3_e6_t36 x1.0: net=+1.2464 sh=+1.19 dd=-0.184 n=159 alfa=+0.1966 beta=-0.022 t=+3.07 maliyet=0.074 fon=-0.008 (3s)
16:32:38 t2_lead_lag_sv_5m_hepsi_k3_e6_t72 x1.0: net=+1.2921 sh=+1.20 dd=-0.197 n=159 alfa=+0.1987 beta=-0.020 t=+3.04 maliyet=0.074 fon=-0.011 (2s)
16:32:40 t2_lead_lag_sv_5m_hepsi_k4_e4_t6 x1.0: net=+1.0303 sh=+1.18 dd=-0.151 n=297 alfa=+0.1781 beta=-0.025 t=+3.19 maliyet=0.139 fon=-0.001 (2s)
16:32:43 t2_lead_lag_sv_5m_hepsi_k4_e4_t12 x1.0: net=+1.0538 sh=+1.29 dd=-0.151 n=297 alfa=+0.1729 beta=-0.020 t=+3.34 maliyet=0.139 fon=-0.001 (3s)
16:32:46 t2_lead_lag_sv_5m_hepsi_k4_e4_t36 x1.0: net=+0.8839 sh=+1.21 dd=-0.235 n=297 alfa=+0.1392 beta=-0.006 t=+2.84 maliyet=0.139 fon=+0.001 (3s)
16:32:48 t2_lead_lag_sv_5m_hepsi_k4_e4_t72 x1.0: net=+0.5029 sh=+0.66 dd=-0.272 n=294 alfa=+0.0898 beta=+0.001 t=+1.47 maliyet=0.137 fon=-0.009 (2s)
16:32:50 t2_lead_lag_sv_5m_hepsi_k4_e4.5_t6 x1.0: net=+1.1105 sh=+1.14 dd=-0.151 n=243 alfa=+0.1881 beta=-0.026 t=+3.07 maliyet=0.113 fon=-0.000 (2s)
16:32:52 t2_lead_lag_sv_5m_hepsi_k4_e4.5_t12 x1.0: net=+1.2943 sh=+1.20 dd=-0.151 n=243 alfa=+0.2056 beta=-0.026 t=+3.17 maliyet=0.113 fon=-0.002 (2s)
16:32:54 t2_lead_lag_sv_5m_hepsi_k4_e4.5_t36 x1.0: net=+1.8435 sh=+1.14 dd=-0.184 n=243 alfa=+0.2647 beta=-0.034 t=+3.02 maliyet=0.113 fon=-0.004 (2s)
16:32:57 t2_lead_lag_sv_5m_hepsi_k4_e4.5_t72 x1.0: net=+1.5132 sh=+1.02 dd=-0.197 n=243 alfa=+0.2332 beta=-0.028 t=+2.67 maliyet=0.113 fon=-0.012 (2s)
16:32:59 t2_lead_lag_sv_5m_hepsi_k4_e5_t6 x1.0: net=+1.2258 sh=+1.22 dd=-0.151 n=174 alfa=+0.1956 beta=-0.023 t=+3.18 maliyet=0.081 fon=-0.001 (2s)
16:33:02 t2_lead_lag_sv_5m_hepsi_k4_e5_t12 x1.0: net=+1.3971 sh=+1.22 dd=-0.151 n=174 alfa=+0.2126 beta=-0.024 t=+3.16 maliyet=0.081 fon=-0.002 (3s)
16:33:05 t2_lead_lag_sv_5m_hepsi_k4_e5_t36 x1.0: net=+1.6943 sh=+1.08 dd=-0.184 n=174 alfa=+0.2562 beta=-0.036 t=+2.90 maliyet=0.081 fon=-0.009 (3s)
16:33:07 t2_lead_lag_sv_5m_hepsi_k4_e5_t72 x1.0: net=+1.5678 sh=+1.06 dd=-0.184 n=171 alfa=+0.2399 beta=-0.031 t=+2.80 maliyet=0.080 fon=-0.015 (3s)
16:33:10 t2_lead_lag_sv_5m_hepsi_k4_e6_t6 x1.0: net=+0.8177 sh=+1.24 dd=-0.156 n=105 alfa=+0.1414 beta=-0.015 t=+3.16 maliyet=0.049 fon=+0.000 (3s)
16:33:13 t2_lead_lag_sv_5m_hepsi_k4_e6_t12 x1.0: net=+0.7902 sh=+1.16 dd=-0.152 n=105 alfa=+0.1354 beta=-0.012 t=+2.89 maliyet=0.049 fon=-0.001 (3s)
16:33:15 t2_lead_lag_sv_5m_hepsi_k4_e6_t36 x1.0: net=+1.1316 sh=+1.12 dd=-0.184 n=105 alfa=+0.1901 beta=-0.026 t=+3.00 maliyet=0.049 fon=-0.006 (3s)
16:33:18 t2_lead_lag_sv_5m_hepsi_k4_e6_t72 x1.0: net=+1.3980 sh=+1.26 dd=-0.185 n=105 alfa=+0.2097 beta=-0.022 t=+3.22 maliyet=0.049 fon=-0.008 (3s)
16:33:21 t2_lead_lag_sv_5m_hepsi_k6_e4_t6 x1.0: net=+0.9228 sh=+1.29 dd=-0.152 n=201 alfa=+0.1503 beta=-0.012 t=+3.19 maliyet=0.094 fon=-0.001 (3s)
16:33:24 t2_lead_lag_sv_5m_hepsi_k6_e4_t12 x1.0: net=+1.0659 sh=+1.33 dd=-0.154 n=198 alfa=+0.1602 beta=-0.008 t=+3.15 maliyet=0.092 fon=-0.001 (3s)
16:33:26 t2_lead_lag_sv_5m_hepsi_k6_e4_t36 x1.0: net=+1.9140 sh=+1.30 dd=-0.157 n=198 alfa=+0.2580 beta=-0.027 t=+3.32 maliyet=0.092 fon=-0.005 (2s)
16:33:29 t2_lead_lag_sv_5m_hepsi_k6_e4_t72 x1.0: net=+1.6606 sh=+1.31 dd=-0.182 n=198 alfa=+0.2327 beta=-0.022 t=+3.31 maliyet=0.092 fon=-0.011 (3s)
16:33:32 t2_lead_lag_sv_5m_hepsi_k6_e4.5_t6 x1.0: net=+0.8515 sh=+1.25 dd=-0.173 n=144 alfa=+0.1428 beta=-0.013 t=+3.13 maliyet=0.067 fon=-0.001 (3s)
16:33:35 t2_lead_lag_sv_5m_hepsi_k6_e4.5_t12 x1.0: net=+0.9953 sh=+1.24 dd=-0.152 n=141 alfa=+0.1544 beta=-0.009 t=+2.96 maliyet=0.066 fon=-0.002 (3s)
16:33:38 t2_lead_lag_sv_5m_hepsi_k6_e4.5_t36 x1.0: net=+1.6751 sh=+1.20 dd=-0.157 n=141 alfa=+0.2443 beta=-0.030 t=+3.15 maliyet=0.066 fon=-0.008 (3s)
16:33:41 t2_lead_lag_sv_5m_hepsi_k6_e4.5_t72 x1.0: net=+1.7669 sh=+1.37 dd=-0.185 n=141 alfa=+0.2402 beta=-0.022 t=+3.45 maliyet=0.066 fon=-0.015 (3s)
16:33:43 t2_lead_lag_sv_5m_hepsi_k6_e5_t6 x1.0: net=+0.7717 sh=+1.21 dd=-0.156 n=114 alfa=+0.1333 beta=-0.013 t=+3.05 maliyet=0.053 fon=+0.000 (3s)
16:33:46 t2_lead_lag_sv_5m_hepsi_k6_e5_t12 x1.0: net=+0.8633 sh=+1.13 dd=-0.152 n=114 alfa=+0.1428 beta=-0.011 t=+2.76 maliyet=0.053 fon=-0.001 (3s)
16:33:49 t2_lead_lag_sv_5m_hepsi_k6_e5_t36 x1.0: net=+1.5014 sh=+1.26 dd=-0.157 n=114 alfa=+0.2244 beta=-0.026 t=+3.28 maliyet=0.053 fon=-0.006 (3s)
16:33:51 t2_lead_lag_sv_5m_hepsi_k6_e5_t72 x1.0: net=+1.6516 sh=+1.35 dd=-0.185 n=114 alfa=+0.2322 beta=-0.023 t=+3.42 maliyet=0.053 fon=-0.011 (2s)
16:33:53 t2_lead_lag_sv_5m_hepsi_k6_e6_t6 x1.0: net=+0.7668 sh=+1.21 dd=-0.156 n=78 alfa=+0.1344 beta=-0.014 t=+3.08 maliyet=0.036 fon=+0.000 (2s)
16:33:55 t2_lead_lag_sv_5m_hepsi_k6_e6_t12 x1.0: net=+0.8082 sh=+1.16 dd=-0.152 n=78 alfa=+0.1388 beta=-0.013 t=+2.93 maliyet=0.036 fon=+0.000 (2s)
16:33:57 t2_lead_lag_sv_5m_hepsi_k6_e6_t36 x1.0: net=+1.1451 sh=+1.13 dd=-0.184 n=78 alfa=+0.1932 beta=-0.027 t=+3.03 maliyet=0.036 fon=-0.006 (2s)
16:34:00 t2_lead_lag_sv_5m_hepsi_k6_e6_t72 x1.0: net=+1.1323 sh=+1.14 dd=-0.185 n=78 alfa=+0.1920 beta=-0.027 t=+3.08 maliyet=0.036 fon=-0.006 (3s)
16:34:02 t2_lead_lag_sv_5m_hepsi_k3_e4.5_t12_w576 x1.0: net=+0.2757 sh=+0.47 dd=-0.267 n=372 alfa=+0.0620 beta=-0.005 t=+1.15 maliyet=0.174 fon=+0.000 (3s)
16:34:04 t2_lead_lag_sv_5m_hepsi_k3_e4.5_t36_w576 x1.0: net=+0.0891 sh=+0.19 dd=-0.305 n=372 alfa=+0.0225 beta=+0.004 t=+0.35 maliyet=0.174 fon=+0.007 (2s)
16:34:07 t2_lead_lag_sv_5m_hepsi_k3_e5_t12_w576 x1.0: net=+0.6907 sh=+0.96 dd=-0.233 n=306 alfa=+0.1293 beta=-0.015 t=+2.50 maliyet=0.143 fon=-0.001 (3s)
16:34:09 t2_lead_lag_sv_5m_hepsi_k3_e5_t36_w576 x1.0: net=+0.5035 sh=+0.66 dd=-0.278 n=306 alfa=+0.0949 beta=-0.003 t=+1.53 maliyet=0.143 fon=+0.006 (3s)
16:34:10 t2_lead_lag_sv_15m_hepsi_k2_e4_t4 x1.0: net=+0.2585 sh=+0.51 dd=-0.197 n=186 alfa=+0.0627 beta=-0.010 t=+1.41 maliyet=0.087 fon=-0.002 (1s)
16:34:11 t2_lead_lag_sv_15m_hepsi_k2_e4_t12 x1.0: net=+0.2392 sh=+0.41 dd=-0.267 n=186 alfa=+0.0593 beta=-0.008 t=+1.10 maliyet=0.087 fon=-0.002 (1s)
16:34:12 t2_lead_lag_sv_15m_hepsi_k2_e5_t4 x1.0: net=+0.5789 sh=+0.93 dd=-0.127 n=117 alfa=+0.1128 beta=-0.014 t=+2.45 maliyet=0.055 fon=-0.001 (1s)
16:34:13 t2_lead_lag_sv_15m_hepsi_k2_e5_t12 x1.0: net=+0.7738 sh=+0.77 dd=-0.197 n=117 alfa=+0.1672 beta=-0.035 t=+2.29 maliyet=0.055 fon=-0.008 (1s)
16:34:14 t2_lead_lag_sv_15m_hepsi_k3_e4_t4 x1.0: net=+0.6168 sh=+0.91 dd=-0.126 n=138 alfa=+0.1227 beta=-0.018 t=+2.46 maliyet=0.064 fon=-0.002 (1s)
16:34:15 t2_lead_lag_sv_15m_hepsi_k3_e4_t12 x1.0: net=+0.7912 sh=+0.77 dd=-0.192 n=138 alfa=+0.1730 beta=-0.038 t=+2.34 maliyet=0.064 fon=-0.010 (1s)
16:34:16 t2_lead_lag_sv_15m_hepsi_k3_e5_t4 x1.0: net=+0.8888 sh=+0.99 dd=-0.085 n=87 alfa=+0.1528 beta=-0.015 t=+2.51 maliyet=0.041 fon=-0.001 (1s)
16:34:16 t2_lead_lag_sv_15m_hepsi_k3_e5_t12 x1.0: net=+1.2028 sh=+0.93 dd=-0.139 n=87 alfa=+0.2132 beta=-0.035 t=+2.60 maliyet=0.041 fon=-0.008 (1s)
