11:53:08 t2_lead_lag_yetis_5m_k1_e3_lx_t3 x1.0: net=-0.9999 sh=-6.08 dd=-1.000 n=13369 alfa=-1.8104 beta=-0.021 t=-13.41 maliyet=9.358 fon=+0.000 (3s)
11:53:09 t2_lead_lag_yetis_5m_k1_e3_lx_t12 x1.0: net=-0.9999 sh=-4.61 dd=-1.000 n=11862 alfa=-1.7763 beta=-0.001 t=-10.27 maliyet=8.303 fon=+0.004 (2s)
11:53:11 t2_lead_lag_yetis_5m_k1_e3_l3_t3 x1.0: net=-0.7381 sh=-1.94 dd=-0.738 n=1932 alfa=-0.2703 beta=+0.010 t=-4.53 maliyet=1.352 fon=+0.000 (2s)
11:53:13 t2_lead_lag_yetis_5m_k1_e3_l3_t12 x1.0: net=-0.8203 sh=-1.59 dd=-0.822 n=1836 alfa=-0.3592 beta=+0.033 t=-3.98 maliyet=1.285 fon=-0.001 (2s)
11:53:15 t2_lead_lag_yetis_5m_k1_e4_lx_t3 x1.0: net=-0.9704 sh=-2.77 dd=-0.972 n=5540 alfa=-0.6462 beta=-0.024 t=-5.94 maliyet=3.878 fon=-0.005 (2s)
11:53:17 t2_lead_lag_yetis_5m_k1_e4_lx_t12 x1.0: net=-0.9844 sh=-2.48 dd=-0.988 n=5123 alfa=-0.7745 beta=-0.004 t=-5.50 maliyet=3.586 fon=-0.001 (1s)
11:53:18 t2_lead_lag_yetis_5m_k1_e4_l3_t3 x1.0: net=-0.5189 sh=-1.17 dd=-0.548 n=1068 alfa=-0.1465 beta=+0.007 t=-2.75 maliyet=0.748 fon=-0.000 (1s)
11:53:20 t2_lead_lag_yetis_5m_k1_e4_l3_t12 x1.0: net=-0.6764 sh=-1.27 dd=-0.691 n=1037 alfa=-0.2338 beta=+0.020 t=-3.14 maliyet=0.726 fon=-0.002 (2s)
11:53:23 t2_lead_lag_yetis_5m_k3_e3_lx_t3 x1.0: net=-0.9953 sh=-4.06 dd=-0.995 n=7717 alfa=-1.0452 beta=+0.008 t=-9.13 maliyet=5.402 fon=-0.010 (3s)
11:53:24 t2_lead_lag_yetis_5m_k3_e3_lx_t12 x1.0: net=-0.9965 sh=-2.93 dd=-0.997 n=6906 alfa=-1.0785 beta=+0.015 t=-6.64 maliyet=4.834 fon=+0.001 (2s)
11:53:27 t2_lead_lag_yetis_5m_k3_e3_l3_t3 x1.0: net=-0.5238 sh=-1.19 dd=-0.573 n=1080 alfa=-0.1584 beta=+0.015 t=-3.00 maliyet=0.756 fon=+0.001 (2s)
11:53:29 t2_lead_lag_yetis_5m_k3_e3_l3_t12 x1.0: net=-0.7416 sh=-1.44 dd=-0.771 n=1042 alfa=-0.2807 beta=+0.023 t=-3.56 maliyet=0.729 fon=+0.004 (2s)
11:53:30 t2_lead_lag_yetis_5m_k3_e4_lx_t3 x1.0: net=-0.8032 sh=-1.56 dd=-0.820 n=3086 alfa=-0.2803 beta=-0.022 t=-3.21 maliyet=2.160 fon=-0.006 (1s)
11:53:33 t2_lead_lag_yetis_5m_k3_e4_lx_t12 x1.0: net=-0.8692 sh=-1.57 dd=-0.885 n=2894 alfa=-0.3763 beta=-0.001 t=-3.50 maliyet=2.026 fon=-0.012 (2s)
11:53:34 t2_lead_lag_yetis_5m_k3_e4_l3_t3 x1.0: net=-0.4866 sh=-1.31 dd=-0.524 n=539 alfa=-0.1403 beta=+0.011 t=-3.20 maliyet=0.377 fon=+0.000 (1s)
11:53:36 t2_lead_lag_yetis_5m_k3_e4_l3_t12 x1.0: net=-0.6047 sh=-1.10 dd=-0.642 n=525 alfa=-0.1965 beta=+0.021 t=-2.83 maliyet=0.367 fon=+0.000 (2s)
11:53:36 t2_lead_lag_yetis_15m_k1_e3_lx_t2 x1.0: net=-0.9810 sh=-3.15 dd=-0.981 n=5227 alfa=-0.7772 beta=+0.014 t=-7.19 maliyet=3.659 fon=-0.011 (1s)
11:53:37 t2_lead_lag_yetis_15m_k1_e3_lx_t6 x1.0: net=-0.9872 sh=-2.51 dd=-0.988 n=4898 alfa=-0.8395 beta=+0.021 t=-5.76 maliyet=3.429 fon=-0.001 (1s)
11:53:39 t2_lead_lag_yetis_15m_k1_e3_l3_t2 x1.0: net=-0.3942 sh=-0.83 dd=-0.417 n=871 alfa=-0.1088 beta=+0.013 t=-2.16 maliyet=0.610 fon=-0.003 (1s)
11:53:39 t2_lead_lag_yetis_15m_k1_e3_l3_t6 x1.0: net=-0.5899 sh=-0.99 dd=-0.624 n=853 alfa=-0.1883 beta=+0.021 t=-2.56 maliyet=0.597 fon=+0.005 (1s)
11:53:40 t2_lead_lag_yetis_15m_k1_e4_lx_t2 x1.0: net=-0.8358 sh=-1.96 dd=-0.842 n=2279 alfa=-0.3525 beta=+0.006 t=-4.47 maliyet=1.595 fon=-0.005 (1s)
11:53:41 t2_lead_lag_yetis_15m_k1_e4_lx_t6 x1.0: net=-0.9156 sh=-1.87 dd=-0.919 n=2204 alfa=-0.4935 beta=+0.027 t=-4.47 maliyet=1.543 fon=-0.012 (1s)
11:53:41 t2_lead_lag_yetis_15m_k1_e4_l3_t2 x1.0: net=-0.3442 sh=-0.74 dd=-0.390 n=495 alfa=-0.0913 beta=+0.011 t=-1.93 maliyet=0.346 fon=+0.002 (1s)
11:53:42 t2_lead_lag_yetis_15m_k1_e4_l3_t6 x1.0: net=-0.5084 sh=-0.90 dd=-0.565 n=490 alfa=-0.1512 beta=+0.018 t=-2.33 maliyet=0.343 fon=+0.004 (1s)
11:53:44 t2_lead_lag_lider_5m_k1_e4_t3_y+1 x1.0: net=-0.9884 sh=-3.58 dd=-0.988 n=6167 alfa=-0.8825 beta=+0.018 t=-8.19 maliyet=4.317 fon=+0.002 (2s)
11:53:45 t2_lead_lag_lider_5m_k1_e4_t3_y-1 x1.0: net=-0.9910 sh=-3.71 dd=-0.992 n=6167 alfa=-0.9170 beta=+0.008 t=-8.36 maliyet=4.317 fon=-0.002 (1s)
11:53:46 t2_lead_lag_lider_5m_k3_e4_t12_y+1 x1.0: net=-0.9829 sh=-2.73 dd=-0.984 n=3617 alfa=-0.7837 beta=+0.010 t=-6.18 maliyet=2.532 fon=-0.006 (1s)
11:53:48 t2_lead_lag_lider_5m_k3_e4_t12_y-1 x1.0: net=-0.8251 sh=-1.07 dd=-0.880 n=3617 alfa=-0.3194 beta=+0.011 t=-2.49 maliyet=2.532 fon=+0.006 (2s)
11:53:49 t2_lead_lag_lider_15m_k1_e4_t2_y+1 x1.0: net=-0.9251 sh=-2.44 dd=-0.926 n=2667 alfa=-0.5305 beta=+0.030 t=-5.85 maliyet=1.867 fon=-0.004 (1s)
11:53:50 t2_lead_lag_lider_15m_k1_e4_t2_y-1 x1.0: net=-0.7557 sh=-1.32 dd=-0.774 n=2667 alfa=-0.2349 beta=-0.023 t=-2.64 maliyet=1.867 fon=+0.004 (1s)
11:53:51 t2_lead_lag_lider_15m_k2_e4_t6_y+1 x1.0: net=-0.9106 sh=-1.60 dd=-0.916 n=2001 alfa=-0.4765 beta=+0.029 t=-3.86 maliyet=1.401 fon=+0.015 (1s)
11:53:51 t2_lead_lag_lider_15m_k2_e4_t6_y-1 x1.0: net=-0.5568 sh=-0.46 dd=-0.712 n=2001 alfa=-0.1013 beta=-0.021 t=-0.82 maliyet=1.401 fon=-0.015 (1s)
11:53:54 t2_lead_lag_yetis_5m_k1_e4_lx_t3_lim0 x1.0: net=-0.9622 sh=-2.49 dd=-0.966 n=5513 alfa=-0.5990 beta=-0.021 t=-5.35 maliyet=3.021 fon=-0.007 (3s)
11:53:57 t2_lead_lag_yetis_5m_k1_e4_lx_t3_lim3 x1.0: net=-0.9402 sh=-2.20 dd=-0.946 n=5400 alfa=-0.5177 beta=-0.014 t=-4.77 maliyet=1.179 fon=-0.007 (3s)
11:54:00 t2_lead_lag_yetis_5m_k1_e4_lx_t12_lim0 x1.0: net=-0.9802 sh=-2.31 dd=-0.986 n=5108 alfa=-0.7283 beta=-0.002 t=-5.14 maliyet=2.825 fon=-0.001 (3s)
11:54:04 t2_lead_lag_yetis_5m_k1_e4_lx_t12_lim3 x1.0: net=-0.9683 sh=-2.05 dd=-0.978 n=5048 alfa=-0.6450 beta=+0.006 t=-4.61 maliyet=1.125 fon=-0.002 (4s)
11:54:05 t2_lead_lag_yetis_15m_k1_e4_lx_t2_lim0 x1.0: net=-0.8311 sh=-1.92 dd=-0.838 n=2277 alfa=-0.3471 beta=+0.007 t=-4.38 maliyet=1.249 fon=-0.005 (1s)
11:54:05 t2_lead_lag_yetis_15m_k1_e4_lx_t2_lim3 x1.0: net=-0.7754 sh=-1.63 dd=-0.789 n=2247 alfa=-0.2863 beta=+0.003 t=-3.67 maliyet=0.481 fon=-0.005 (1s)
