t2_emir_akisi_a1_akis_1h_n1_k2.0_h1                                    ret    -91.7% sh  -5.11 dd  -91.8% n   5525 a   -49.7% b  +0.00 g/t    +0.5 n/t   -13.5 exp 0.11 yrs -24% -29% -44% -40% -54% [2.1s]
t2_emir_akisi_a1_akis_1h_n1_k3.0_h1                                    ret    -22.5% sh  -2.02 dd  -22.6% n    541 a    -5.1% b  +0.00 g/t    -0.1 n/t   -14.1 exp 0.01 yrs -5% -4% -3% -5% -8% [0.4s]
t2_emir_akisi_a1_akis_1h_n6_k2.0_h1                                    ret    -58.1% sh  -1.49 dd  -61.7% n   2804 a   -17.7% b  +0.01 g/t    +4.8 n/t    -9.0 exp 0.12 yrs +1% -12% -17% -11% -36% [0.5s]
t2_emir_akisi_a1_akis_1h_n6_k3.0_h1                                    ret     -4.7% sh  -0.24 dd  -10.9% n    352 a    -1.0% b  +0.00 g/t    +9.6 n/t    -4.0 exp 0.01 yrs +1% +4% -2% +1% -8% [0.3s]
t2_emir_akisi_a1_akis_1h_n24_k2.0_h1                                   ret    -13.6% sh  -0.20 dd  -25.3% n   1231 a    -4.4% b  +0.02 g/t   +11.0 n/t    -2.7 exp 0.12 yrs -8% +14% -6% +6% -17% [0.4s]
t2_emir_akisi_a1_akis_1h_n24_k3.0_h1                                   ret    -11.2% sh  -0.77 dd  -11.9% n    120 a    -2.4% b  +0.00 g/t   -17.1 n/t   -29.4 exp 0.01 yrs -1% -3% +0% -5% -3% [0.8s]
t2_emir_akisi_a1_akis_1h_n72_k2.0_h1                                   ret    -31.7% sh  -0.49 dd  -43.2% n    721 a    -9.1% b  +0.02 g/t    -2.2 n/t   -15.4 exp 0.15 yrs +1% +2% -20% -6% -12% [0.3s]
t2_emir_akisi_a1_akis_1h_n72_k3.0_h1                                   ret     +0.9% sh  +0.09 dd   -6.0% n     55 a    +0.2% b  -0.00 g/t   +17.5 n/t    +4.8 exp 0.01 yrs -1% -1% +4% +0% -1% [0.3s]
t2_emir_akisi_a1_akis_1h_n1_k2.0_h6                                    ret    -84.4% sh  -1.82 dd  -85.5% n   4605 a   -36.2% b  +0.01 g/t    +2.3 n/t   -11.5 exp 0.45 yrs -16% -12% -35% -38% -48% [0.8s]
t2_emir_akisi_a1_akis_1h_n1_k3.0_h6                                    ret    -14.7% sh  -0.53 dd  -17.9% n    518 a    -3.2% b  +0.00 g/t    +5.1 n/t    -8.6 exp 0.07 yrs -5% -1% -4% -1% -5% [0.7s]
t2_emir_akisi_a1_akis_1h_n6_k2.0_h6                                    ret     -6.2% sh  +0.02 dd  -40.4% n   2288 a    -2.9% b  +0.03 g/t   +13.8 n/t    +0.1 exp 0.31 yrs +17% +10% -25% +10% -12% [0.6s]
t2_emir_akisi_a1_akis_1h_n6_k3.0_h6                                    ret    +12.7% sh  +0.41 dd   -9.4% n    327 a    +2.4% b  +0.00 g/t   +25.0 n/t   +11.7 exp 0.05 yrs +5% +4% +8% +5% -8% [0.4s]
t2_emir_akisi_a1_akis_1h_n24_k2.0_h6                                   ret     +8.5% sh  +0.18 dd  -25.3% n    781 a    -0.3% b  +0.03 g/t   +18.7 n/t    +5.5 exp 0.20 yrs -2% +14% -16% +15% +0% [0.4s]
t2_emir_akisi_a1_akis_1h_n24_k3.0_h6                                   ret     -5.1% sh  -0.21 dd  -11.0% n     99 a    -1.1% b  +0.00 g/t    -2.7 n/t   -14.3 exp 0.02 yrs -0% +3% -3% -4% -2% [0.3s]
t2_emir_akisi_a1_akis_1h_n72_k2.0_h6                                   ret     +2.5% sh  +0.11 dd  -31.6% n    401 a    -0.2% b  +0.02 g/t   +14.6 n/t    +2.4 exp 0.19 yrs -1% +12% -14% +3% +4% [0.4s]
t2_emir_akisi_a1_akis_1h_n72_k3.0_h6                                   ret     +5.1% sh  +0.39 dd   -5.4% n     42 a    +1.0% b  +0.00 g/t   +47.1 n/t   +35.4 exp 0.01 yrs +1% +1% +3% +1% -1% [0.7s]
t2_emir_akisi_a1_akis_1h_n1_k2.0_h24                                   ret    -72.9% sh  -0.60 dd  -83.9% n   3401 a   -22.5% b  +0.02 g/t    +4.7 n/t    -8.9 exp 0.81 yrs +7% +32% -39% -23% -59% [0.7s]
t2_emir_akisi_a1_akis_1h_n1_k3.0_h24                                   ret    -12.1% sh  -0.17 dd  -22.2% n    467 a    -2.0% b  +0.00 g/t    +8.0 n/t    -5.5 exp 0.21 yrs -4% +4% -7% +7% -12% [0.4s]
t2_emir_akisi_a1_akis_1h_n6_k2.0_h24                                   ret    +37.6% sh  +0.36 dd  -46.0% n   1697 a    +6.9% b  +0.04 g/t   +23.8 n/t   +10.6 exp 0.66 yrs +32% +27% +2% +10% -27% [0.5s]
t2_emir_akisi_a1_akis_1h_n6_k3.0_h24                                   ret    +19.0% sh  +0.38 dd  -12.1% n    305 a    +2.9% b  +0.01 g/t   +33.0 n/t   +20.3 exp 0.15 yrs +8% +4% -0% +14% -6% [0.4s]
t2_emir_akisi_a1_akis_1h_n24_k2.0_h24                                  ret    +42.9% sh  +0.43 dd  -30.4% n    648 a    +4.9% b  +0.04 g/t   +34.0 n/t   +21.9 exp 0.38 yrs +12% +10% -0% +15% +1% [0.9s]
t2_emir_akisi_a1_akis_1h_n24_k3.0_h24                                  ret     -3.8% sh  -0.09 dd  -14.4% n     90 a    -0.8% b  +0.00 g/t    +1.5 n/t    -9.1 exp 0.06 yrs +8% -3% -2% -5% -0% [0.4s]
t2_emir_akisi_a1_akis_1h_n72_k2.0_h24                                  ret    +90.4% sh  +0.74 dd  -22.0% n    301 a   +13.0% b  +0.02 g/t   +82.8 n/t   +72.2 exp 0.28 yrs +5% +29% +11% +18% +8% [0.4s]
t2_emir_akisi_a1_akis_1h_n72_k3.0_h24                                  ret     -2.8% sh  -0.12 dd   -7.8% n     40 a    -0.5% b  -0.00 g/t   -10.0 n/t   -19.8 exp 0.03 yrs -0% -2% +2% -2% -0% [0.4s]
