t2_emir_akisi_a3_uyum_15m_n12_k2.5_h2                                  ret   +132.1% sh  +0.92 dd  -33.0% n   2152 a   +16.4% b  +0.02 g/t   +26.3 n/t   +12.5 exp 0.05 yrs +37% +108% -5% -5% -10% 2x -15.0% wob +115% | BTC +16% ETH +141% SOL +173% [2.3s]
t2_emir_akisi_a3_uyum_15m_n12_k2.5_h4                                  ret   +118.5% sh  +0.85 dd  -29.2% n   1927 a   +15.3% b  +0.02 g/t   +26.7 n/t   +13.0 exp 0.06 yrs +41% +82% -2% -5% -9% 2x -11.1% wob +103% | BTC +16% ETH +98% SOL +156% [1.3s]
t2_emir_akisi_a3_uyum_15m_n12_k2.5_h8                                  ret   +112.3% sh  +0.75 dd  -27.5% n   1805 a   +12.9% b  +0.04 g/t   +27.1 n/t   +13.8 exp 0.09 yrs +6% +66% +15% -4% +11% 2x -8.6% wob +89% | BTC -30% ETH +166% SOL +155% [1.6s]
t2_emir_akisi_a3_uyum_15m_n12_k3.0_h2                                  ret   +195.8% sh  +1.21 dd  -30.6% n   1192 a   +21.4% b  +0.02 g/t   +42.1 n/t   +28.3 exp 0.03 yrs +38% +93% -4% +3% +13% 2x +69.6% wob +174% | BTC +92% ETH +226% SOL +179% [1.6s]
t2_emir_akisi_a3_uyum_15m_n12_k3.0_h4                                  ret   +251.8% sh  +1.41 dd  -22.4% n   1077 a   +26.1% b  +0.01 g/t   +49.7 n/t   +36.0 exp 0.03 yrs +44% +103% +4% +5% +10% 2x +112.8% wob +226% | BTC +113% ETH +168% SOL +388% [1.2s]
t2_emir_akisi_a3_uyum_15m_n12_k3.0_h8                                  ret   +225.4% sh  +1.30 dd  -23.2% n   1014 a   +24.4% b  +0.01 g/t   +49.5 n/t   +36.3 exp 0.05 yrs +16% +126% +6% +4% +12% 2x +102.7% wob +198% | BTC +66% ETH +266% SOL +231% [2.0s]
t2_emir_akisi_a3_uyum_15m_n12_k3.5_h2                                  ret   +287.3% sh  +1.86 dd  -20.5% n    758 a   +27.2% b  +0.01 g/t   +68.7 n/t   +55.0 exp 0.02 yrs +33% +70% +31% +9% +20% 2x +171.9% wob +262% | BTC +78% ETH +359% SOL +405% [1.8s]
t2_emir_akisi_a3_uyum_15m_n12_k3.5_h4                                  ret   +365.9% sh  +1.66 dd  -19.3% n    674 a   +30.7% b  +0.02 g/t   +83.7 n/t   +70.0 exp 0.02 yrs +61% +82% +28% +10% +13% 2x +240.2% wob +331% | BTC +237% ETH +403% SOL +306% [1.5s]
t2_emir_akisi_a3_uyum_15m_n12_k3.5_h8                                  ret   +428.1% sh  +1.84 dd  -20.7% n    634 a   +34.2% b  +0.01 g/t   +93.3 n/t   +80.4 exp 0.03 yrs +31% +126% +40% +10% +17% 2x +292.9% wob +383% | BTC +186% ETH +457% SOL +488% [1.1s]
t2_emir_akisi_a3_uyum_15m_n24_k2.5_h2                                  ret   +184.9% sh  +1.19 dd  -28.7% n   1371 a   +18.6% b  +0.04 g/t   +37.1 n/t   +23.4 exp 0.04 yrs +19% +167% -7% -8% +5% 2x +50.2% wob +164% | BTC +37% ETH +198% SOL +239% [1.4s]
t2_emir_akisi_a3_uyum_15m_n24_k2.5_h4                                  ret   +266.0% sh  +1.42 dd  -24.2% n   1181 a   +24.5% b  +0.03 g/t   +47.9 n/t   +34.2 exp 0.05 yrs +27% +180% +2% -4% +5% 2x +110.9% wob +237% | BTC +76% ETH +210% SOL +411% [1.2s]
t2_emir_akisi_a3_uyum_15m_n24_k2.5_h8                                  ret   +336.1% sh  +1.49 dd  -25.9% n   1059 a   +29.4% b  +0.02 g/t   +57.1 n/t   +43.7 exp 0.07 yrs +20% +213% +23% -3% -3% 2x +166.0% wob +299% | BTC +36% ETH +514% SOL +421% [1.1s]
t2_emir_akisi_a3_uyum_15m_n24_k3.0_h2                                  ret   +295.5% sh  +1.72 dd  -20.3% n    788 a   +26.8% b  +0.02 g/t   +66.0 n/t   +52.0 exp 0.02 yrs +24% +124% +15% +1% +23% 2x +173.8% wob +267% | BTC +114% ETH +348% SOL +334% [1.6s]
t2_emir_akisi_a3_uyum_15m_n24_k3.0_h4                                  ret   +291.5% sh  +1.81 dd  -23.3% n    673 a   +27.4% b  +0.01 g/t   +74.3 n/t   +60.7 exp 0.03 yrs +24% +157% -4% +1% +27% 2x +186.0% wob +263% | BTC +127% ETH +244% SOL +396% [1.0s]
t2_emir_akisi_a3_uyum_15m_n24_k3.0_h8                                  ret   +284.3% sh  +1.60 dd  -21.9% n    600 a   +26.1% b  +0.02 g/t   +81.7 n/t   +68.5 exp 0.04 yrs +25% +150% +2% -2% +22% 2x +190.4% wob +254% | BTC +146% ETH +367% SOL +199% [1.2s]
t2_emir_akisi_a3_uyum_15m_n24_k3.5_h2                                  ret   +369.2% sh  +2.02 dd  -20.2% n    479 a   +32.4% b  -0.00 g/t  +109.7 n/t   +95.7 exp 0.01 yrs +15% +165% +30% +0% +18% 2x +275.2% wob +343% | BTC +114% ETH +335% SOL +708% [1.0s]
t2_emir_akisi_a3_uyum_15m_n24_k3.5_h4                                  ret   +348.9% sh  +1.77 dd  -19.5% n    406 a   +31.1% b  +0.00 g/t  +124.2 n/t  +110.9 exp 0.02 yrs +21% +161% +18% -2% +23% 2x +271.4% wob +316% | BTC +98% ETH +252% SOL +808% [1.4s]
t2_emir_akisi_a3_uyum_15m_n24_k3.5_h8                                  ret   +358.0% sh  +1.74 dd  -19.7% n    366 a   +32.5% b  -0.00 g/t  +138.4 n/t  +125.4 exp 0.02 yrs +14% +188% +26% -5% +17% 2x +286.1% wob +322% | BTC +69% ETH +289% SOL +882% [1.0s]
t2_emir_akisi_a3_uyum_15m_n48_k2.5_h2                                  ret   +118.2% sh  +0.86 dd  -34.1% n    909 a   +11.7% b  +0.05 g/t   +39.3 n/t   +26.4 exp 0.04 yrs -4% +177% -15% -6% +2% 2x +42.7% wob +102% | BTC +3% ETH +204% SOL +97% [1.3s]
t2_emir_akisi_a3_uyum_15m_n48_k2.5_h4                                  ret   +164.5% sh  +1.00 dd  -31.9% n    747 a   +14.9% b  +0.06 g/t   +53.9 n/t   +41.4 exp 0.05 yrs +5% +167% -12% -3% +11% 2x +86.7% wob +144% | BTC +15% ETH +209% SOL +200% [1.0s]
t2_emir_akisi_a3_uyum_15m_n48_k2.5_h8                                  ret   +174.2% sh  +0.96 dd  -32.7% n    631 a   +15.1% b  +0.07 g/t   +62.3 n/t   +50.2 exp 0.06 yrs +8% +153% -9% -5% +16% 2x +104.3% wob +149% | BTC +4% ETH +118% SOL +392% [1.0s]
t2_emir_akisi_a3_uyum_15m_n48_k3.0_h2                                  ret    +92.1% sh  +0.77 dd  -31.1% n    479 a    +8.9% b  +0.05 g/t   +51.9 n/t   +39.7 exp 0.02 yrs +12% +99% -7% -6% -1% 2x +53.6% wob +71% | BTC +22% ETH +160% SOL +47% [1.3s]
t2_emir_akisi_a3_uyum_15m_n48_k3.0_h4                                  ret    +75.2% sh  +0.67 dd  -31.2% n    378 a    +6.4% b  +0.06 g/t   +57.6 n/t   +46.6 exp 0.02 yrs +3% +90% -11% -4% +4% 2x +46.9% wob +62% | BTC +34% ETH +72% SOL +50% [1.3s]
t2_emir_akisi_a3_uyum_15m_n48_k3.0_h8                                  ret    +80.6% sh  +0.68 dd  -35.2% n    320 a    +6.6% b  +0.06 g/t   +68.7 n/t   +58.4 exp 0.03 yrs -3% +108% -14% -6% +9% 2x +55.6% wob +65% | BTC +9% ETH +76% SOL +91% [1.1s]
t2_emir_akisi_a3_uyum_15m_n48_k3.5_h2                                  ret    +78.5% sh  +0.87 dd  -24.5% n    278 a    +8.4% b  +0.04 g/t   +68.2 n/t   +56.8 exp 0.01 yrs +19% +51% -0% -1% +1% 2x +56.7% wob +70% | BTC +60% ETH +55% SOL +62% [1.6s]
t2_emir_akisi_a3_uyum_15m_n48_k3.5_h4                                  ret    +81.5% sh  +0.74 dd  -25.8% n    222 a    +8.2% b  +0.05 g/t   +92.9 n/t   +83.3 exp 0.01 yrs +13% +55% -2% +0% +6% 2x +63.6% wob +61% | BTC +63% ETH +48% SOL +72% [0.9s]
t2_emir_akisi_a3_uyum_15m_n48_k3.5_h8                                  ret    +79.0% sh  +0.71 dd  -28.0% n    191 a    +8.2% b  +0.05 g/t  +100.5 n/t   +92.6 exp 0.02 yrs +9% +56% -3% -1% +9% 2x +63.8% wob +63% | BTC +71% ETH +37% SOL +66% [1.0s]
