t2_emir_akisi_a1_patlama_1h_vNone_k3.0_h1                              ret    -22.5% sh  -2.02 dd  -22.6% n    541 a    -5.1% b  +0.00 g/t    -0.1 n/t   -14.1 exp 0.01 yrs -5% -4% -3% -5% -8% [1.9s]
t2_emir_akisi_a1_patlama_1h_vNone_k4.0_h1                              ret     -3.0% sh  -0.63 dd   -3.3% n     40 a    -0.6% b  -0.00 g/t    -8.9 n/t   -22.9 exp 0.00 yrs -0% -2% -0% -0% -0% [0.3s]
t2_emir_akisi_a1_patlama_1h_v2.0_k3.0_h1                               ret     +1.0% sh  +0.39 dd   -0.3% n      5 a    +0.2% b  +0.00 g/t   +72.1 n/t   +58.1 exp 0.00 yrs +0% +0% -0% +1% +0% [0.4s]
t2_emir_akisi_a1_patlama_1h_v2.0_k4.0_h1                               ret     +0.0% sh    nan dd   +0.0% n      0 a    +0.0% b  +0.00 g/t    +nan n/t    +nan exp 0.00 yrs +0% +0% +0% +0% +0% [0.7s]
t2_emir_akisi_a1_patlama_1h_vNone_k3.0_h6                              ret    -14.7% sh  -0.53 dd  -17.9% n    518 a    -3.2% b  +0.00 g/t    +5.1 n/t    -8.6 exp 0.07 yrs -5% -1% -4% -1% -5% [0.4s]
t2_emir_akisi_a1_patlama_1h_vNone_k4.0_h6                              ret     -4.6% sh  -0.46 dd   -7.0% n     40 a    -0.9% b  -0.00 g/t   -20.6 n/t   -34.4 exp 0.01 yrs +0% -6% +1% -0% -0% [1.1s]
t2_emir_akisi_a1_patlama_1h_v2.0_k3.0_h6                               ret     +4.9% sh  +0.57 dd   -0.5% n      5 a    +0.8% b  +0.00 g/t  +309.8 n/t  +295.4 exp 0.00 yrs +1% +0% +0% +4% +0% [0.6s]
t2_emir_akisi_a1_patlama_1h_v2.0_k4.0_h6                               ret     +0.0% sh    nan dd   +0.0% n      0 a    +0.0% b  +0.00 g/t    +nan n/t    +nan exp 0.00 yrs +0% +0% +0% +0% +0% [0.6s]
t2_emir_akisi_a1_patlama_1h_vNone_k3.0_h24                             ret    -12.1% sh  -0.17 dd  -22.2% n    467 a    -2.0% b  +0.00 g/t    +8.0 n/t    -5.5 exp 0.21 yrs -4% +4% -7% +7% -12% [0.5s]
t2_emir_akisi_a1_patlama_1h_vNone_k4.0_h24                             ret     -5.0% sh  -0.35 dd  -11.4% n     40 a    -1.2% b  +0.00 g/t   -25.6 n/t   -39.0 exp 0.02 yrs -1% -5% -3% +1% +3% [0.4s]
t2_emir_akisi_a1_patlama_1h_v2.0_k3.0_h24                              ret     +9.1% sh  +0.61 dd   -1.8% n      5 a    +1.4% b  +0.00 g/t  +562.4 n/t  +546.6 exp 0.00 yrs +5% +0% -1% +4% +0% [0.4s]
t2_emir_akisi_a1_patlama_1h_v2.0_k4.0_h24                              ret     +0.0% sh    nan dd   +0.0% n      0 a    +0.0% b  +0.00 g/t    +nan n/t    +nan exp 0.00 yrs +0% +0% +0% +0% +0% [0.3s]
t2_emir_akisi_a1_patlama_15m_vNone_k3.0_h4                             ret    -56.7% sh  -3.71 dd  -56.7% n   1377 a   -16.8% b  +0.00 g/t    -4.1 n/t   -18.1 exp 0.03 yrs -17% -22% -12% -12% -14% [2.2s]
t2_emir_akisi_a1_patlama_15m_vNone_k4.0_h4                             ret     -3.6% sh  -0.81 dd   -3.9% n     59 a    -0.8% b  +0.00 g/t    -4.6 n/t   -18.6 exp 0.00 yrs -1% -1% -1% +0% -1% [1.4s]
t2_emir_akisi_a1_patlama_15m_v2.0_k3.0_h4                              ret     -0.9% sh  -0.37 dd   -1.5% n      9 a    -0.2% b  +0.00 g/t   -14.9 n/t   -28.9 exp 0.00 yrs +1% -1% -0% -0% -1% [1.8s]
t2_emir_akisi_a1_patlama_15m_v2.0_k4.0_h4                              ret     +0.0% sh    nan dd   +0.0% n      0 a    +0.0% b  +0.00 g/t    +nan n/t    +nan exp 0.00 yrs +0% +0% +0% +0% +0% [0.8s]
t2_emir_akisi_a1_patlama_15m_vNone_k3.0_h16                            ret    -52.6% sh  -1.78 dd  -53.9% n   1307 a   -15.0% b  +0.00 g/t    -2.6 n/t   -16.7 exp 0.11 yrs -15% -32% -10% -6% -3% [0.8s]
t2_emir_akisi_a1_patlama_15m_vNone_k4.0_h16                            ret     -5.7% sh  -0.62 dd   -6.0% n     58 a    -1.2% b  +0.00 g/t   -15.7 n/t   -29.9 exp 0.01 yrs -3% -1% -1% +0% -2% [0.7s]
t2_emir_akisi_a1_patlama_15m_v2.0_k3.0_h16                             ret     +0.3% sh  +0.06 dd   -2.5% n      9 a    +0.1% b  +0.00 g/t   +24.6 n/t    +9.8 exp 0.00 yrs +1% -1% +1% -0% -0% [0.9s]
t2_emir_akisi_a1_patlama_15m_v2.0_k4.0_h16                             ret     +0.0% sh    nan dd   +0.0% n      0 a    +0.0% b  +0.00 g/t    +nan n/t    +nan exp 0.00 yrs +0% +0% +0% +0% +0% [0.7s]
t2_emir_akisi_a1_patlama_15m_vNone_k3.0_h96                            ret    -17.4% sh  -0.09 dd  -37.6% n   1092 a    -3.1% b  +0.01 g/t   +12.2 n/t    -2.1 exp 0.42 yrs -14% -10% +24% -9% -5% [0.8s]
t2_emir_akisi_a1_patlama_15m_vNone_k4.0_h96                            ret     -8.1% sh  -0.34 dd  -14.4% n     56 a    -1.7% b  +0.00 g/t   -29.4 n/t   -42.2 exp 0.03 yrs -1% -2% +0% -2% -3% [0.8s]
t2_emir_akisi_a1_patlama_15m_v2.0_k3.0_h96                             ret     +0.2% sh  +0.04 dd   -3.3% n      9 a    +0.0% b  +0.00 g/t   +18.5 n/t    +1.3 exp 0.00 yrs +1% -2% +1% +0% -1% [0.7s]
t2_emir_akisi_a1_patlama_15m_v2.0_k4.0_h96                             ret     +0.0% sh    nan dd   +0.0% n      0 a    +0.0% b  +0.00 g/t    +nan n/t    +nan exp 0.00 yrs +0% +0% +0% +0% +0% [1.0s]
t2_emir_akisi_a1_patlama_5m_vNone_k3.0_h12                             ret    -70.0% sh  -3.65 dd  -70.2% n   2157 a   -23.8% b  -0.00 g/t    -2.6 n/t   -16.7 exp 0.05 yrs -9% -31% -27% -23% -15% [4.2s]
t2_emir_akisi_a1_patlama_5m_vNone_k4.0_h12                             ret     -2.8% sh  -0.51 dd   -5.5% n     49 a    -0.5% b  -0.00 g/t    -3.3 n/t   -17.4 exp 0.00 yrs +0% -1% -2% -1% +0% [2.1s]
t2_emir_akisi_a1_patlama_5m_v2.0_k3.0_h12                              ret     -5.5% sh  -1.26 dd   -5.9% n     48 a    -1.1% b  +0.00 g/t   -20.9 n/t   -35.0 exp 0.00 yrs +0% -3% -0% -2% -0% [1.9s]
t2_emir_akisi_a1_patlama_5m_v2.0_k4.0_h12                              ret     +0.1% sh  +0.45 dd   -0.2% n      1 a    +0.0% b  +0.00 g/t   +43.6 n/t   +29.6 exp 0.00 yrs +0% +0% +0% +0% +0% [1.8s]
t2_emir_akisi_a1_patlama_5m_vNone_k3.0_h48                             ret    -64.6% sh  -1.54 dd  -67.1% n   1994 a   -19.6% b  -0.00 g/t    -1.3 n/t   -15.3 exp 0.16 yrs -8% -33% -26% -16% -8% [2.3s]
t2_emir_akisi_a1_patlama_5m_vNone_k4.0_h48                             ret     +3.6% sh  +0.29 dd   -5.1% n     48 a    +1.0% b  -0.00 g/t   +37.0 n/t   +23.2 exp 0.00 yrs +0% +3% -1% +1% +1% [1.8s]
t2_emir_akisi_a1_patlama_5m_v2.0_k3.0_h48                              ret     -4.1% sh  -0.51 dd   -6.6% n     48 a    -0.8% b  -0.00 g/t   -12.1 n/t   -26.2 exp 0.00 yrs -0% -4% -1% +0% +1% [1.8s]
t2_emir_akisi_a1_patlama_5m_v2.0_k4.0_h48                              ret     -0.2% sh  -0.45 dd   -0.7% n      1 a    -0.0% b  -0.00 g/t   -54.7 n/t   -68.7 exp 0.00 yrs +0% +0% -0% +0% +0% [1.8s]
t2_emir_akisi_a1_patlama_5m_vNone_k3.0_h288                            ret    -22.8% sh  -0.04 dd  -54.0% n   1592 a    -4.9% b  +0.03 g/t   +12.2 n/t    -0.1 exp 0.53 yrs +8% -15% +19% -32% +5% [1.5s]
t2_emir_akisi_a1_patlama_5m_vNone_k4.0_h288                            ret     -0.4% sh  +0.01 dd  -15.6% n     44 a    -0.1% b  +0.00 g/t   +13.3 n/t    -1.5 exp 0.02 yrs +0% +1% +2% -5% +2% [2.1s]
t2_emir_akisi_a1_patlama_5m_v2.0_k3.0_h288                             ret     +3.2% sh  +0.18 dd   -9.6% n     48 a    +0.7% b  +0.00 g/t   +36.2 n/t   +21.6 exp 0.03 yrs -1% -2% +3% +4% -1% [1.9s]
t2_emir_akisi_a1_patlama_5m_v2.0_k4.0_h288                             ret     +0.0% sh  +0.03 dd   -0.7% n      1 a    +0.0% b  +0.00 g/t   +20.0 n/t    +7.3 exp 0.00 yrs +0% +0% +0% +0% +0% [1.4s]
