t2_emir_akisi_a3_uyum_5m_n36_k2.5_h6                                   ret    +39.8% sh  +0.46 dd  -28.2% n   2586 a    +7.1% b  +0.01 g/t   +17.8 n/t    +4.0 exp 0.06 yrs +15% +41% +1% -6% -9% 2x -58.2% wob +32% | BTC -37% ETH +50% SOL +61% [5.0s]
t2_emir_akisi_a3_uyum_5m_n36_k2.5_h12                                  ret    +47.0% sh  +0.48 dd  -31.2% n   2326 a    +8.1% b  +0.01 g/t   +19.0 n/t    +5.2 exp 0.08 yrs +16% +44% +5% -6% -11% 2x -50.4% wob +38% | BTC -17% ETH +68% SOL +19% [3.3s]
t2_emir_akisi_a3_uyum_5m_n36_k2.5_h24                                  ret    +42.2% sh  +0.42 dd  -29.8% n   2188 a    +9.1% b  +0.00 g/t   +18.8 n/t    +5.2 exp 0.11 yrs -8% +49% +35% -15% -10% 2x -48.8% wob +30% | BTC -27% ETH +139% SOL -24% [3.1s]
t2_emir_akisi_a3_uyum_5m_n36_k3.0_h6                                   ret   +137.6% sh  +1.26 dd  -25.1% n   1354 a   +18.2% b  +0.00 g/t   +32.6 n/t   +18.7 exp 0.03 yrs +15% +33% +31% +2% +18% 2x +26.3% wob +124% | BTC +15% ETH +90% SOL +293% [3.3s]
t2_emir_akisi_a3_uyum_5m_n36_k3.0_h12                                  ret   +191.4% sh  +1.38 dd  -26.1% n   1221 a   +22.1% b  +0.01 g/t   +40.0 n/t   +26.1 exp 0.04 yrs +37% +33% +36% +2% +14% 2x +64.8% wob +170% | BTC +66% ETH +94% SOL +362% [3.1s]
t2_emir_akisi_a3_uyum_5m_n36_k3.0_h24                                  ret   +224.3% sh  +1.29 dd  -26.1% n   1159 a   +25.3% b  +0.00 g/t   +43.9 n/t   +30.6 exp 0.06 yrs +17% +67% +60% -5% +10% 2x +88.8% wob +196% | BTC +66% ETH +186% SOL +296% [3.2s]
t2_emir_akisi_a3_uyum_5m_n36_k3.5_h6                                   ret   +262.4% sh  +1.89 dd  -23.0% n    793 a   +26.8% b  -0.00 g/t   +61.8 n/t   +47.9 exp 0.02 yrs +18% +57% +24% +20% +31% 2x +150.4% wob +243% | BTC +83% ETH +136% SOL +666% [2.7s]
t2_emir_akisi_a3_uyum_5m_n36_k3.5_h12                                  ret   +287.1% sh  +1.73 dd  -23.4% n    721 a   +28.5% b  -0.00 g/t   +69.7 n/t   +55.9 exp 0.02 yrs +34% +50% +39% +14% +22% 2x +176.6% wob +265% | BTC +150% ETH +141% SOL +534% [2.3s]
t2_emir_akisi_a3_uyum_5m_n36_k3.5_h24                                  ret   +461.2% sh  +1.93 dd  -23.4% n    692 a   +37.7% b  -0.01 g/t   +88.4 n/t   +74.9 exp 0.03 yrs +19% +108% +60% +15% +24% 2x +306.3% wob +403% | BTC +128% ETH +285% SOL +1145% [2.1s]
t2_emir_akisi_a3_uyum_5m_n72_k2.5_h6                                   ret   +163.3% sh  +1.12 dd  -24.9% n   1559 a   +20.9% b  +0.00 g/t   +31.8 n/t   +18.2 exp 0.05 yrs +17% +104% +15% -12% +9% 2x +27.2% wob +149% | BTC +56% ETH +147% SOL +176% [2.6s]
t2_emir_akisi_a3_uyum_5m_n72_k2.5_h12                                  ret   +181.9% sh  +1.12 dd  -25.1% n   1362 a   +22.4% b  +0.00 g/t   +36.3 n/t   +22.9 exp 0.06 yrs +16% +98% +20% -10% +14% 2x +49.3% wob +166% | BTC +42% ETH +163% SOL +227% [3.3s]
t2_emir_akisi_a3_uyum_5m_n72_k2.5_h24                                  ret   +240.9% sh  +1.12 dd  -25.7% n   1248 a   +28.1% b  -0.01 g/t   +43.7 n/t   +30.4 exp 0.08 yrs +3% +134% +44% -13% +13% 2x +90.4% wob +212% | BTC +44% ETH +296% SOL +253% [3.1s]
t2_emir_akisi_a3_uyum_5m_n72_k3.0_h6                                   ret   +281.2% sh  +1.91 dd  -22.6% n    815 a   +27.6% b  +0.00 g/t   +61.7 n/t   +48.2 exp 0.02 yrs +9% +114% +23% +6% +24% 2x +160.6% wob +249% | BTC +67% ETH +173% SOL +699% [3.0s]
t2_emir_akisi_a3_uyum_5m_n72_k3.0_h12                                  ret   +299.0% sh  +1.76 dd  -22.6% n    693 a   +27.9% b  +0.01 g/t   +71.9 n/t   +58.8 exp 0.03 yrs +28% +112% +18% +1% +23% 2x +188.7% wob +261% | BTC +34% ETH +180% SOL +972% [2.4s]
t2_emir_akisi_a3_uyum_5m_n72_k3.0_h24                                  ret   +377.6% sh  +1.63 dd  -23.0% n    625 a   +34.0% b  -0.01 g/t   +87.8 n/t   +75.5 exp 0.04 yrs +17% +166% +27% -0% +21% 2x +256.8% wob +330% | BTC +41% ETH +304% SOL +1040% [3.0s]
t2_emir_akisi_a3_uyum_5m_n72_k3.5_h6                                   ret   +284.0% sh  +2.06 dd  -16.8% n    460 a   +29.2% b  -0.01 g/t   +99.3 n/t   +85.9 exp 0.01 yrs +18% +112% +14% +16% +16% 2x +209.9% wob +252% | BTC +114% ETH +285% SOL +380% [2.4s]
t2_emir_akisi_a3_uyum_5m_n72_k3.5_h12                                  ret   +449.8% sh  +2.26 dd  -16.1% n    398 a   +36.5% b  -0.01 g/t  +140.5 n/t  +127.3 exp 0.01 yrs +34% +141% +20% +16% +23% 2x +356.7% wob +395% | BTC +137% ETH +368% SOL +920% [2.8s]
t2_emir_akisi_a3_uyum_5m_n72_k3.5_h24                                  ret   +455.0% sh  +1.88 dd  -18.8% n    365 a   +39.0% b  -0.03 g/t  +153.2 n/t  +140.7 exp 0.02 yrs +13% +206% +19% +11% +22% 2x +368.2% wob +400% | BTC +140% ETH +272% SOL +1149% [2.9s]
t2_emir_akisi_a3_uyum_5m_n144_k2.5_h6                                  ret   +110.2% sh  +0.88 dd  -27.5% n    984 a   +12.4% b  +0.04 g/t   +35.0 n/t   +22.1 exp 0.04 yrs -1% +115% +4% -10% +5% 2x +32.8% wob +93% | BTC +10% ETH +128% SOL +107% [2.8s]
t2_emir_akisi_a3_uyum_5m_n144_k2.5_h12                                 ret   +135.7% sh  +0.90 dd  -27.8% n    802 a   +14.4% b  +0.04 g/t   +45.0 n/t   +32.8 exp 0.05 yrs +2% +130% +5% -13% +9% 2x +62.1% wob +109% | BTC +2% ETH +184% SOL +144% [2.8s]
t2_emir_akisi_a3_uyum_5m_n144_k2.5_h24                                 ret    +92.8% sh  +0.69 dd  -31.9% n    688 a   +11.1% b  +0.04 g/t   +42.5 n/t   +30.5 exp 0.06 yrs -6% +130% -0% -17% +8% 2x +39.8% wob +74% | BTC +7% ETH +116% SOL +59% [3.4s]
t2_emir_akisi_a3_uyum_5m_n144_k3.0_h6                                  ret   +246.7% sh  +1.72 dd  -24.8% n    516 a   +23.5% b  +0.02 g/t   +82.8 n/t   +70.1 exp 0.02 yrs +25% +108% +23% -4% +14% 2x +172.6% wob +219% | BTC +22% ETH +206% SOL +613% [3.0s]
t2_emir_akisi_a3_uyum_5m_n144_k3.0_h12                                 ret   +244.8% sh  +1.48 dd  -25.3% n    432 a   +22.6% b  +0.03 g/t   +96.1 n/t   +84.5 exp 0.02 yrs +38% +115% +5% -6% +17% 2x +181.9% wob +203% | BTC +40% ETH +213% SOL +477% [2.1s]
t2_emir_akisi_a3_uyum_5m_n144_k3.0_h24                                 ret   +198.6% sh  +1.23 dd  -26.2% n    376 a   +19.6% b  +0.04 g/t   +97.4 n/t   +86.7 exp 0.03 yrs +5% +143% +10% -8% +16% 2x +150.6% wob +167% | BTC +11% ETH +90% SOL +642% [2.5s]
t2_emir_akisi_a3_uyum_5m_n144_k3.5_h6                                  ret   +238.2% sh  +1.83 dd  -20.8% n    264 a   +24.5% b  +0.01 g/t  +148.7 n/t  +137.3 exp 0.01 yrs +22% +81% +29% +10% +8% 2x +199.0% wob +207% | BTC +96% ETH +173% SOL +406% [2.7s]
t2_emir_akisi_a3_uyum_5m_n144_k3.5_h12                                 ret   +280.2% sh  +1.66 dd  -20.3% n    227 a   +26.2% b  +0.02 g/t  +187.4 n/t  +176.8 exp 0.01 yrs +33% +93% +22% +10% +10% 2x +242.0% wob +233% | BTC +120% ETH +179% SOL +511% [3.1s]
t2_emir_akisi_a3_uyum_5m_n144_k3.5_h24                                 ret   +273.0% sh  +1.52 dd  -20.6% n    212 a   +26.2% b  +0.02 g/t  +193.4 n/t  +184.4 exp 0.01 yrs +19% +117% +14% +11% +15% 2x +237.9% wob +229% | BTC +85% ETH +179% SOL +558% [3.1s]
