t2_emir_akisi_a2_artik_1h_n6_k2.0_h1                                   ret    -48.4% sh  -0.76 dd  -67.0% n   2804 a   -13.3% b  +0.01 g/t    +7.0 n/t    -6.8 exp 0.12 yrs +5% +15% -32% -9% -32% | BTC -67% ETH -32% SOL -53% [1.7s]
t2_emir_akisi_a2_artik_1h_n6_k3.0_h1                                   ret    +33.5% sh  +0.70 dd  -16.9% n    534 a    +6.7% b  -0.00 g/t   +29.2 n/t   +15.8 exp 0.02 yrs +0% +23% -2% +8% +2% | BTC +12% ETH +21% SOL +58% [0.4s]
t2_emir_akisi_a2_artik_1h_n24_k2.0_h1                                  ret    -22.2% sh  -0.13 dd  -50.1% n   1283 a    -8.1% b  +0.05 g/t    +7.6 n/t    -5.1 exp 0.13 yrs +4% +29% -27% -16% -5% | BTC -11% ETH -37% SOL -39% [0.4s]
t2_emir_akisi_a2_artik_1h_n24_k3.0_h1                                  ret     -4.1% sh  -0.00 dd  -27.6% n    233 a    -3.0% b  +0.03 g/t    +7.9 n/t    -3.3 exp 0.02 yrs +0% +1% -6% -1% +2% | BTC +3% ETH +8% SOL -31% [0.3s]
t2_emir_akisi_a2_artik_1h_n72_k2.0_h1                                  ret     +3.9% sh  +0.15 dd  -47.3% n    694 a    -4.9% b  +0.08 g/t   +12.8 n/t    +2.4 exp 0.15 yrs +2% +37% -13% -10% -5% | BTC +25% ETH +14% SOL -47% [0.4s]
t2_emir_akisi_a2_artik_1h_n72_k3.0_h1                                  ret     +0.6% sh  +0.08 dd  -33.2% n    163 a    -3.6% b  +0.04 g/t    +7.3 n/t    +0.7 exp 0.02 yrs +1% -1% -11% +8% +5% | BTC +10% ETH +22% SOL -36% [1.0s]
t2_emir_akisi_a2_artik_1h_n6_k2.0_h6                                   ret    -18.7% sh  -0.03 dd  -54.2% n   2224 a    -7.1% b  +0.05 g/t   +12.7 n/t    -1.0 exp 0.31 yrs +6% +46% -32% +8% -29% | BTC -27% ETH -22% SOL -45% [0.6s]
t2_emir_akisi_a2_artik_1h_n6_k3.0_h6                                   ret    +60.0% sh  +0.65 dd  -24.9% n    469 a    +8.9% b  +0.02 g/t   +43.5 n/t   +31.7 exp 0.07 yrs -0% +47% +5% +8% -4% | BTC +41% ETH +17% SOL +99% [0.4s]
t2_emir_akisi_a2_artik_1h_n24_k2.0_h6                                  ret     -6.5% sh  +0.08 dd  -55.2% n    777 a    -5.6% b  +0.07 g/t   +11.7 n/t    +0.4 exp 0.21 yrs +1% +45% -32% -12% +7% | BTC +25% ETH -25% SOL -43% [0.4s]
t2_emir_akisi_a2_artik_1h_n24_k3.0_h6                                  ret    -25.6% sh  -0.28 dd  -48.8% n    165 a    -9.7% b  +0.05 g/t   -38.5 n/t   -46.7 exp 0.03 yrs +0% +3% -28% -1% +2% | BTC -9% ETH -22% SOL -51% [0.3s]
t2_emir_akisi_a2_artik_1h_n72_k2.0_h6                                  ret    +24.2% sh  +0.29 dd  -43.5% n    374 a    -2.0% b  +0.08 g/t   +25.9 n/t   +19.5 exp 0.19 yrs +2% +45% -16% -4% +3% | BTC +39% ETH +74% SOL -49% [0.9s]
t2_emir_akisi_a2_artik_1h_n72_k3.0_h6                                  ret    +13.6% sh  +0.23 dd  -35.9% n     87 a    -1.6% b  +0.05 g/t   +29.2 n/t   +33.1 exp 0.03 yrs +1% +4% -10% +10% +9% | BTC +32% ETH +33% SOL -31% [0.4s]
t2_emir_akisi_a2_artik_1h_n6_k2.0_h24                                  ret    +63.2% sh  +0.45 dd  -40.3% n   1633 a    +5.2% b  +0.10 g/t   +27.2 n/t   +14.0 exp 0.61 yrs -5% +103% -2% -1% -13% | BTC +134% ETH +30% SOL -52% [0.5s]
t2_emir_akisi_a2_artik_1h_n6_k3.0_h24                                  ret    +32.1% sh  +0.35 dd  -37.6% n    416 a    +0.9% b  +0.07 g/t   +31.0 n/t   +22.3 exp 0.19 yrs -4% +17% +4% +21% -6% | BTC +28% ETH -17% SOL +46% [0.3s]
t2_emir_akisi_a2_artik_1h_n24_k2.0_h24                                 ret    +21.0% sh  +0.28 dd  -61.0% n    638 a    -3.2% b  +0.11 g/t   +23.5 n/t   +14.6 exp 0.37 yrs +6% +38% -28% +9% +6% | BTC +129% ETH -35% SOL -37% [0.4s]
t2_emir_akisi_a2_artik_1h_n24_k3.0_h24                                 ret    -19.5% sh  -0.07 dd  -47.1% n    145 a    -9.9% b  +0.07 g/t   -47.3 n/t   -47.2 exp 0.08 yrs +2% +0% -17% -11% +7% | BTC -3% ETH -32% SOL -38% [0.4s]
t2_emir_akisi_a2_artik_1h_n72_k2.0_h24                                 ret    +11.3% sh  +0.22 dd  -42.1% n    267 a    -5.6% b  +0.10 g/t   +20.7 n/t   +17.8 exp 0.26 yrs -1% +15% -15% +1% +15% | BTC +16% ETH +56% SOL -55% [0.7s]
t2_emir_akisi_a2_artik_1h_n72_k3.0_h24                                 ret    +18.1% sh  +0.26 dd  -35.0% n     70 a    -1.4% b  +0.06 g/t   +39.7 n/t   +57.7 exp 0.06 yrs -0% -2% -4% +11% +13% | BTC +2% ETH +41% SOL -7% [0.3s]
t2_emir_akisi_a2_artik_15m_n4_k2.0_h4                                  ret    -99.2% sh  -4.17 dd  -99.3% n  12602 a   -97.5% b  +0.03 g/t    +2.7 n/t   -11.3 exp 0.29 yrs -37% -40% -76% -68% -73% | BTC -100% ETH -99% SOL -99% [2.6s]
t2_emir_akisi_a2_artik_15m_n4_k3.0_h4                                  ret     -8.9% sh  -0.06 dd  -34.8% n   2419 a    -2.1% b  +0.01 g/t   +13.7 n/t    -0.3 exp 0.06 yrs +2% +18% -16% -2% -7% | BTC -54% ETH -30% SOL +86% [1.0s]
t2_emir_akisi_a2_artik_15m_n24_k2.0_h4                                 ret    -56.9% sh  -0.76 dd  -72.6% n   4266 a   -18.4% b  +0.03 g/t    +8.2 n/t    -5.6 exp 0.20 yrs +11% +15% -26% -34% -31% | BTC -84% ETH -27% SOL -61% [1.4s]
t2_emir_akisi_a2_artik_15m_n24_k3.0_h4                                 ret   +104.8% sh  +1.24 dd  -13.0% n    912 a   +16.0% b  -0.01 g/t   +38.0 n/t   +24.2 exp 0.04 yrs +19% +26% +13% +19% +2% | BTC +32% ETH +78% SOL +200% [0.8s]
t2_emir_akisi_a2_artik_15m_n96_k2.0_h4                                 ret    -23.5% sh  -0.10 dd  -71.5% n   2004 a   -11.2% b  +0.08 g/t   +10.1 n/t    -3.2 exp 0.20 yrs +10% +106% -41% -17% -31% | BTC -14% ETH -43% SOL -52% [0.9s]
t2_emir_akisi_a2_artik_15m_n96_k3.0_h4                                 ret    -26.7% sh  -0.32 dd  -43.0% n    448 a   -11.4% b  +0.06 g/t    -7.8 n/t   -20.7 exp 0.04 yrs -5% +16% -30% +7% -11% | BTC -3% ETH -10% SOL -65% [1.3s]
t2_emir_akisi_a2_artik_15m_n4_k2.0_h16                                 ret    -97.6% sh  -2.22 dd  -98.1% n  10354 a   -76.0% b  +0.06 g/t    +3.6 n/t   -10.3 exp 0.61 yrs -4% -59% -55% -52% -72% | BTC -99% ETH -97% SOL -98% [1.5s]
t2_emir_akisi_a2_artik_15m_n4_k3.0_h16                                 ret    -29.8% sh  -0.35 dd  -41.8% n   2238 a    -5.7% b  +0.00 g/t    +9.8 n/t    -4.0 exp 0.17 yrs -10% -17% -5% +3% -3% | BTC -60% ETH -57% SOL +29% [1.3s]
t2_emir_akisi_a2_artik_15m_n24_k2.0_h16                                ret     -3.4% sh  +0.11 dd  -55.0% n   3437 a    -0.6% b  +0.03 g/t   +14.6 n/t    +1.2 exp 0.37 yrs +2% +64% -25% -14% -11% | BTC -74% ETH -19% SOL +86% [1.1s]
t2_emir_akisi_a2_artik_15m_n24_k3.0_h16                                ret   +167.5% sh  +1.27 dd  -17.6% n    817 a   +21.5% b  -0.00 g/t   +50.6 n/t   +37.9 exp 0.09 yrs +24% +60% +6% +16% +10% | BTC +95% ETH +157% SOL +183% [0.8s]
t2_emir_akisi_a2_artik_15m_n96_k2.0_h16                                ret    +15.8% sh  +0.25 dd  -71.7% n   1368 a    -3.6% b  +0.09 g/t   +19.0 n/t    +6.4 exp 0.28 yrs +14% +154% -46% -6% -21% | BTC +143% ETH -60% SOL -24% [1.2s]
t2_emir_akisi_a2_artik_15m_n96_k3.0_h16                                ret    -21.1% sh  -0.17 dd  -48.1% n    333 a    -9.8% b  +0.06 g/t    -5.4 n/t   -17.3 exp 0.06 yrs -8% +26% -32% +10% -10% | BTC -9% ETH -23% SOL -50% [0.8s]
t2_emir_akisi_a2_artik_15m_n4_k2.0_h96                                 ret    -98.0% sh  -1.28 dd  -99.0% n   7230 a   -81.1% b  +0.14 g/t    -0.8 n/t   -14.2 exp 0.95 yrs +25% -71% -22% -46% -87% | BTC -98% ETH -99% SOL -100% [1.6s]
t2_emir_akisi_a2_artik_15m_n4_k3.0_h96                                 ret    -54.9% sh  -0.39 dd  -64.6% n   1816 a   -11.7% b  +0.00 g/t    +3.0 n/t    -9.4 exp 0.58 yrs -22% -39% +65% +7% -46% | BTC -70% ETH -87% SOL -39% [1.2s]
t2_emir_akisi_a2_artik_15m_n24_k2.0_h96                                ret   +241.5% sh  +0.75 dd  -50.2% n   2430 a   +19.9% b  +0.13 g/t   +31.5 n/t   +19.6 exp 0.80 yrs +44% +127% +68% -19% -23% | BTC -29% ETH +31% SOL +462% [0.8s]
t2_emir_akisi_a2_artik_15m_n24_k3.0_h96                                ret   +149.9% sh  +0.76 dd  -37.4% n    707 a   +12.9% b  +0.09 g/t   +51.4 n/t   +41.0 exp 0.32 yrs +5% +85% +4% +14% +8% | BTC +159% ETH +5% SOL +156% [0.8s]
t2_emir_akisi_a2_artik_15m_n96_k2.0_h96                                ret    +21.8% sh  +0.30 dd  -66.4% n   1009 a    -5.6% b  +0.15 g/t   +23.1 n/t   +12.7 exp 0.55 yrs +34% +50% -37% +1% -4% | BTC +43% ETH -58% SOL -19% [1.1s]
t2_emir_akisi_a2_artik_15m_n96_k3.0_h96                                ret     -2.6% sh  +0.11 dd  -54.2% n    274 a    -8.9% b  +0.10 g/t    +0.7 n/t    -5.3 exp 0.16 yrs +19% +9% -21% +5% -9% | BTC +48% ETH +2% SOL -64% [0.7s]
t2_emir_akisi_a2_artik_5m_n12_k2.0_h12                                 ret   -100.0% sh  -6.01 dd -100.0% n  17752 a  -151.8% b  +0.00 g/t    +1.1 n/t   -12.9 exp 0.40 yrs -62% -78% -87% -81% -80% | BTC -100% ETH -100% SOL -100% [5.8s]
t2_emir_akisi_a2_artik_5m_n12_k3.0_h12                                 ret    -58.8% sh  -1.26 dd  -64.6% n   3605 a   -15.8% b  -0.01 g/t    +7.0 n/t    -7.1 exp 0.09 yrs -14% -1% -22% -23% -19% | BTC -81% ETH -68% SOL -14% [3.0s]
t2_emir_akisi_a2_artik_5m_n72_k2.0_h12                                 ret    -71.0% sh  -1.00 dd  -77.3% n   5781 a   -21.7% b  -0.01 g/t    +7.9 n/t    -6.0 exp 0.26 yrs -11% +3% -34% -32% -29% | BTC -90% ETH -68% SOL -63% [2.8s]
t2_emir_akisi_a2_artik_5m_n72_k3.0_h12                                 ret    +67.3% sh  +0.83 dd  -14.8% n   1338 a   +13.6% b  -0.02 g/t   +26.1 n/t   +12.2 exp 0.05 yrs +11% +28% +5% +7% +5% | BTC -2% ETH +105% SOL +90% [2.3s]
t2_emir_akisi_a2_artik_5m_n288_k2.0_h12                                ret    -40.9% sh  -0.27 dd  -70.1% n   3303 a    -8.7% b  +0.01 g/t   +10.1 n/t    -3.7 exp 0.28 yrs -13% +100% -41% -21% -27% | BTC -55% ETH -47% SOL -58% [2.3s]
t2_emir_akisi_a2_artik_5m_n288_k3.0_h12                                ret    +28.4% sh  +0.53 dd  -18.9% n    835 a    +6.3% b  -0.01 g/t   +22.5 n/t    +8.7 exp 0.05 yrs +3% +32% -2% +9% -12% | BTC +18% ETH -15% SOL +71% [2.1s]
t2_emir_akisi_a2_artik_5m_n12_k2.0_h48                                 ret    -99.7% sh  -2.96 dd  -99.7% n  14134 a  -107.6% b  +0.00 g/t    +2.4 n/t   -11.6 exp 0.75 yrs -23% -80% -64% -64% -83% | BTC -100% ETH -100% SOL -99% [3.4s]
t2_emir_akisi_a2_artik_5m_n12_k3.0_h48                                 ret    -30.5% sh  -0.26 dd  -42.3% n   3310 a    -3.3% b  -0.02 g/t   +11.5 n/t    -2.5 exp 0.24 yrs +5% -26% +25% -13% -18% | BTC -72% ETH -51% SOL +29% [2.6s]
t2_emir_akisi_a2_artik_5m_n72_k2.0_h48                                 ret    -45.8% sh  -0.23 dd  -70.7% n   4670 a    -7.3% b  -0.00 g/t   +10.9 n/t    -2.8 exp 0.47 yrs -13% +40% -36% -19% -15% | BTC -80% ETH -81% SOL +45% [2.4s]
t2_emir_akisi_a2_artik_5m_n72_k3.0_h48                                 ret    +97.2% sh  +0.76 dd  -22.1% n   1189 a   +19.4% b  -0.03 g/t   +32.9 n/t   +19.3 exp 0.12 yrs +18% +46% -4% +15% +3% | BTC +61% ETH +245% SOL +0% [1.8s]
t2_emir_akisi_a2_artik_5m_n288_k2.0_h48                                ret    +69.7% sh  +0.45 dd  -61.4% n   2259 a   +13.7% b  +0.03 g/t   +24.7 n/t   +11.1 exp 0.39 yrs +4% +263% -47% +0% -16% | BTC +86% ETH -12% SOL +11% [1.9s]
t2_emir_akisi_a2_artik_5m_n288_k3.0_h48                                ret    +32.9% sh  +0.50 dd  -18.6% n    625 a    +6.7% b  -0.00 g/t   +26.8 n/t   +13.6 exp 0.09 yrs -6% +48% -3% +11% -11% | BTC +20% ETH -8% SOL +60% [2.0s]
t2_emir_akisi_a2_artik_5m_n12_k2.0_h288                                ret    -99.5% sh  -1.71 dd  -99.6% n  10133 a   -96.5% b  +0.06 g/t    -0.2 n/t   -13.9 exp 0.99 yrs -13% -78% -24% -70% -87% | BTC -100% ETH -100% SOL -100% [3.0s]
t2_emir_akisi_a2_artik_5m_n12_k3.0_h288                                ret    -70.5% sh  -0.46 dd  -74.1% n   2580 a   -20.4% b  +0.03 g/t    +2.2 n/t   -10.8 exp 0.72 yrs -13% -38% +63% -21% -57% | BTC -71% ETH -94% SOL -77% [2.7s]
t2_emir_akisi_a2_artik_5m_n72_k2.0_h288                                ret     +7.9% sh  +0.28 dd  -75.1% n   3272 a    +0.2% b  +0.12 g/t   +17.0 n/t    +4.3 exp 0.91 yrs +2% +69% +42% -42% -24% | BTC -60% ETH -88% SOL +86% [2.7s]
t2_emir_akisi_a2_artik_5m_n72_k3.0_h288                                ret    +49.7% sh  +0.40 dd  -51.3% n   1053 a    +9.9% b  +0.03 g/t   +28.4 n/t   +16.1 exp 0.44 yrs +11% +80% -36% +12% +5% | BTC +16% ETH +135% SOL -59% [2.7s]
t2_emir_akisi_a2_artik_5m_n288_k2.0_h288                               ret    +65.2% sh  +0.44 dd  -51.6% n   1602 a    +2.7% b  +0.15 g/t   +27.7 n/t   +15.4 exp 0.75 yrs +17% +95% -28% -9% +11% | BTC +220% ETH -50% SOL -58% [1.9s]
t2_emir_akisi_a2_artik_5m_n288_k3.0_h288                               ret    +19.1% sh  +0.27 dd  -48.5% n    532 a    -2.4% b  +0.08 g/t   +24.4 n/t   +13.1 exp 0.28 yrs -3% +99% -38% -7% +7% | BTC +55% ETH -30% SOL -29% [2.1s]
