t2_emir_akisi_a3_artik_15m_n12_k2.5_h4                                 ret    -19.6% sh  -0.19 dd  -41.0% n   3144 a    -2.9% b  -0.00 g/t   +12.0 n/t    -1.9 exp 0.10 yrs +8% -1% +1% -3% -23% 2x -81.5% wob -24% | BTC -41% ETH -50% SOL +26% [2.9s]
t2_emir_akisi_a3_artik_15m_n12_k2.5_h8                                 ret     -9.7% sh  -0.02 dd  -38.6% n   2969 a    -1.7% b  +0.01 g/t   +13.1 n/t    -0.7 exp 0.16 yrs +1% -6% -1% +3% -7% 2x -77.4% wob -17% | BTC -52% ETH -22% SOL +28% [1.6s]
t2_emir_akisi_a3_artik_15m_n12_k2.5_h16                                ret    +23.7% sh  +0.30 dd  -39.3% n   2857 a    +5.7% b  +0.01 g/t   +16.5 n/t    +2.8 exp 0.25 yrs +11% +15% +1% -0% -4% 2x -67.4% wob +13% | BTC -46% ETH +28% SOL +53% [1.6s]
t2_emir_akisi_a3_artik_15m_n12_k2.5_h32                                ret    -33.8% sh  -0.16 dd  -52.1% n   2659 a    -8.5% b  +0.03 g/t    +9.8 n/t    -3.6 exp 0.39 yrs -18% +19% -17% +1% -20% 2x -80.9% wob -39% | BTC -82% ETH -73% SOL +153% [1.4s]
t2_emir_akisi_a3_artik_15m_n12_k3.0_h4                                 ret    +85.0% sh  +1.04 dd  -17.1% n   1424 a   +14.4% b  -0.01 g/t   +27.2 n/t   +13.3 exp 0.05 yrs +8% +22% +20% +11% +5% 2x -4.8% wob +68% | BTC +36% ETH +9% SOL +248% [1.3s]
t2_emir_akisi_a3_artik_15m_n12_k3.0_h8                                 ret   +125.5% sh  +1.12 dd  -20.4% n   1374 a   +18.8% b  -0.01 g/t   +32.6 n/t   +18.9 exp 0.07 yrs +4% +41% +20% +17% +10% 2x +18.7% wob +100% | BTC +30% ETH +71% SOL +292% [1.4s]
t2_emir_akisi_a3_artik_15m_n12_k3.0_h16                                ret   +147.0% sh  +1.00 dd  -20.2% n   1339 a   +21.9% b  -0.02 g/t   +35.5 n/t   +21.8 exp 0.12 yrs +3% +51% +13% +25% +13% 2x +32.2% wob +111% | BTC +8% ETH +120% SOL +343% [1.4s]
t2_emir_akisi_a3_artik_15m_n12_k3.0_h32                                ret   +107.6% sh  +0.75 dd  -29.3% n   1277 a   +16.7% b  +0.00 g/t   +32.5 n/t   +19.2 exp 0.20 yrs -17% +82% -2% +21% +16% 2x +14.4% wob +77% | BTC -18% ETH -12% SOL +639% [1.4s]
t2_emir_akisi_a3_artik_15m_n12_k3.5_h4                                 ret   +114.9% sh  +1.39 dd  -12.7% n    644 a   +17.7% b  -0.02 g/t   +50.7 n/t   +36.8 exp 0.02 yrs +12% +33% +18% +15% +7% 2x +59.1% wob +95% | BTC +29% ETH +100% SOL +231% [1.1s]
t2_emir_akisi_a3_artik_15m_n12_k3.5_h8                                 ret   +173.8% sh  +1.48 dd  -12.3% n    625 a   +23.5% b  -0.02 g/t   +63.7 n/t   +50.3 exp 0.03 yrs +12% +50% +23% +16% +15% 2x +104.6% wob +142% | BTC +68% ETH +102% SOL +403% [1.3s]
t2_emir_akisi_a3_artik_15m_n12_k3.5_h16                                ret   +174.1% sh  +1.22 dd  -15.3% n    612 a   +24.0% b  -0.02 g/t   +65.6 n/t   +52.4 exp 0.05 yrs +7% +58% +18% +23% +12% 2x +106.0% wob +134% | BTC +35% ETH +134% SOL +409% [1.2s]
t2_emir_akisi_a3_artik_15m_n12_k3.5_h32                                ret    +95.9% sh  +0.78 dd  -26.0% n    582 a   +14.1% b  +0.01 g/t   +49.7 n/t   +37.4 exp 0.10 yrs -3% +70% -1% +12% +8% 2x +49.3% wob +67% | BTC +54% ETH +3% SOL +231% [0.9s]
t2_emir_akisi_a3_artik_15m_n24_k2.5_h4                                 ret    +17.9% sh  +0.29 dd  -36.5% n   2038 a    +3.2% b  +0.01 g/t   +16.4 n/t    +2.7 exp 0.09 yrs +20% +33% -9% -7% -13% 2x -54.4% wob +5% | BTC -18% ETH +72% SOL -17% [1.3s]
t2_emir_akisi_a3_artik_15m_n24_k2.5_h8                                 ret    +27.3% sh  +0.38 dd  -34.5% n   1839 a    +5.3% b  +0.01 g/t   +17.7 n/t    +4.2 exp 0.13 yrs +3% +55% -1% -9% -12% 2x -46.0% wob +17% | BTC -32% ETH +106% SOL -2% [1.2s]
t2_emir_akisi_a3_artik_15m_n24_k2.5_h16                                ret    +51.2% sh  +0.49 dd  -32.5% n   1741 a    +7.8% b  +0.02 g/t   +21.5 n/t    +8.2 exp 0.19 yrs +0% +88% -10% -2% -9% 2x -32.9% wob +34% | BTC +16% ETH +109% SOL -15% [1.7s]
t2_emir_akisi_a3_artik_15m_n24_k2.5_h32                                ret    +25.3% sh  +0.31 dd  -41.9% n   1663 a    -1.3% b  +0.08 g/t   +19.0 n/t    +5.9 exp 0.29 yrs -14% +70% -15% -1% +2% 2x -42.3% wob +17% | BTC +5% ETH +10% SOL -16% [1.2s]
t2_emir_akisi_a3_artik_15m_n24_k3.0_h4                                 ret   +104.8% sh  +1.24 dd  -13.0% n    912 a   +16.0% b  -0.01 g/t   +38.0 n/t   +24.2 exp 0.04 yrs +19% +26% +13% +19% +2% 2x +33.8% wob +82% | BTC +32% ETH +78% SOL +200% [1.4s]
t2_emir_akisi_a3_artik_15m_n24_k3.0_h8                                 ret    +94.6% sh  +1.07 dd  -16.0% n    852 a   +14.5% b  -0.00 g/t   +37.5 n/t   +24.3 exp 0.06 yrs +17% +40% +2% +14% +2% 2x +30.8% wob +72% | BTC +34% ETH +80% SOL +142% [1.0s]
t2_emir_akisi_a3_artik_15m_n24_k3.0_h16                                ret   +167.5% sh  +1.27 dd  -17.6% n    817 a   +21.5% b  -0.00 g/t   +50.6 n/t   +37.9 exp 0.09 yrs +24% +60% +6% +16% +10% 2x +82.7% wob +130% | BTC +95% ETH +157% SOL +183% [1.0s]
t2_emir_akisi_a3_artik_15m_n24_k3.0_h32                                ret    +46.9% sh  +0.47 dd  -41.6% n    794 a    +3.4% b  +0.06 g/t   +29.5 n/t   +17.1 exp 0.14 yrs -2% +55% -19% +12% +6% 2x +1.4% wob +31% | BTC +42% ETH +6% SOL +33% [1.1s]
t2_emir_akisi_a3_artik_15m_n24_k3.5_h4                                 ret    +91.0% sh  +1.27 dd  -11.0% n    431 a   +13.2% b  +0.00 g/t   +59.6 n/t   +46.1 exp 0.02 yrs +17% +15% +15% +16% +7% 2x +56.2% wob +72% | BTC +57% ETH +69% SOL +133% [1.2s]
t2_emir_akisi_a3_artik_15m_n24_k3.5_h8                                 ret    +83.0% sh  +1.15 dd  -12.2% n    405 a   +12.0% b  +0.01 g/t   +58.6 n/t   +45.8 exp 0.03 yrs +18% +18% +7% +13% +8% 2x +51.5% wob +62% | BTC +98% ETH +68% SOL +56% [1.2s]
t2_emir_akisi_a3_artik_15m_n24_k3.5_h16                                ret    +96.3% sh  +1.19 dd  -13.4% n    388 a   +13.9% b  +0.00 g/t   +65.8 n/t   +53.5 exp 0.04 yrs +18% +21% +12% +16% +6% 2x +63.8% wob +74% | BTC +127% ETH +66% SOL +65% [1.4s]
t2_emir_akisi_a3_artik_15m_n24_k3.5_h32                                ret    +39.2% sh  +0.48 dd  -28.9% n    376 a    +4.5% b  +0.03 g/t   +40.6 n/t   +29.2 exp 0.07 yrs +10% +18% -12% +13% +8% 2x +16.8% wob +20% | BTC +167% ETH +19% SOL -36% [1.1s]
t2_emir_akisi_a3_artik_15m_n48_k2.5_h4                                 ret    -11.0% sh  -0.02 dd  -45.4% n   1420 a    -5.0% b  +0.04 g/t   +12.4 n/t    -1.0 exp 0.09 yrs +11% +31% -26% +0% -18% 2x -54.1% wob -24% | BTC -20% ETH -5% SOL -35% [1.8s]
t2_emir_akisi_a3_artik_15m_n48_k2.5_h8                                 ret    -24.0% sh  -0.11 dd  -44.3% n   1206 a    -8.6% b  +0.05 g/t   +10.5 n/t    -2.8 exp 0.11 yrs -2% +23% -25% -4% -12% 2x -56.7% wob -33% | BTC -53% ETH -29% SOL -12% [1.4s]
t2_emir_akisi_a3_artik_15m_n48_k2.5_h16                                ret    -25.0% sh  -0.10 dd  -50.2% n   1073 a    -8.0% b  +0.05 g/t    +8.7 n/t    -4.3 exp 0.15 yrs -4% +33% -28% -6% -14% 2x -54.5% wob -36% | BTC -35% ETH -33% SOL -40% [1.4s]
t2_emir_akisi_a3_artik_15m_n48_k2.5_h32                                ret    -17.3% sh  -0.00 dd  -49.8% n   1000 a    -7.9% b  +0.07 g/t   +10.1 n/t    -2.5 exp 0.22 yrs +5% +25% -26% -3% -12% 2x -48.1% wob -25% | BTC -14% ETH -7% SOL -61% [1.2s]
t2_emir_akisi_a3_artik_15m_n48_k3.0_h4                                 ret    +11.0% sh  +0.24 dd  -21.4% n    609 a    +0.4% b  +0.02 g/t   +18.9 n/t    +5.5 exp 0.03 yrs +14% +12% -10% +7% -10% 2x -16.5% wob -0% | BTC +12% ETH +3% SOL -5% [1.1s]
t2_emir_akisi_a3_artik_15m_n48_k3.0_h8                                 ret    +19.2% sh  +0.31 dd  -17.9% n    540 a    +2.0% b  +0.02 g/t   +24.2 n/t   +11.2 exp 0.05 yrs +17% +8% -7% +10% -7% 2x -7.4% wob +5% | BTC +51% ETH +2% SOL -14% [1.4s]
t2_emir_akisi_a3_artik_15m_n48_k3.0_h16                                ret     +1.5% sh  +0.11 dd  -27.6% n    501 a    -2.0% b  +0.03 g/t   +18.4 n/t    +5.6 exp 0.07 yrs +13% +1% -17% +16% -8% 2x -19.7% wob -10% | BTC +62% ETH -24% SOL -37% [1.1s]
t2_emir_akisi_a3_artik_15m_n48_k3.0_h32                                ret     -9.2% sh  +0.03 dd  -32.6% n    475 a    -6.4% b  +0.06 g/t   +12.8 n/t    +0.6 exp 0.10 yrs +2% -3% -15% +23% -13% 2x -27.2% wob -22% | BTC +13% ETH -24% SOL -41% [1.4s]
t2_emir_akisi_a3_artik_15m_n48_k3.5_h4                                 ret    +22.8% sh  +0.54 dd  -16.9% n    277 a    +3.4% b  +0.01 g/t   +35.2 n/t   +21.9 exp 0.01 yrs +10% +8% -2% +9% -2% 2x +7.9% wob +11% | BTC +53% ETH -3% SOL +8% [1.2s]
t2_emir_akisi_a3_artik_15m_n48_k3.5_h8                                 ret    +12.8% sh  +0.28 dd  -25.0% n    254 a    +1.0% b  +0.02 g/t   +27.4 n/t   +14.6 exp 0.02 yrs +10% +10% -14% +8% -0% 2x +0.2% wob +2% | BTC +72% ETH -18% SOL -13% [1.5s]
t2_emir_akisi_a3_artik_15m_n48_k3.5_h16                                ret     +3.3% sh  +0.12 dd  -31.0% n    226 a    -0.9% b  +0.02 g/t   +19.6 n/t    +8.1 exp 0.03 yrs +11% +11% -22% +9% -1% 2x -7.0% wob -7% | BTC +98% ETH -33% SOL -33% [1.1s]
t2_emir_akisi_a3_artik_15m_n48_k3.5_h32                                ret    -18.2% sh  -0.15 dd  -41.5% n    215 a    -8.2% b  +0.05 g/t    -8.5 n/t   -19.0 exp 0.05 yrs +3% +1% -30% +14% -1% 2x -26.1% wob -29% | BTC +12% ETH -40% SOL -36% [1.5s]
