t2_emir_akisi_a1_cvdar_1h_n6_k0.5_h1                                   ret    -99.8% sh  -4.44 dd  -99.8% n  12648 a  -109.0% b  -0.09 g/t    -0.6 n/t   -14.3 exp 0.43 yrs -65% -87% -47% -72% -71% [1.6s]
t2_emir_akisi_a1_cvdar_1h_n6_k0.8_h1                                   ret    -91.1% sh  -2.56 dd  -91.3% n   5855 a   -41.4% b  -0.05 g/t    +1.5 n/t   -12.3 exp 0.18 yrs -37% -54% -33% -30% -35% [0.7s]
t2_emir_akisi_a1_cvdar_1h_n24_k0.5_h1                                  ret    -97.2% sh  -2.27 dd  -97.4% n   4676 a   -53.8% b  -0.12 g/t    -9.8 n/t   -22.1 exp 0.40 yrs -10% -85% -31% -34% -54% [1.0s]
t2_emir_akisi_a1_cvdar_1h_n24_k0.8_h1                                  ret    -78.3% sh  -1.70 dd  -79.8% n   2273 a   -24.5% b  -0.04 g/t    -7.1 n/t   -19.9 exp 0.13 yrs -8% -65% -5% -2% -28% [0.5s]
t2_emir_akisi_a1_cvdar_1h_n72_k0.5_h1                                  ret    -89.8% sh  -1.24 dd  -91.5% n   2399 a   -25.7% b  -0.13 g/t   -17.8 n/t   -26.2 exp 0.44 yrs -4% -81% +16% -21% -38% [0.5s]
t2_emir_akisi_a1_cvdar_1h_n72_k0.8_h1                                  ret    -36.7% sh  -0.34 dd  -53.4% n   1473 a    -2.5% b  -0.04 g/t    +1.3 n/t    -9.0 exp 0.16 yrs +16% -40% +11% -6% -13% [0.4s]
t2_emir_akisi_a1_cvdar_1h_n6_k0.5_h6                                   ret    -96.4% sh  -1.19 dd  -97.2% n   7716 a   -31.2% b  -0.21 g/t    +1.0 n/t   -11.3 exp 0.87 yrs -1% -84% +10% -47% -62% [1.2s]
t2_emir_akisi_a1_cvdar_1h_n6_k0.8_h6                                   ret    -72.3% sh  -0.54 dd  -81.0% n   4209 a    -4.4% b  -0.13 g/t    +4.5 n/t    -7.5 exp 0.55 yrs +22% -67% -16% -3% -15% [0.7s]
t2_emir_akisi_a1_cvdar_1h_n24_k0.5_h6                                  ret    -94.4% sh  -1.34 dd  -95.6% n   2694 a   -30.6% b  -0.17 g/t   -19.8 n/t   -28.9 exp 0.61 yrs +0% -80% +3% -38% -57% [0.7s]
t2_emir_akisi_a1_cvdar_1h_n24_k0.8_h6                                  ret    -79.2% sh  -1.23 dd  -81.3% n   1308 a   -17.9% b  -0.09 g/t   -25.8 n/t   -34.6 exp 0.28 yrs -15% -72% +16% -13% -13% [0.9s]
t2_emir_akisi_a1_cvdar_1h_n72_k0.5_h6                                  ret    -84.1% sh  -0.80 dd  -89.3% n   1249 a   -10.4% b  -0.17 g/t   -33.2 n/t   -35.4 exp 0.54 yrs +9% -81% +60% -24% -38% [0.5s]
t2_emir_akisi_a1_cvdar_1h_n72_k0.8_h6                                  ret    -67.1% sh  -0.79 dd  -69.7% n    708 a   -10.9% b  -0.07 g/t   -43.8 n/t   -45.9 exp 0.24 yrs -5% -58% +14% -8% -22% [0.4s]
t2_emir_akisi_a1_cvdar_1h_n6_k0.5_h24                                  ret    -92.2% sh  -0.59 dd  -96.2% n   4078 a    +3.6% b  -0.33 g/t    +0.5 n/t    -9.5 exp 1.00 yrs +33% -92% +156% -31% -56% [0.7s]
t2_emir_akisi_a1_cvdar_1h_n6_k0.8_h24                                  ret    -88.5% sh  -0.58 dd  -94.4% n   2253 a    +2.7% b  -0.29 g/t   -12.2 n/t   -19.2 exp 0.92 yrs +33% -86% -22% +3% -23% [0.6s]
t2_emir_akisi_a1_cvdar_1h_n24_k0.5_h24                                 ret    -76.4% sh  -0.31 dd  -90.7% n   1595 a   +17.4% b  -0.29 g/t    -7.7 n/t   -10.5 exp 0.88 yrs +90% -79% +57% -39% -39% [1.1s]
t2_emir_akisi_a1_cvdar_1h_n24_k0.8_h24                                 ret    -65.7% sh  -0.41 dd  -84.1% n    893 a    +4.7% b  -0.17 g/t   -26.6 n/t   -26.2 exp 0.54 yrs +53% -75% +54% -13% -34% [0.4s]
t2_emir_akisi_a1_cvdar_1h_n72_k0.5_h24                                 ret    -79.5% sh  -0.50 dd  -88.3% n    774 a    +3.8% b  -0.22 g/t   -41.8 n/t   -34.1 exp 0.70 yrs +34% -78% +61% -28% -41% [0.7s]
t2_emir_akisi_a1_cvdar_1h_n72_k0.8_h24                                 ret    -70.0% sh  -0.62 dd  -81.0% n    441 a    -5.3% b  -0.12 g/t   -84.2 n/t   -70.2 exp 0.38 yrs +30% -68% +15% -11% -30% [0.4s]
t2_emir_akisi_a1_cvdar_15m_n4_k0.5_h4                                  ret   -100.0% sh -11.65 dd -100.0% n  49717 a  -460.8% b  -0.07 g/t    -0.4 n/t   -14.3 exp 0.84 yrs -98% -100% -98% -99% -100% [5.1s]
t2_emir_akisi_a1_cvdar_15m_n4_k0.8_h4                                  ret   -100.0% sh  -8.47 dd -100.0% n  27079 a  -245.9% b  -0.04 g/t    -0.0 n/t   -13.9 exp 0.54 yrs -93% -98% -79% -91% -90% [2.9s]
t2_emir_akisi_a1_cvdar_15m_n24_k0.5_h4                                 ret    -99.8% sh  -3.90 dd  -99.8% n  12469 a  -111.0% b  -0.11 g/t    -1.5 n/t   -14.9 exp 0.51 yrs -61% -91% -45% -64% -77% [2.3s]
t2_emir_akisi_a1_cvdar_15m_n24_k0.8_h4                                 ret    -91.9% sh  -2.66 dd  -92.0% n   4470 a   -41.8% b  -0.06 g/t    -2.9 n/t   -16.4 exp 0.16 yrs -38% -71% -18% -28% -23% [1.3s]
t2_emir_akisi_a1_cvdar_15m_n96_k0.5_h4                                 ret    -97.0% sh  -2.03 dd  -97.1% n   4630 a   -50.1% b  -0.13 g/t    -9.3 n/t   -21.1 exp 0.43 yrs -19% -87% -16% -22% -56% [1.2s]
t2_emir_akisi_a1_cvdar_15m_n96_k0.8_h4                                 ret    -85.3% sh  -2.07 dd  -86.6% n   2028 a   -31.2% b  -0.05 g/t   -15.4 n/t   -27.6 exp 0.13 yrs -7% -75% -11% -6% -24% [1.1s]
t2_emir_akisi_a1_cvdar_15m_n4_k0.5_h16                                 ret   -100.0% sh  -6.21 dd -100.0% n  31278 a  -314.4% b  -0.09 g/t    -2.1 n/t   -15.8 exp 1.00 yrs -90% -99% -92% -97% -98% [3.1s]
t2_emir_akisi_a1_cvdar_15m_n4_k0.8_h16                                 ret   -100.0% sh  -3.86 dd -100.0% n  18217 a  -161.6% b  -0.09 g/t    -0.8 n/t   -14.2 exp 0.93 yrs -73% -98% -56% -77% -81% [2.1s]
t2_emir_akisi_a1_cvdar_15m_n24_k0.5_h16                                ret    -95.7% sh  -1.13 dd  -97.0% n   8602 a   -29.2% b  -0.20 g/t    +3.2 n/t    -9.4 exp 0.79 yrs +7% -81% -11% -38% -62% [1.7s]
t2_emir_akisi_a1_cvdar_15m_n24_k0.8_h16                                ret    -82.1% sh  -1.05 dd  -84.7% n   3401 a   -16.6% b  -0.12 g/t    -0.9 n/t   -13.2 exp 0.36 yrs -5% -74% -5% -8% -17% [0.9s]
t2_emir_akisi_a1_cvdar_15m_n96_k0.5_h16                                ret    -89.9% sh  -1.02 dd  -91.6% n   3008 a   -18.8% b  -0.17 g/t   -10.2 n/t   -19.7 exp 0.56 yrs +5% -79% +9% -21% -47% [1.0s]
t2_emir_akisi_a1_cvdar_15m_n96_k0.8_h16                                ret    -74.5% sh  -1.15 dd  -77.5% n   1307 a   -16.6% b  -0.07 g/t   -20.9 n/t   -30.5 exp 0.21 yrs -1% -66% -2% -9% -13% [0.9s]
t2_emir_akisi_a1_cvdar_15m_n4_k0.5_h96                                 ret   -100.0% sh  -5.60 dd -100.0% n  28502 a  -288.6% b  -0.09 g/t    -2.3 n/t   -16.0 exp 1.00 yrs -88% -99% -91% -96% -97% [3.1s]
t2_emir_akisi_a1_cvdar_15m_n4_k0.8_h96                                 ret    -99.9% sh  -2.25 dd  -99.9% n  12643 a  -107.1% b  -0.11 g/t    -1.6 n/t   -14.6 exp 1.00 yrs -55% -96% -11% -72% -71% [2.2s]
t2_emir_akisi_a1_cvdar_15m_n24_k0.5_h96                                ret    -98.4% sh  -1.15 dd  -99.1% n   3807 a   -28.7% b  -0.32 g/t   -12.4 n/t   -22.3 exp 1.00 yrs -8% -89% -11% -42% -69% [1.1s]
t2_emir_akisi_a1_cvdar_15m_n24_k0.8_h96                                ret    -88.3% sh  -0.73 dd  -91.7% n   1689 a    -6.3% b  -0.23 g/t   -23.2 n/t   -28.1 exp 0.83 yrs -1% -84% +39% -26% -28% [1.0s]
t2_emir_akisi_a1_cvdar_15m_n96_k0.5_h96                                ret    -82.5% sh  -0.41 dd  -91.8% n   1528 a   +12.5% b  -0.29 g/t   -12.9 n/t   -14.9 exp 0.88 yrs +61% -80% +36% -28% -44% [1.3s]
t2_emir_akisi_a1_cvdar_15m_n96_k0.8_h96                                ret    -73.2% sh  -0.56 dd  -82.7% n    780 a    -1.4% b  -0.16 g/t   -43.3 n/t   -40.9 exp 0.49 yrs +27% -71% +9% -15% -20% [0.9s]
t2_emir_akisi_a1_cvdar_5m_n12_k0.5_h12                                 ret   -100.0% sh -11.81 dd -100.0% n  49125 a  -479.9% b  -0.07 g/t    -1.2 n/t   -15.0 exp 0.87 yrs -99% -100% -98% -99% -100% [6.8s]
t2_emir_akisi_a1_cvdar_5m_n12_k0.8_h12                                 ret   -100.0% sh  -7.52 dd -100.0% n  18756 a  -196.2% b  -0.03 g/t    -2.2 n/t   -16.1 exp 0.42 yrs -87% -97% -72% -76% -83% [4.4s]
t2_emir_akisi_a1_cvdar_5m_n72_k0.5_h12                                 ret    -99.9% sh  -3.82 dd  -99.9% n  12308 a  -112.3% b  -0.12 g/t    -2.0 n/t   -15.3 exp 0.52 yrs -62% -94% -33% -60% -77% [2.6s]
t2_emir_akisi_a1_cvdar_5m_n72_k0.8_h12                                 ret    -90.5% sh  -2.44 dd  -90.6% n   4034 a   -37.3% b  -0.07 g/t    -3.6 n/t   -17.0 exp 0.15 yrs -32% -75% -10% -22% -22% [2.4s]
t2_emir_akisi_a1_cvdar_5m_n288_k0.5_h12                                ret    -97.8% sh  -2.20 dd  -97.9% n   4628 a   -54.9% b  -0.14 g/t   -11.5 n/t   -23.2 exp 0.43 yrs -23% -89% -17% -23% -60% [2.8s]
t2_emir_akisi_a1_cvdar_5m_n288_k0.8_h12                                ret    -87.9% sh  -2.34 dd  -88.7% n   1918 a   -34.1% b  -0.06 g/t   -20.5 n/t   -32.4 exp 0.13 yrs -14% -80% -4% -9% -22% [2.0s]
t2_emir_akisi_a1_cvdar_5m_n12_k0.5_h48                                 ret   -100.0% sh  -6.23 dd -100.0% n  30192 a  -316.0% b  -0.09 g/t    -2.9 n/t   -16.5 exp 1.00 yrs -93% -99% -90% -98% -97% [4.4s]
t2_emir_akisi_a1_cvdar_5m_n12_k0.8_h48                                 ret   -100.0% sh  -3.66 dd -100.0% n  12977 a  -138.8% b  -0.07 g/t    -3.8 n/t   -17.1 exp 0.83 yrs -68% -97% -62% -61% -72% [2.8s]
t2_emir_akisi_a1_cvdar_5m_n72_k0.5_h48                                 ret    -96.4% sh  -1.21 dd  -97.3% n   8359 a   -32.7% b  -0.20 g/t    +2.2 n/t   -10.3 exp 0.80 yrs -6% -82% +9% -38% -67% [2.5s]
t2_emir_akisi_a1_cvdar_5m_n72_k0.8_h48                                 ret    -78.1% sh  -1.01 dd  -82.2% n   3033 a   -12.3% b  -0.13 g/t    -1.0 n/t   -13.3 exp 0.32 yrs -0% -73% -9% -11% -1% [2.2s]
t2_emir_akisi_a1_cvdar_5m_n288_k0.5_h48                                ret    -92.0% sh  -1.12 dd  -93.9% n   2998 a   -22.5% b  -0.18 g/t   -12.5 n/t   -22.1 exp 0.56 yrs +5% -81% +10% -25% -52% [2.3s]
t2_emir_akisi_a1_cvdar_5m_n288_k0.8_h48                                ret    -80.1% sh  -1.42 dd  -81.1% n   1244 a   -21.7% b  -0.07 g/t   -28.9 n/t   -38.4 exp 0.20 yrs -8% -71% +5% -10% -21% [2.2s]
t2_emir_akisi_a1_cvdar_5m_n12_k0.5_h288                                ret   -100.0% sh  -5.56 dd -100.0% n  27518 a  -287.6% b  -0.09 g/t    -3.0 n/t   -16.6 exp 1.00 yrs -92% -99% -83% -96% -96% [4.0s]
t2_emir_akisi_a1_cvdar_5m_n12_k0.8_h288                                ret    -99.9% sh  -2.38 dd  -99.9% n   8088 a  -107.6% b  -0.14 g/t   -11.4 n/t   -23.8 exp 1.00 yrs -59% -96% -58% -54% -69% [2.7s]
t2_emir_akisi_a1_cvdar_5m_n72_k0.5_h288                                ret    -97.8% sh  -1.08 dd  -98.8% n   3668 a   -27.4% b  -0.29 g/t   -10.4 n/t   -20.1 exp 1.00 yrs +6% -90% +25% -44% -71% [2.2s]
t2_emir_akisi_a1_cvdar_5m_n72_k0.8_h288                                ret    -89.2% sh  -0.81 dd  -93.2% n   1553 a   -10.9% b  -0.21 g/t   -28.7 n/t   -33.5 exp 0.78 yrs +11% -85% +30% -31% -26% [3.1s]
t2_emir_akisi_a1_cvdar_5m_n288_k0.5_h288                               ret    -81.4% sh  -0.39 dd  -92.1% n   1516 a   +13.9% b  -0.30 g/t   -13.8 n/t   -15.5 exp 0.89 yrs +73% -85% +66% -25% -43% [2.2s]
t2_emir_akisi_a1_cvdar_5m_n288_k0.8_h288                               ret    -71.8% sh  -0.55 dd  -83.2% n    745 a    -0.7% b  -0.16 g/t   -45.8 n/t   -43.0 exp 0.47 yrs +37% -74% +23% -11% -28% [1.8s]
