t2_emir_akisi_a2_getiri_donus_1h_n6_k2.0_h1                            ret    +14.1% sh  +0.23 dd  -56.1% n   2519 a    +5.0% b  -0.00 g/t   +16.6 n/t    +2.6 exp 0.10 yrs +15% +82% -17% -27% -10% | BTC -45% ETH -28% SOL +115% [5.4s]
t2_emir_akisi_a2_getiri_donus_1h_n6_k3.0_h1                            ret    +79.6% sh  +0.87 dd  -26.2% n    863 a   +12.4% b  +0.00 g/t   +34.8 n/t   +20.5 exp 0.03 yrs +6% +87% -3% -3% -3% | BTC +14% ETH +98% SOL +84% [0.4s]
t2_emir_akisi_a2_getiri_donus_1h_n24_k2.0_h1                           ret    +11.6% sh  +0.22 dd  -52.0% n   1367 a    -0.3% b  +0.05 g/t   +17.0 n/t    +3.9 exp 0.10 yrs -2% +73% -27% -24% +18% | BTC -41% ETH -16% SOL +58% [0.4s]
t2_emir_akisi_a2_getiri_donus_1h_n24_k3.0_h1                           ret    +15.5% sh  +0.27 dd  -29.7% n    405 a    +1.8% b  +0.02 g/t   +23.5 n/t   +10.9 exp 0.03 yrs -1% +14% +0% -9% +12% | BTC -10% ETH +4% SOL +20% [0.3s]
t2_emir_akisi_a2_getiri_donus_1h_n72_k2.0_h1                           ret     -4.1% sh  +0.11 dd  -44.9% n    803 a    -6.6% b  +0.08 g/t   +10.4 n/t    -0.7 exp 0.11 yrs -1% +58% -19% -19% -6% | BTC -19% ETH -28% SOL -14% [0.4s]
t2_emir_akisi_a2_getiri_donus_1h_n72_k3.0_h1                           ret    +94.9% sh  +0.69 dd  -34.1% n    260 a    +8.7% b  +0.06 g/t   +77.6 n/t   +72.3 exp 0.03 yrs +3% +62% +8% +3% +5% | BTC +52% ETH +35% SOL +160% [0.3s]
t2_emir_akisi_a2_getiri_donus_1h_n6_k2.0_h6                            ret    -53.8% sh  -0.27 dd  -72.7% n   2012 a   -12.2% b  +0.02 g/t    +5.4 n/t    -8.1 exp 0.23 yrs -0% -8% -23% -28% -9% | BTC -79% ETH -78% SOL -19% [0.4s]
t2_emir_akisi_a2_getiri_donus_1h_n6_k3.0_h6                            ret    -21.4% sh  -0.07 dd  -49.7% n    715 a    -6.1% b  +0.04 g/t    +8.8 n/t    -5.0 exp 0.09 yrs -10% +31% -21% +3% -18% | BTC -50% ETH -70% SOL +86% [0.4s]
t2_emir_akisi_a2_getiri_donus_1h_n24_k2.0_h6                           ret     +5.1% sh  +0.19 dd  -46.1% n    842 a    -2.3% b  +0.07 g/t   +15.5 n/t    +3.6 exp 0.17 yrs -13% +71% -18% -19% +7% | BTC -27% ETH -17% SOL -15% [1.2s]
t2_emir_akisi_a2_getiri_donus_1h_n24_k3.0_h6                           ret    +19.6% sh  +0.28 dd  -36.0% n    259 a    +1.3% b  +0.04 g/t   +31.4 n/t   +21.0 exp 0.05 yrs -6% +61% -14% -8% -0% | BTC -4% ETH -4% SOL +22% [0.4s]
t2_emir_akisi_a2_getiri_donus_1h_n72_k2.0_h6                           ret    -15.6% sh  +0.04 dd  -55.0% n    415 a    -9.6% b  +0.10 g/t    -0.4 n/t    -8.1 exp 0.15 yrs -10% +74% -22% -24% -10% | BTC -39% ETH -38% SOL -19% [0.3s]
t2_emir_akisi_a2_getiri_donus_1h_n72_k3.0_h6                           ret    +64.6% sh  +0.54 dd  -36.8% n    139 a    +4.4% b  +0.07 g/t   +98.6 n/t  +101.7 exp 0.04 yrs -2% +60% -4% +5% +5% | BTC +39% ETH +14% SOL +93% [0.4s]
t2_emir_akisi_a2_getiri_donus_1h_n6_k2.0_h24                           ret    -62.7% sh  -0.22 dd  -76.2% n   1581 a   -11.6% b  +0.02 g/t    +0.0 n/t   -12.7 exp 0.49 yrs -4% -5% -43% -13% -17% | BTC -65% ETH -80% SOL -86% [0.4s]
t2_emir_akisi_a2_getiri_donus_1h_n6_k3.0_h24                           ret     -9.1% sh  +0.12 dd  -55.4% n    602 a    -2.3% b  +0.05 g/t   +19.8 n/t    +6.2 exp 0.21 yrs -9% +63% -39% +19% -16% | BTC -33% ETH -69% SOL +33% [0.4s]
t2_emir_akisi_a2_getiri_donus_1h_n24_k2.0_h24                          ret    -35.5% sh  -0.01 dd  -63.6% n    676 a   -10.7% b  +0.09 g/t    -2.6 n/t   -12.7 exp 0.31 yrs -19% +68% -34% -29% +2% | BTC -58% ETH -65% SOL -46% [1.2s]
t2_emir_akisi_a2_getiri_donus_1h_n24_k3.0_h24                          ret     +0.7% sh  +0.15 dd  -41.1% n    221 a    -3.9% b  +0.07 g/t   +14.8 n/t    +6.3 exp 0.11 yrs -10% +31% -0% -15% +1% | BTC +12% ETH -1% SOL -52% [0.3s]
t2_emir_akisi_a2_getiri_donus_1h_n72_k2.0_h24                          ret    -23.1% sh  +0.03 dd  -67.0% n    302 a   -10.2% b  +0.10 g/t   -11.7 n/t   -15.5 exp 0.23 yrs -9% +139% -33% -30% -25% | BTC -41% ETH -68% SOL -1% [0.3s]
t2_emir_akisi_a2_getiri_donus_1h_n72_k3.0_h24                          ret    +24.6% sh  +0.29 dd  -38.5% n     98 a    -2.6% b  +0.09 g/t   +68.6 n/t   +80.3 exp 0.07 yrs -6% +56% -9% -6% -1% | BTC +28% ETH -5% SOL +2% [0.3s]
t2_emir_akisi_a2_getiri_donus_15m_n4_k2.0_h4                           ret    -99.0% sh  -2.58 dd  -99.1% n  10717 a   -87.3% b  +0.01 g/t    +2.1 n/t   -12.0 exp 0.20 yrs -50% -68% -75% -48% -51% | BTC -100% ETH -100% SOL -97% [8.5s]
t2_emir_akisi_a2_getiri_donus_15m_n4_k3.0_h4                           ret    -51.9% sh  -0.40 dd  -75.1% n   4151 a   -13.1% b  +0.02 g/t    +9.9 n/t    -4.3 exp 0.08 yrs +12% +3% -31% -22% -22% | BTC -88% ETH -76% SOL +99% [2.2s]
t2_emir_akisi_a2_getiri_donus_15m_n24_k2.0_h4                          ret     -8.6% sh  +0.09 dd  -66.2% n   3869 a    -0.6% b  +0.03 g/t   +14.5 n/t    +0.5 exp 0.16 yrs +30% +55% -23% -36% -7% | BTC -76% ETH -44% SOL +136% [2.0s]
t2_emir_akisi_a2_getiri_donus_15m_n24_k3.0_h4                          ret   +221.7% sh  +1.24 dd  -29.6% n   1327 a   +23.6% b  +0.02 g/t   +41.2 n/t   +27.1 exp 0.06 yrs +13% +172% +17% -14% +4% | BTC +13% ETH +29% SOL +1229% [0.8s]
t2_emir_akisi_a2_getiri_donus_15m_n96_k2.0_h4                          ret    -54.6% sh  -0.36 dd  -66.4% n   1984 a   -20.4% b  +0.08 g/t    +3.1 n/t   -10.5 exp 0.15 yrs -27% +64% -35% -43% +4% | BTC -80% ETH -65% SOL -42% [1.0s]
t2_emir_akisi_a2_getiri_donus_15m_n96_k3.0_h4                          ret    +50.0% sh  +0.50 dd  -36.6% n    625 a    +2.8% b  +0.07 g/t   +33.2 n/t   +20.8 exp 0.04 yrs -6% +57% -5% -9% +18% | BTC -14% ETH +21% SOL +98% [1.2s]
t2_emir_akisi_a2_getiri_donus_15m_n4_k2.0_h16                          ret    -99.4% sh  -2.06 dd  -99.4% n   8782 a   -91.2% b  +0.00 g/t    -1.5 n/t   -15.7 exp 0.43 yrs -60% -67% -78% -45% -62% | BTC -99% ETH -100% SOL -99% [1.5s]
t2_emir_akisi_a2_getiri_donus_15m_n4_k3.0_h16                          ret    -78.3% sh  -0.72 dd  -84.1% n   3606 a   -27.0% b  +0.02 g/t    +3.4 n/t   -10.8 exp 0.20 yrs -9% -38% -30% -21% -31% | BTC -89% ETH -85% SOL -80% [1.5s]
t2_emir_akisi_a2_getiri_donus_15m_n24_k2.0_h16                         ret    -53.4% sh  -0.21 dd  -84.2% n   3029 a    -9.6% b  +0.01 g/t    +9.5 n/t    -4.4 exp 0.27 yrs +16% +26% -44% -41% -3% | BTC -87% ETH -58% SOL -47% [1.5s]
t2_emir_akisi_a2_getiri_donus_15m_n24_k3.0_h16                         ret    +77.6% sh  +0.56 dd  -43.4% n   1097 a   +12.0% b  +0.03 g/t   +32.6 n/t   +18.5 exp 0.10 yrs -5% +135% -14% -19% +14% | BTC -16% ETH +2% SOL +201% [0.8s]
t2_emir_akisi_a2_getiri_donus_15m_n96_k2.0_h16                         ret    -40.3% sh  -0.12 dd  -69.4% n   1319 a   -15.8% b  +0.10 g/t    +4.7 n/t    -8.5 exp 0.21 yrs -29% +112% -33% -39% -3% | BTC -69% ETH -54% SOL -47% [0.8s]
t2_emir_akisi_a2_getiri_donus_15m_n96_k3.0_h16                         ret    +64.6% sh  +0.52 dd  -42.4% n    454 a    +4.4% b  +0.08 g/t   +46.5 n/t   +35.0 exp 0.07 yrs -12% +111% -18% -5% +14% | BTC -9% ETH -4% SOL +189% [1.3s]
t2_emir_akisi_a2_getiri_donus_15m_n4_k2.0_h96                          ret    -99.4% sh  -1.59 dd  -99.5% n   6458 a   -83.0% b  -0.03 g/t    -6.4 n/t   -20.5 exp 0.87 yrs -49% -63% -81% -29% -77% | BTC -99% ETH -100% SOL -99% [1.5s]
t2_emir_akisi_a2_getiri_donus_15m_n4_k3.0_h96                          ret    -86.6% sh  -0.61 dd  -93.6% n   2799 a   -27.9% b  -0.01 g/t    -2.3 n/t   -16.2 exp 0.61 yrs +10% -44% -58% -13% -40% | BTC -89% ETH -93% SOL -96% [1.4s]
t2_emir_akisi_a2_getiri_donus_15m_n24_k2.0_h96                         ret    -54.6% sh  -0.05 dd  -87.7% n   2305 a    -2.7% b  -0.00 g/t    +9.2 n/t    -4.3 exp 0.64 yrs +31% +31% -62% -34% +7% | BTC -82% ETH -73% SOL -77% [0.8s]
t2_emir_akisi_a2_getiri_donus_15m_n24_k3.0_h96                         ret    -23.3% sh  +0.05 dd  -63.1% n    915 a    -0.6% b  +0.02 g/t   +13.5 n/t    -0.3 exp 0.30 yrs -29% +53% -31% -2% +4% | BTC -5% ETH -82% SOL -33% [1.1s]
t2_emir_akisi_a2_getiri_donus_15m_n96_k2.0_h96                         ret    -38.8% sh  +0.02 dd  -70.1% n    964 a   -12.6% b  +0.12 g/t    +3.8 n/t    -7.9 exp 0.43 yrs -33% +106% -13% -44% -9% | BTC -59% ETH -52% SOL -77% [0.7s]
t2_emir_akisi_a2_getiri_donus_15m_n96_k3.0_h96                         ret    +22.1% sh  +0.29 dd  -45.0% n    345 a    -3.0% b  +0.12 g/t   +38.8 n/t   +30.1 exp 0.16 yrs -24% +145% -16% -23% +1% | BTC -26% ETH -23% SOL +23% [1.1s]
t2_emir_akisi_a2_getiri_donus_5m_n12_k2.0_h12                          ret    -99.7% sh  -2.90 dd  -99.8% n  14338 a  -115.6% b  +0.04 g/t    +2.2 n/t   -11.9 exp 0.27 yrs -56% -74% -82% -65% -65% | BTC -100% ETH -100% SOL -100% [5.3s]
t2_emir_akisi_a2_getiri_donus_5m_n12_k3.0_h12                          ret    -80.2% sh  -0.91 dd  -83.5% n   5451 a   -31.7% b  +0.04 g/t    +6.0 n/t    -8.2 exp 0.11 yrs -24% -11% -44% -24% -31% | BTC -95% ETH -94% SOL +9% [2.0s]
t2_emir_akisi_a2_getiri_donus_5m_n72_k2.0_h12                          ret    -63.8% sh  -0.56 dd  -82.3% n   4807 a   -15.6% b  -0.00 g/t    +8.5 n/t    -5.6 exp 0.20 yrs -14% +31% -25% -50% -13% | BTC -95% ETH -79% SOL +51% [1.9s]
t2_emir_akisi_a2_getiri_donus_5m_n72_k3.0_h12                          ret   +125.8% sh  +0.87 dd  -27.6% n   1645 a   +19.5% b  -0.01 g/t   +28.9 n/t   +14.8 exp 0.07 yrs +6% +109% +5% -12% +11% | BTC -48% ETH -7% SOL +1215% [1.9s]
t2_emir_akisi_a2_getiri_donus_5m_n288_k2.0_h12                         ret    -79.0% sh  -0.92 dd  -82.2% n   3010 a   -34.1% b  +0.06 g/t    -1.1 n/t   -14.7 exp 0.21 yrs -41% +6% -45% -30% -14% | BTC -93% ETH -76% SOL -77% [2.7s]
t2_emir_akisi_a2_getiri_donus_5m_n288_k3.0_h12                         ret     -1.7% sh  +0.07 dd  -32.9% n    870 a    -1.7% b  +0.02 g/t   +11.3 n/t    -1.8 exp 0.05 yrs -16% +32% -12% -9% +11% | BTC -58% ETH -4% SOL +43% [1.7s]
t2_emir_akisi_a2_getiri_donus_5m_n12_k2.0_h48                          ret    -99.8% sh  -2.33 dd  -99.8% n  11590 a  -112.6% b  +0.02 g/t    -0.3 n/t   -14.5 exp 0.55 yrs -61% -69% -79% -73% -67% | BTC -100% ETH -100% SOL -100% [2.8s]
t2_emir_akisi_a2_getiri_donus_5m_n12_k3.0_h48                          ret    -86.7% sh  -0.85 dd  -88.0% n   4768 a   -36.0% b  +0.03 g/t    +2.7 n/t   -11.4 exp 0.26 yrs -39% -38% -29% -29% -30% | BTC -92% ETH -90% SOL -92% [2.8s]
t2_emir_akisi_a2_getiri_donus_5m_n72_k2.0_h48                          ret    -86.8% sh  -0.93 dd  -93.0% n   3771 a   -33.1% b  -0.01 g/t    +0.2 n/t   -13.9 exp 0.33 yrs -28% +2% -58% -49% -17% | BTC -95% ETH -90% SOL -89% [2.5s]
t2_emir_akisi_a2_getiri_donus_5m_n72_k3.0_h48                          ret     -9.5% sh  +0.05 dd  -53.7% n   1377 a    +1.7% b  -0.00 g/t   +13.1 n/t    -1.0 exp 0.13 yrs -18% +70% -7% -26% -6% | BTC -77% ETH -58% SOL +236% [2.1s]
t2_emir_akisi_a2_getiri_donus_5m_n288_k2.0_h48                         ret    -78.0% sh  -0.70 dd  -80.7% n   1937 a   -33.0% b  +0.08 g/t    -8.9 n/t   -22.1 exp 0.29 yrs -43% +41% -45% -39% -19% | BTC -93% ETH -86% SOL -68% [2.0s]
t2_emir_akisi_a2_getiri_donus_5m_n288_k3.0_h48                         ret     +5.9% sh  +0.16 dd  -34.6% n    638 a    -2.2% b  +0.05 g/t   +13.9 n/t    +1.8 exp 0.08 yrs -21% +60% -18% -3% +5% | BTC -41% ETH -9% SOL +19% [2.2s]
t2_emir_akisi_a2_getiri_donus_5m_n12_k2.0_h288                         ret    -99.4% sh  -1.47 dd  -99.5% n   8558 a   -80.1% b  -0.03 g/t    -0.9 n/t   -15.0 exp 0.94 yrs -41% -62% -75% -64% -67% | BTC -99% ETH -100% SOL -100% [3.0s]
t2_emir_akisi_a2_getiri_donus_5m_n12_k3.0_h288                         ret    -91.5% sh  -0.69 dd  -92.7% n   3604 a   -33.3% b  -0.02 g/t    -2.0 n/t   -15.9 exp 0.73 yrs -38% -18% -50% -22% -57% | BTC -91% ETH -97% SOL -98% [2.2s]
t2_emir_akisi_a2_getiri_donus_5m_n72_k2.0_h288                         ret    -84.1% sh  -0.44 dd  -93.3% n   2859 a   -16.4% b  -0.06 g/t    +0.2 n/t   -13.4 exp 0.74 yrs -37% +43% -60% -41% -25% | BTC -87% ETH -92% SOL -97% [2.1s]
t2_emir_akisi_a2_getiri_donus_5m_n72_k3.0_h288                         ret    -34.8% sh  -0.04 dd  -57.3% n   1157 a    -5.0% b  +0.03 g/t    +9.7 n/t    -3.8 exp 0.39 yrs -38% +51% -7% -17% -9% | BTC -82% ETH -81% SOL +68% [1.9s]
t2_emir_akisi_a2_getiri_donus_5m_n288_k2.0_h288                        ret    -71.2% sh  -0.21 dd  -85.0% n   1383 a   -22.6% b  +0.10 g/t    -7.9 n/t   -20.0 exp 0.58 yrs -49% +101% -40% -46% -12% | BTC -83% ETH -85% SOL -86% [1.6s]
t2_emir_akisi_a2_getiri_donus_5m_n288_k3.0_h288                        ret    -29.2% sh  -0.03 dd  -54.6% n    507 a   -13.3% b  +0.11 g/t   -12.1 n/t   -21.5 exp 0.23 yrs -31% +61% -8% -22% -9% | BTC -10% ETH -53% SOL -69% [2.4s]
