t2_emir_akisi_a1_akis_15m_n1_k2.0_h4                                   ret   -100.0% sh -10.34 dd -100.0% n  19396 a  -192.0% b  +0.01 g/t    -0.9 n/t   -14.9 exp 0.35 yrs -82% -89% -86% -87% -83% [4.1s]
t2_emir_akisi_a1_akis_15m_n1_k3.0_h4                                   ret    -56.7% sh  -3.71 dd  -56.7% n   1377 a   -16.8% b  +0.00 g/t    -4.1 n/t   -18.1 exp 0.03 yrs -17% -22% -12% -12% -14% [1.2s]
t2_emir_akisi_a1_akis_15m_n4_k2.0_h4                                   ret    -99.7% sh  -6.41 dd  -99.7% n  12815 a  -113.9% b  +0.01 g/t    +0.7 n/t   -13.3 exp 0.28 yrs -55% -62% -67% -76% -76% [1.6s]
t2_emir_akisi_a1_akis_15m_n4_k3.0_h4                                   ret    -43.2% sh  -2.04 dd  -45.3% n   1461 a   -10.8% b  -0.00 g/t    +2.4 n/t   -11.5 exp 0.04 yrs -9% -10% -9% -13% -12% [0.9s]
t2_emir_akisi_a1_akis_15m_n24_k2.0_h4                                  ret    -81.0% sh  -2.00 dd  -83.0% n   4367 a   -33.6% b  +0.01 g/t    +2.8 n/t   -11.1 exp 0.19 yrs -12% -23% -22% -32% -46% [2.0s]
t2_emir_akisi_a1_akis_15m_n24_k3.0_h4                                  ret    -31.1% sh  -1.33 dd  -32.2% n    580 a    -7.5% b  +0.00 g/t    -5.3 n/t   -19.0 exp 0.02 yrs -4% -13% -2% -5% -12% [1.2s]
t2_emir_akisi_a1_akis_15m_n96_k2.0_h4                                  ret    -31.6% sh  -0.42 dd  -39.1% n   1838 a    -9.2% b  +0.02 g/t    +8.4 n/t    -5.5 exp 0.17 yrs -5% +5% -6% +1% -28% [1.8s]
t2_emir_akisi_a1_akis_15m_n96_k3.0_h4                                  ret    -33.8% sh  -1.41 dd  -35.5% n    234 a    -8.2% b  +0.00 g/t   -39.2 n/t   -52.6 exp 0.02 yrs -1% -12% -6% -12% -9% [0.7s]
t2_emir_akisi_a1_akis_15m_n1_k2.0_h16                                  ret    -99.8% sh  -4.23 dd  -99.8% n  15195 a  -124.5% b  +0.01 g/t    +1.8 n/t   -12.2 exp 0.72 yrs -60% -70% -79% -80% -68% [1.8s]
t2_emir_akisi_a1_akis_15m_n1_k3.0_h16                                  ret    -52.6% sh  -1.78 dd  -53.9% n   1307 a   -15.0% b  +0.00 g/t    -2.6 n/t   -16.7 exp 0.11 yrs -15% -32% -10% -6% -3% [1.0s]
t2_emir_akisi_a1_akis_15m_n4_k2.0_h16                                  ret    -98.5% sh  -2.67 dd  -98.7% n  10486 a   -80.8% b  +0.01 g/t    +2.5 n/t   -11.5 exp 0.63 yrs -10% -71% -50% -62% -70% [1.6s]
t2_emir_akisi_a1_akis_15m_n4_k3.0_h16                                  ret    -38.7% sh  -0.97 dd  -39.9% n   1388 a    -9.2% b  -0.00 g/t    +3.6 n/t   -10.1 exp 0.12 yrs -9% -14% -6% -8% -9% [1.1s]
t2_emir_akisi_a1_akis_15m_n24_k2.0_h16                                 ret    -55.3% sh  -0.60 dd  -63.7% n   3493 a   -15.7% b  +0.02 g/t    +7.8 n/t    -6.0 exp 0.36 yrs +12% -9% -11% -19% -39% [1.1s]
t2_emir_akisi_a1_akis_15m_n24_k3.0_h16                                 ret    -24.7% sh  -0.64 dd  -30.8% n    535 a    -5.5% b  +0.00 g/t    -1.4 n/t   -15.0 exp 0.06 yrs +0% -22% +2% +3% -9% [1.2s]
t2_emir_akisi_a1_akis_15m_n96_k2.0_h16                                 ret    +36.7% sh  +0.43 dd  -26.7% n   1232 a    +3.9% b  +0.04 g/t   +23.0 n/t    +9.3 exp 0.24 yrs +13% +17% -8% +17% -4% [1.1s]
t2_emir_akisi_a1_akis_15m_n96_k3.0_h16                                 ret    -36.2% sh  -1.04 dd  -39.1% n    186 a    -8.7% b  +0.00 g/t   -57.0 n/t   -70.4 exp 0.03 yrs -3% -13% -9% -11% -6% [1.2s]
t2_emir_akisi_a1_akis_15m_n1_k2.0_h96                                  ret    -99.7% sh  -2.05 dd  -99.8% n  11351 a  -107.3% b  +0.04 g/t    +0.1 n/t   -13.9 exp 0.97 yrs -45% -71% -72% -75% -71% [2.5s]
t2_emir_akisi_a1_akis_15m_n1_k3.0_h96                                  ret    -17.4% sh  -0.09 dd  -37.6% n   1092 a    -3.1% b  +0.01 g/t   +12.2 n/t    -2.1 exp 0.42 yrs -14% -10% +24% -9% -5% [0.7s]
t2_emir_akisi_a1_akis_15m_n4_k2.0_h96                                  ret    -95.5% sh  -1.00 dd  -97.7% n   7088 a   -54.5% b  +0.04 g/t    +2.9 n/t   -10.9 exp 0.96 yrs +57% -76% -31% -33% -74% [1.7s]
t2_emir_akisi_a1_akis_15m_n4_k3.0_h96                                  ret    -46.6% sh  -0.53 dd  -57.9% n   1154 a   -12.2% b  +0.01 g/t    -0.0 n/t   -13.4 exp 0.44 yrs +17% -23% -3% +9% -44% [1.0s]
t2_emir_akisi_a1_akis_15m_n24_k2.0_h96                                 ret    +82.8% sh  +0.49 dd  -46.7% n   2423 a   +18.7% b  +0.02 g/t   +25.5 n/t   +12.1 exp 0.83 yrs +107% +13% +25% -11% -29% [0.7s]
t2_emir_akisi_a1_akis_15m_n24_k3.0_h96                                 ret    +23.4% sh  +0.35 dd  -30.2% n    490 a    +3.9% b  +0.01 g/t   +31.2 n/t   +17.6 exp 0.23 yrs +20% -2% -7% +13% +1% [1.0s]
t2_emir_akisi_a1_akis_15m_n96_k2.0_h96                                 ret    +21.6% sh  +0.28 dd  -54.5% n    904 a    +4.1% b  +0.04 g/t   +26.5 n/t   +13.3 exp 0.51 yrs +42% -26% -9% +31% -3% [1.2s]
t2_emir_akisi_a1_akis_15m_n96_k3.0_h96                                 ret    -35.8% sh  -0.66 dd  -41.6% n    162 a    -9.0% b  +0.01 g/t   -61.3 n/t   -74.7 exp 0.09 yrs +4% -15% -13% -9% -8% [0.9s]
t2_emir_akisi_a1_akis_5m_n1_k2.0_h12                                   ret   -100.0% sh -15.00 dd -100.0% n  44785 a  -438.9% b  +0.01 g/t    -0.8 n/t   -14.8 exp 0.62 yrs -96% -100% -99% -99% -99% [6.7s]
t2_emir_akisi_a1_akis_5m_n1_k3.0_h12                                   ret    -70.0% sh  -3.65 dd  -70.2% n   2157 a   -23.8% b  -0.00 g/t    -2.6 n/t   -16.7 exp 0.05 yrs -9% -31% -27% -23% -15% [2.4s]
t2_emir_akisi_a1_akis_5m_n12_k2.0_h12                                  ret   -100.0% sh  -8.02 dd -100.0% n  18653 a  -183.0% b  +0.00 g/t    -0.8 n/t   -14.8 exp 0.41 yrs -74% -85% -84% -88% -87% [3.0s]
t2_emir_akisi_a1_akis_5m_n12_k3.0_h12                                  ret    -68.7% sh  -2.83 dd  -69.0% n   2456 a   -22.3% b  -0.01 g/t    -0.1 n/t   -14.0 exp 0.06 yrs -20% -28% -10% -26% -19% [1.9s]
t2_emir_akisi_a1_akis_5m_n72_k2.0_h12                                  ret    -95.1% sh  -2.89 dd  -95.5% n   5755 a   -60.2% b  +0.02 g/t    -1.4 n/t   -15.3 exp 0.24 yrs -17% -52% -37% -50% -62% [2.5s]
t2_emir_akisi_a1_akis_5m_n72_k3.0_h12                                  ret    -39.6% sh  -1.46 dd  -42.1% n    940 a   -10.2% b  +0.00 g/t    -1.9 n/t   -15.8 exp 0.03 yrs -3% -14% -7% -9% -15% [1.5s]
t2_emir_akisi_a1_akis_5m_n288_k2.0_h12                                 ret    -70.5% sh  -1.28 dd  -72.6% n   2912 a   -25.1% b  +0.02 g/t    +1.8 n/t   -12.0 exp 0.24 yrs -14% -23% -14% -15% -39% [2.6s]
t2_emir_akisi_a1_akis_5m_n288_k3.0_h12                                 ret    -44.9% sh  -1.69 dd  -46.0% n    498 a   -12.1% b  +0.00 g/t   -21.7 n/t   -35.4 exp 0.03 yrs -4% -18% -7% -13% -13% [1.4s]
t2_emir_akisi_a1_akis_5m_n1_k2.0_h48                                   ret   -100.0% sh  -8.26 dd -100.0% n  34193 a  -346.7% b  +0.04 g/t    -1.2 n/t   -15.2 exp 0.91 yrs -94% -99% -96% -97% -97% [5.0s]
t2_emir_akisi_a1_akis_5m_n1_k3.0_h48                                   ret    -64.6% sh  -1.54 dd  -67.1% n   1994 a   -19.6% b  -0.00 g/t    -1.3 n/t   -15.3 exp 0.16 yrs -8% -33% -26% -16% -8% [2.1s]
t2_emir_akisi_a1_akis_5m_n12_k2.0_h48                                  ret    -99.9% sh  -3.71 dd  -99.9% n  14618 a  -133.2% b  +0.01 g/t    +0.3 n/t   -13.7 exp 0.77 yrs -31% -87% -74% -73% -85% [2.6s]
t2_emir_akisi_a1_akis_5m_n12_k3.0_h48                                  ret    -58.8% sh  -1.20 dd  -60.2% n   2300 a   -15.0% b  -0.02 g/t    +2.8 n/t   -11.1 exp 0.19 yrs -17% -18% -6% -20% -19% [1.9s]
t2_emir_akisi_a1_akis_5m_n72_k2.0_h48                                  ret    -93.2% sh  -1.78 dd  -93.9% n   4613 a   -50.9% b  +0.01 g/t    -2.6 n/t   -16.5 exp 0.45 yrs -6% -60% -35% -41% -52% [1.9s]
t2_emir_akisi_a1_akis_5m_n72_k3.0_h48                                  ret    -40.1% sh  -1.02 dd  -46.1% n    858 a    -9.9% b  +0.00 g/t    -3.4 n/t   -17.2 exp 0.09 yrs +0% -22% -11% -6% -9% [1.8s]
t2_emir_akisi_a1_akis_5m_n288_k2.0_h48                                 ret    -55.3% sh  -0.59 dd  -60.4% n   1978 a   -15.6% b  +0.02 g/t    +3.1 n/t   -10.6 exp 0.35 yrs +3% -19% -15% -13% -27% [1.7s]
t2_emir_akisi_a1_akis_5m_n288_k3.0_h48                                 ret    -40.3% sh  -1.23 dd  -40.8% n    389 a   -10.8% b  +0.01 g/t   -25.5 n/t   -39.0 exp 0.05 yrs -4% -14% -7% -10% -14% [1.7s]
t2_emir_akisi_a1_akis_5m_n1_k2.0_h288                                  ret   -100.0% sh  -5.95 dd -100.0% n  30259 a  -314.8% b  +0.05 g/t    -1.8 n/t   -15.7 exp 1.00 yrs -94% -98% -95% -96% -96% [3.8s]
t2_emir_akisi_a1_akis_5m_n1_k3.0_h288                                  ret    -22.8% sh  -0.04 dd  -54.0% n   1592 a    -4.9% b  +0.03 g/t   +12.2 n/t    -0.1 exp 0.53 yrs +8% -15% +19% -32% +5% [1.6s]
t2_emir_akisi_a1_akis_5m_n12_k2.0_h288                                 ret    -99.2% sh  -1.55 dd  -99.5% n  10192 a   -85.7% b  +0.03 g/t    +1.5 n/t   -12.5 exp 0.99 yrs +14% -76% -58% -46% -86% [2.5s]
t2_emir_akisi_a1_akis_5m_n12_k3.0_h288                                 ret    -74.6% sh  -0.82 dd  -81.5% n   1807 a   -24.6% b  +0.01 g/t    -6.8 n/t   -20.6 exp 0.62 yrs -12% -11% -33% -11% -46% [2.1s]
t2_emir_akisi_a1_akis_5m_n72_k2.0_h288                                 ret    -61.5% sh  -0.16 dd  -83.9% n   3129 a    -7.9% b  +0.00 g/t    +8.7 n/t    -5.0 exp 0.91 yrs +109% -39% -39% -21% -38% [1.8s]
t2_emir_akisi_a1_akis_5m_n72_k3.0_h288                                 ret     +4.5% sh  +0.14 dd  -42.1% n    769 a    +1.1% b  +0.01 g/t   +18.5 n/t    +4.5 exp 0.35 yrs +25% -17% +7% +6% -11% [1.9s]
t2_emir_akisi_a1_akis_5m_n288_k2.0_h288                                ret    -30.4% sh  -0.02 dd  -69.0% n   1452 a    -0.7% b  +0.00 g/t    +9.9 n/t    -3.3 exp 0.69 yrs +89% -24% -12% -15% -35% [1.7s]
t2_emir_akisi_a1_akis_5m_n288_k3.0_h288                                ret    -20.0% sh  -0.23 dd  -50.0% n    346 a    -4.4% b  +0.01 g/t    -4.6 n/t   -17.9 exp 0.18 yrs +31% -23% -15% -12% +7% [1.5s]
