t2_emir_akisi_a1_spotvad_1h_n1_k2.0_h1                                 ret    -90.9% sh  -5.47 dd  -90.9% n   5766 a   -47.0% b  -0.00 g/t    +1.7 n/t   -12.3 exp 0.13 yrs -21% -38% -37% -43% -49% | BTC -93% ETH -90% SOL -90% [1.1s]
t2_emir_akisi_a1_spotvad_1h_n1_k3.0_h1                                 ret    -28.6% sh  -2.00 dd  -28.7% n    999 a    -6.6% b  -0.00 g/t    +4.0 n/t   -10.0 exp 0.02 yrs -3% -3% -5% -12% -10% | BTC -39% ETH -15% SOL -32% [0.4s]
t2_emir_akisi_a1_spotvad_1h_n6_k2.0_h1                                 ret    -65.7% sh  -2.28 dd  -66.7% n   2506 a   -19.7% b  -0.01 g/t    +1.7 n/t   -12.5 exp 0.14 yrs -20% -22% -12% -28% -14% | BTC -82% ETH -51% SOL -59% [0.6s]
t2_emir_akisi_a1_spotvad_1h_n6_k3.0_h1                                 ret    -14.0% sh  -0.82 dd  -15.5% n    489 a    -2.9% b  -0.00 g/t    +5.0 n/t    -9.0 exp 0.02 yrs -3% -2% -1% -4% -5% | BTC -15% ETH -8% SOL -20% [1.0s]
t2_emir_akisi_a1_spotvad_1h_n24_k2.0_h1                                ret    -56.5% sh  -1.20 dd  -62.6% n   1129 a   -14.7% b  -0.01 g/t    -5.3 n/t   -20.4 exp 0.15 yrs -20% -21% -26% -15% +8% | BTC -55% ETH -81% SOL -24% [0.4s]
t2_emir_akisi_a1_spotvad_1h_n24_k3.0_h1                                ret    -11.1% sh  -0.68 dd  -16.7% n    190 a    -2.3% b  +0.00 g/t    -4.0 n/t   -18.3 exp 0.03 yrs -2% +4% -7% -3% -4% | BTC -9% ETH -20% SOL -6% [0.4s]
t2_emir_akisi_a1_spotvad_1h_n72_k2.0_h1                                ret    -59.2% sh  -0.98 dd  -66.2% n    606 a   -11.0% b  -0.05 g/t   -25.0 n/t   -43.3 exp 0.18 yrs -10% -24% -29% -13% -5% | BTC -48% ETH -86% SOL -34% [0.7s]
t2_emir_akisi_a1_spotvad_1h_n72_k3.0_h1                                ret     -8.2% sh  -0.25 dd  -19.8% n    115 a    -0.3% b  -0.01 g/t    +0.1 n/t   -22.4 exp 0.03 yrs +3% -3% -4% +1% -4% | BTC +1% ETH +2% SOL -32% [0.5s]
t2_emir_akisi_a1_spotvad_1h_n1_k2.0_h6                                 ret    -87.8% sh  -1.78 dd  -89.6% n   4675 a   -37.9% b  -0.02 g/t    +1.7 n/t   -12.5 exp 0.50 yrs -24% -8% -37% -51% -44% | BTC -86% ETH -89% SOL -93% [0.8s]
t2_emir_akisi_a1_spotvad_1h_n1_k3.0_h6                                 ret    -35.1% sh  -0.96 dd  -38.9% n    927 a    -7.7% b  -0.01 g/t    +0.7 n/t   -13.3 exp 0.12 yrs -6% -10% -6% -12% -7% | BTC -57% ETH -14% SOL -33% [1.1s]
t2_emir_akisi_a1_spotvad_1h_n6_k2.0_h6                                 ret    -72.4% sh  -1.46 dd  -75.6% n   2093 a   -21.7% b  -0.02 g/t    -2.8 n/t   -17.4 exp 0.33 yrs -31% -27% -25% -28% +3% | BTC -80% ETH -88% SOL -42% [0.6s]
t2_emir_akisi_a1_spotvad_1h_n6_k3.0_h6                                 ret    -19.1% sh  -0.68 dd  -22.6% n    433 a    -3.7% b  -0.00 g/t    +0.1 n/t   -14.1 exp 0.07 yrs -8% +1% +3% -11% -4% | BTC -5% ETH -22% SOL -33% [0.4s]
t2_emir_akisi_a1_spotvad_1h_n24_k2.0_h6                                ret    -52.6% sh  -0.85 dd  -60.3% n    774 a   -10.8% b  -0.02 g/t    -9.2 n/t   -25.7 exp 0.23 yrs -24% -4% -37% -7% +10% | BTC -60% ETH -72% SOL -35% [0.5s]
t2_emir_akisi_a1_spotvad_1h_n24_k3.0_h6                                ret    -19.3% sh  -1.01 dd  -22.5% n    146 a    -4.0% b  -0.00 g/t   -28.3 n/t   -43.7 exp 0.04 yrs -2% -3% -8% -3% -4% | BTC -3% ETH -33% SOL -22% [0.4s]
t2_emir_akisi_a1_spotvad_1h_n72_k2.0_h6                                ret    -60.3% sh  -0.92 dd  -67.3% n    372 a   -10.6% b  -0.05 g/t   -49.5 n/t   -71.4 exp 0.22 yrs -13% -19% -33% -8% -8% | BTC -48% ETH -87% SOL -39% [0.4s]
t2_emir_akisi_a1_spotvad_1h_n72_k3.0_h6                                ret    -23.5% sh  -0.50 dd  -29.3% n     75 a    -2.5% b  -0.02 g/t   -65.9 n/t   -94.4 exp 0.04 yrs -1% -6% -15% -2% -1% | BTC +14% ETH -23% SOL -55% [0.4s]
t2_emir_akisi_a1_spotvad_1h_n1_k2.0_h24                                ret    -82.1% sh  -0.85 dd  -85.4% n   3365 a   -24.8% b  -0.03 g/t    +2.2 n/t   -12.5 exp 0.86 yrs -46% +15% -30% -34% -37% | BTC -76% ETH -84% SOL -97% [0.6s]
t2_emir_akisi_a1_spotvad_1h_n1_k3.0_h24                                ret    -39.1% sh  -0.55 dd  -47.1% n    816 a    -8.3% b  -0.00 g/t    -1.0 n/t   -15.2 exp 0.36 yrs -24% -8% -13% +12% -10% | BTC -70% ETH -44% SOL -8% [0.6s]
t2_emir_akisi_a1_spotvad_1h_n6_k2.0_h24                                ret    -75.7% sh  -0.85 dd  -85.1% n   1540 a   -19.2% b  -0.04 g/t    -7.4 n/t   -23.5 exp 0.67 yrs -43% -29% -23% -41% +33% | BTC -66% ETH -91% SOL -83% [0.6s]
t2_emir_akisi_a1_spotvad_1h_n6_k3.0_h24                                ret    -13.5% sh  -0.20 dd  -27.0% n    395 a    -1.1% b  -0.01 g/t    +5.9 n/t    -9.3 exp 0.21 yrs -7% -14% +18% -5% -3% | BTC -7% ETH -38% SOL -9% [0.4s]
t2_emir_akisi_a1_spotvad_1h_n24_k2.0_h24                               ret    -46.3% sh  -0.38 dd  -53.1% n    652 a    -2.1% b  -0.06 g/t    +1.2 n/t   -18.0 exp 0.43 yrs -25% +24% -26% -10% -12% | BTC -69% ETH -77% SOL +12% [0.4s]
t2_emir_akisi_a1_spotvad_1h_n24_k3.0_h24                               ret     -3.1% sh  -0.05 dd  -21.5% n    132 a    -0.1% b  -0.00 g/t   +12.3 n/t    -4.3 exp 0.10 yrs -2% +4% -2% -8% +4% | BTC +14% ETH -27% SOL +1% [0.4s]
t2_emir_akisi_a1_spotvad_1h_n72_k2.0_h24                               ret    -54.3% sh  -0.66 dd  -63.8% n    271 a    -6.4% b  -0.06 g/t   -55.6 n/t   -86.7 exp 0.32 yrs -10% -15% -27% -9% -10% | BTC -56% ETH -78% SOL -42% [0.4s]
t2_emir_akisi_a1_spotvad_1h_n72_k3.0_h24                               ret    -21.2% sh  -0.26 dd  -35.1% n     62 a    +1.1% b  -0.04 g/t   -71.2 n/t  -125.8 exp 0.06 yrs -1% -8% -4% -7% -5% | BTC -7% ETH -36% SOL -32% [0.4s]
t2_emir_akisi_a1_spotvad_15m_n1_k2.0_h4                                ret   -100.0% sh -11.42 dd -100.0% n  20815 a  -207.6% b  +0.00 g/t    -1.0 n/t   -15.0 exp 0.41 yrs -74% -91% -92% -85% -90% | BTC -100% ETH -100% SOL -100% [3.1s]
t2_emir_akisi_a1_spotvad_15m_n1_k3.0_h4                                ret    -73.7% sh  -4.14 dd  -73.7% n   3131 a   -26.3% b  -0.00 g/t    +1.2 n/t   -12.7 exp 0.07 yrs -16% -13% -27% -29% -30% | BTC -80% ETH -71% SOL -70% [1.6s]
t2_emir_akisi_a1_spotvad_15m_n4_k2.0_h4                                ret    -99.6% sh  -7.29 dd  -99.6% n  11561 a  -108.1% b  -0.00 g/t    -0.1 n/t   -14.1 exp 0.30 yrs -40% -76% -68% -66% -74% | BTC -100% ETH -100% SOL -99% [1.6s]
t2_emir_akisi_a1_spotvad_15m_n4_k3.0_h4                                ret    -59.7% sh  -2.98 dd  -59.9% n   2073 a   -17.7% b  -0.00 g/t    +1.0 n/t   -13.0 exp 0.06 yrs -8% -18% -15% -22% -20% | BTC -72% ETH -46% SOL -58% [1.5s]
t2_emir_akisi_a1_spotvad_15m_n24_k2.0_h4                               ret    -79.1% sh  -2.03 dd  -81.6% n   3417 a   -29.1% b  -0.01 g/t    +0.8 n/t   -13.4 exp 0.21 yrs -25% -25% -21% -32% -30% | BTC -88% ETH -73% SOL -79% [1.0s]
t2_emir_akisi_a1_spotvad_15m_n24_k3.0_h4                               ret    -20.9% sh  -0.74 dd  -26.7% n    636 a    -4.3% b  -0.00 g/t    +3.7 n/t   -10.5 exp 0.04 yrs -1% -5% -5% -8% -4% | BTC -22% ETH +0% SOL -39% [1.4s]
t2_emir_akisi_a1_spotvad_15m_n96_k2.0_h4                               ret    -65.1% sh  -1.37 dd  -72.4% n   1602 a   -17.8% b  -0.02 g/t    -5.1 n/t   -19.7 exp 0.20 yrs -27% -37% +1% -20% -5% | BTC -77% ETH -78% SOL -44% [0.9s]
t2_emir_akisi_a1_spotvad_15m_n96_k3.0_h4                               ret    -35.6% sh  -1.26 dd  -36.6% n    274 a    -7.8% b  -0.01 g/t   -32.3 n/t   -46.7 exp 0.03 yrs -20% -4% -10% -3% -4% | BTC -43% ETH -39% SOL -29% [0.9s]
t2_emir_akisi_a1_spotvad_15m_n1_k2.0_h16                               ret   -100.0% sh  -5.30 dd -100.0% n  15784 a  -163.9% b  +0.00 g/t    -1.6 n/t   -15.6 exp 0.80 yrs -66% -88% -80% -77% -89% | BTC -100% ETH -100% SOL -100% [2.8s]
t2_emir_akisi_a1_spotvad_15m_n1_k3.0_h16                               ret    -67.4% sh  -1.79 dd  -69.1% n   2866 a   -21.1% b  -0.00 g/t    +2.6 n/t   -11.4 exp 0.23 yrs -10% -19% -12% -31% -26% | BTC -65% ETH -64% SOL -78% [1.7s]
t2_emir_akisi_a1_spotvad_15m_n4_k2.0_h16                               ret    -99.4% sh  -3.82 dd  -99.5% n   9309 a   -96.1% b  -0.03 g/t    -2.0 n/t   -16.1 exp 0.65 yrs -54% -68% -62% -61% -74% | BTC -99% ETH -100% SOL -100% [1.3s]
t2_emir_akisi_a1_spotvad_15m_n4_k3.0_h16                               ret    -65.4% sh  -1.87 dd  -70.8% n   1929 a   -19.9% b  -0.01 g/t    -2.0 n/t   -16.0 exp 0.17 yrs +1% -33% -19% -25% -16% | BTC -69% ETH -47% SOL -78% [1.7s]
t2_emir_akisi_a1_spotvad_15m_n24_k2.0_h16                              ret    -88.3% sh  -1.92 dd  -90.2% n   2859 a   -39.0% b  -0.01 g/t    -6.6 n/t   -21.1 exp 0.36 yrs -37% -45% -40% -35% -13% | BTC -91% ETH -95% SOL -79% [1.3s]
t2_emir_akisi_a1_spotvad_15m_n24_k3.0_h16                              ret    -29.8% sh  -0.84 dd  -36.3% n    580 a    -6.0% b  -0.01 g/t    -3.6 n/t   -18.0 exp 0.07 yrs -15% -5% -0% -11% -2% | BTC -25% ETH -31% SOL -41% [0.8s]
t2_emir_akisi_a1_spotvad_15m_n96_k2.0_h16                              ret    -46.7% sh  -0.64 dd  -58.0% n   1142 a    -8.7% b  -0.02 g/t    -0.6 n/t   -15.7 exp 0.27 yrs -31% -18% +7% -13% +1% | BTC -78% ETH -57% SOL -2% [1.3s]
t2_emir_akisi_a1_spotvad_15m_n96_k3.0_h16                              ret    -35.5% sh  -1.12 dd  -38.2% n    207 a    -7.7% b  -0.01 g/t   -46.3 n/t   -61.6 exp 0.05 yrs -23% -5% -5% -4% -3% | BTC -41% ETH -51% SOL -17% [0.7s]
t2_emir_akisi_a1_spotvad_15m_n1_k2.0_h96                               ret    -99.9% sh  -2.77 dd -100.0% n  11203 a  -135.2% b  +0.00 g/t    -4.3 n/t   -18.5 exp 0.98 yrs -79% -89% -66% -63% -78% | BTC -100% ETH -100% SOL -100% [1.5s]
t2_emir_akisi_a1_spotvad_15m_n1_k3.0_h96                               ret    -78.4% sh  -0.96 dd  -81.8% n   2203 a   -26.6% b  -0.00 g/t    -3.9 n/t   -17.9 exp 0.72 yrs -36% -51% -11% +8% -27% | BTC -81% ETH -95% SOL -63% [1.5s]
t2_emir_akisi_a1_spotvad_15m_n4_k2.0_h96                               ret    -99.5% sh  -2.16 dd  -99.6% n   6026 a   -89.8% b  -0.06 g/t   -10.0 n/t   -24.3 exp 0.97 yrs -76% -80% -34% -57% -65% | BTC -100% ETH -100% SOL -100% [1.3s]
t2_emir_akisi_a1_spotvad_15m_n4_k3.0_h96                               ret    -75.7% sh  -1.08 dd  -78.6% n   1548 a   -24.4% b  -0.01 g/t    -9.8 n/t   -24.2 exp 0.60 yrs -47% -12% -37% -0% -17% | BTC -75% ETH -62% SOL -94% [1.6s]
t2_emir_akisi_a1_spotvad_15m_n24_k2.0_h96                              ret    -90.1% sh  -1.14 dd  -92.7% n   2058 a   -34.5% b  -0.05 g/t   -13.8 n/t   -29.4 exp 0.80 yrs -64% -50% -36% -31% +27% | BTC -93% ETH -97% SOL -92% [0.8s]
t2_emir_akisi_a1_spotvad_15m_n24_k3.0_h96                              ret    -49.3% sh  -0.78 dd  -57.1% n    533 a   -10.8% b  -0.01 g/t   -20.5 n/t   -35.6 exp 0.28 yrs -41% -19% +3% +2% -0% | BTC -54% ETH -71% SOL -36% [1.3s]
t2_emir_akisi_a1_spotvad_15m_n96_k2.0_h96                              ret    -27.9% sh  -0.11 dd  -51.2% n    879 a    +5.0% b  -0.07 g/t   +10.4 n/t    -6.4 exp 0.55 yrs -30% +4% +35% -2% -25% | BTC -75% ETH -42% SOL -15% [0.8s]
t2_emir_akisi_a1_spotvad_15m_n96_k3.0_h96                              ret    -39.8% sh  -0.71 dd  -43.7% n    185 a    -7.2% b  -0.02 g/t   -56.8 n/t   -74.8 exp 0.13 yrs -35% +13% -2% -9% -8% | BTC -46% ETH -60% SOL -20% [1.4s]
t2_emir_akisi_a1_spotvad_5m_n1_k2.0_h12                                ret   -100.0% sh -15.74 dd -100.0% n  50539 a  -474.9% b  -0.02 g/t    -0.3 n/t   -14.3 exp 0.72 yrs -96% -100% -99% -100% -100% | BTC -100% ETH -100% SOL -100% [9.6s]
t2_emir_akisi_a1_spotvad_5m_n1_k3.0_h12                                ret    -96.5% sh  -6.10 dd  -96.5% n   7004 a   -66.5% b  +0.00 g/t    -0.3 n/t   -14.3 exp 0.15 yrs -29% -46% -54% -50% -60% | BTC -96% ETH -98% SOL -95% [2.6s]
t2_emir_akisi_a1_spotvad_5m_n12_k2.0_h12                               ret   -100.0% sh  -8.08 dd -100.0% n  15499 a  -150.3% b  -0.01 g/t    -0.6 n/t   -14.7 exp 0.40 yrs -67% -82% -78% -80% -82% | BTC -100% ETH -100% SOL -100% [3.3s]
t2_emir_akisi_a1_spotvad_5m_n12_k3.0_h12                               ret    -70.4% sh  -3.03 dd  -71.1% n   2959 a   -23.9% b  -0.00 g/t    +1.8 n/t   -12.2 exp 0.08 yrs -13% -21% -21% -28% -23% | BTC -82% ETH -65% SOL -63% [2.6s]
t2_emir_akisi_a1_spotvad_5m_n72_k2.0_h12                               ret    -87.4% sh  -2.49 dd  -88.9% n   4353 a   -39.2% b  -0.01 g/t    +0.2 n/t   -13.9 exp 0.25 yrs -28% -27% -37% -42% -35% | BTC -93% ETH -89% SOL -83% [2.3s]
t2_emir_akisi_a1_spotvad_5m_n72_k3.0_h12                               ret    -21.9% sh  -0.65 dd  -30.5% n    830 a    -4.0% b  -0.01 g/t    +5.6 n/t    -8.5 exp 0.04 yrs +0% +5% -10% -10% -8% | BTC -41% ETH -17% SOL -10% [2.1s]
t2_emir_akisi_a1_spotvad_5m_n288_k2.0_h12                              ret    -72.5% sh  -1.46 dd  -77.7% n   2364 a   -20.9% b  -0.03 g/t    -1.9 n/t   -16.2 exp 0.28 yrs -15% -40% -14% -16% -26% | BTC -86% ETH -88% SOL -30% [2.0s]
t2_emir_akisi_a1_spotvad_5m_n288_k3.0_h12                              ret    -29.3% sh  -0.92 dd  -31.9% n    498 a    -5.7% b  -0.01 g/t    -5.9 n/t   -19.8 exp 0.04 yrs -13% -4% -12% -2% -2% | BTC -44% ETH -37% SOL -7% [2.0s]
t2_emir_akisi_a1_spotvad_5m_n1_k2.0_h48                                ret   -100.0% sh  -8.64 dd -100.0% n  36752 a  -369.3% b  -0.01 g/t    -1.3 n/t   -15.3 exp 0.96 yrs -87% -100% -96% -98% -99% | BTC -100% ETH -100% SOL -100% [5.0s]
t2_emir_akisi_a1_spotvad_5m_n1_k3.0_h48                                ret    -90.7% sh  -2.28 dd  -91.0% n   6124 a   -45.4% b  -0.00 g/t    +2.7 n/t   -11.3 exp 0.42 yrs -24% -35% -31% -43% -53% | BTC -93% ETH -97% SOL -81% [2.4s]
t2_emir_akisi_a1_spotvad_5m_n12_k2.0_h48                               ret    -99.9% sh  -4.44 dd  -99.9% n  12028 a  -133.6% b  +0.00 g/t    -2.7 n/t   -16.8 exp 0.76 yrs -69% -74% -73% -78% -80% | BTC -100% ETH -100% SOL -100% [3.1s]
t2_emir_akisi_a1_spotvad_5m_n12_k3.0_h48                               ret    -78.5% sh  -2.11 dd  -81.6% n   2724 a   -29.8% b  +0.00 g/t    -2.3 n/t   -16.4 exp 0.24 yrs -18% -31% -23% -32% -28% | BTC -78% ETH -81% SOL -82% [2.8s]
t2_emir_akisi_a1_spotvad_5m_n72_k2.0_h48                               ret    -88.4% sh  -1.82 dd  -91.3% n   3579 a   -39.3% b  -0.01 g/t    -2.9 n/t   -17.1 exp 0.43 yrs -29% -34% -47% -37% -25% | BTC -95% ETH -98% SOL -44% [2.5s]
t2_emir_akisi_a1_spotvad_5m_n72_k3.0_h48                               ret    -30.0% sh  -0.66 dd  -37.9% n    755 a    -5.5% b  -0.01 g/t    +0.6 n/t   -13.7 exp 0.09 yrs -5% +4% -11% -14% -7% | BTC -47% ETH -30% SOL -21% [1.8s]
t2_emir_akisi_a1_spotvad_5m_n288_k2.0_h48                              ret    -71.7% sh  -1.09 dd  -77.2% n   1669 a   -20.9% b  -0.02 g/t    -7.8 n/t   -22.2 exp 0.37 yrs -19% -48% +0% -20% -17% | BTC -79% ETH -83% SOL -71% [2.3s]
t2_emir_akisi_a1_spotvad_5m_n288_k3.0_h48                              ret    -37.6% sh  -0.98 dd  -43.4% n    398 a    -8.3% b  -0.01 g/t   -19.4 n/t   -33.8 exp 0.07 yrs -19% +0% -22% -2% +0% | BTC -52% ETH -47% SOL -14% [1.8s]
t2_emir_akisi_a1_spotvad_5m_n1_k2.0_h288                               ret   -100.0% sh  -6.78 dd -100.0% n  33120 a  -340.9% b  -0.05 g/t    -2.1 n/t   -16.1 exp 1.00 yrs -89% -100% -96% -96% -98% | BTC -100% ETH -100% SOL -100% [4.3s]
t2_emir_akisi_a1_spotvad_5m_n1_k3.0_h288                               ret    -94.3% sh  -1.31 dd  -94.8% n   4367 a   -51.0% b  +0.01 g/t    -3.5 n/t   -17.6 exp 0.89 yrs -35% -56% -41% -29% -53% | BTC -95% ETH -99% SOL -96% [2.8s]
t2_emir_akisi_a1_spotvad_5m_n12_k2.0_h288                              ret    -99.8% sh  -2.32 dd  -99.8% n   7998 a  -112.6% b  -0.02 g/t    -7.7 n/t   -21.8 exp 0.99 yrs -73% -75% -77% -60% -73% | BTC -100% ETH -100% SOL -100% [2.6s]
t2_emir_akisi_a1_spotvad_5m_n12_k3.0_h288                              ret    -71.3% sh  -0.73 dd  -77.1% n   2126 a   -20.0% b  -0.01 g/t    -0.9 n/t   -14.9 exp 0.73 yrs -22% -8% -37% -22% -20% | BTC -68% ETH -72% SOL -94% [2.1s]
t2_emir_akisi_a1_spotvad_5m_n72_k2.0_h288                              ret    -72.0% sh  -0.48 dd  -83.9% n   2579 a   -15.3% b  -0.03 g/t    +3.8 n/t   -11.2 exp 0.89 yrs -45% -38% +6% -41% +30% | BTC -88% ETH -88% SOL -85% [2.2s]
t2_emir_akisi_a1_spotvad_5m_n72_k3.0_h288                              ret    -51.2% sh  -0.68 dd  -56.6% n    700 a   -10.4% b  -0.02 g/t   -13.9 n/t   -28.5 exp 0.34 yrs -24% -3% -17% -20% -1% | BTC -66% ETH -82% SOL +6% [2.3s]
t2_emir_akisi_a1_spotvad_5m_n288_k2.0_h288                             ret    -80.2% sh  -0.89 dd  -84.1% n   1291 a   -23.3% b  -0.04 g/t   -19.7 n/t   -34.5 exp 0.71 yrs -38% -42% -4% -26% -23% | BTC -59% ETH -94% SOL -94% [2.0s]
t2_emir_akisi_a1_spotvad_5m_n288_k3.0_h288                             ret    -42.4% sh  -0.56 dd  -48.1% n    353 a    -7.0% b  -0.02 g/t   -26.0 n/t   -40.8 exp 0.22 yrs -33% +18% -23% +1% -5% | BTC -44% ETH -70% SOL -23% [2.3s]
