t2_emir_akisi_a1_uyum_15m_n4_k2.0_h4                                   ret    -96.7% sh  -2.06 dd  -96.7% n   8740 a   -67.2% b  +0.04 g/t    +3.1 n/t   -11.0 exp 0.19 yrs -55% -34% -54% -54% -47% | BTC -98% ETH -98% SOL -96% [2.5s]
t2_emir_akisi_a1_uyum_15m_n4_k3.0_h4                                   ret   +100.1% sh  +0.69 dd  -40.8% n   2280 a   +14.1% b  +0.02 g/t   +24.5 n/t   +10.3 exp 0.05 yrs +48% +49% -8% -3% +1% | BTC -10% ETH +1% SOL +418% [1.0s]
t2_emir_akisi_a1_uyum_15m_n24_k2.0_h4                                  ret    +79.1% sh  +0.59 dd  -29.2% n   2450 a    +8.8% b  +0.05 g/t   +22.3 n/t    +8.5 exp 0.12 yrs +4% +104% +9% -11% -13% | BTC -38% ETH +88% SOL +136% [0.8s]
t2_emir_akisi_a1_uyum_15m_n24_k3.0_h4                                  ret   +291.5% sh  +1.81 dd  -23.3% n    673 a   +27.4% b  +0.01 g/t   +74.3 n/t   +60.7 exp 0.03 yrs +24% +157% -4% +1% +27% | BTC +127% ETH +244% SOL +396% [0.8s]
t2_emir_akisi_a1_uyum_15m_n96_k2.0_h4                                  ret    +89.9% sh  +0.59 dd  -38.3% n    920 a    +4.3% b  +0.11 g/t   +34.5 n/t   +23.2 exp 0.08 yrs -7% +113% +0% -3% -1% | BTC +71% ETH +48% SOL +35% [0.7s]
t2_emir_akisi_a1_uyum_15m_n96_k3.0_h4                                  ret    +64.5% sh  +0.62 dd  -31.5% n    240 a    +3.6% b  +0.07 g/t   +67.1 n/t   +58.2 exp 0.02 yrs +10% +32% -5% +9% +10% | BTC +29% ETH +90% SOL +18% [1.2s]
t2_emir_akisi_a1_uyum_15m_n4_k2.0_h16                                  ret    -96.8% sh  -1.52 dd  -97.2% n   7438 a   -64.2% b  +0.03 g/t    +1.5 n/t   -12.5 exp 0.47 yrs -47% -64% -50% -44% -40% | BTC -96% ETH -98% SOL -99% [2.0s]
t2_emir_akisi_a1_uyum_15m_n4_k3.0_h16                                  ret     -7.3% sh  +0.11 dd  -52.0% n   2018 a    -3.4% b  +0.06 g/t   +15.1 n/t    +1.2 exp 0.13 yrs +8% +8% -3% -9% -9% | BTC -19% ETH -48% SOL -25% [1.5s]
t2_emir_akisi_a1_uyum_15m_n24_k2.0_h16                                 ret    +77.2% sh  +0.51 dd  -37.0% n   2046 a    +9.1% b  +0.07 g/t   +24.5 n/t   +11.0 exp 0.22 yrs -2% +87% +9% -15% +4% | BTC -40% ETH -11% SOL +264% [1.4s]
t2_emir_akisi_a1_uyum_15m_n24_k3.0_h16                                 ret   +227.6% sh  +1.16 dd  -29.4% n    561 a   +21.2% b  +0.04 g/t   +80.1 n/t   +66.7 exp 0.06 yrs +19% +164% -18% -1% +28% | BTC +150% ETH +218% SOL +145% [0.8s]
t2_emir_akisi_a1_uyum_15m_n96_k2.0_h16                                 ret   +130.3% sh  +0.67 dd  -39.7% n    640 a    +6.5% b  +0.14 g/t   +49.5 n/t   +40.3 exp 0.12 yrs +4% +118% +9% +4% -10% | BTC +136% ETH +109% SOL +7% [0.9s]
t2_emir_akisi_a1_uyum_15m_n96_k3.0_h16                                 ret    +46.0% sh  +0.46 dd  -39.0% n    158 a    +0.7% b  +0.08 g/t   +80.0 n/t   +76.4 exp 0.03 yrs +6% +40% -16% +7% +9% | BTC +44% ETH +54% SOL -13% [1.2s]
t2_emir_akisi_a1_uyum_15m_n4_k2.0_h96                                  ret    -96.1% sh  -0.96 dd  -96.7% n   5405 a   -54.6% b  +0.04 g/t    -0.6 n/t   -14.4 exp 0.93 yrs -25% -69% -48% -32% -52% | BTC -95% ETH -98% SOL -100% [1.3s]
t2_emir_akisi_a1_uyum_15m_n4_k3.0_h96                                  ret    -49.9% sh  -0.10 dd  -80.6% n   1665 a    -9.9% b  +0.05 g/t    +7.0 n/t    -6.2 exp 0.45 yrs +24% +33% -43% -9% -41% | BTC -60% ETH -86% SOL -61% [1.7s]
t2_emir_akisi_a1_uyum_15m_n24_k2.0_h96                                 ret     +3.7% sh  +0.23 dd  -51.9% n   1583 a    -1.5% b  +0.10 g/t   +20.1 n/t    +7.1 exp 0.58 yrs -16% +31% +4% +11% -18% | BTC -28% ETH -72% SOL -20% [1.0s]
t2_emir_akisi_a1_uyum_15m_n24_k3.0_h96                                 ret   +204.4% sh  +0.82 dd  -35.6% n    464 a   +16.2% b  +0.10 g/t   +95.7 n/t   +84.4 exp 0.18 yrs -2% +224% -16% -4% +19% | BTC +334% ETH +46% SOL +54% [0.8s]
t2_emir_akisi_a1_uyum_15m_n96_k2.0_h96                                 ret    +41.3% sh  +0.37 dd  -48.0% n    472 a    -4.8% b  +0.17 g/t   +34.1 n/t   +27.9 exp 0.27 yrs +2% +64% +1% -3% -13% | BTC +163% ETH -21% SOL -63% [1.0s]
t2_emir_akisi_a1_uyum_15m_n96_k3.0_h96                                 ret    +35.7% sh  +0.35 dd  -43.2% n    126 a    -4.7% b  +0.13 g/t   +56.7 n/t   +67.0 exp 0.07 yrs -2% +50% -13% -2% +8% | BTC +7% ETH +26% SOL -6% [0.8s]
t2_emir_akisi_a1_uyum_5m_n12_k2.0_h12                                  ret    -99.2% sh  -2.85 dd  -99.3% n  11156 a   -96.7% b  +0.05 g/t    +1.6 n/t   -12.5 exp 0.26 yrs -59% -61% -65% -62% -62% | BTC -99% ETH -99% SOL -100% [4.4s]
t2_emir_akisi_a1_uyum_5m_n12_k3.0_h12                                  ret    -13.6% sh  -0.02 dd  -52.4% n   2839 a    -4.0% b  +0.03 g/t   +12.9 n/t    -1.2 exp 0.06 yrs +12% +22% -26% -9% -6% | BTC -65% ETH -29% SOL +39% [2.1s]
t2_emir_akisi_a1_uyum_5m_n72_k2.0_h12                                  ret    +62.3% sh  +0.51 dd  -31.4% n   2931 a   +11.4% b  +0.01 g/t   +19.2 n/t    +5.4 exp 0.14 yrs +10% +80% +4% -16% -6% | BTC -33% ETH +77% SOL +59% [2.3s]
t2_emir_akisi_a1_uyum_5m_n72_k3.0_h12                                  ret   +299.0% sh  +1.76 dd  -22.6% n    693 a   +27.9% b  +0.01 g/t   +71.9 n/t   +58.8 exp 0.03 yrs +28% +112% +18% +1% +23% | BTC +34% ETH +180% SOL +972% [2.1s]
t2_emir_akisi_a1_uyum_5m_n288_k2.0_h12                                 ret   +105.6% sh  +0.71 dd  -35.6% n   1155 a    +9.1% b  +0.07 g/t   +30.9 n/t   +18.5 exp 0.10 yrs -10% +114% -4% -5% +18% | BTC +65% ETH +39% SOL +68% [2.0s]
t2_emir_akisi_a1_uyum_5m_n288_k3.0_h12                                 ret   +143.6% sh  +1.28 dd  -24.3% n    270 a   +15.7% b  +0.03 g/t  +102.6 n/t   +93.1 exp 0.02 yrs +23% +70% -3% +19% +0% | BTC +98% ETH +155% SOL +81% [1.8s]
t2_emir_akisi_a1_uyum_5m_n12_k2.0_h48                                  ret    -98.8% sh  -2.04 dd  -99.0% n   9398 a   -87.0% b  +0.06 g/t    +0.9 n/t   -13.2 exp 0.57 yrs -59% -68% -53% -57% -54% | BTC -100% ETH -98% SOL -100% [2.7s]
t2_emir_akisi_a1_uyum_5m_n12_k3.0_h48                                  ret    -36.0% sh  -0.14 dd  -61.4% n   2588 a    -8.5% b  +0.04 g/t   +10.1 n/t    -3.8 exp 0.17 yrs +15% -20% +3% -16% -20% | BTC -66% ETH -9% SOL -70% [2.3s]
t2_emir_akisi_a1_uyum_5m_n72_k2.0_h48                                  ret     +5.5% sh  +0.19 dd  -55.1% n   2388 a    +3.3% b  +0.02 g/t   +16.0 n/t    +2.3 exp 0.26 yrs +3% +48% -10% -19% -5% | BTC -57% ETH +65% SOL -48% [2.0s]
t2_emir_akisi_a1_uyum_5m_n72_k3.0_h48                                  ret   +222.0% sh  +1.14 dd  -24.6% n    599 a   +23.7% b  +0.02 g/t   +73.9 n/t   +61.9 exp 0.06 yrs +2% +156% +10% -5% +18% | BTC +52% ETH +242% SOL +247% [1.9s]
t2_emir_akisi_a1_uyum_5m_n288_k2.0_h48                                 ret   +184.4% sh  +0.86 dd  -39.8% n    799 a   +14.7% b  +0.09 g/t   +52.8 n/t   +41.7 exp 0.15 yrs -3% +203% -10% -6% +14% | BTC +131% ETH +82% SOL +109% [2.1s]
t2_emir_akisi_a1_uyum_5m_n288_k3.0_h48                                 ret   +196.4% sh  +1.31 dd  -26.0% n    200 a   +19.3% b  +0.03 g/t  +160.8 n/t  +156.5 exp 0.03 yrs +19% +106% -0% +21% -0% | BTC +185% ETH +211% SOL +76% [2.8s]
t2_emir_akisi_a1_uyum_5m_n12_k2.0_h288                                 ret    -98.8% sh  -1.38 dd  -99.2% n   6690 a   -82.6% b  +0.08 g/t    -3.2 n/t   -17.2 exp 0.97 yrs -45% -69% -46% -57% -70% | BTC -99% ETH -99% SOL -100% [2.7s]
t2_emir_akisi_a1_uyum_5m_n12_k3.0_h288                                 ret    -49.0% sh  -0.08 dd  -70.8% n   2130 a    -8.6% b  +0.04 g/t    +9.5 n/t    -4.3 exp 0.56 yrs -7% +17% -5% -9% -45% | BTC -77% ETH -24% SOL -90% [1.7s]
t2_emir_akisi_a1_uyum_5m_n72_k2.0_h288                                 ret     -3.3% sh  +0.21 dd  -70.9% n   1910 a    +2.2% b  +0.06 g/t   +16.9 n/t    +3.7 exp 0.67 yrs -2% +120% -4% -16% -45% | BTC -74% ETH +4% SOL -66% [1.5s]
t2_emir_akisi_a1_uyum_5m_n72_k3.0_h288                                 ret   +165.5% sh  +0.72 dd  -39.2% n    523 a   +14.1% b  +0.10 g/t   +70.8 n/t   +62.7 exp 0.21 yrs -16% +144% +2% +1% +26% | BTC +85% ETH +68% SOL +86% [1.8s]
t2_emir_akisi_a1_uyum_5m_n288_k2.0_h288                                ret   +206.1% sh  +0.75 dd  -39.8% n    625 a   +12.4% b  +0.16 g/t   +66.8 n/t   +58.3 exp 0.34 yrs +7% +244% -12% -17% +13% | BTC +179% ETH +145% SOL -9% [1.6s]
t2_emir_akisi_a1_uyum_5m_n288_k3.0_h288                                ret    +82.6% sh  +0.57 dd  -36.3% n    163 a    +4.9% b  +0.10 g/t   +89.3 n/t   +95.3 exp 0.09 yrs -7% +96% -6% +8% -1% | BTC +93% ETH +50% SOL -3% [1.9s]
