t2_emir_akisi_a2_gartik_donus_1h_n6_k3.0_h1                            ret    +72.9% sh  +0.86 dd  -24.9% n    832 a    +9.8% b  +0.02 g/t   +33.9 n/t   +19.7 exp 0.03 yrs +7% +71% -9% -7% +11% | BTC +56% ETH +60% SOL +53% [1.2s]
t2_emir_akisi_a2_gartik_donus_1h_n24_k3.0_h1                           ret    +28.2% sh  +0.37 dd  -34.0% n    433 a    +1.5% b  +0.05 g/t   +31.0 n/t   +18.8 exp 0.03 yrs +6% +22% -6% -7% +12% | BTC +45% ETH +62% SOL -34% [0.7s]
t2_emir_akisi_a2_gartik_donus_1h_n72_k3.0_h1                           ret    +41.4% sh  +0.40 dd  -39.7% n    270 a    +1.3% b  +0.07 g/t   +42.1 n/t   +36.4 exp 0.03 yrs +5% +25% +1% -4% +11% | BTC +76% ETH -25% SOL +56% [0.4s]
t2_emir_akisi_a2_gartik_donus_1h_n6_k3.0_h6                            ret    -15.5% sh  -0.02 dd  -47.4% n    666 a    -6.3% b  +0.05 g/t    +9.8 n/t    -3.3 exp 0.08 yrs -8% +11% -19% +3% -2% | BTC -25% ETH -72% SOL +74% [0.4s]
t2_emir_akisi_a2_gartik_donus_1h_n24_k3.0_h6                           ret    +27.4% sh  +0.32 dd  -43.6% n    260 a    +0.1% b  +0.07 g/t   +38.3 n/t   +29.6 exp 0.06 yrs -1% +44% -6% -9% +4% | BTC +54% ETH +87% SOL -53% [0.4s]
t2_emir_akisi_a2_gartik_donus_1h_n72_k3.0_h6                           ret    +13.2% sh  +0.22 dd  -46.4% n    141 a    -3.6% b  +0.08 g/t   +20.2 n/t   +24.4 exp 0.05 yrs -1% +27% -19% -3% +14% | BTC +34% ETH -42% SOL +32% [0.3s]
t2_emir_akisi_a2_gartik_donus_1h_n6_k3.0_h24                           ret    +26.1% sh  +0.31 dd  -46.4% n    552 a    +1.5% b  +0.08 g/t   +34.3 n/t   +22.3 exp 0.19 yrs -7% +39% -25% +20% +8% | BTC +19% ETH -75% SOL +192% [0.6s]
t2_emir_akisi_a2_gartik_donus_1h_n24_k3.0_h24                          ret    +22.7% sh  +0.28 dd  -40.9% n    220 a    -2.9% b  +0.10 g/t   +35.6 n/t   +29.2 exp 0.11 yrs -9% +44% -1% -15% +11% | BTC +79% ETH +47% SOL -60% [0.5s]
t2_emir_akisi_a2_gartik_donus_1h_n72_k3.0_h24                          ret     -6.1% sh  +0.09 dd  -47.1% n    101 a    -9.2% b  +0.10 g/t   -14.0 n/t    -0.2 exp 0.08 yrs -2% +19% -21% -7% +9% | BTC +30% ETH -52% SOL -12% [0.3s]
t2_emir_akisi_a2_gartik_donus_15m_n4_k3.0_h4                           ret    -36.8% sh  -0.21 dd  -67.6% n   3867 a    -9.0% b  +0.03 g/t   +11.8 n/t    -2.4 exp 0.07 yrs +2% +31% -28% -25% -14% | BTC -84% ETH -70% SOL +176% [1.6s]
t2_emir_akisi_a2_gartik_donus_15m_n24_k3.0_h4                          ret   +230.3% sh  +1.25 dd  -29.2% n   1266 a   +23.0% b  +0.03 g/t   +43.7 n/t   +29.5 exp 0.05 yrs +26% +175% -1% -11% +9% | BTC +2% ETH +90% SOL +961% [0.8s]
t2_emir_akisi_a2_gartik_donus_15m_n96_k3.0_h4                          ret    +20.3% sh  +0.28 dd  -40.6% n    664 a    -1.5% b  +0.07 g/t   +22.5 n/t   +10.2 exp 0.05 yrs -3% +79% -21% -7% -5% | BTC +22% ETH +12% SOL -25% [0.9s]
t2_emir_akisi_a2_gartik_donus_15m_n4_k3.0_h16                          ret    -79.4% sh  -0.77 dd  -84.2% n   3344 a   -28.2% b  +0.02 g/t    +2.3 n/t   -11.9 exp 0.18 yrs -12% -44% -20% -29% -26% | BTC -84% ETH -79% SOL -91% [1.2s]
t2_emir_akisi_a2_gartik_donus_15m_n24_k3.0_h16                         ret    +53.4% sh  +0.45 dd  -53.2% n   1041 a    +8.5% b  +0.03 g/t   +29.6 n/t   +15.7 exp 0.10 yrs +4% +119% -34% -12% +16% | BTC -19% ETH -21% SOL +158% [1.3s]
t2_emir_akisi_a2_gartik_donus_15m_n96_k3.0_h16                         ret    +22.2% sh  +0.29 dd  -55.3% n    457 a    -1.4% b  +0.08 g/t   +30.1 n/t   +18.9 exp 0.07 yrs +0% +128% -41% -1% -9% | BTC +31% ETH -6% SOL -19% [1.2s]
t2_emir_akisi_a2_gartik_donus_15m_n4_k3.0_h96                          ret    -89.5% sh  -0.76 dd  -94.1% n   2659 a   -33.6% b  -0.01 g/t    -6.1 n/t   -19.8 exp 0.55 yrs +23% -61% -55% -21% -38% | BTC -88% ETH -92% SOL -98% [1.3s]
t2_emir_akisi_a2_gartik_donus_15m_n24_k3.0_h96                         ret    -42.8% sh  -0.11 dd  -65.1% n    848 a    -8.5% b  +0.04 g/t    +2.6 n/t   -10.5 exp 0.28 yrs -24% +54% -36% -2% -22% | BTC -48% ETH -91% SOL +2% [1.3s]
t2_emir_akisi_a2_gartik_donus_15m_n96_k3.0_h96                         ret     +5.0% sh  +0.21 dd  -56.4% n    356 a    -7.4% b  +0.13 g/t   +18.6 n/t   +10.5 exp 0.17 yrs -13% +132% -33% -14% -9% | BTC +64% ETH -30% SOL -62% [1.1s]
t2_emir_akisi_a2_gartik_donus_5m_n12_k3.0_h12                          ret    -76.1% sh  -0.85 dd  -82.6% n   4985 a   -28.9% b  +0.04 g/t    +6.3 n/t    -7.9 exp 0.10 yrs -15% -21% -33% -23% -32% | BTC -92% ETH -91% SOL -20% [4.5s]
t2_emir_akisi_a2_gartik_donus_5m_n72_k3.0_h12                          ret   +261.9% sh  +1.23 dd  -25.5% n   1596 a   +27.7% b  +0.00 g/t   +38.4 n/t   +24.6 exp 0.07 yrs +12% +152% +22% -11% +18% | BTC -23% ETH +135% SOL +1336% [2.1s]
t2_emir_akisi_a2_gartik_donus_5m_n288_k3.0_h12                         ret     +6.1% sh  +0.17 dd  -41.9% n   1022 a    -2.5% b  +0.05 g/t   +16.1 n/t    +2.9 exp 0.06 yrs -14% +73% -25% -14% +10% | BTC -32% ETH +45% SOL -31% [2.1s]
t2_emir_akisi_a2_gartik_donus_5m_n12_k3.0_h48                          ret    -93.3% sh  -1.36 dd  -94.8% n   4375 a   -51.9% b  +0.04 g/t    -3.2 n/t   -17.3 exp 0.23 yrs -34% -60% -44% -33% -33% | BTC -98% ETH -85% SOL -98% [2.3s]
t2_emir_akisi_a2_gartik_donus_5m_n72_k3.0_h48                          ret    +93.9% sh  +0.59 dd  -42.5% n   1319 a   +16.9% b  +0.01 g/t   +31.5 n/t   +17.6 exp 0.12 yrs -17% +189% -1% -21% +4% | BTC -48% ETH +85% SOL +228% [2.0s]
t2_emir_akisi_a2_gartik_donus_5m_n288_k3.0_h48                         ret    +15.8% sh  +0.25 dd  -55.0% n    741 a    -1.8% b  +0.07 g/t   +20.8 n/t    +9.2 exp 0.10 yrs -15% +148% -42% -10% +6% | BTC +13% ETH +23% SOL -43% [2.0s]
t2_emir_akisi_a2_gartik_donus_5m_n12_k3.0_h288                         ret    -91.8% sh  -0.78 dd  -94.9% n   3432 a   -38.5% b  +0.00 g/t    -3.6 n/t   -17.6 exp 0.67 yrs +4% -24% -61% -37% -58% | BTC -98% ETH -88% SOL -98% [2.4s]
t2_emir_akisi_a2_gartik_donus_5m_n72_k3.0_h288                         ret   +193.6% sh  +0.72 dd  -57.1% n   1123 a   +26.2% b  +0.04 g/t   +50.3 n/t   +37.5 exp 0.37 yrs -35% +426% -3% -2% -9% | BTC -53% ETH -2% SOL +1063% [1.9s]
t2_emir_akisi_a2_gartik_donus_5m_n288_k3.0_h288                        ret    +65.5% sh  +0.46 dd  -51.7% n    583 a    +3.5% b  +0.11 g/t   +35.8 n/t   +28.4 exp 0.28 yrs -19% +249% -21% -26% -0% | BTC +34% ETH -7% SOL +17% [1.9s]
