t2_emir_akisi_a4_uyum_5m_n72_k3.5_h12_L1000                            ret   +310.7% sh  +1.79 dd  -11.5% n    380 a   +31.4% b  -0.02 g/t  +125.8 n/t  +112.5 exp 0.01 yrs +33% +89% +21% +9% +25% 2x +244.0% wob +260% | BTC +188% ETH +206% SOL +477% [4.0s]
t2_emir_akisi_a4_uyum_5m_n72_k3.5_h12_L4000                            ret   +381.8% sh  +1.82 dd  -24.2% n    437 a   +33.1% b  -0.00 g/t  +119.2 n/t  +106.4 exp 0.02 yrs +10% +179% +20% +7% +22% 2x +293.0% wob +336% | BTC +120% ETH +228% SOL +901% [2.0s]
t2_emir_akisi_a4_uyum_5m_n72_k4.0_h12                                  ret   +321.8% sh  +2.13 dd  -16.5% n    241 a   +31.0% b  -0.01 g/t  +189.9 n/t  +177.0 exp 0.01 yrs +28% +79% +26% +17% +26% 2x +277.0% wob +288% | BTC +110% ETH +283% SOL +577% [1.9s]
t2_emir_akisi_a4_uyum_5m_n72_k3.5_h12_uzun                             ret   +380.0% sh  +2.14 dd  -16.1% n    224 a   +33.7% b  -0.01 g/t  +221.3 n/t  +208.5 exp 0.01 yrs +27% +131% +21% +10% +24% 2x +332.5% wob +333% | BTC +97% ETH +380% SOL +735% [2.2s]
t2_emir_akisi_a4_uyum_5m_n72_k3.5_h12_kisa                             ret    +14.4% sh  +0.65 dd   -7.8% n    174 a    +2.8% b  +0.00 g/t   +36.2 n/t   +22.5 exp 0.01 yrs +6% +4% -1% +6% -1% 2x +5.5% wob +11% | BTC +20% ETH -3% SOL +22% [2.1s]
t2_emir_akisi_a4_uyum_5m_n72_k3.5_h12_ez0                              ret   +470.4% sh  +2.25 dd  -16.6% n    398 a   +37.1% b  -0.01 g/t  +143.5 n/t  +130.3 exp 0.01 yrs +35% +143% +22% +17% +21% 2x +373.8% wob +414% | BTC +147% ETH +362% SOL +1010% [2.0s]
t2_emir_akisi_a4_uyum_15m_n24_k3.5_h2_L1000                            ret   +150.0% sh  +1.68 dd  -17.9% n    408 a   +19.1% b  -0.00 g/t   +80.0 n/t   +66.9 exp 0.01 yrs +7% +81% +20% +4% +3% 2x +106.7% wob +132% | BTC +61% ETH +80% SOL +322% [1.0s]
t2_emir_akisi_a4_uyum_15m_n24_k3.5_h2_L4000                            ret   +326.1% sh  +1.78 dd  -21.1% n    520 a   +28.7% b  +0.01 g/t   +97.5 n/t   +83.5 exp 0.02 yrs +21% +133% +23% +11% +11% 2x +234.3% wob +295% | BTC +131% ETH +479% SOL +301% [0.8s]
t2_emir_akisi_a4_uyum_15m_n24_k4.0_h2                                  ret   +213.7% sh  +1.77 dd  -17.9% n    278 a   +24.3% b  -0.01 g/t  +135.1 n/t  +121.5 exp 0.01 yrs +12% +104% +27% +2% +6% 2x +175.6% wob +196% | BTC +72% ETH +148% SOL +460% [0.8s]
t2_emir_akisi_a4_uyum_15m_n24_k3.5_h2_uzun                             ret   +282.7% sh  +1.97 dd  -20.2% n    288 a   +28.0% b  -0.00 g/t  +150.5 n/t  +137.7 exp 0.01 yrs +9% +146% +20% +4% +14% 2x +234.6% wob +261% | BTC +118% ETH +270% SOL +435% [0.9s]
t2_emir_akisi_a4_uyum_15m_n24_k3.5_h2_kisa                             ret    +22.6% sh  +0.73 dd   -8.0% n    191 a    +4.3% b  -0.00 g/t   +48.2 n/t   +32.3 exp 0.01 yrs +6% +8% +8% -3% +4% 2x +12.1% wob +17% | BTC -2% ETH +18% SOL +51% [0.8s]
t2_emir_akisi_a4_uyum_15m_n24_k3.5_h2_ez0                              ret   +364.7% sh  +2.01 dd  -20.2% n    479 a   +32.2% b  -0.00 g/t  +109.1 n/t   +95.1 exp 0.01 yrs +15% +165% +30% +0% +18% 2x +271.7% wob +339% | BTC +113% ETH +325% SOL +706% [0.9s]
t2_emir_akisi_a4_uyum_5m_n36_k3.5_h24_L1000                            ret   +189.7% sh  +1.36 dd  -19.4% n    669 a   +26.0% b  -0.03 g/t   +61.2 n/t   +47.9 exp 0.03 yrs +29% +57% +27% +12% +0% 2x +112.0% wob +166% | BTC +108% ETH +193% SOL +167% [2.3s]
t2_emir_akisi_a4_uyum_5m_n36_k3.5_h24_L4000                            ret   +396.1% sh  +1.85 dd  -29.3% n    739 a   +33.4% b  +0.00 g/t   +78.0 n/t   +64.8 exp 0.04 yrs +10% +85% +65% +13% +31% 2x +251.4% wob +354% | BTC +112% ETH +304% SOL +709% [2.6s]
t2_emir_akisi_a4_uyum_5m_n36_k4.0_h24                                  ret   +399.1% sh  +2.07 dd  -23.4% n    442 a   +35.0% b  -0.01 g/t  +121.2 n/t  +107.8 exp 0.02 yrs +22% +72% +48% +21% +33% 2x +306.2% wob +369% | BTC +169% ETH +346% SOL +597% [1.9s]
t2_emir_akisi_a4_uyum_5m_n36_k3.5_h24_uzun                             ret   +335.4% sh  +2.20 dd  -23.4% n    378 a   +29.8% b  +0.00 g/t  +127.7 n/t  +114.5 exp 0.02 yrs +8% +116% +25% +17% +26% 2x +265.0% wob +309% | BTC +96% ETH +230% SOL +775% [2.4s]
t2_emir_akisi_a4_uyum_5m_n36_k3.5_h24_kisa                             ret    +26.6% sh  +0.46 dd  -12.4% n    314 a    +7.6% b  -0.02 g/t   +38.9 n/t   +25.1 exp 0.02 yrs +7% -2% +26% -2% -3% 2x +9.3% wob +13% | BTC +15% ETH +9% SOL +46% [2.0s]
t2_emir_akisi_a4_uyum_5m_n36_k3.5_h24_ez0                              ret   +363.5% sh  +1.96 dd  -23.4% n    695 a   +32.9% b  -0.01 g/t   +79.1 n/t   +65.6 exp 0.03 yrs +27% +88% +43% +16% +18% 2x +235.2% wob +330% | BTC +157% ETH +208% SOL +706% [2.1s]
t2_emir_akisi_a4_artik_5m_n144_k3.0_h24_L1000                          ret    +27.9% sh  +0.37 dd  -28.5% n   1165 a    +9.4% b  -0.03 g/t   +22.0 n/t    +8.3 exp 0.08 yrs +6% +35% -11% +4% -3% 2x -25.7% wob +6% | BTC -26% ETH +43% SOL +58% [2.0s]
t2_emir_akisi_a4_artik_5m_n144_k3.0_h24_L4000                          ret    +18.5% sh  +0.29 dd  -23.1% n    710 a    +3.5% b  +0.01 g/t   +21.7 n/t    +8.5 exp 0.06 yrs +17% +13% -8% +3% -5% 2x -14.9% wob +6% | BTC +38% ETH -21% SOL +16% [2.6s]
t2_emir_akisi_a4_artik_5m_n144_k4.0_h24                                ret    +73.1% sh  +0.85 dd   -8.6% n    179 a   +14.3% b  -0.02 g/t  +112.9 n/t   +99.5 exp 0.01 yrs +3% +40% +5% +16% -1% 2x +59.2% wob +43% | BTC +88% ETH +54% SOL +62% [1.9s]
t2_emir_akisi_a4_artik_5m_n144_k3.0_h24_uzun                           ret   +136.5% sh  +1.28 dd   -9.8% n    439 a   +20.6% b  -0.02 g/t   +76.6 n/t   +62.3 exp 0.03 yrs +9% +57% +9% +22% +4% 2x +92.7% wob +95% | BTC +66% ETH +136% SOL +183% [2.1s]
t2_emir_akisi_a4_artik_5m_n144_k3.0_h24_kisa                           ret    +25.6% sh  +0.73 dd   -8.3% n    426 a    +5.6% b  -0.01 g/t   +29.5 n/t   +16.5 exp 0.03 yrs +6% +3% +14% +1% +0% 2x +2.9% wob +21% | BTC -6% ETH +29% SOL +53% [2.2s]
t2_emir_akisi_a4_artik_5m_n144_k3.0_h24_ez0                            ret   +181.7% sh  +1.48 dd  -11.3% n    866 a   +24.4% b  -0.02 g/t   +51.0 n/t   +37.3 exp 0.06 yrs +15% +59% +19% +23% +6% 2x +88.1% wob +140% | BTC +51% ETH +173% SOL +330% [2.8s]
t2_emir_akisi_a4_artik_15m_n12_k3.5_h8_L1000                           ret   +103.9% sh  +1.36 dd   -8.4% n    639 a   +16.4% b  -0.01 g/t   +48.2 n/t   +34.3 exp 0.03 yrs -0% +27% +24% +20% +8% 2x +51.3% wob +87% | BTC +66% ETH +28% SOL +262% [0.8s]
t2_emir_akisi_a4_artik_15m_n12_k3.5_h8_L4000                           ret   +165.1% sh  +1.50 dd  -12.6% n    643 a   +22.5% b  -0.02 g/t   +60.8 n/t   +47.3 exp 0.03 yrs +12% +58% +21% +13% +10% 2x +96.3% wob +135% | BTC +69% ETH +111% SOL +338% [0.8s]
t2_emir_akisi_a4_artik_15m_n12_k4.0_h8                                 ret   +133.0% sh  +1.52 dd   -9.2% n    300 a   +18.8% b  -0.01 g/t  +100.2 n/t   +86.7 exp 0.02 yrs +18% +28% +23% +17% +8% 2x +102.6% wob +106% | BTC +72% ETH +123% SOL +193% [0.9s]
t2_emir_akisi_a4_artik_15m_n12_k3.5_h8_uzun                            ret   +163.4% sh  +1.49 dd  -12.0% n    326 a   +22.3% b  -0.02 g/t  +106.2 n/t   +92.7 exp 0.02 yrs +14% +44% +19% +12% +20% 2x +126.3% wob +133% | BTC +79% ETH +136% SOL +275% [0.9s]
t2_emir_akisi_a4_artik_15m_n12_k3.5_h8_kisa                            ret     +4.6% sh  +0.23 dd   -6.6% n    299 a    +1.4% b  -0.00 g/t   +18.0 n/t    +4.8 exp 0.02 yrs -2% +4% +4% +3% -4% 2x -9.0% wob +1% | BTC -6% ETH -14% SOL +37% [1.2s]
t2_emir_akisi_a4_artik_15m_n12_k3.5_h8_ez0                             ret   +175.8% sh  +1.55 dd  -11.8% n    626 a   +23.5% b  -0.02 g/t   +63.5 n/t   +50.1 exp 0.03 yrs +17% +43% +25% +17% +13% 2x +105.9% wob +153% | BTC +70% ETH +118% SOL +376% [0.9s]
