t2_emir_akisi_a3_artik_5m_n36_k2.5_h12                                 ret    -41.8% sh  -0.52 dd  -45.3% n   4266 a    -7.5% b  -0.02 g/t   +10.5 n/t    -3.4 exp 0.14 yrs -11% -17% +0% -9% -15% 2x -92.1% wob -50% | BTC -82% ETH -52% SOL +54% [5.8s]
t2_emir_akisi_a3_artik_5m_n36_k2.5_h24                                 ret     +0.9% sh  +0.12 dd  -39.6% n   4045 a    +6.2% b  -0.03 g/t   +14.9 n/t    +1.0 exp 0.21 yrs -2% -22% +36% -5% +2% 2x -84.7% wob -15% | BTC -78% ETH -13% SOL +213% [3.5s]
t2_emir_akisi_a3_artik_5m_n36_k2.5_h48                                 ret    +41.8% sh  +0.38 dd  -37.3% n   3898 a   +13.1% b  -0.02 g/t   +17.6 n/t    +3.7 exp 0.33 yrs +7% +13% +32% -14% +3% 2x -77.0% wob +17% | BTC -66% ETH +21% SOL +234% [4.4s]
t2_emir_akisi_a3_artik_5m_n36_k3.0_h12                                 ret    +26.8% sh  +0.41 dd  -22.3% n   1955 a    +8.6% b  -0.03 g/t   +18.0 n/t    +4.1 exp 0.06 yrs -1% +21% -3% +7% +2% 2x -49.1% wob +13% | BTC -35% ETH -6% SOL +166% [3.0s]
t2_emir_akisi_a3_artik_5m_n36_k3.0_h24                                 ret   +108.2% sh  +0.82 dd  -21.0% n   1879 a   +21.5% b  -0.04 g/t   +26.7 n/t   +12.8 exp 0.10 yrs -1% +31% +26% +11% +15% 2x -13.4% wob +78% | BTC -10% ETH +73% SOL +331% [2.8s]
t2_emir_akisi_a3_artik_5m_n36_k3.0_h48                                 ret   +118.2% sh  +0.75 dd  -19.7% n   1851 a   +23.3% b  -0.04 g/t   +28.1 n/t   +14.2 exp 0.16 yrs -9% +31% +33% +15% +19% 2x -8.0% wob +79% | BTC -30% ETH +114% SOL +369% [2.6s]
t2_emir_akisi_a3_artik_5m_n36_k3.5_h12                                 ret    +95.6% sh  +1.07 dd  -15.1% n    924 a   +16.6% b  -0.02 g/t   +36.8 n/t   +22.9 exp 0.03 yrs +5% +46% +8% +11% +6% 2x +27.1% wob +74% | BTC -7% ETH +30% SOL +426% [3.4s]
t2_emir_akisi_a3_artik_5m_n36_k3.5_h24                                 ret   +173.7% sh  +1.13 dd  -15.1% n    894 a   +25.9% b  -0.04 g/t   +49.6 n/t   +35.6 exp 0.05 yrs +4% +71% +21% +14% +12% 2x +80.4% wob +134% | BTC +12% ETH +76% SOL +750% [3.2s]
t2_emir_akisi_a3_artik_5m_n36_k3.5_h48                                 ret   +180.4% sh  +1.00 dd  -15.1% n    888 a   +27.4% b  -0.04 g/t   +52.1 n/t   +38.4 exp 0.08 yrs +1% +73% +24% +11% +15% 2x +85.3% wob +126% | BTC -10% ETH +82% SOL +950% [3.4s]
t2_emir_akisi_a3_artik_5m_n72_k2.5_h12                                 ret    -14.5% sh  -0.12 dd  -22.3% n   2797 a    -1.1% b  -0.01 g/t   +12.3 n/t    -1.6 exp 0.12 yrs -4% +6% -4% -6% -6% 2x -76.8% wob -20% | BTC -61% ETH +40% SOL -19% [4.1s]
t2_emir_akisi_a3_artik_5m_n72_k2.5_h24                                 ret     -4.2% sh  +0.05 dd  -23.6% n   2524 a    +3.1% b  -0.02 g/t   +13.8 n/t    +0.0 exp 0.17 yrs -8% +7% +7% -5% -5% 2x -70.5% wob -13% | BTC -52% ETH +10% SOL +8% [3.6s]
t2_emir_akisi_a3_artik_5m_n72_k2.5_h48                                 ret     -3.6% sh  +0.09 dd  -32.0% n   2378 a    +4.8% b  -0.02 g/t   +14.5 n/t    +0.8 exp 0.25 yrs -5% +9% -6% +3% -4% 2x -68.2% wob -15% | BTC -35% ETH -14% SOL -8% [4.0s]
t2_emir_akisi_a3_artik_5m_n72_k3.0_h12                                 ret    +67.3% sh  +0.83 dd  -14.8% n   1338 a   +13.6% b  -0.02 g/t   +26.1 n/t   +12.2 exp 0.05 yrs +11% +28% +5% +7% +5% 2x -10.4% wob +43% | BTC -2% ETH +105% SOL +90% [3.2s]
t2_emir_akisi_a3_artik_5m_n72_k3.0_h24                                 ret    +86.4% sh  +0.82 dd  -15.3% n   1236 a   +17.5% b  -0.03 g/t   +30.0 n/t   +16.3 exp 0.08 yrs +14% +32% +8% +10% +4% 2x +4.7% wob +54% | BTC +42% ETH +220% SOL +12% [3.2s]
t2_emir_akisi_a3_artik_5m_n72_k3.0_h48                                 ret    +97.2% sh  +0.76 dd  -22.1% n   1189 a   +19.4% b  -0.03 g/t   +32.9 n/t   +19.3 exp 0.12 yrs +18% +46% -4% +15% +3% 2x +13.2% wob +57% | BTC +61% ETH +245% SOL +0% [3.6s]
t2_emir_akisi_a3_artik_5m_n72_k3.5_h12                                 ret   +117.5% sh  +1.27 dd  -11.5% n    619 a   +19.5% b  -0.03 g/t   +53.2 n/t   +39.3 exp 0.02 yrs +3% +55% +6% +14% +13% 2x +63.0% wob +86% | BTC +35% ETH +152% SOL +166% [2.3s]
t2_emir_akisi_a3_artik_5m_n72_k3.5_h24                                 ret   +143.4% sh  +1.14 dd  -13.6% n    588 a   +23.0% b  -0.03 g/t   +61.7 n/t   +48.1 exp 0.03 yrs +5% +70% +8% +17% +8% 2x +85.0% wob +101% | BTC +53% ETH +186% SOL +182% [2.3s]
t2_emir_akisi_a3_artik_5m_n72_k3.5_h48                                 ret    +93.5% sh  +0.79 dd  -15.5% n    571 a   +18.6% b  -0.03 g/t   +52.0 n/t   +38.7 exp 0.06 yrs +11% +50% -0% +16% +1% 2x +48.2% wob +54% | BTC +62% ETH +132% SOL +58% [2.9s]
t2_emir_akisi_a3_artik_5m_n144_k2.5_h12                                ret    +26.1% sh  +0.39 dd  -31.9% n   2060 a    +6.8% b  -0.01 g/t   +17.0 n/t    +3.3 exp 0.12 yrs +5% +42% -13% +6% -9% 2x -51.8% wob +18% | BTC -33% ETH +3% SOL +99% [3.2s]
t2_emir_akisi_a3_artik_5m_n144_k2.5_h24                                ret    +36.3% sh  +0.43 dd  -30.5% n   1804 a    +8.9% b  -0.01 g/t   +19.2 n/t    +5.6 exp 0.15 yrs -2% +46% -7% +8% -4% 2x -41.3% wob +24% | BTC -23% ETH +31% SOL +64% [3.3s]
t2_emir_akisi_a3_artik_5m_n144_k2.5_h48                                ret    +23.1% sh  +0.29 dd  -26.2% n   1635 a    +7.0% b  -0.00 g/t   +18.8 n/t    +5.3 exp 0.21 yrs -5% +38% -11% +17% -10% 2x -42.6% wob +8% | BTC -32% ETH +29% SOL +24% [3.8s]
t2_emir_akisi_a3_artik_5m_n144_k3.0_h12                                ret   +154.0% sh  +1.49 dd  -11.2% n    969 a   +22.3% b  -0.02 g/t   +43.6 n/t   +29.8 exp 0.05 yrs +23% +44% +15% +24% +1% 2x +61.6% wob +117% | BTC +42% ETH +146% SOL +284% [3.5s]
t2_emir_akisi_a3_artik_5m_n144_k3.0_h24                                ret   +198.9% sh  +1.44 dd  -11.2% n    865 a   +26.4% b  -0.03 g/t   +53.6 n/t   +40.0 exp 0.07 yrs +15% +61% +25% +23% +4% 2x +99.6% wob +147% | BTC +57% ETH +210% SOL +335% [3.2s]
t2_emir_akisi_a3_artik_5m_n144_k3.0_h48                                ret   +157.9% sh  +1.07 dd  -13.3% n    810 a   +23.8% b  -0.03 g/t   +51.5 n/t   +38.2 exp 0.10 yrs +20% +57% +11% +26% -2% 2x +76.7% wob +105% | BTC +48% ETH +232% SOL +162% [3.5s]
t2_emir_akisi_a3_artik_5m_n144_k3.5_h12                                ret    +90.9% sh  +1.11 dd   -8.6% n    423 a   +16.1% b  -0.02 g/t   +61.5 n/t   +47.7 exp 0.02 yrs +7% +41% +9% +17% -1% 2x +56.8% wob +63% | BTC +101% ETH +47% SOL +107% [3.1s]
t2_emir_akisi_a3_artik_5m_n144_k3.5_h24                                ret   +122.9% sh  +1.13 dd   -8.7% n    393 a   +20.7% b  -0.03 g/t   +78.7 n/t   +65.1 exp 0.03 yrs +6% +52% +17% +18% -0% 2x +85.5% wob +84% | BTC +77% ETH +79% SOL +202% [3.2s]
t2_emir_akisi_a3_artik_5m_n144_k3.5_h48                                ret   +154.8% sh  +1.11 dd  -10.6% n    376 a   +24.6% b  -0.04 g/t   +93.8 n/t   +80.6 exp 0.04 yrs +9% +66% +20% +21% -3% 2x +113.8% wob +102% | BTC +107% ETH +127% SOL +196% [2.9s]
