     komsu_ort  komsu_spot  komsu_vadeli   spot  vadeli
4 5      1.632       1.407         1.858  1.412   1.861
3 5      1.630       1.393         1.868  1.393   1.921
  4      1.620       1.415         1.824  1.460   1.942
4 4      1.616       1.423         1.809  1.467   1.869
3 3      1.615       1.449         1.782  1.602   1.908
4 3      1.603       1.446         1.760  1.584   1.820
3 2      1.597       1.435         1.759  1.520   1.825
4 2      1.574       1.424         1.725  1.489   1.713
5 5      1.571       1.377         1.765  1.242   1.680
  4      1.545       1.383         1.707  1.277   1.675
  3      1.519       1.393         1.645  1.366   1.609
2 5      1.511       1.288         1.734  1.186   1.706
  4      1.498       1.312         1.685  1.246   1.720
  3      1.492       1.348         1.636  1.387   1.674
5 2      1.475       1.358         1.591  1.249   1.480
2 2      1.473       1.335         1.610  1.284   1.567
seçilen (a, b): (np.int64(4), np.int64(5))
  tom_1d_spot_PORT3_a4_b5      yıllık>0 1x 6/7  2x 6/7 : 2017:+0.138 2018:-0.119 2019:+0.191 2020:+0.366 2021:+4.292 2022:+0.240 2023:+0.515
  tom_1d_fut_PORT3_a4_b5       yıllık>0 1x 4/4  2x 4/4 : 2019:+0.000 2020:+0.443 2021:+3.920 2022:+0.257 2023:+0.515
  tom_1d_spot_PORT3_a3_b3      yıllık>0 1x 6/7  2x 6/7 : 2017:+0.131 2018:+0.042 2019:+0.261 2020:+0.277 2021:+4.287 2022:-0.067 2023:+0.437
  tom_1d_fut_PORT3_a3_b3       yıllık>0 1x 3/4  2x 3/4 : 2019:+0.000 2020:+0.311 2021:+4.062 2022:-0.052 2023:+0.441
  tom_1d_spot_PORT3_a4_b3      yıllık>0 1x 7/7  2x 7/7 : 2017:+0.161 2018:+0.195 2019:+0.148 2020:+0.362 2021:+4.062 2022:+0.033 2023:+0.488
  tom_1d_fut_PORT3_a4_b3       yıllık>0 1x 4/4  2x 4/4 : 2019:+0.000 2020:+0.322 2021:+3.818 2022:+0.051 2023:+0.486
  tom_1d_spot_PORT3_a3_b4      yıllık>0 1x 6/7  2x 6/7 : 2017:+0.050 2018:-0.096 2019:+0.150 2020:+0.235 2021:+3.897 2022:+0.255 2023:+0.515
  tom_1d_fut_PORT3_a3_b4       yıllık>0 1x 4/4  2x 4/4 : 2019:+0.000 2020:+0.260 2021:+3.631 2022:+0.273 2023:+0.522
