tomk_1d_fut_PORT3_a2-5_b2-5      R1x    8.137 S1x  1.93 R2x    7.575 S2x  1.88 MDD -0.211 n  138 exp 0.30 maliyet 0.064
    yıllık 1x: 2019:+0.000 2020:+0.342 2021:+3.328 2022:+0.149 2023:+0.369  | 2x>0: 4/4
open_time
2023-01-24 00:00:00+00:00    0.00
2023-01-25 00:00:00+00:00    0.00
2023-01-26 00:00:00+00:00    0.00
2023-01-27 00:00:00+00:00    0.25
2023-01-28 00:00:00+00:00    0.50
2023-01-29 00:00:00+00:00    0.75
2023-01-30 00:00:00+00:00    1.00
2023-01-31 00:00:00+00:00    1.00
2023-02-01 00:00:00+00:00    1.00
2023-02-02 00:00:00+00:00    1.00
2023-02-03 00:00:00+00:00    0.75
2023-02-04 00:00:00+00:00    0.50
2023-02-05 00:00:00+00:00    0.25
2023-02-06 00:00:00+00:00    0.00
2023-02-07 00:00:00+00:00    0.00
2023-02-08 00:00:00+00:00    0.00
tomk_1d_spot_PORT3_a2-5_b2-5     R1x   10.629 S1x  1.54 R2x    8.963 S2x  1.45 MDD -0.258 n  195 exp 0.33 maliyet 0.155
    yıllık 1x: 2017:+0.093 2018:-0.037 2019:+0.171 2020:+0.338 2021:+3.556 2022:+0.132 2023:+0.368  | 2x>0: 6/7
tom_1d_fut_PORT2_a4_b5           R1x    8.789 S1x  1.71 R2x    8.146 S2x  1.66 MDD -0.253 n   98 exp 0.27 maliyet 0.068
    yıllık 1x: 2019:+0.000 2020:+0.814 2021:+2.263 2022:+0.305 2023:+0.267  | 2x>0: 4/4
