yapılandırma (öncekiler dahil): 84
tom_1d_spot_PORT3_a1_b1          R1x    1.920 S1x  1.10 R2x    1.502 S2x  0.95 MDD -0.227 n  195 exp 0.07 fon 0.000
tom_1d_spot_PORT3_a1_b2          R1x    3.019 S1x  1.19 R2x    2.443 S2x  1.07 MDD -0.260 n  195 exp 0.10 fon 0.000
tom_1d_spot_PORT3_a1_b3          R1x    5.036 S1x  1.30 R2x    4.172 S2x  1.20 MDD -0.289 n  195 exp 0.13 fon 0.000
tom_1d_spot_PORT3_a1_b4          R1x    4.629 S1x  1.15 R2x    3.823 S2x  1.06 MDD -0.224 n  195 exp 0.16 fon 0.000
tom_1d_spot_PORT3_a1_b5          R1x    4.810 S1x  1.09 R2x    3.978 S2x  1.00 MDD -0.332 n  195 exp 0.20 fon 0.000
tom_1d_spot_PORT3_a1_b6          R1x    7.950 S1x  1.23 R2x    6.669 S2x  1.16 MDD -0.363 n  195 exp 0.23 fon 0.000
tom_1d_spot_PORT3_a2_b1          R1x    2.866 S1x  1.19 R2x    2.312 S2x  1.07 MDD -0.268 n  195 exp 0.10 fon 0.000
tom_1d_spot_PORT3_a2_b2          R1x    4.321 S1x  1.28 R2x    3.558 S2x  1.17 MDD -0.270 n  195 exp 0.13 fon 0.000
tom_1d_spot_PORT3_a2_b3          R1x    6.992 S1x  1.39 R2x    5.847 S2x  1.29 MDD -0.297 n  195 exp 0.16 fon 0.000
tom_1d_spot_PORT3_a2_b4          R1x    6.454 S1x  1.25 R2x    5.385 S2x  1.16 MDD -0.217 n  195 exp 0.20 fon 0.000
tom_1d_spot_PORT3_a2_b5          R1x    6.693 S1x  1.19 R2x    5.590 S2x  1.11 MDD -0.327 n  195 exp 0.23 fon 0.000
tom_1d_spot_PORT3_a2_b6          R1x   10.851 S1x  1.32 R2x    9.152 S2x  1.25 MDD -0.366 n  195 exp 0.26 fon 0.000
tom_1d_spot_PORT3_a3_b1          R1x    5.510 S1x  1.45 R2x    4.579 S2x  1.34 MDD -0.233 n  195 exp 0.13 fon 0.000
tom_1d_spot_PORT3_a3_b2          R1x    7.962 S1x  1.52 R2x    6.679 S2x  1.42 MDD -0.258 n  195 exp 0.16 fon 0.000
tom_1d_spot_PORT3_a3_b3          R1x   12.460 S1x  1.60 R2x   10.533 S2x  1.52 MDD -0.277 n  195 exp 0.20 fon 0.000
tom_1d_spot_PORT3_a3_b4          R1x   11.554 S1x  1.46 R2x    9.756 S2x  1.38 MDD -0.256 n  195 exp 0.23 fon 0.000
tom_1d_spot_PORT3_a3_b5          R1x   11.956 S1x  1.39 R2x   10.102 S2x  1.32 MDD -0.348 n  195 exp 0.26 fon 0.000
tom_1d_spot_PORT3_a3_b6          R1x   18.958 S1x  1.51 R2x   16.101 S2x  1.45 MDD -0.386 n  195 exp 0.30 fon 0.000
tom_1d_spot_PORT3_a4_b1          R1x    7.153 S1x  1.41 R2x    5.983 S2x  1.31 MDD -0.231 n  195 exp 0.16 fon 0.000
tom_1d_spot_PORT3_a4_b2          R1x   10.222 S1x  1.49 R2x    8.612 S2x  1.40 MDD -0.250 n  195 exp 0.20 fon 0.000
tom_1d_spot_PORT3_a4_b3          R1x   15.855 S1x  1.58 R2x   13.437 S2x  1.51 MDD -0.302 n  195 exp 0.23 fon 0.000
tom_1d_spot_PORT3_a4_b4          R1x   14.720 S1x  1.47 R2x   12.464 S2x  1.39 MDD -0.285 n  195 exp 0.26 fon 0.000
tom_1d_spot_PORT3_a4_b5          R1x   15.224 S1x  1.41 R2x   12.897 S2x  1.34 MDD -0.371 n  195 exp 0.30 fon 0.000
tom_1d_spot_PORT3_a4_b6          R1x   23.992 S1x  1.53 R2x   20.407 S2x  1.47 MDD -0.374 n  195 exp 0.33 fon 0.000
tom_1d_spot_PORT3_a5_b1          R1x    5.354 S1x  1.15 R2x    4.440 S2x  1.06 MDD -0.338 n  195 exp 0.20 fon 0.000
tom_1d_spot_PORT3_a5_b2          R1x    7.747 S1x  1.25 R2x    6.488 S2x  1.17 MDD -0.263 n  195 exp 0.23 fon 0.000
tom_1d_spot_PORT3_a5_b3          R1x   12.137 S1x  1.37 R2x   10.247 S2x  1.29 MDD -0.361 n  195 exp 0.26 fon 0.000
tom_1d_spot_PORT3_a5_b4          R1x   11.252 S1x  1.28 R2x    9.489 S2x  1.21 MDD -0.339 n  195 exp 0.30 fon 0.000
tom_1d_spot_PORT3_a5_b5          R1x   11.646 S1x  1.24 R2x    9.826 S2x  1.18 MDD -0.426 n  195 exp 0.33 fon 0.000
tom_1d_spot_PORT3_a5_b6          R1x   18.479 S1x  1.37 R2x   15.676 S2x  1.31 MDD -0.456 n  195 exp 0.36 fon 0.000
tom_1d_spot_PORT3_a6_b1          R1x    7.323 S1x  1.22 R2x    6.129 S2x  1.15 MDD -0.298 n  195 exp 0.23 fon 0.000
tom_1d_spot_PORT3_a6_b2          R1x   10.456 S1x  1.32 R2x    8.813 S2x  1.25 MDD -0.313 n  195 exp 0.26 fon 0.000
tom_1d_spot_PORT3_a6_b3          R1x   16.206 S1x  1.43 R2x   13.738 S2x  1.36 MDD -0.396 n  195 exp 0.30 fon 0.000
tom_1d_spot_PORT3_a6_b4          R1x   15.048 S1x  1.35 R2x   12.745 S2x  1.28 MDD -0.376 n  195 exp 0.33 fon 0.000
tom_1d_spot_PORT3_a6_b5          R1x   15.563 S1x  1.31 R2x   13.187 S2x  1.25 MDD -0.459 n  195 exp 0.36 fon 0.000
tom_1d_spot_PORT3_a6_b6          R1x   24.513 S1x  1.43 R2x   20.853 S2x  1.38 MDD -0.490 n  195 exp 0.39 fon 0.000
tom_1d_fut_PORT3_a1_b1           R1x    1.667 S1x  1.32 R2x    1.506 S2x  1.24 MDD -0.213 n  136 exp 0.06 fon 0.029
tom_1d_fut_PORT3_a1_b2           R1x    1.870 S1x  1.24 R2x    1.694 S2x  1.18 MDD -0.256 n  138 exp 0.09 fon 0.049
tom_1d_fut_PORT3_a1_b3           R1x    2.986 S1x  1.39 R2x    2.741 S2x  1.33 MDD -0.286 n  138 exp 0.12 fon 0.065
tom_1d_fut_PORT3_a1_b4           R1x    3.970 S1x  1.45 R2x    3.664 S2x  1.40 MDD -0.216 n  138 exp 0.15 fon 0.079
tom_1d_fut_PORT3_a1_b5           R1x    4.422 S1x  1.45 R2x    4.089 S2x  1.40 MDD -0.290 n  138 exp 0.18 fon 0.098
tom_1d_fut_PORT3_a1_b6           R1x    6.498 S1x  1.58 R2x    6.036 S2x  1.53 MDD -0.360 n  138 exp 0.21 fon 0.114
tom_1d_fut_PORT3_a2_b1           R1x    3.100 S1x  1.65 R2x    2.851 S2x  1.58 MDD -0.257 n  136 exp 0.09 fon 0.041
tom_1d_fut_PORT3_a2_b2           R1x    3.412 S1x  1.57 R2x    3.141 S2x  1.51 MDD -0.264 n  138 exp 0.12 fon 0.062
tom_1d_fut_PORT3_a2_b3           R1x    5.127 S1x  1.67 R2x    4.750 S2x  1.62 MDD -0.291 n  138 exp 0.15 fon 0.078
tom_1d_fut_PORT3_a2_b4           R1x    6.639 S1x  1.72 R2x    6.169 S2x  1.67 MDD -0.196 n  138 exp 0.18 fon 0.092
tom_1d_fut_PORT3_a2_b5           R1x    7.335 S1x  1.71 R2x    6.822 S2x  1.66 MDD -0.262 n  138 exp 0.21 fon 0.110
tom_1d_fut_PORT3_a2_b6           R1x   10.525 S1x  1.82 R2x    9.816 S2x  1.77 MDD -0.335 n  138 exp 0.24 fon 0.127
tom_1d_fut_PORT3_a3_b1           R1x    5.064 S1x  1.91 R2x    4.697 S2x  1.85 MDD -0.232 n  136 exp 0.12 fon 0.053
tom_1d_fut_PORT3_a3_b2           R1x    5.526 S1x  1.83 R2x    5.124 S2x  1.77 MDD -0.254 n  138 exp 0.15 fon 0.074
tom_1d_fut_PORT3_a3_b3           R1x    8.062 S1x  1.91 R2x    7.505 S2x  1.86 MDD -0.272 n  138 exp 0.18 fon 0.090
tom_1d_fut_PORT3_a3_b4           R1x   10.299 S1x  1.94 R2x    9.604 S2x  1.90 MDD -0.210 n  138 exp 0.21 fon 0.104
tom_1d_fut_PORT3_a3_b5           R1x   11.328 S1x  1.92 R2x   10.569 S2x  1.88 MDD -0.269 n  138 exp 0.24 fon 0.122
tom_1d_fut_PORT3_a3_b6           R1x   16.047 S1x  2.02 R2x   14.998 S2x  1.98 MDD -0.321 n  138 exp 0.27 fon 0.139
tom_1d_fut_PORT3_a4_b1           R1x    5.655 S1x  1.76 R2x    5.250 S2x  1.71 MDD -0.229 n  136 exp 0.15 fon 0.066
tom_1d_fut_PORT3_a4_b2           R1x    6.161 S1x  1.71 R2x    5.719 S2x  1.66 MDD -0.244 n  138 exp 0.18 fon 0.087
tom_1d_fut_PORT3_a4_b3           R1x    8.945 S1x  1.82 R2x    8.331 S2x  1.77 MDD -0.275 n  138 exp 0.21 fon 0.103
tom_1d_fut_PORT3_a4_b4           R1x   11.399 S1x  1.87 R2x   10.633 S2x  1.83 MDD -0.236 n  138 exp 0.24 fon 0.117
tom_1d_fut_PORT3_a4_b5           R1x   12.528 S1x  1.86 R2x   11.693 S2x  1.82 MDD -0.267 n  138 exp 0.27 fon 0.135
tom_1d_fut_PORT3_a4_b6           R1x   17.707 S1x  1.96 R2x   16.552 S2x  1.92 MDD -0.304 n  138 exp 0.30 fon 0.152
tom_1d_fut_PORT3_a5_b1           R1x    4.847 S1x  1.50 R2x    4.490 S2x  1.45 MDD -0.245 n  136 exp 0.18 fon 0.075
tom_1d_fut_PORT3_a5_b2           R1x    5.292 S1x  1.48 R2x    4.902 S2x  1.43 MDD -0.245 n  138 exp 0.21 fon 0.096
tom_1d_fut_PORT3_a5_b3           R1x    7.737 S1x  1.61 R2x    7.197 S2x  1.57 MDD -0.312 n  138 exp 0.24 fon 0.112
tom_1d_fut_PORT3_a5_b4           R1x    9.894 S1x  1.68 R2x    9.219 S2x  1.63 MDD -0.291 n  138 exp 0.27 fon 0.126
tom_1d_fut_PORT3_a5_b5           R1x   10.886 S1x  1.68 R2x   10.150 S2x  1.64 MDD -0.310 n  138 exp 0.30 fon 0.144
tom_1d_fut_PORT3_a5_b6           R1x   15.436 S1x  1.79 R2x   14.418 S2x  1.76 MDD -0.343 n  138 exp 0.33 fon 0.161
tom_1d_fut_PORT3_a6_b1           R1x    5.067 S1x  1.44 R2x    4.697 S2x  1.40 MDD -0.293 n  136 exp 0.21 fon 0.086
tom_1d_fut_PORT3_a6_b2           R1x    5.529 S1x  1.44 R2x    5.125 S2x  1.39 MDD -0.298 n  138 exp 0.24 fon 0.106
tom_1d_fut_PORT3_a6_b3           R1x    8.066 S1x  1.57 R2x    7.506 S2x  1.53 MDD -0.351 n  138 exp 0.27 fon 0.122
tom_1d_fut_PORT3_a6_b4           R1x   10.303 S1x  1.64 R2x    9.605 S2x  1.60 MDD -0.331 n  138 exp 0.30 fon 0.136
tom_1d_fut_PORT3_a6_b5           R1x   11.333 S1x  1.65 R2x   10.571 S2x  1.61 MDD -0.329 n  138 exp 0.33 fon 0.155
tom_1d_fut_PORT3_a6_b6           R1x   16.054 S1x  1.76 R2x   15.000 S2x  1.72 MDD -0.359 n  138 exp 0.36 fon 0.171
tom_1d_fut_PORT3_a0_b3           R1x    1.829 S1x  1.19 R2x    1.657 S2x  1.13 MDD -0.254 n  135 exp 0.09 fon 0.051
tom_1d_fut_PORT3_a3_b0           R1x    2.012 S1x  1.47 R2x    1.829 S2x  1.40 MDD -0.140 n  136 exp 0.09 fon 0.039
tom_1d_fut_PORT3_a0_b4           R1x    2.527 S1x  1.27 R2x    2.312 S2x  1.21 MDD -0.223 n  135 exp 0.12 fon 0.065
tom_1d_fut_PORT3_a4_b0           R1x    2.305 S1x  1.32 R2x    2.104 S2x  1.25 MDD -0.200 n  136 exp 0.12 fon 0.052
tom_1d_spot_PORT2_a3_b3          R1x    9.156 S1x  1.34 R2x    7.454 S2x  1.25 MDD -0.274 n  154 exp 0.20 fon 0.000
tom_1d_spot_PORT2_a4_b4          R1x    9.639 S1x  1.20 R2x    7.854 S2x  1.12 MDD -0.383 n  154 exp 0.26 fon 0.000
tom_1d_spot_PORT2_a3_b4          R1x    6.889 S1x  1.14 R2x    5.567 S2x  1.05 MDD -0.367 n  154 exp 0.23 fon 0.000
tom_1d_spot_PORT2_a4_b3          R1x   12.696 S1x  1.38 R2x   10.398 S2x  1.30 MDD -0.268 n  154 exp 0.23 fon 0.000
tom_1d_fut_PORT2_a3_b3           R1x    4.347 S1x  1.55 R2x    3.996 S2x  1.49 MDD -0.213 n   98 exp 0.18 fon 0.135
tom_1d_fut_PORT2_a4_b4           R1x    6.863 S1x  1.64 R2x    6.347 S2x  1.59 MDD -0.208 n   98 exp 0.24 fon 0.179
tom_1d_fut_PORT2_a3_b4           R1x    5.495 S1x  1.60 R2x    5.069 S2x  1.55 MDD -0.184 n   98 exp 0.21 fon 0.160
tom_1d_fut_PORT2_a4_b3           R1x    5.472 S1x  1.58 R2x    5.048 S2x  1.53 MDD -0.222 n   98 exp 0.21 fon 0.154
