yapılandırma: 41
tom_1d_spot_PORT3_a1_b3                       R1x    5.036 S1x  1.30 R2x    4.172 S2x  1.20 MDD -0.289 n    195 exp 0.13 cost 0.15
tom_1d_fut_PORT3_a1_b3                        R1x    2.986 S1x  1.39 R2x    2.741 S2x  1.33 MDD -0.286 n    138 exp 0.12 cost 0.06
tom_1d_spot_PORT3_a2_b2                       R1x    4.321 S1x  1.28 R2x    3.558 S2x  1.17 MDD -0.270 n    195 exp 0.13 cost 0.15
tom_1d_fut_PORT3_a2_b2                        R1x    3.412 S1x  1.57 R2x    3.141 S2x  1.51 MDD -0.264 n    138 exp 0.12 cost 0.06
tom_1d_spot_PORT3_a3_b3                       R1x   12.460 S1x  1.60 R2x   10.533 S2x  1.52 MDD -0.277 n    195 exp 0.20 cost 0.15
tom_1d_fut_PORT3_a3_b3                        R1x    8.062 S1x  1.91 R2x    7.505 S2x  1.86 MDD -0.272 n    138 exp 0.18 cost 0.06
tom_1d_spot_PORT3_a4_b4                       R1x   14.720 S1x  1.47 R2x   12.464 S2x  1.39 MDD -0.285 n    195 exp 0.26 cost 0.15
tom_1d_fut_PORT3_a4_b4                        R1x   11.399 S1x  1.87 R2x   10.633 S2x  1.83 MDD -0.236 n    138 exp 0.24 cost 0.06
tom_1d_spot_PORT3_a5_b5                       R1x   11.646 S1x  1.24 R2x    9.826 S2x  1.18 MDD -0.426 n    195 exp 0.33 cost 0.15
tom_1d_fut_PORT3_a5_b5                        R1x   10.886 S1x  1.68 R2x   10.150 S2x  1.64 MDD -0.310 n    138 exp 0.30 cost 0.06
tom_1d_fut_PORT3_a3_b3_uzunkisa               R1x   -0.487 S1x  0.18 R2x   -0.548 S2x  0.14 MDD -0.756 n    274 exp 0.93 cost 0.13
dow_1d_spot_PORT3_hs                          R1x    1.767 S1x  0.69 R2x    0.411 S2x  0.33 MDD -0.389 n    843 exp 0.29 cost 0.67
dow_1d_fut_PORT3_hs                           R1x    1.208 S1x  0.76 R2x    0.678 S2x  0.55 MDD -0.355 n    590 exp 0.27 cost 0.27
dow_1d_spot_PORT3_hi                          R1x    2.000 S1x  0.60 R2x    0.527 S2x  0.43 MDD -0.860 n    843 exp 0.71 cost 0.67
dow_1d_fut_PORT3_hi                           R1x    3.623 S1x  0.86 R2x    2.510 S2x  0.77 MDD -0.860 n    590 exp 0.66 cost 0.28
dow_1d_spot_PORT3_persiz                      R1x   31.229 S1x  1.17 R2x   15.420 S2x  1.00 MDD -0.835 n    844 exp 0.86 cost 0.67
dow_1d_fut_PORT3_persiz                       R1x   13.226 S1x  1.25 R2x    9.804 S2x  1.16 MDD -0.826 n    591 exp 0.79 cost 0.28
dow_1d_spot_PORT3_pzt_car                     R1x   -0.102 S1x  0.18 R2x   -0.766 S2x -0.31 MDD -0.773 n   1681 exp 0.29 cost 1.34
dow_1d_fut_PORT3_pzt_car                      R1x    0.506 S1x  0.44 R2x   -0.130 S2x  0.17 MDD -0.725 n   1175 exp 0.26 cost 0.55
saat_1h_spot_PORT3_utc21_22                   R1x   -0.963 S1x -2.44 R2x   -1.000 S2x -6.06 MDD -0.967 n   5890 exp 0.08 cost 4.71
saat_1h_spot_PORT3_ny17_18_hi                 R1x   -0.808 S1x -1.49 R2x   -0.993 S2x -4.62 MDD -0.834 n   4204 exp 0.06 cost 3.36
saat_1h_fut_PORT3_utc21_22                    R1x   -0.690 S1x -1.21 R2x   -0.955 S2x -3.37 MDD -0.728 n   4121 exp 0.08 cost 1.92
saat_1h_fut_PORT3_ny17_18_hi                  R1x   -0.299 S1x -0.41 R2x   -0.823 S2x -2.33 MDD -0.536 n   2944 exp 0.06 cost 1.37
saat_1h_fut_PORT3_u21_22_k2_3                 R1x   -0.905 S1x -1.67 R2x   -0.998 S2x -4.67 MDD -0.909 n   8241 exp 0.17 cost 3.85
saat_1h_spot_PORT3_kesif_pozitif              R1x   -1.000 S1x -7.77 R2x   -1.000 S2x -17.70 MDD -1.000 n  41191 exp 0.50 cost 32.95
saat_1h_fut_PORT3_kesif_poz_neg               R1x   -1.000 S1x -5.00 R2x   -1.000 S2x -12.53 MDD -1.000 n  41205 exp 0.67 cost 19.23
fon_1h_fut_PORT3_e0.0003_b0_t60               R1x   -0.049 S1x -0.05 R2x   -0.549 S2x -1.63 MDD -0.168 n   1598 exp 0.02 cost 0.75
fon_1h_fut_PORT3_e0.0005_b0_t60               R1x    0.175 S1x  0.49 R2x   -0.255 S2x -0.76 MDD -0.112 n    978 exp 0.02 cost 0.46
fon_1h_fut_PORT3_e0.0003_b0_t120              R1x    0.174 S1x  0.34 R2x   -0.443 S2x -0.92 MDD -0.197 n   1598 exp 0.05 cost 0.75
fon_15m_fut_PORT3_e0.0003_b0_t30              R1x   -0.066 S1x -0.15 R2x   -0.557 S2x -2.26 MDD -0.182 n   1598 exp 0.01 cost 0.75
fon_1h_fut_PORT3_e0.0003_bm60_t60_kisa        R1x   -0.312 S1x -0.75 R2x   -0.674 S2x -2.32 MDD -0.367 n   1601 exp 0.02 cost 0.75
usaat_1h_fut_PORT3_L90_e5                     R1x   -1.000 S1x -6.78 R2x   -1.000 S2x -14.02 MDD -1.000 n  36965 exp 0.79 cost 17.25
usaat_1h_fut_PORT3_L90_e10                    R1x   -1.000 S1x -5.43 R2x   -1.000 S2x -11.29 MDD -1.000 n  23608 exp 0.52 cost 11.02
usaat_1h_fut_PORT3_L365_e5                    R1x   -1.000 S1x -5.13 R2x   -1.000 S2x -11.31 MDD -1.000 n  23340 exp 0.56 cost 10.89
usaat_1h_fut_PORT3_L365_e10                   R1x   -0.972 S1x -3.28 R2x   -1.000 S2x -7.40 MDD -0.972 n   9758 exp 0.25 cost 4.55
usaat_1h_spot_PORT3_L365_e10                  R1x   -0.998 S1x -4.59 R2x   -1.000 S2x -9.08 MDD -0.998 n   8577 exp 0.15 cost 6.86
uay_1d_spot_PORT3_L0_e20                      R1x   -0.022 S1x  0.18 R2x   -0.622 S2x -0.23 MDD -0.840 n   1188 exp 0.54 cost 0.95
uay_1d_spot_PORT3_L0_e50                      R1x   -0.432 S1x -0.14 R2x   -0.735 S2x -0.53 MDD -0.801 n    952 exp 0.41 cost 0.76
uay_1d_spot_PORT3_L24_e20                     R1x    1.176 S1x  0.52 R2x   -0.102 S2x  0.14 MDD -0.703 n   1108 exp 0.49 cost 0.89
uay_1d_spot_PORT3_L24_e50                     R1x    0.171 S1x  0.24 R2x   -0.463 S2x -0.16 MDD -0.659 n    974 exp 0.39 cost 0.78
uay_1d_fut_PORT3_L0_e20                       R1x    0.862 S1x  0.61 R2x    0.375 S2x  0.39 MDD -0.640 n    650 exp 0.50 cost 0.30
