t2_limit_gun_ici_fitil_1h_k2.5_H1                          ret    +2.7% sh +0.13 dd -43.6% n   4126 a   -3.9% b +0.06 t -0.47 g/t  +10.1 n/t   -3.9 fill 0.034 mkF -188.9 mkM   +7.9 limF  +10.1 mkr 1.00/0.00 | -14.3% +97.0% -32.2%  +1.7% -11.8% | -65.5% -35.0% +297.3% [2.7s]
t2_limit_gun_ici_fitil_1h_k2.5_H3                          ret  +173.4% sh +0.87 dd -43.0% n   3608 a   +8.3% b +0.14 t +0.74 g/t  +19.2 n/t   +4.8 fill 0.032 mkF -178.7 mkM   +8.9 limF  +19.2 mkr 1.00/0.00 | +11.2% +206.5% -35.0% +25.4%  -1.7% | +15.0%  -7.9% +1064.8% [1.5s]
t2_limit_gun_ici_fitil_1h_k2.5_H6                          ret  +358.5% sh +1.05 dd -56.6% n   3174 a  +12.0% b +0.21 t +0.88 g/t  +26.8 n/t  +12.4 fill 0.030 mkF -169.6 mkM  +12.0 limF  +26.7 mkr 1.00/0.00 |  +8.8% +322.7% -43.1% +56.6% +11.8% | +98.6% +38.3% +1693.8% [1.5s]
t2_limit_gun_ici_fitil_1h_k3.5_H1                          ret  +152.9% sh +1.12 dd -21.4% n   1804 a  +17.8% b +0.02 t +2.22 g/t  +25.7 n/t  +11.7 fill 0.015 mkF -243.9 mkM   +4.8 limF  +25.7 mkr 1.00/0.00 |  -5.7% +132.4%  -4.3%  +1.3% +19.1% |  +6.9% +105.2% +528.5% [1.4s]
t2_limit_gun_ici_fitil_1h_k3.5_H3                          ret  +333.8% sh +1.48 dd -28.9% n   1635 a  +22.0% b +0.08 t +2.41 g/t  +38.2 n/t  +24.1 fill 0.014 mkF -227.1 mkM   +6.7 limF  +38.3 mkr 1.00/0.00 | +18.7% +166.2%  +3.4% +27.5%  +4.0% |  +6.4% +194.4% +1785.0% [1.4s]
t2_limit_gun_ici_fitil_1h_k3.5_H6                          ret  +452.2% sh +1.28 dd -39.8% n   1509 a  +23.2% b +0.13 t +1.84 g/t  +47.4 n/t  +33.8 fill 0.013 mkF -217.7 mkM  +10.5 limF  +47.4 mkr 1.00/0.00 | -11.2% +272.8%  -7.0% +44.4% +24.1% | +22.5% +450.3% +1473.8% [1.7s]
t2_limit_gun_ici_fitil_1h_k4_H1                            ret  +162.8% sh +1.15 dd -19.1% n   1261 a  +19.4% b +0.01 t +2.37 g/t  +33.5 n/t  +19.5 fill 0.010 mkF -272.6 mkM   +4.0 limF  +33.6 mkr 1.00/0.00 |  -4.3% +121.8%  +0.3%  +1.6% +21.6% | +22.3% +123.5% +479.3% [1.6s]
t2_limit_gun_ici_fitil_1h_k4_H3                            ret  +346.1% sh +1.66 dd -26.3% n   1168 a  +25.3% b +0.06 t +3.03 g/t  +50.2 n/t  +36.2 fill 0.010 mkF -251.6 mkM   +6.1 limF  +50.2 mkr 1.00/0.00 | +37.6% +149.4%  -2.1% +24.8%  +6.4% | +44.6% +153.6% +1749.9% [1.8s]
t2_limit_gun_ici_fitil_1h_k4_H6                            ret  +359.5% sh +1.32 dd -36.2% n   1095 a  +21.9% b +0.10 t +2.02 g/t  +56.2 n/t  +42.6 fill 0.009 mkF -244.5 mkM  +10.0 limF  +56.2 mkr 1.00/0.00 |  -3.2% +260.5% -16.5% +40.1% +12.6% |  +9.7% +421.8% +1054.0% [2.2s]
t2_limit_gun_ici_fitil_1h_k3_H3                            ret  +180.6% sh +0.96 dd -39.8% n   2387 a  +12.3% b +0.10 t +1.18 g/t  +23.9 n/t   +9.7 fill 0.020 mkF -207.6 mkM   +7.7 limF  +24.0 mkr 1.00/0.00 | +19.1% +158.5% -25.2% +27.1%  -4.0% | -26.6% +34.1% +1410.0% [1.2s]
t2_limit_gun_ici_fitil_1h_k3_H6_t50                        ret  +372.6% sh +1.93 dd -26.4% n   1191 a  +27.3% b +0.04 t +3.70 g/t  +50.8 n/t  +35.6 fill 0.020 mkF -182.5 mkM  +15.1 limF  +50.8 mkr 1.00/0.00 | +20.3% +177.2% -22.4% +54.3% +18.4% | +76.2% +283.0% +1025.9% [1.3s]
t2_limit_gun_ici_fitil_1h_k3_H1_t50                        ret  +166.1% sh +1.65 dd -13.1% n   1430 a  +20.5% b -0.00 t +3.73 g/t  +30.7 n/t  +16.7 fill 0.022 mkF -206.0 mkM   +6.6 limF  +30.7 mkr 1.00/0.00 |  +4.8% +127.7%  -7.2% +10.3%  +8.8% | +21.3% +117.9% +550.0% [1.5s]
t2_limit_gun_ici_fitil_1h_k3_H6_s72                        ret  +220.2% sh +0.97 dd -59.7% n   2401 a  +11.5% b +0.14 t +0.99 g/t  +26.6 n/t  +12.3 fill 0.022 mkF -187.3 mkM  +11.5 limF  +26.6 mkr 1.00/0.00 |  +7.1% +296.1% -47.5% +40.7%  +2.1% | -22.8% +174.6% +796.9% [1.4s]
t2_limit_gun_ici_fitil_1h_k3_H6_s336                       ret  +266.3% sh +1.03 dd -57.7% n   2054 a  +13.1% b +0.15 t +1.09 g/t  +31.8 n/t  +17.6 fill 0.018 mkF -206.5 mkM  +10.5 limF  +31.8 mkr 1.00/0.00 | +15.4% +265.9% -48.0% +43.9% +15.8% | +46.8% +85.6% +904.8% [2.0s]
t2_limit_gun_ici_fitil_1h_k3_H6_cik5b                      ret  +364.2% sh +1.16 dd -50.6% n   2150 a  +17.5% b +0.15 t +1.40 g/t  +23.8 n/t   +9.9 fill 0.019 mkF -198.0 mkM  +11.0 limF  +32.4 mkr 1.00/0.99 |  +4.0% +208.4% -29.6% +70.0% +20.9% | +44.3% +232.7% +1076.7% [2.2s]
t2_limit_gun_ici_fitil_1h_k3_H1_cik5b                      ret  +124.4% sh +0.94 dd -25.4% n   2659 a  +14.0% b +0.03 t +1.64 g/t   +9.2 n/t   -4.8 fill 0.022 mkF -215.8 mkM   +6.1 limF  +18.4 mkr 1.00/0.99 | -12.0% +163.8% -15.2% +13.1%  +0.9% | -21.2% +94.9% +508.6% [2.5s]
t2_limit_gun_ici_fitil_1h_k3_tp2_H12                       ret  +155.9% sh +0.79 dd -54.6% n   2165 a   +4.5% b +0.16 t +0.38 g/t  -33.7 n/t  -48.0 fill 0.019 mkF -190.8 mkM  +18.9 limF  +42.8 mkr 1.00/0.54 |  +0.4% +260.0% -44.9% +45.1% -11.5% | -31.9% +52.0% +862.9% [1.8s]
t2_limit_gun_ici_fitil_15m_k5_H16                          ret  +170.2% sh +1.02 dd -27.0% n   2197 a  +13.9% b +0.07 t +1.48 g/t  +24.6 n/t  +10.1 fill 0.005 mkF -134.9 mkM   +5.7 limF  +24.6 mkr 1.00/0.00 | +22.8% +56.3% -16.5% +33.9% +25.9% | -10.8% +106.8% +646.6% [5.4s]
t2_limit_gun_ici_fitil_15m_k6_H16                          ret   +77.1% sh +0.75 dd -36.9% n   1409 a   +8.5% b +0.04 t +1.13 g/t  +22.7 n/t   +8.3 fill 0.003 mkF -159.7 mkM   +5.6 limF  +22.6 mkr 1.00/0.00 | +22.9% +43.4% -24.1% +13.8% +16.3% |  -3.9%  -4.6% +357.6% [4.8s]
t2_limit_gun_ici_fitil_15m_k4_tp2_H32                      ret   +64.6% sh +0.58 dd -47.1% n   3843 a   +4.0% b +0.07 t +0.44 g/t  -22.2 n/t  -36.4 fill 0.008 mkF -112.3 mkM  +12.0 limF  +22.7 mkr 1.00/0.66 |  +3.8% +135.9% -41.6% +28.2% -10.3% | -48.0% +10.9% +415.5% [5.0s]
t2_limit_gun_ici_fitil_5m_k8_H24                           ret  +121.8% sh +1.19 dd -32.0% n   1525 a  +13.7% b +0.03 t +2.17 g/t  +25.6 n/t  +11.3 fill 0.001 mkF -121.2 mkM   +2.6 limF  +25.6 mkr 1.00/0.00 |  +8.9% +53.2% -27.9% +50.0% +22.9% |  -4.1% +43.3% +504.8% [11.9s]
t2_limit_gun_ici_fitil_5m_k6_H48                           ret  +151.8% sh +0.92 dd -49.1% n   2760 a   +8.8% b +0.11 t +0.92 g/t  +20.5 n/t   +6.0 fill 0.002 mkF  -94.7 mkM   +5.0 limF  +20.5 mkr 1.00/0.00 |  +6.9% +74.6% -38.7% +63.3% +34.7% | -36.2% +56.1% +881.1% [11.0s]
t2_limit_gun_ici_fitil_5m_k6_tp2_H48                       ret   +97.2% sh +0.98 dd -37.8% n   3306 a  +11.5% b +0.03 t +1.72 g/t   -9.2 n/t  -23.3 fill 0.002 mkF  -82.9 mkM   +5.2 limF  +35.9 mkr 1.00/0.59 |  +7.2% +43.7% -28.6% +29.8% +38.1% | -47.1% +17.3% +873.1% [11.3s]
t2_limit_gun_ici_fitil_5m_k6_H24_t50                       ret  +287.1% sh +1.98 dd -18.1% n   1555 a  +24.5% b +0.03 t +3.93 g/t  +36.7 n/t  +22.1 fill 0.002 mkF  -82.2 mkM   +3.8 limF  +36.6 mkr 1.00/0.00 | +11.0% +133.3% -12.6% +40.1% +22.2% | +28.0% +244.0% +975.8% [7.6s]
