t2_limit_gun_ici_fitil_5m_k2_H1                            ret  -100.0% sh -15.62 dd -100.0% n  63728 a -405.5% b +0.08 t -36.76 g/t   -0.4 n/t  -14.4 fill 0.044 mkF  -49.4 mkM   +2.4 limF   -0.4 mkr 1.00/0.00 | -96.1% -96.8% -99.2% -98.2% -99.0% | -100.0% -100.0% -100.0% [17.6s]
t2_limit_gun_ici_fitil_5m_k2_H6                            ret  -100.0% sh -6.59 dd -100.0% n  43930 a -271.9% b +0.27 t -20.62 g/t   +0.8 n/t  -13.2 fill 0.035 mkF  -48.1 mkM   +2.2 limF   +0.9 mkr 1.00/0.00 | -86.7% -50.2% -98.5% -89.4% -96.1% | -100.0% -100.0% -100.0% [12.8s]
t2_limit_gun_ici_fitil_5m_k2_H24                           ret   -99.8% sh -2.35 dd -99.9% n  25711 a -172.3% b +0.48 t -12.25 g/t   +2.5 n/t  -11.8 fill 0.029 mkF  -46.0 mkM   +3.3 limF   +2.5 mkr 1.00/0.00 | -59.4%  -6.8% -95.7% -50.0% -81.3% | -100.0% -100.0% -98.4% [10.2s]
t2_limit_gun_ici_fitil_5m_k2_tp1_H24                       ret  -100.0% sh -4.48 dd -100.0% n  42153 a -192.2% b +0.27 t -15.01 g/t  -16.8 n/t  -30.9 fill 0.035 mkF  -44.7 mkM   +3.6 limF   +4.4 mkr 1.00/0.69 | -78.7%  +9.3% -94.9% -78.1% -91.5% | -100.0% -100.0% -99.9% [14.7s]
t2_limit_gun_ici_fitil_5m_k3_H1                            ret   -99.8% sh -6.35 dd -99.8% n  22964 a -122.3% b +0.03 t -14.68 g/t   +1.2 n/t  -12.8 fill 0.016 mkF  -68.2 mkM   +1.2 limF   +1.2 mkr 1.00/0.00 | -55.3% -48.0% -81.2% -74.9% -78.4% | -99.9% -99.8% -98.9% [12.5s]
t2_limit_gun_ici_fitil_5m_k3_H6                            ret   -95.6% sh -2.19 dd -96.2% n  17956 a  -74.2% b +0.14 t -6.77 g/t   +4.2 n/t   -9.9 fill 0.013 mkF  -64.7 mkM   +1.2 limF   +4.2 mkr 1.00/0.00 | -45.5% +109.8% -83.4% -39.6% -61.5% | -99.4% -99.1%  -8.5% [11.3s]
t2_limit_gun_ici_fitil_5m_k3_H24                           ret   -49.7% sh -0.19 dd -78.8% n  13052 a  -37.6% b +0.27 t -2.83 g/t   +8.6 n/t   -5.7 fill 0.011 mkF  -59.7 mkM   +2.3 limF   +8.6 mkr 1.00/0.00 | -23.6% +151.8% -65.9% +20.7% -36.4% | -96.3% -93.2% +1775.7% [10.9s]
t2_limit_gun_ici_fitil_5m_k3_tp1_H24                       ret   -83.2% sh -1.21 dd -88.4% n  18431 a  -44.6% b +0.11 t -3.96 g/t  -13.1 n/t  -27.2 fill 0.013 mkF  -59.2 mkM   +3.0 limF  +10.1 mkr 1.00/0.64 | -46.4% +144.3% -70.4% -31.5% -36.9% | -98.5% -96.1% +366.0% [13.0s]
t2_limit_gun_ici_fitil_5m_k4_H1                            ret   -87.0% sh -2.53 dd -87.1% n  10771 a  -40.7% b +0.01 t -5.82 g/t   +3.5 n/t  -10.5 fill 0.007 mkF  -83.9 mkM   +0.7 limF   +3.5 mkr 1.00/0.00 | -23.3%  -1.8% -49.4% -41.9% -41.3% | -96.3% -87.6% -59.6% [11.8s]
t2_limit_gun_ici_fitil_5m_k4_H6                            ret   -60.9% sh -0.76 dd -76.5% n   8992 a  -26.8% b +0.09 t -2.93 g/t   +6.4 n/t   -7.7 fill 0.006 mkF  -79.9 mkM   +1.0 limF   +6.4 mkr 1.00/0.00 |  -6.4% +71.6% -66.9%  -4.3% -23.1% | -93.0% -74.3% +126.2% [12.1s]
t2_limit_gun_ici_fitil_5m_k4_H24                           ret   +78.5% sh +0.54 dd -56.0% n   7268 a   -4.9% b +0.18 t -0.42 g/t  +12.7 n/t   -1.6 fill 0.005 mkF  -72.6 mkM   +2.3 limF  +12.8 mkr 1.00/0.00 |  +5.0% +170.0% -49.6% +52.8% -18.2% | -84.3% -63.5% +4959.6% [10.9s]
t2_limit_gun_ici_fitil_5m_k4_tp1_H24                       ret   -24.3% sh -0.19 dd -62.3% n   9388 a   -9.5% b +0.05 t -1.11 g/t  -10.4 n/t  -24.4 fill 0.006 mkF  -69.5 mkM   +2.8 limF  +17.8 mkr 1.00/0.55 | -30.9% +119.4% -50.0%  +1.2%  -1.2% | -90.2% -46.9% +467.2% [13.1s]
t2_limit_gun_ici_fitil_5m_k6_H1                            ret   -46.5% sh -1.14 dd -50.5% n   3709 a  -13.2% b +0.01 t -2.82 g/t   +4.2 n/t   -9.8 fill 0.002 mkF -115.2 mkM   +0.4 limF   +4.2 mkr 1.00/0.00 |  -5.6%  -6.4% -18.5% -21.4%  -5.4% | -69.3% -46.7% -13.6% [11.7s]
t2_limit_gun_ici_fitil_5m_k6_H6                            ret   +31.6% sh +0.42 dd -39.6% n   3302 a   +3.0% b +0.03 t +0.42 g/t  +12.1 n/t   -1.9 fill 0.002 mkF -104.5 mkM   +0.8 limF  +12.2 mkr 1.00/0.00 |  -5.5% +41.7% -30.0% +13.6% +23.6% | -72.9% +30.8% +410.5% [12.8s]
t2_limit_gun_ici_fitil_5m_k6_H24                           ret  +132.5% sh +0.95 dd -37.3% n   2971 a  +10.7% b +0.07 t +1.25 g/t  +18.7 n/t   +4.5 fill 0.002 mkF  -96.9 mkM   +2.5 limF  +18.7 mkr 1.00/0.00 |  -0.3% +78.4% -26.2% +46.7% +20.8% | -65.5% +41.2% +1694.0% [11.1s]
t2_limit_gun_ici_fitil_5m_k6_tp1_H24                       ret   +80.9% sh +1.04 dd -26.6% n   3449 a  +11.8% b +0.01 t +2.17 g/t   -2.9 n/t  -16.9 fill 0.002 mkF  -91.9 mkM   +2.7 limF  +27.5 mkr 1.00/0.45 |  +7.1% +46.0% -15.5% +11.9% +22.4% | -37.5% +46.5% +453.1% [11.5s]
t2_limit_gun_ici_fitil_15m_k2_H1                           ret   -99.8% sh -6.94 dd -99.8% n  25381 a -135.2% b +0.06 t -17.06 g/t   +1.5 n/t  -12.5 fill 0.053 mkF  -77.6 mkM   +4.8 limF   +1.5 mkr 1.00/0.00 | -62.0% -61.3% -82.6% -76.1% -75.3% | -99.9% -99.9% -99.3% [4.6s]
t2_limit_gun_ici_fitil_15m_k2_H4                           ret   -99.2% sh -2.89 dd -99.2% n  19700 a -115.7% b +0.22 t -9.85 g/t   +2.3 n/t  -11.8 fill 0.047 mkF  -76.6 mkM   +4.6 limF   +2.3 mkr 1.00/0.00 | -56.0%  +1.3% -88.6% -55.9% -63.7% | -99.9% -99.7% -88.6% [5.5s]
t2_limit_gun_ici_fitil_15m_k2_tp1_H16                      ret   -95.0% sh -1.64 dd -95.3% n  18424 a  -80.1% b +0.22 t -6.46 g/t  -23.0 n/t  -37.2 fill 0.046 mkF  -67.8 mkM   +7.7 limF  +11.0 mkr 1.00/0.67 | -36.3% +20.1% -81.8% -24.5% -52.7% | -99.2% -97.0% -74.8% [6.3s]
t2_limit_gun_ici_fitil_15m_k3_H1                           ret   -79.3% sh -2.12 dd -81.3% n   9670 a  -33.9% b +0.03 t -5.35 g/t   +4.3 n/t   -9.7 fill 0.020 mkF -105.2 mkM   +2.5 limF   +4.3 mkr 1.00/0.00 |  -7.4%  +7.0% -52.7% -42.4% -23.4% | -86.3% -81.6% -68.9% [4.1s]
t2_limit_gun_ici_fitil_15m_k3_H4                           ret   -73.5% sh -0.96 dd -81.1% n   8272 a  -36.4% b +0.11 t -3.56 g/t   +4.9 n/t   -9.2 fill 0.018 mkF -104.1 mkM   +2.9 limF   +4.9 mkr 1.00/0.00 | -12.6% +49.6% -64.1% -18.2% -31.1% | -91.8% -90.7% +62.4% [3.9s]
t2_limit_gun_ici_fitil_15m_k3_tp1_H16                      ret   -21.4% sh -0.11 dd -61.5% n   8245 a  -11.9% b +0.08 t -1.27 g/t  -17.5 n/t  -31.6 fill 0.018 mkF  -93.4 mkM   +6.6 limF  +16.3 mkr 1.00/0.60 |  -7.3% +106.7% -51.4% +18.7% -28.9% | -75.6% -72.8% +372.6% [4.2s]
t2_limit_gun_ici_fitil_15m_k4_H1                           ret   -19.9% sh -0.31 dd -50.9% n   4658 a   -5.1% b +0.01 t -0.95 g/t   +7.9 n/t   -6.1 fill 0.009 mkF -127.5 mkM   +1.6 limF   +7.9 mkr 1.00/0.00 |  +9.8% +23.9% -28.4% -25.4% +10.3% | -64.7%  +6.6% +24.2% [4.1s]
t2_limit_gun_ici_fitil_15m_k4_H4                           ret   -10.2% sh -0.01 dd -52.3% n   4169 a   -6.3% b +0.05 t -0.74 g/t   +9.1 n/t   -5.0 fill 0.009 mkF -125.1 mkM   +2.2 limF   +9.1 mkr 1.00/0.00 |  -1.1% +37.9% -31.1%  -5.0%  +0.7% | -74.6% -49.5% +326.5% [4.5s]
t2_limit_gun_ici_fitil_15m_k4_tp1_H16                      ret   +63.2% sh +0.67 dd -33.6% n   4265 a   +7.7% b +0.03 t +1.04 g/t  -10.9 n/t  -25.0 fill 0.009 mkF -109.9 mkM   +6.1 limF  +25.7 mkr 1.00/0.51 |  -1.4% +76.3% -16.8% +10.5%  +2.2% | -55.3% +13.1% +559.1% [5.0s]
t2_limit_gun_ici_fitil_1h_k2_H1                            ret   -44.8% sh -0.43 dd -69.9% n   6837 a  -18.4% b +0.08 t -1.98 g/t   +7.1 n/t   -6.9 fill 0.058 mkF -156.9 mkM  +11.0 limF   +7.0 mkr 1.00/0.00 | -14.8% +111.1% -49.3%  -9.3% -33.2% | -86.9% -67.0% +204.2% [1.7s]
t2_limit_gun_ici_fitil_1h_k2_H6                            ret  +209.2% sh +0.76 dd -78.0% n   4762 a   -2.0% b +0.29 t -0.13 g/t  +19.1 n/t   +4.6 fill 0.050 mkF -143.8 mkM  +13.8 limF  +19.1 mkr 1.00/0.00 | +17.6% +632.5% -71.2% +54.1% -19.2% | -33.8%  +9.7% +1589.7% [1.1s]
t2_limit_gun_ici_fitil_1h_k3_H1                            ret  +116.3% sh +0.91 dd -27.1% n   2678 a  +13.9% b +0.03 t +1.65 g/t  +18.7 n/t   +4.7 fill 0.022 mkF -215.4 mkM   +6.1 limF  +18.7 mkr 1.00/0.00 | -10.6% +172.9% -17.6%  +6.7%  +0.8% | -29.2% +77.6% +575.3% [1.2s]
t2_limit_gun_ici_fitil_1h_k3_H6                            ret  +326.2% sh +1.10 dd -51.8% n   2162 a  +16.0% b +0.15 t +1.28 g/t  +32.4 n/t  +18.4 fill 0.019 mkF -197.7 mkM  +11.0 limF  +32.4 mkr 1.00/0.00 |  +5.6% +199.8% -30.2% +65.3% +16.7% | +12.3% +204.0% +1191.4% [1.1s]
t2_limit_gun_ici_fitil_5m_kisa_k3_H6                       ret  -100.0% sh -6.95 dd -100.0% n  16963 a -169.6% b -0.12 t -15.38 g/t   -7.3 n/t  -21.3 fill 0.012 mkF  -78.6 mkM   +0.5 limF   -7.0 mkr 1.00/0.00 | -79.2% -95.2% -74.2% -83.9% -79.8% | -100.0% -100.0% -100.0% [13.3s]
t2_limit_gun_ici_fitil_5m_kisa_k4_H6                       ret   -99.4% sh -4.89 dd -99.4% n   7962 a  -91.1% b -0.06 t -10.44 g/t   -9.7 n/t  -23.7 fill 0.005 mkF -100.1 mkM   +0.0 limF   -8.9 mkr 1.00/0.00 | -55.0% -83.9% -48.2% -63.2% -53.1% | -99.2% -99.7% -99.1% [13.2s]
t2_limit_gun_ici_fitil_5m_iki_k3_H6                        ret   -99.9% sh -4.39 dd -99.9% n  21601 a -126.4% b -0.01 t -9.73 g/t   +0.1 n/t  -13.9 fill 0.016 mkF  -68.7 mkM   +1.7 limF   +0.2 mkr 1.00/0.00 | -64.5% -58.5% -85.6% -75.1% -74.2% | -99.9% -100.0% -99.6% [12.0s]
