t2_limit_gun_ici_donus_1h_n4_e3_t50_H12_lim0.75s_m3        ret  +204.3% sh +1.78 dd -20.7% n    204 a  +20.1% b +0.03 t +3.52 g/t +181.4 n/t +165.6 fill 0.598 mkF +108.8 mkM  +75.3 limF +181.4 mkr 1.00/0.00 | +10.0% +102.5%  +2.2% +15.6% +15.8% | +63.0% +117.4% +559.7% [1.0s]
t2_limit_gun_ici_donus_1h_n4_e3_t50_H12_lim1.5s_m3         ret  +178.9% sh +1.71 dd -20.7% n    140 a  +19.4% b +0.02 t +3.51 g/t +238.6 n/t +223.6 fill 0.277 mkF  +84.0 mkM  +97.7 limF +238.5 mkr 1.00/0.00 |  +5.4% +96.8%  -0.1% +11.6% +20.6% | +86.3% +70.6% +480.8% [1.0s]
t2_limit_gun_ici_donus_1h_n4_e3_t50_H12_lim2.0s_m3         ret  +102.7% sh +1.50 dd -10.2% n     98 a  +14.0% b +0.01 t +3.22 g/t +230.9 n/t +216.3 fill 0.165 mkF  +31.2 mkM +107.2 limF +230.7 mkr 1.00/0.00 |  +5.7% +47.6%  +1.2% +14.2% +12.5% | +61.2% +63.2% +173.4% [0.7s]
t2_limit_gun_ici_donus_1h_n4_e3_t50_H12_lim1.0s_m1         ret  +171.6% sh +1.72 dd -10.2% n    136 a  +19.3% b +0.01 t +3.59 g/t +240.2 n/t +224.6 fill 0.531 mkF +144.3 mkM +118.4 limF +240.1 mkr 1.00/0.00 |  +5.9% +89.2%  +4.1% +13.7% +14.5% | +88.4% +118.9% +312.6% [0.6s]
t2_limit_gun_ici_donus_1h_n4_e3_t50_H12_lim1.0s_m6         ret  +220.9% sh +1.83 dd -20.7% n    198 a  +21.4% b +0.02 t +3.65 g/t +195.0 n/t +179.4 fill 0.437 mkF  +96.4 mkM  +60.2 limF +194.9 mkr 1.00/0.00 | +10.1% +112.5%  +0.5% +17.1% +16.5% | +72.4% +95.8% +711.7% [0.5s]
t2_limit_gun_ici_donus_1h_n4_e3_t50_H12_lim1.0s_m3_refsin  ret  +181.4% sh +1.64 dd -16.1% n    156 a  +19.6% b +0.02 t +3.36 g/t +218.4 n/t +203.5 fill 0.389 mkF +120.6 mkM  +72.4 limF +218.3 mkr 1.00/0.00 |  +5.9% +95.5%  +2.0% +16.7% +14.2% | +91.8% +108.6% +375.8% [0.7s]
t2_limit_gun_ici_donus_1h_n4_e3_t50_H12_lim1.0s_m6_refsin  ret  +173.2% sh +1.63 dd -18.2% n    161 a  +18.7% b +0.02 t +3.29 g/t +206.2 n/t +191.3 fill 0.279 mkF +108.3 mkM  +49.6 limF +206.2 mkr 1.00/0.00 |  +7.9% +85.9%  +0.0% +17.2% +16.2% | +68.3% +114.5% +377.7% [1.0s]
t2_limit_gun_ici_donus_1h_n4_e2.5_t50_H12_piyasa           ret  +164.5% sh +1.53 dd -20.7% n    364 a  +15.8% b +0.04 t +2.73 g/t  +98.6 n/t  +82.7 fill 1.000 mkF  +98.7 mkM   +nan limF  +98.7 mkr 0.00/0.00 | +10.8% +81.5%  -5.1% +25.2% +10.7% | +39.7% +30.1% +687.0% [0.8s]
t2_limit_gun_ici_donus_1h_n4_e2.5_t50_H12_lim1.0s_m3       ret  +250.5% sh +1.91 dd -20.7% n    303 a  +22.1% b +0.03 t +3.69 g/t +139.1 n/t +123.5 fill 0.452 mkF  +44.4 mkM  +73.5 limF +139.0 mkr 1.00/0.00 | +15.6% +121.1%  -1.5% +22.6% +13.5% | +65.9% +126.8% +795.6% [0.8s]
t2_limit_gun_ici_donus_1h_n4_e3.5_t50_H12_piyasa           ret   +66.4% sh +1.28 dd -20.7% n    124 a   +9.5% b +0.01 t +2.59 g/t +140.0 n/t +125.0 fill 1.000 mkF +140.3 mkM   +nan limF +140.3 mkr 0.00/0.00 |  -0.4% +39.4%  +1.3% +10.8%  +6.8% | +33.9%  -2.0% +205.1% [0.7s]
t2_limit_gun_ici_donus_1h_n4_e3.5_t50_H12_lim1.0s_m3       ret   +60.9% sh +1.16 dd -20.7% n    112 a   +8.7% b +0.01 t +2.29 g/t +139.4 n/t +124.6 fill 0.528 mkF  +45.3 mkM  +60.6 limF +139.4 mkr 1.00/0.00 |  +0.5% +35.6%  -0.8%  +7.6% +10.6% | +49.0%  +3.1% +135.9% [0.6s]
t2_limit_gun_ici_donus_1h_n2_e3_t50_H12_piyasa             ret  +121.8% sh +1.24 dd -27.8% n    303 a  +12.3% b +0.04 t +2.07 g/t  +99.9 n/t  +84.0 fill 1.000 mkF  +99.9 mkM   +nan limF  +99.9 mkr 0.00/0.00 | +13.3% +46.1%  -1.6% +24.7%  +9.2% |  -3.4% +14.1% +687.0% [0.7s]
t2_limit_gun_ici_donus_1h_n2_e3_t50_H12_lim1.0s_m3         ret  +125.9% sh +1.37 dd -25.1% n    249 a  +14.2% b +0.02 t +2.59 g/t +114.0 n/t  +98.0 fill 0.456 mkF  +24.0 mkM +164.1 limF +114.0 mkr 1.00/0.00 |  +9.3% +55.1%  -0.8% +18.0% +13.9% | +25.5% +25.2% +493.7% [0.8s]
t2_limit_gun_ici_donus_1h_n6_e3_t50_H12_piyasa             ret   +77.8% sh +1.16 dd -20.7% n    145 a  +10.6% b +0.01 t +2.29 g/t +138.2 n/t +123.8 fill 1.000 mkF +138.1 mkM   +nan limF +138.1 mkr 0.00/0.00 |  +1.5% +46.2%  +0.2% +10.9%  +7.8% |  +2.6% +26.0% +275.3% [0.9s]
t2_limit_gun_ici_donus_1h_n6_e3_t50_H12_lim1.0s_m3         ret   +55.2% sh +0.88 dd -22.5% n    124 a   +7.7% b +0.01 t +1.62 g/t +121.4 n/t +106.3 fill 0.492 mkF  +27.0 mkM +141.3 limF +121.2 mkr 1.00/0.00 |  +3.4% +31.4%  -3.2%  +6.2% +11.2% | +18.1% +26.8% +118.6% [0.8s]
t2_limit_gun_ici_donus_1h_n4_e3_t50_H6_lim1.0s_m3          ret   +84.1% sh +1.09 dd -23.9% n    192 a  +10.3% b +0.02 t +1.96 g/t +112.8 n/t  +98.0 fill 0.494 mkF  +13.3 mkM  +66.1 limF +112.9 mkr 1.00/0.00 |  +5.7% +37.6%  +2.4% +19.2%  +3.7% | +55.7% +23.9% +186.7% [0.5s]
t2_limit_gun_ici_donus_1h_n4_e3_t50_H24_lim1.0s_m3         ret  +202.5% sh +1.51 dd -21.0% n    172 a  +18.1% b +0.05 t +2.69 g/t +211.7 n/t +194.3 fill 0.493 mkF +118.1 mkM  +87.7 limF +212.0 mkr 1.00/0.00 | +17.0% +81.0%  +1.6% +32.6%  +6.1% | +47.8% +157.3% +470.5% [0.6s]
t2_limit_gun_ici_donus_1h_n4_e3_t30_H12_lim1.0s_m3         ret  +223.8% sh +1.98 dd -13.7% n    166 a  +22.2% b +0.02 t +4.08 g/t +229.2 n/t +214.1 fill 0.511 mkF +126.5 mkM  +74.9 limF +229.2 mkr 1.00/0.00 |  +7.7% +140.8%  -2.8% +11.6% +15.0% | +78.6% +107.2% +648.4% [1.9s]
t2_limit_gun_ici_donus_1h_n4_e3_t100_H12_lim1.0s_m3        ret  +222.6% sh +1.82 dd -20.7% n    215 a  +21.5% b +0.02 t +3.63 g/t +180.8 n/t +165.4 fill 0.516 mkF  +84.8 mkM  +82.9 limF +180.7 mkr 1.00/0.00 |  +3.7% +127.6%  -3.9% +14.0% +24.8% | +86.5% +118.4% +578.8% [0.7s]
t2_limit_gun_ici_donus_1h_n4_e3_t0_H12_lim1.0s_m3          ret  +186.0% sh +0.97 dd -43.0% n    430 a  +10.5% b +0.12 t +1.01 g/t  +90.8 n/t  +79.9 fill 0.521 mkF   -4.5 mkM +100.5 limF  +90.8 mkr 1.00/0.00 |  +5.0% +166.1% -30.2%  +5.8% +38.6% | +21.5% +122.7% +454.4% [0.6s]
t2_limit_gun_ici_donus_1h_n4_e3_t50_H12_lim1.0s_m3_cik5b   ret  +233.9% sh +1.89 dd -20.7% n    189 a  +22.2% b +0.02 t +3.79 g/t +199.6 n/t +184.1 fill 0.497 mkF +109.1 mkM  +75.4 limF +208.5 mkr 1.00/1.00 | +10.8% +116.3%  +1.0% +18.2% +16.7% | +80.7% +126.7% +654.2% [0.7s]
t2_limit_gun_ici_donus_1h_n4_e3_t50_H24_lim1.0s_m3_tp3s    ret  +143.4% sh +1.74 dd -20.7% n    186 a  +15.6% b +0.02 t +3.35 g/t  +69.8 n/t  +54.4 fill 0.492 mkF +159.2 mkM  +95.0 limF +256.4 mkr 1.00/0.61 | +16.9% +44.9%  +9.8% +19.5%  +9.5% | +87.5% +97.9% +233.9% [0.5s]
t2_limit_gun_ici_donus_15m_n16_e3_t50_H48_piyasa           ret  +240.6% sh +1.62 dd -24.5% n    282 a  +22.0% b +0.03 t +3.13 g/t +152.4 n/t +136.8 fill 1.000 mkF +152.4 mkM   +nan limF +152.4 mkr 0.00/0.00 | +18.4% +112.1%  +1.0% +16.6% +15.2% | +41.9% +124.9% +864.6% [2.1s]
t2_limit_gun_ici_donus_15m_n16_e3_t50_H48_lim1.0s_m12      ret  +263.0% sh +1.71 dd -22.0% n    265 a  +23.6% b +0.03 t +3.37 g/t +163.7 n/t +148.3 fill 0.337 mkF +100.4 mkM +120.0 limF +163.5 mkr 1.00/0.00 | +19.2% +118.4%  +2.0% +20.5% +13.4% | +31.5% +150.2% +1039.8% [2.1s]
t2_limit_gun_ici_donus_15m_n16_e3_t50_H48_lim2.0s_m12      ret  +160.4% sh +1.47 dd -22.0% n    200 a  +17.8% b +0.02 t +2.94 g/t +161.0 n/t +146.1 fill 0.098 mkF  +42.1 mkM +118.2 limF +160.9 mkr 1.00/0.00 | +15.2% +68.7%  +1.6% +16.2% +13.5% | +37.4% +66.0% +533.9% [3.0s]
t2_limit_gun_ici_donus_5m_n48_e3_t50_H144_piyasa           ret  +348.0% sh +1.92 dd -29.7% n    320 a  +27.3% b +0.03 t +3.80 g/t +159.4 n/t +143.7 fill 1.000 mkF +159.4 mkM   +nan limF +159.4 mkr 0.00/0.00 | +23.0% +161.5%  -5.2% +20.2% +22.3% | +77.2% +138.9% +1398.7% [9.9s]
t2_limit_gun_ici_donus_5m_n48_e3_t50_H144_lim2.0s_m36      ret  +203.4% sh +1.66 dd -30.0% n    273 a  +20.2% b +0.03 t +3.27 g/t +134.4 n/t +119.2 fill 0.078 mkF  +65.2 mkM +178.7 limF +134.5 mkr 1.00/0.00 | +15.1% +103.8%  -2.3% +13.2% +16.9% | +48.3% +57.2% +770.3% [5.0s]
t2_limit_gun_ici_donus_5m_n48_e3_t50_H144_lim3.5s_m36      ret  +168.9% sh +1.52 dd -29.7% n    184 a  +18.2% b +0.02 t +3.02 g/t +174.1 n/t +159.3 fill 0.023 mkF  +54.6 mkM +145.2 limF +174.1 mkr 1.00/0.00 | +12.3% +89.5%  +1.1% +17.6%  +6.2% | +39.2% +51.0% +603.7% [7.2s]
