  ml_4h_sp_PORT3_logit_H6_k2.0_ortusen_uzun_temel: ret1=4.033 sh1=0.96 ret2=2.376 sh2=0.76 mdd=-0.34 tr=704 exp=0.48 cost=0.40 (11.3s)
  ml_4h_sp_PORT3_logit_H6_k3.0_ortusen_uzun_temel: ret1=3.835 sh1=1.10 ret2=2.791 sh2=0.95 mdd=-0.31 tr=491 exp=0.33 cost=0.24 (0.5s)
  ml_4h_sp_PORT3_logit_H12_k2.0_ortusen_uzun_temel: ret1=9.020 sh1=1.13 ret2=6.671 sh2=1.03 mdd=-0.45 tr=385 exp=0.64 cost=0.27 (5.0s)
  ml_4h_sp_PORT3_logit_H12_k3.0_ortusen_uzun_temel: ret1=5.948 sh1=1.08 ret2=4.618 sh2=0.98 mdd=-0.41 tr=327 exp=0.55 cost=0.21 (0.4s)
  ml_4h_sp_PORT3_hgb_clf_H6_k2.0_ortusen_uzun_temel: ret1=9.725 sh1=1.23 ret2=5.114 sh2=0.98 mdd=-0.43 tr=881 exp=0.63 cost=0.56 (47.2s)
  ml_4h_sp_PORT3_hgb_clf_H6_k3.0_ortusen_uzun_temel: ret1=6.474 sh1=1.19 ret2=3.989 sh2=0.98 mdd=-0.41 tr=762 exp=0.50 cost=0.40 (0.5s)
  ml_4h_sp_PORT3_hgb_clf_H12_k2.0_ortusen_uzun_temel: ret1=4.516 sh1=0.91 ret2=2.867 sh2=0.76 mdd=-0.58 tr=389 exp=0.77 cost=0.36 (29.5s)
  ml_4h_sp_PORT3_hgb_clf_H12_k3.0_ortusen_uzun_temel: ret1=4.415 sh1=0.96 ret2=3.023 sh2=0.82 mdd=-0.45 tr=429 exp=0.72 cost=0.30 (0.4s)
  ml_4h_sp_PORT3_hgb_reg_H6_k2.0_ortusen_uzun_temel: ret1=6.900 sh1=1.06 ret2=3.558 sh2=0.83 mdd=-0.56 tr=791 exp=0.67 cost=0.55 (39.9s)
  ml_4h_sp_PORT3_hgb_reg_H6_k3.0_ortusen_uzun_temel: ret1=4.903 sh1=1.01 ret2=2.718 sh2=0.79 mdd=-0.46 tr=756 exp=0.59 cost=0.46 (1.1s)
  ml_4h_sp_PORT3_hgb_reg_H12_k2.0_ortusen_uzun_temel: ret1=13.583 sh1=1.25 ret2=9.375 sh2=1.12 mdd=-0.59 tr=330 exp=0.79 cost=0.34 (26.7s)
  ml_4h_sp_PORT3_hgb_reg_H12_k3.0_ortusen_uzun_temel: ret1=12.551 sh1=1.29 ret2=8.817 sh2=1.16 mdd=-0.50 tr=381 exp=0.76 cost=0.32 (0.4s)
  ml_4h_fu_PORT3_hgb_reg_H6_k2.0_ortusen_iki_temel: ret1=1.468 sh1=0.73 ret2=0.598 sh2=0.49 mdd=-0.58 tr=1204 exp=0.74 cost=0.43 (26.3s)
  ml_4h_fu_PORT3_hgb_reg_H6_k3.0_ortusen_iki_temel: ret1=1.374 sh1=0.72 ret2=0.618 sh2=0.49 mdd=-0.56 tr=1115 exp=0.72 cost=0.38 (0.3s)
  ml_4h_fu_PORT3_hgb_reg_H6_k1.0_ortusen_uzun_temel: ret1=3.809 sh1=1.03 ret2=2.716 sh2=0.90 mdd=-0.68 tr=465 exp=0.73 cost=0.26 (0.3s)
  ml_4h_fu_PORT3_hgb_reg_H12_k1.0_ortusen_uzun_temel: ret1=1.773 sh1=0.77 ret2=1.409 sh2=0.70 mdd=-0.71 tr=180 exp=0.74 cost=0.14 (17.1s)
  ml_4h_fu_PORT3_hgb_clf_H6_k2.0_ortusen_iki_temel: ret1=1.589 sh1=0.75 ret2=0.667 sh2=0.51 mdd=-0.50 tr=1267 exp=0.74 cost=0.44 (29.4s)
  ml_4h_fu_PORT3_hgb_clf_H6_k3.0_ortusen_iki_temel: ret1=1.751 sh1=0.80 ret2=0.894 sh2=0.59 mdd=-0.49 tr=1163 exp=0.70 cost=0.37 (0.4s)
  ml_4h_fu_PORT3_hgb_clf_H6_k1.0_ortusen_uzun_temel: ret1=3.376 sh1=0.99 ret2=2.335 sh2=0.85 mdd=-0.64 tr=506 exp=0.71 cost=0.27 (0.3s)
  ml_4h_fu_PORT3_hgb_clf_H12_k1.0_ortusen_uzun_temel: ret1=2.111 sh1=0.84 ret2=1.676 sh2=0.76 mdd=-0.63 tr=195 exp=0.74 cost=0.15 (18.9s)
