  ml_1h_sp_PORT3_logit_H4_k2.0_ortusen_uzun_temel: ret1=1.846 sh1=1.23 ret2=0.792 sh2=0.72 mdd=-0.17 tr=957 exp=0.10 cost=0.46 (50.5s)
  ml_1h_sp_PORT3_logit_H4_k3.0_ortusen_uzun_temel: ret1=0.827 sh1=1.04 ret2=0.566 sh2=0.80 mdd=-0.18 tr=354 exp=0.04 cost=0.15 (1.2s)
  ml_1h_sp_PORT3_logit_H12_k2.0_ortusen_uzun_temel: ret1=2.628 sh1=1.03 ret2=1.215 sh2=0.68 mdd=-0.37 tr=1098 exp=0.35 cost=0.49 (15.0s)
  ml_1h_sp_PORT3_logit_H12_k3.0_ortusen_uzun_temel: ret1=1.258 sh1=0.87 ret2=0.778 sh2=0.64 mdd=-0.24 tr=625 exp=0.19 cost=0.24 (0.6s)
  ml_1h_sp_PORT3_hgb_clf_H4_k2.0_ortusen_uzun_temel: ret1=3.910 sh1=1.51 ret2=1.582 sh2=0.94 mdd=-0.22 tr=1311 exp=0.14 cost=0.64 (127.6s)
  ml_1h_sp_PORT3_hgb_clf_H4_k3.0_ortusen_uzun_temel: ret1=2.009 sh1=1.41 ret2=1.319 sh2=1.10 mdd=-0.17 tr=550 exp=0.06 cost=0.26 (0.5s)
  ml_1h_sp_PORT3_hgb_clf_H12_k2.0_ortusen_uzun_temel: ret1=8.001 sh1=1.49 ret2=3.563 sh2=1.07 mdd=-0.28 tr=1512 exp=0.49 cost=0.68 (58.0s)
  ml_1h_sp_PORT3_hgb_clf_H12_k3.0_ortusen_uzun_temel: ret1=4.622 sh1=1.41 ret2=2.881 sh2=1.13 mdd=-0.24 tr=1008 exp=0.32 cost=0.37 (0.6s)
  ml_1h_sp_PORT3_hgb_reg_H4_k2.0_ortusen_uzun_temel: ret1=4.259 sh1=1.65 ret2=1.977 sh2=1.12 mdd=-0.16 tr=1204 exp=0.14 cost=0.57 (98.6s)
  ml_1h_sp_PORT3_hgb_reg_H4_k3.0_ortusen_uzun_temel: ret1=1.833 sh1=1.29 ret2=1.203 sh2=1.00 mdd=-0.16 tr=565 exp=0.07 cost=0.25 (0.5s)
  ml_1h_sp_PORT3_hgb_reg_H12_k2.0_ortusen_uzun_temel: ret1=8.162 sh1=1.48 ret2=3.148 sh2=1.00 mdd=-0.29 tr=1701 exp=0.55 cost=0.79 (48.7s)
  ml_1h_sp_PORT3_hgb_reg_H12_k3.0_ortusen_uzun_temel: ret1=4.811 sh1=1.41 ret2=2.543 sh2=1.04 mdd=-0.25 tr=1330 exp=0.41 cost=0.49 (0.5s)
  ml_1h_fu_PORT3_logit_H12_k2.0_ortusen_iki_temel: ret1=1.313 sh1=0.71 ret2=0.446 sh2=0.43 mdd=-0.48 tr=1582 exp=0.60 cost=0.47 (8.9s)
  ml_1h_fu_PORT3_logit_H12_k3.0_ortusen_iki_temel: ret1=0.887 sh1=0.62 ret2=0.396 sh2=0.41 mdd=-0.48 tr=1112 exp=0.47 cost=0.30 (0.4s)
  ml_1h_fu_PORT3_logit_H24_k2.0_ortusen_iki_temel: ret1=0.338 sh1=0.39 ret2=-0.053 sh2=0.21 mdd=-0.62 tr=1036 exp=0.73 cost=0.35 (4.5s)
  ml_1h_fu_PORT3_logit_H24_k3.0_ortusen_iki_temel: ret1=0.770 sh1=0.55 ret2=0.350 sh2=0.39 mdd=-0.55 tr=849 exp=0.68 cost=0.27 (0.4s)
  ml_1h_fu_PORT3_logit_H12_k1.0_ortusen_uzun_temel: ret1=2.637 sh1=0.92 ret2=1.264 sh2=0.67 mdd=-0.60 tr=989 exp=0.65 cost=0.47 (0.4s)
  ml_1h_fu_PORT3_logit_H12_k2.0_ortusen_uzun_temel: ret1=2.604 sh1=0.98 ret2=1.534 sh2=0.77 mdd=-0.46 tr=960 exp=0.52 cost=0.35 (0.4s)
  ml_1h_fu_PORT3_hgb_clf_H12_k2.0_ortusen_iki_temel: ret1=2.028 sh1=0.95 ret2=0.565 sh2=0.49 mdd=-0.39 tr=2408 exp=0.68 cost=0.66 (34.2s)
  ml_1h_fu_PORT3_hgb_clf_H12_k3.0_ortusen_iki_temel: ret1=1.426 sh1=0.84 ret2=0.523 sh2=0.48 mdd=-0.36 tr=1935 exp=0.58 cost=0.47 (0.4s)
  ml_1h_fu_PORT3_hgb_clf_H24_k2.0_ortusen_iki_temel: ret1=1.211 sh1=0.71 ret2=0.363 sh2=0.39 mdd=-0.51 tr=1816 exp=0.75 cost=0.48 (24.9s)
  ml_1h_fu_PORT3_hgb_clf_H24_k3.0_ortusen_iki_temel: ret1=1.534 sh1=0.82 ret2=0.704 sh2=0.55 mdd=-0.44 tr=1647 exp=0.73 cost=0.40 (0.4s)
  ml_1h_fu_PORT3_hgb_clf_H12_k1.0_ortusen_uzun_temel: ret1=4.151 sh1=1.18 ret2=2.027 sh2=0.86 mdd=-0.54 tr=996 exp=0.68 cost=0.53 (0.4s)
  ml_1h_fu_PORT3_hgb_clf_H12_k2.0_ortusen_uzun_temel: ret1=4.104 sh1=1.27 ret2=2.392 sh2=1.00 mdd=-0.46 tr=1047 exp=0.59 cost=0.41 (0.5s)
