  ml_1d_fu_PORT3_logit_H4_k1.0_ortusen_iki_temel: ret1=0.421 sh1=0.41 ret2=0.294 sh2=0.36 mdd=-0.51 tr=214 exp=0.64 cost=0.09 (1.9s)
  ml_1d_fu_PORT3_logit_H8_k1.0_ortusen_iki_temel: ret1=-0.596 sh1=-0.41 ret2=-0.616 sh2=-0.44 mdd=-0.77 tr=123 exp=0.52 cost=0.05 (0.9s)
  ml_1d_fu_PORT3_logit_H16_k1.0_ortusen_iki_temel: ret1=-0.450 sh1=-0.42 ret2=-0.458 sh2=-0.44 mdd=-0.54 tr=39 exp=0.31 cost=0.01 (0.6s)
  ml_1d_fu_PORT3_hgb_clf_H4_k1.0_ortusen_iki_temel: ret1=0.638 sh1=0.48 ret2=0.490 sh2=0.43 mdd=-0.72 tr=216 exp=0.64 cost=0.09 (12.8s)
  ml_1d_fu_PORT3_hgb_clf_H8_k1.0_ortusen_iki_temel: ret1=-0.509 sh1=-0.34 ret2=-0.532 sh2=-0.38 mdd=-0.81 tr=119 exp=0.52 cost=0.05 (8.3s)
  ml_1d_fu_PORT3_hgb_clf_H16_k1.0_ortusen_iki_temel: ret1=-0.214 sh1=-0.11 ret2=-0.227 sh2=-0.12 mdd=-0.58 tr=41 exp=0.31 cost=0.02 (4.2s)
  ml_1d_fu_PORT3_hgb_reg_H4_k1.0_ortusen_iki_temel: ret1=0.039 sh1=0.25 ret2=-0.041 sh2=0.21 mdd=-0.78 tr=182 exp=0.64 cost=0.08 (11.9s)
  ml_1d_fu_PORT3_hgb_reg_H8_k1.0_ortusen_iki_temel: ret1=-0.548 sh1=-0.31 ret2=-0.565 sh2=-0.33 mdd=-0.86 tr=99 exp=0.52 cost=0.04 (7.5s)
  ml_1d_fu_PORT3_hgb_reg_H16_k1.0_ortusen_iki_temel: ret1=0.569 sh1=0.56 ret2=0.548 sh2=0.55 mdd=-0.47 tr=30 exp=0.31 cost=0.01 (4.0s)
  ml_1d_sp_PORT3_logit_H4_k1.0_ortusen_uzun_temel: ret1=5.464 sh1=0.92 ret2=4.630 sh2=0.86 mdd=-0.70 tr=154 exp=0.65 cost=0.14 (2.4s)
  ml_1d_sp_PORT3_logit_H8_k1.0_ortusen_uzun_temel: ret1=4.306 sh1=0.83 ret2=3.981 sh2=0.81 mdd=-0.71 tr=66 exp=0.60 cost=0.06 (1.7s)
  ml_1d_sp_PORT3_logit_H16_k1.0_ortusen_uzun_temel: ret1=1.059 sh1=0.49 ret2=1.007 sh2=0.48 mdd=-0.65 tr=20 exp=0.45 cost=0.03 (1.4s)
  ml_1d_sp_PORT3_hgb_clf_H4_k1.0_ortusen_uzun_temel: ret1=2.159 sh1=0.64 ret2=1.717 sh2=0.59 mdd=-0.73 tr=167 exp=0.68 cost=0.15 (20.3s)
  ml_1d_sp_PORT3_hgb_clf_H8_k1.0_ortusen_uzun_temel: ret1=3.657 sh1=0.77 ret2=3.363 sh2=0.75 mdd=-0.76 tr=50 exp=0.62 cost=0.07 (13.6s)
  ml_1d_sp_PORT3_hgb_clf_H16_k1.0_ortusen_uzun_temel: ret1=0.762 sh1=0.42 ret2=0.714 sh2=0.41 mdd=-0.71 tr=10 exp=0.46 cost=0.03 (6.8s)
  ml_1d_sp_PORT3_hgb_reg_H4_k1.0_ortusen_uzun_temel: ret1=5.297 sh1=0.91 ret2=4.510 sh2=0.86 mdd=-0.69 tr=139 exp=0.66 cost=0.13 (20.4s)
  ml_1d_sp_PORT3_hgb_reg_H8_k1.0_ortusen_uzun_temel: ret1=6.086 sh1=0.93 ret2=5.685 sh2=0.91 mdd=-0.73 tr=58 exp=0.62 cost=0.06 (11.4s)
  ml_1d_sp_PORT3_hgb_reg_H16_k1.0_ortusen_uzun_temel: ret1=1.544 sh1=0.55 ret2=1.495 sh2=0.55 mdd=-0.76 tr=7 exp=0.46 cost=0.02 (8.2s)
  ml_4h_fu_PORT3_logit_H6_k1.0_ortusen_iki_temel: ret1=0.503 sh1=0.46 ret2=-0.005 sh2=0.28 mdd=-0.70 tr=1021 exp=0.75 cost=0.41 (20.6s)
  ml_4h_fu_PORT3_logit_H12_k1.0_ortusen_iki_temel: ret1=0.663 sh1=0.51 ret2=0.304 sh2=0.38 mdd=-0.62 tr=614 exp=0.75 cost=0.24 (3.4s)
  ml_4h_fu_PORT3_logit_H24_k1.0_ortusen_iki_temel: ret1=-0.433 sh1=0.00 ret2=-0.496 sh2=-0.05 mdd=-0.83 tr=292 exp=0.75 cost=0.12 (1.6s)
  ml_4h_fu_PORT3_hgb_clf_H6_k1.0_ortusen_iki_temel: ret1=0.891 sh1=0.58 ret2=0.128 sh2=0.31 mdd=-0.52 tr=1371 exp=0.75 cost=0.52 (47.0s)
  ml_4h_fu_PORT3_hgb_clf_H12_k1.0_ortusen_iki_temel: ret1=-0.054 sh1=0.19 ret2=-0.299 sh2=0.03 mdd=-0.55 tr=851 exp=0.75 cost=0.30 (23.5s)
  ml_4h_fu_PORT3_hgb_clf_H24_k1.0_ortusen_iki_temel: ret1=-0.522 sh1=-0.18 ret2=-0.588 sh2=-0.26 mdd=-0.79 tr=466 exp=0.75 cost=0.15 (13.9s)
  ml_4h_fu_PORT3_hgb_reg_H6_k1.0_ortusen_iki_temel: ret1=1.529 sh1=0.74 ret2=0.551 sh2=0.47 mdd=-0.58 tr=1276 exp=0.75 cost=0.49 (30.2s)
  ml_4h_fu_PORT3_hgb_reg_H12_k1.0_ortusen_iki_temel: ret1=-0.173 sh1=0.09 ret2=-0.374 sh2=-0.08 mdd=-0.63 tr=724 exp=0.75 cost=0.28 (22.0s)
  ml_4h_fu_PORT3_hgb_reg_H24_k1.0_ortusen_iki_temel: ret1=0.228 sh1=0.33 ret2=0.067 sh2=0.24 mdd=-0.75 tr=383 exp=0.75 cost=0.14 (14.0s)
  ml_4h_sp_PORT3_logit_H6_k1.0_ortusen_uzun_temel: ret1=4.718 sh1=0.88 ret2=2.130 sh2=0.65 mdd=-0.56 tr=824 exp=0.66 cost=0.60 (32.5s)
  ml_4h_sp_PORT3_logit_H12_k1.0_ortusen_uzun_temel: ret1=11.261 sh1=1.11 ret2=7.850 sh2=1.00 mdd=-0.51 tr=350 exp=0.75 cost=0.33 (3.9s)
  ml_4h_sp_PORT3_logit_H24_k1.0_ortusen_uzun_temel: ret1=9.105 sh1=1.00 ret2=7.451 sh2=0.94 mdd=-0.76 tr=91 exp=0.81 cost=0.18 (2.9s)
  ml_4h_sp_PORT3_hgb_clf_H6_k1.0_ortusen_uzun_temel: ret1=11.485 sh1=1.17 ret2=4.987 sh2=0.89 mdd=-0.50 tr=871 exp=0.75 cost=0.73 (55.2s)
  ml_4h_sp_PORT3_hgb_clf_H12_k1.0_ortusen_uzun_temel: ret1=4.984 sh1=0.89 ret2=3.050 sh2=0.74 mdd=-0.64 tr=314 exp=0.82 cost=0.39 (34.6s)
  ml_4h_sp_PORT3_hgb_clf_H24_k1.0_ortusen_uzun_temel: ret1=7.321 sh1=0.99 ret2=5.813 sh2=0.92 mdd=-0.72 tr=72 exp=0.83 cost=0.20 (24.5s)
  ml_4h_sp_PORT3_hgb_reg_H6_k1.0_ortusen_uzun_temel: ret1=9.705 sh1=1.09 ret2=4.658 sh2=0.85 mdd=-0.65 tr=774 exp=0.76 cost=0.64 (49.4s)
  ml_4h_sp_PORT3_hgb_reg_H12_k1.0_ortusen_uzun_temel: ret1=15.485 sh1=1.24 ret2=10.614 sh2=1.11 mdd=-0.64 tr=252 exp=0.81 cost=0.35 (37.0s)
  ml_4h_sp_PORT3_hgb_reg_H24_k1.0_ortusen_uzun_temel: ret1=10.980 sh1=1.10 ret2=8.976 sh2=1.04 mdd=-0.72 tr=79 exp=0.82 cost=0.18 (31.1s)
