162 yapılandırma
  10/162 7s
  20/162 14s
  30/162 20s
  40/162 26s
  50/162 32s
  60/162 38s
  70/162 45s
  80/162 51s
  90/162 56s
  100/162 60s
  110/162 65s
  120/162 69s
  130/162 74s
  140/162 79s
  150/162 83s
  160/162 88s
                                                                 ad    ret   ret2  sharpe    mdd  trades   alfa   beta  maliyet  fonlama  maruz
149    t2_cift_4h_SOLETH_oyn_hedge_win180_z_win90_z_in2.5_z_exit0.0 -0.184 -0.248  -0.066 -0.447     142 -0.039  0.021    0.082   -0.185  0.361
151   t2_cift_4h_SOLETH_oyn_hedge_win360_z_win180_z_in2.0_z_exit0.0 -0.353 -0.392  -0.208 -0.457     108 -0.086  0.028    0.061   -0.191  0.509
148    t2_cift_4h_SOLETH_oyn_hedge_win180_z_win90_z_in2.0_z_exit0.0 -0.364 -0.429  -0.248 -0.474     186 -0.089  0.025    0.107   -0.187  0.469
152   t2_cift_4h_SOLETH_oyn_hedge_win360_z_win180_z_in2.5_z_exit0.0 -0.377 -0.402  -0.278 -0.467      74 -0.101  0.031    0.042   -0.169  0.394
147    t2_cift_4h_SOLETH_oyn_hedge_win180_z_win90_z_in1.5_z_exit0.0 -0.453 -0.526  -0.312 -0.577     252 -0.106  0.020    0.145   -0.187  0.568
143                t2_cift_4h_SOLETH_bir_z_win180_z_in2.5_z_exit0.0 -0.601 -0.620  -0.334 -0.832      70 -0.153  0.030    0.049   -0.252  0.421
150   t2_cift_4h_SOLETH_oyn_hedge_win360_z_win180_z_in1.5_z_exit0.0 -0.488 -0.526  -0.363 -0.518     132 -0.129  0.027    0.076   -0.194  0.589
80                 t2_cift_1h_SOLETH_ols_z_win500_z_in2.5_z_exit0.0 -0.620 -0.653  -0.372 -0.730     166 -0.204  0.063    0.091   -0.221  0.350
89                 t2_cift_4h_ETHBTC_bir_z_win180_z_in2.5_z_exit0.0 -0.329 -0.369  -0.381 -0.461      88 -0.065 -0.000    0.062   -0.012  0.477
88                 t2_cift_4h_ETHBTC_bir_z_win180_z_in2.0_z_exit0.0 -0.394 -0.441  -0.437 -0.520     116 -0.078 -0.004    0.080   -0.016  0.597
79                 t2_cift_1h_SOLETH_ols_z_win500_z_in2.0_z_exit0.0 -0.688 -0.725  -0.444 -0.764     232 -0.239  0.065    0.128   -0.228  0.444
161                t2_cift_4h_SOLETH_ols_z_win180_z_in2.5_z_exit0.0 -0.625 -0.647  -0.475 -0.680     110 -0.239  0.080    0.059   -0.188  0.364
122    t2_cift_4h_SOLBTC_oyn_hedge_win180_z_win90_z_in2.5_z_exit0.0 -0.458 -0.496  -0.490 -0.567     136 -0.118  0.015    0.073   -0.105  0.376
125   t2_cift_4h_SOLBTC_oyn_hedge_win360_z_win180_z_in2.5_z_exit0.0 -0.477 -0.497  -0.521 -0.548      74 -0.127  0.017    0.039   -0.152  0.428
124   t2_cift_4h_SOLBTC_oyn_hedge_win360_z_win180_z_in2.0_z_exit0.0 -0.546 -0.570  -0.585 -0.613     102 -0.160  0.024    0.054   -0.147  0.532
123   t2_cift_4h_SOLBTC_oyn_hedge_win360_z_win180_z_in1.5_z_exit0.0 -0.583 -0.611  -0.613 -0.654     132 -0.168  0.019    0.071   -0.151  0.601
44   t2_cift_1h_SOLBTC_oyn_hedge_win1000_z_win500_z_in2.5_z_exit0.0 -0.535 -0.562  -0.622 -0.601     114 -0.157  0.023    0.061   -0.143  0.400
78                 t2_cift_1h_SOLETH_ols_z_win500_z_in1.5_z_exit0.0 -0.797 -0.832  -0.627 -0.818     340 -0.315  0.062    0.188   -0.246  0.560
121    t2_cift_4h_SOLBTC_oyn_hedge_win180_z_win90_z_in2.0_z_exit0.0 -0.556 -0.597  -0.631 -0.666     182 -0.156  0.016    0.098   -0.106  0.483
158                 t2_cift_4h_SOLETH_ols_z_win90_z_in2.5_z_exit0.0 -0.724 -0.751  -0.634 -0.760     182 -0.289  0.073    0.104   -0.192  0.332
69   t2_cift_1h_SOLETH_oyn_hedge_win1000_z_win500_z_in1.5_z_exit0.0 -0.653 -0.688  -0.644 -0.706     186 -0.192  0.016    0.106   -0.197  0.585
116                t2_cift_4h_SOLBTC_bir_z_win180_z_in2.5_z_exit0.0 -0.822 -0.830  -0.646 -0.876      68 -0.277  0.013    0.047   -0.275  0.410
160                t2_cift_4h_SOLETH_ols_z_win180_z_in2.0_z_exit0.0 -0.746 -0.766  -0.648 -0.766     146 -0.286  0.059    0.079   -0.214  0.465
87                 t2_cift_4h_ETHBTC_bir_z_win180_z_in1.5_z_exit0.0 -0.535 -0.580  -0.653 -0.649     144 -0.131 -0.001    0.100   -0.018  0.685
142                t2_cift_4h_SOLETH_bir_z_win180_z_in2.0_z_exit0.0 -0.812 -0.823  -0.661 -0.890      84 -0.302  0.039    0.059   -0.288  0.520
98    t2_cift_4h_ETHBTC_oyn_hedge_win360_z_win180_z_in2.5_z_exit0.0 -0.427 -0.455  -0.662 -0.552      78 -0.081 -0.016    0.050   -0.013  0.455
141                t2_cift_4h_SOLETH_bir_z_win180_z_in1.5_z_exit0.0 -0.836 -0.849  -0.665 -0.877     118 -0.310  0.031    0.083   -0.312  0.614
107                t2_cift_4h_ETHBTC_ols_z_win180_z_in2.5_z_exit0.0 -0.412 -0.458  -0.672 -0.494     136 -0.104  0.007    0.082   -0.030  0.423
71   t2_cift_1h_SOLETH_oyn_hedge_win1000_z_win500_z_in2.5_z_exit0.0 -0.623 -0.645  -0.699 -0.682     104 -0.189  0.020    0.060   -0.189  0.414
16   t2_cift_1h_ETHBTC_oyn_hedge_win1000_z_win500_z_in2.0_z_exit0.0 -0.482 -0.532  -0.716 -0.560     158 -0.117 -0.001    0.100   -0.017  0.605
