22 yapılandırma
1/22 t2_bindirme_trendvol_nakit_4h_L10_h0.3_n30_b0.1 ret=5.695 sh=1.71 alfa=0.153 t=3.55 b=0.13 ret2=5.211 islem=178 a20_23=0.158 a24=0.087
2/22 t2_bindirme_trendvol_tam_4h_L10_h0.3_n30_b0.1_f7 ret=4.429 sh=1.67 alfa=0.185 t=3.46 b=0.14 ret2=4.171 islem=197 a20_23=0.193 a24=0.111
3/22 t2_bindirme_trendvol_yarim_4h_L10_h0.3_n30_b0.1_f7 ret=1.830 sh=2.00 alfa=0.126 t=4.66 b=0.07 ret2=1.741 islem=67 a20_23=0.133 a24=0.088
4/22 t2_bindirme_trendvol_nakit_4h_L10_h0.4_n30_b0.1 ret=9.522 sh=1.66 alfa=0.185 t=3.34 b=0.17 ret2=8.408 islem=224 a20_23=0.187 a24=0.106
5/22 t2_bindirme_trendvol_tam_4h_L10_h0.4_n30_b0.1_f7 ret=6.351 sh=1.55 alfa=0.204 t=2.99 b=0.19 ret2=5.885 islem=326 a20_23=0.210 a24=0.118
6/22 t2_bindirme_trendvol_yarim_4h_L10_h0.4_n30_b0.1_f7 ret=2.339 sh=1.80 alfa=0.136 t=3.95 b=0.10 ret2=2.208 islem=85 a20_23=0.141 a24=0.092
7/22 t2_bindirme_trendvol_nakit_4h_L10_h0.5_n30_b0.1 ret=15.473 sh=1.67 alfa=0.221 t=3.38 b=0.21 ret2=13.295 islem=243 a20_23=0.229 a24=0.078
8/22 t2_bindirme_trendvol_tam_4h_L10_h0.5_n30_b0.1_f7 ret=8.830 sh=1.51 alfa=0.227 t=2.82 b=0.23 ret2=8.079 islem=380 a20_23=0.242 a24=0.083
9/22 t2_bindirme_trendvol_yarim_4h_L10_h0.5_n30_b0.1_f7 ret=2.918 sh=1.72 alfa=0.147 t=3.66 b=0.12 ret2=2.739 islem=107 a20_23=0.158 a24=0.074
10/22 t2_bindirme_trendvol_nakit_4h_L20_h0.3_n30_b0.1 ret=5.578 sh=1.65 alfa=0.143 t=3.32 b=0.14 ret2=5.285 islem=98 a20_23=0.152 a24=0.049
11/22 t2_bindirme_trendvol_tam_4h_L20_h0.3_n30_b0.1_f7 ret=4.425 sh=1.62 alfa=0.171 t=3.25 b=0.16 ret2=4.242 islem=174 a20_23=0.183 a24=0.067
12/22 t2_bindirme_trendvol_yarim_4h_L20_h0.3_n30_b0.1_f7 ret=1.834 sh=1.93 alfa=0.119 t=4.47 b=0.08 ret2=1.765 islem=51 a20_23=0.128 a24=0.066
13/22 t2_bindirme_trendvol_nakit_4h_L20_h0.4_n30_b0.1 ret=9.803 sh=1.63 alfa=0.180 t=3.24 b=0.18 ret2=9.114 islem=112 a20_23=0.184 a24=0.069
14/22 t2_bindirme_trendvol_tam_4h_L20_h0.4_n30_b0.1_f7 ret=6.510 sh=1.51 alfa=0.193 t=2.85 b=0.21 ret2=6.190 islem=216 a20_23=0.202 a24=0.072
15/22 t2_bindirme_trendvol_yarim_4h_L20_h0.4_n30_b0.1_f7 ret=2.385 sh=1.76 alfa=0.130 t=3.81 b=0.10 ret2=2.287 islem=58 a20_23=0.138 a24=0.069
16/22 t2_bindirme_trendvol_nakit_4h_L20_h0.5_n30_b0.1 ret=13.521 sh=1.57 alfa=0.196 t=3.02 b=0.22 ret2=12.383 islem=124 a20_23=0.203 a24=0.032
17/22 t2_bindirme_trendvol_tam_4h_L20_h0.5_n30_b0.1_f7 ret=7.960 sh=1.41 alfa=0.195 t=2.46 b=0.25 ret2=7.519 islem=221 a20_23=0.210 a24=0.025
18/22 t2_bindirme_trendvol_yarim_4h_L20_h0.5_n30_b0.1_f7 ret=2.752 sh=1.62 alfa=0.131 t=3.30 b=0.12 ret2=2.632 islem=75 a20_23=0.142 a24=0.046
19/22 t2_bindirme_trend_yarim_4h_L15_b0.0_f7 ret=7.413 sh=1.65 alfa=0.212 t=3.41 b=0.21 ret2=6.779 islem=359 a20_23=0.245 a24=0.020
20/22 t2_bindirme_trend_yarim_4h_L15_b0.15_f7 ret=7.479 sh=1.66 alfa=0.214 t=3.49 b=0.21 ret2=7.101 islem=135 a20_23=0.250 a24=0.013
21/22 t2_bindirme_vol_tam_1d_h0.4_n40_f7 ret=8.590 sh=1.14 alfa=0.061 t=0.97 b=0.42 ret2=8.490 islem=53 a20_23=-0.010 a24=0.092
22/22 t2_bindirme_vol_yarim_1d_h0.4_n40_f7 ret=3.025 sh=1.30 alfa=0.063 t=2.03 b=0.21 ret2=2.976 islem=39 a20_23=0.031 a24=0.079
BITTI
