87 yapılandırma
1/87 t2_bindirme_altut_nakit_1d ret=59.679 sh=1.15 alfa=0.041 t=0.82 b=0.85 ret2=59.606 islem=3 (2.2s)
2/87 t2_bindirme_carry_saf_tam_4h_hep ret=0.303 sh=1.29 alfa=0.056 t=3.94 b=-0.01 ret2=0.302 islem=6 (1.3s)
3/87 t2_bindirme_carry_saf_tam_4h_f3 ret=0.364 sh=6.59 alfa=0.059 t=18.38 b=-0.00 ret2=0.333 islem=74 (1.4s)
4/87 t2_bindirme_carry_saf_tam_4h_f7 ret=0.421 sh=4.65 alfa=0.067 t=12.85 b=-0.00 ret2=0.399 islem=52 (1.0s)
5/87 t2_bindirme_vol_nakit_1d_h0.4_n10_b0.0 ret=9.592 sh=1.05 alfa=0.020 t=0.34 b=0.41 ret2=8.436 islem=3 (0.6s)
6/87 t2_bindirme_vol_nakit_1d_h0.4_n10_b0.1 ret=10.288 sh=1.07 alfa=0.026 t=0.46 b=0.41 ret2=9.446 islem=3 (0.7s)
7/87 t2_bindirme_vol_nakit_1d_h0.4_n20_b0.0 ret=8.073 sh=1.03 alfa=0.007 t=0.13 b=0.39 ret2=7.570 islem=3 (1.0s)
8/87 t2_bindirme_vol_nakit_1d_h0.4_n20_b0.1 ret=9.472 sh=1.07 alfa=0.021 t=0.40 b=0.40 ret2=9.151 islem=3 (0.8s)
9/87 t2_bindirme_vol_nakit_1d_h0.4_n40_b0.0 ret=9.566 sh=1.12 alfa=0.039 t=0.73 b=0.37 ret2=9.262 islem=3 (0.5s)
10/87 t2_bindirme_vol_nakit_1d_h0.4_n40_b0.1 ret=10.672 sh=1.14 alfa=0.044 t=0.85 b=0.39 ret2=10.514 islem=3 (0.5s)
11/87 t2_bindirme_vol_nakit_1d_h0.4_n80_b0.0 ret=7.656 sh=1.06 alfa=0.015 t=0.30 b=0.37 ret2=7.528 islem=3 (0.5s)
12/87 t2_bindirme_vol_nakit_1d_h0.4_n80_b0.1 ret=7.916 sh=1.06 alfa=0.015 t=0.30 b=0.37 ret2=7.865 islem=3 (0.7s)
13/87 t2_bindirme_vol_nakit_1d_h0.6_n10_b0.0 ret=16.410 sh=1.03 alfa=0.004 t=0.05 b=0.56 ret2=14.831 islem=3 (0.5s)
14/87 t2_bindirme_vol_nakit_1d_h0.6_n10_b0.1 ret=16.860 sh=1.04 alfa=0.006 t=0.10 b=0.56 ret2=15.740 islem=3 (0.5s)
15/87 t2_bindirme_vol_nakit_1d_h0.6_n20_b0.0 ret=14.882 sh=1.02 alfa=-0.005 t=-0.07 b=0.55 ret2=14.110 islem=3 (0.6s)
16/87 t2_bindirme_vol_nakit_1d_h0.6_n20_b0.1 ret=16.816 sh=1.05 alfa=0.009 t=0.15 b=0.55 ret2=16.353 islem=3 (0.5s)
17/87 t2_bindirme_vol_nakit_1d_h0.6_n40_b0.0 ret=18.093 sh=1.08 alfa=0.031 t=0.45 b=0.53 ret2=17.579 islem=3 (0.5s)
18/87 t2_bindirme_vol_nakit_1d_h0.6_n40_b0.1 ret=20.639 sh=1.12 alfa=0.044 t=0.66 b=0.54 ret2=20.355 islem=3 (0.5s)
19/87 t2_bindirme_vol_nakit_1d_h0.6_n80_b0.0 ret=14.486 sh=1.03 alfa=0.003 t=0.05 b=0.53 ret2=14.257 islem=3 (0.6s)
20/87 t2_bindirme_vol_nakit_1d_h0.6_n80_b0.1 ret=14.607 sh=1.03 alfa=-0.000 t=-0.00 b=0.54 ret2=14.512 islem=3 (0.5s)
21/87 t2_bindirme_vol_nakit_1d_h0.8_n10_b0.0 ret=21.498 sh=1.03 alfa=-0.012 t=-0.18 b=0.66 ret2=20.119 islem=3 (0.5s)
22/87 t2_bindirme_vol_nakit_1d_h0.8_n10_b0.1 ret=21.984 sh=1.04 alfa=-0.009 t=-0.13 b=0.66 ret2=21.037 islem=3 (0.5s)
23/87 t2_bindirme_vol_nakit_1d_h0.8_n20_b0.0 ret=23.266 sh=1.05 alfa=-0.001 t=-0.01 b=0.66 ret2=22.469 islem=3 (0.8s)
24/87 t2_bindirme_vol_nakit_1d_h0.8_n20_b0.1 ret=23.905 sh=1.06 alfa=0.004 t=0.07 b=0.65 ret2=23.455 islem=3 (0.5s)
25/87 t2_bindirme_vol_nakit_1d_h0.8_n40_b0.0 ret=26.543 sh=1.09 alfa=0.026 t=0.37 b=0.64 ret2=26.040 islem=3 (0.5s)
26/87 t2_bindirme_vol_nakit_1d_h0.8_n40_b0.1 ret=28.581 sh=1.10 alfa=0.035 t=0.50 b=0.64 ret2=28.333 islem=3 (0.6s)
27/87 t2_bindirme_vol_nakit_1d_h0.8_n80_b0.0 ret=19.016 sh=1.01 alfa=-0.018 t=-0.25 b=0.65 ret2=18.808 islem=3 (0.6s)
28/87 t2_bindirme_vol_nakit_1d_h0.8_n80_b0.1 ret=20.392 sh=1.04 alfa=-0.005 t=-0.08 b=0.63 ret2=20.292 islem=3 (0.6s)
29/87 t2_bindirme_vol_tam_1d_h0.4_n20_hep ret=7.999 sh=1.10 alfa=0.052 t=0.75 b=0.42 ret2=7.879 islem=81 (0.7s)
30/87 t2_bindirme_vol_yarim_1d_h0.4_n20_hep ret=2.697 sh=1.20 alfa=0.051 t=1.39 b=0.21 ret2=2.671 islem=22 (0.9s)
31/87 t2_bindirme_vol_tam_1d_h0.4_n40_hep ret=8.084 sh=1.12 alfa=0.053 t=0.84 b=0.42 ret2=8.025 islem=39 (0.6s)
32/87 t2_bindirme_vol_yarim_1d_h0.4_n40_hep ret=2.706 sh=1.23 alfa=0.052 t=1.53 b=0.21 ret2=2.693 islem=17 (0.6s)
33/87 t2_bindirme_vol_tam_1d_h0.6_n20_hep ret=12.437 sh=1.04 alfa=0.020 t=0.24 b=0.58 ret2=12.281 islem=45 (0.6s)
34/87 t2_bindirme_vol_yarim_1d_h0.6_n20_hep ret=3.886 sh=1.12 alfa=0.036 t=0.81 b=0.29 ret2=3.856 islem=28 (0.6s)
35/87 t2_bindirme_vol_tam_1d_h0.6_n40_hep ret=13.807 sh=1.07 alfa=0.036 t=0.45 b=0.59 ret2=13.713 islem=27 (0.6s)
36/87 t2_bindirme_vol_yarim_1d_h0.6_n40_hep ret=4.131 sh=1.15 alfa=0.043 t=1.04 b=0.29 ret2=4.114 islem=19 (0.6s)
37/87 t2_bindirme_trend_nakit_4h_L10_b0.0 ret=83.615 sh=1.68 alfa=0.350 t=3.47 b=0.37 ret2=57.177 islem=614 (2.3s)
38/87 t2_bindirme_trend_tam_4h_L10_b0.0_hep ret=30.334 sh=1.45 alfa=0.332 t=2.61 b=0.40 ret2=25.450 islem=666 (2.7s)
39/87 t2_bindirme_trend_tam_4h_L10_b0.0_f3 ret=31.086 sh=1.46 alfa=0.330 t=2.65 b=0.41 ret2=24.891 islem=831 (1.6s)
40/87 t2_bindirme_trend_tam_4h_L10_b0.0_f7 ret=32.193 sh=1.48 alfa=0.337 t=2.70 b=0.41 ret2=26.485 islem=753 (1.5s)
41/87 t2_bindirme_trend_yarim_4h_L10_b0.0_hep ret=6.349 sh=1.55 alfa=0.197 t=3.01 b=0.20 ret2=5.749 islem=305 (2.6s)
42/87 t2_bindirme_trend_yarim_4h_L10_b0.0_f3 ret=6.591 sh=1.59 alfa=0.197 t=3.17 b=0.20 ret2=5.722 islem=580 (2.3s)
43/87 t2_bindirme_trend_yarim_4h_L10_b0.0_f7 ret=6.858 sh=1.62 alfa=0.204 t=3.28 b=0.20 ret2=6.100 islem=437 (1.9s)
44/87 t2_bindirme_trend_nakit_4h_L10_b0.15 ret=80.258 sh=1.69 alfa=0.347 t=3.49 b=0.36 ret2=64.506 islem=292 (2.0s)
45/87 t2_bindirme_trend_tam_4h_L10_b0.15_hep ret=28.230 sh=1.44 alfa=0.321 t=2.56 b=0.40 ret2=25.499 islem=424 (2.3s)
46/87 t2_bindirme_trend_tam_4h_L10_b0.15_f3 ret=29.401 sh=1.46 alfa=0.323 t=2.63 b=0.40 ret2=25.741 islem=496 (2.3s)
47/87 t2_bindirme_trend_tam_4h_L10_b0.15_f7 ret=30.128 sh=1.47 alfa=0.328 t=2.67 b=0.40 ret2=26.811 islem=470 (1.7s)
48/87 t2_bindirme_trend_yarim_4h_L10_b0.15_hep ret=6.073 sh=1.54 alfa=0.192 t=2.97 b=0.20 ret2=5.731 islem=96 (2.3s)
49/87 t2_bindirme_trend_yarim_4h_L10_b0.15_f3 ret=6.384 sh=1.59 alfa=0.194 t=3.16 b=0.20 ret2=5.848 islem=256 (2.3s)
50/87 t2_bindirme_trend_yarim_4h_L10_b0.15_f7 ret=6.585 sh=1.61 alfa=0.200 t=3.25 b=0.20 ret2=6.122 islem=173 (2.7s)
51/87 t2_bindirme_trend_nakit_4h_L20_b0.0 ret=73.556 sh=1.61 alfa=0.323 t=3.19 b=0.39 ret2=58.066 islem=370 (1.8s)
52/87 t2_bindirme_trend_tam_4h_L20_b0.0_hep ret=28.991 sh=1.41 alfa=0.303 t=2.41 b=0.43 ret2=25.929 islem=473 (2.4s)
53/87 t2_bindirme_trend_tam_4h_L20_b0.0_f3 ret=30.148 sh=1.42 alfa=0.304 t=2.48 b=0.43 ret2=26.072 islem=589 (1.9s)
54/87 t2_bindirme_trend_tam_4h_L20_b0.0_f7 ret=31.082 sh=1.43 alfa=0.310 t=2.52 b=0.43 ret2=27.399 islem=555 (1.8s)
55/87 t2_bindirme_trend_yarim_4h_L20_b0.0_hep ret=6.258 sh=1.50 alfa=0.183 t=2.82 b=0.21 ret2=5.874 islem=203 (2.4s)
56/87 t2_bindirme_trend_yarim_4h_L20_b0.0_f3 ret=6.575 sh=1.54 alfa=0.185 t=3.00 b=0.22 ret2=5.977 islem=429 (2.5s)
57/87 t2_bindirme_trend_yarim_4h_L20_b0.0_f7 ret=6.822 sh=1.57 alfa=0.191 t=3.10 b=0.22 ret2=6.307 islem=306 (1.9s)
58/87 t2_bindirme_trend_nakit_4h_L20_b0.15 ret=77.624 sh=1.65 alfa=0.332 t=3.35 b=0.38 ret2=69.304 islem=141 (2.2s)
59/87 t2_bindirme_trend_tam_4h_L20_b0.15_hep ret=28.662 sh=1.42 alfa=0.303 t=2.47 b=0.42 ret2=27.136 islem=258 (2.3s)
60/87 t2_bindirme_trend_tam_4h_L20_b0.15_f3 ret=30.235 sh=1.44 alfa=0.307 t=2.56 b=0.43 ret2=28.066 islem=305 (2.7s)
61/87 t2_bindirme_trend_tam_4h_L20_b0.15_f7 ret=30.843 sh=1.45 alfa=0.311 t=2.59 b=0.43 ret2=28.898 islem=302 (1.8s)
62/87 t2_bindirme_trend_yarim_4h_L20_b0.15_hep ret=6.181 sh=1.52 alfa=0.183 t=2.88 b=0.21 ret2=5.991 islem=61 (2.1s)
63/87 t2_bindirme_trend_yarim_4h_L20_b0.15_f3 ret=6.558 sh=1.57 alfa=0.187 t=3.10 b=0.21 ret2=6.217 islem=174 (2.1s)
64/87 t2_bindirme_trend_yarim_4h_L20_b0.15_f7 ret=6.751 sh=1.59 alfa=0.192 t=3.18 b=0.21 ret2=6.458 islem=118 (3.1s)
65/87 t2_bindirme_trend_nakit_4h_L40_b0.0 ret=32.462 sh=1.36 alfa=0.230 t=2.18 b=0.37 ret2=28.153 islem=247 (1.8s)
66/87 t2_bindirme_trend_tam_4h_L40_b0.0_hep ret=22.400 sh=1.28 alfa=0.243 t=1.90 b=0.45 ret2=20.894 islem=313 (2.3s)
67/87 t2_bindirme_trend_tam_4h_L40_b0.0_f3 ret=23.805 sh=1.31 alfa=0.248 t=1.98 b=0.45 ret2=21.676 islem=402 (1.9s)
68/87 t2_bindirme_trend_tam_4h_L40_b0.0_f7 ret=24.491 sh=1.32 alfa=0.254 t=2.02 b=0.45 ret2=22.584 islem=374 (2.0s)
69/87 t2_bindirme_trend_yarim_4h_L40_b0.0_hep ret=5.451 sh=1.38 alfa=0.152 t=2.29 b=0.22 ret2=5.237 islem=126 (2.0s)
70/87 t2_bindirme_trend_yarim_4h_L40_b0.0_f3 ret=5.823 sh=1.42 alfa=0.157 t=2.49 b=0.23 ret2=5.455 islem=303 (1.8s)
71/87 t2_bindirme_trend_yarim_4h_L40_b0.0_f7 ret=6.035 sh=1.44 alfa=0.163 t=2.58 b=0.23 ret2=5.719 islem=198 (2.3s)
72/87 t2_bindirme_trend_nakit_4h_L40_b0.15 ret=29.368 sh=1.34 alfa=0.220 t=2.12 b=0.36 ret2=27.734 islem=81 (1.8s)
73/87 t2_bindirme_trend_tam_4h_L40_b0.15_hep ret=20.574 sh=1.27 alfa=0.230 t=1.83 b=0.44 ret2=19.992 islem=151 (2.1s)
74/87 t2_bindirme_trend_tam_4h_L40_b0.15_f3 ret=22.153 sh=1.30 alfa=0.238 t=1.93 b=0.45 ret2=21.227 islem=179 (1.4s)
75/87 t2_bindirme_trend_tam_4h_L40_b0.15_f7 ret=22.581 sh=1.30 alfa=0.242 t=1.96 b=0.45 ret2=21.727 islem=184 (1.9s)
76/87 t2_bindirme_trend_yarim_4h_L40_b0.15_hep ret=5.157 sh=1.36 alfa=0.145 t=2.23 b=0.22 ret2=5.071 islem=24 (2.3s)
77/87 t2_bindirme_trend_yarim_4h_L40_b0.15_f3 ret=5.562 sh=1.42 alfa=0.151 t=2.45 b=0.22 ret2=5.372 islem=109 (2.7s)
78/87 t2_bindirme_trend_yarim_4h_L40_b0.15_f7 ret=5.728 sh=1.43 alfa=0.156 t=2.53 b=0.22 ret2=5.559 islem=65 (3.1s)
79/87 t2_bindirme_trendvol_nakit_4h_L20_h0.4_n30_b0.1 ret=9.803 sh=1.63 alfa=0.180 t=3.24 b=0.18 ret2=9.114 islem=112 (3.0s)
80/87 t2_bindirme_trendvol_tam_4h_L20_h0.4_n30_b0.1 ret=5.904 sh=1.45 alfa=0.182 t=2.59 b=0.20 ret2=5.686 islem=173 (1.6s)
81/87 t2_bindirme_trendvol_yarim_4h_L20_h0.4_n30_b0.1 ret=2.106 sh=1.59 alfa=0.119 t=3.15 b=0.10 ret2=2.055 islem=12 (2.7s)
82/87 t2_bindirme_trendvol_nakit_4h_L20_h0.6_n30_b0.1 ret=19.627 sh=1.58 alfa=0.225 t=3.06 b=0.25 ret2=17.792 islem=130 (2.1s)
83/87 t2_bindirme_trendvol_tam_4h_L20_h0.6_n30_b0.1 ret=9.479 sh=1.35 alfa=0.204 t=2.23 b=0.28 ret2=9.030 islem=204 (2.1s)
84/87 t2_bindirme_trendvol_yarim_4h_L20_h0.6_n30_b0.1 ret=2.944 sh=1.48 alfa=0.131 t=2.72 b=0.14 ret2=2.856 islem=42 (3.2s)
85/87 t2_bindirme_trendvol_nakit_4h_L20_h0.8_n30_b0.1 ret=34.650 sh=1.63 alfa=0.271 t=3.26 b=0.30 ret2=31.157 islem=139 (1.8s)
86/87 t2_bindirme_trendvol_tam_4h_L20_h0.8_n30_b0.1 ret=14.715 sh=1.39 alfa=0.244 t=2.37 b=0.33 ret2=13.968 islem=252 (2.2s)
87/87 t2_bindirme_trendvol_yarim_4h_L20_h0.8_n30_b0.1 ret=3.949 sh=1.51 alfa=0.151 t=2.83 b=0.16 ret2=3.828 islem=49 (2.3s)
BITTI
