iş sayısı 132
0 1a grafik_1h_spo_PORT3_cikis=hedef_tipler=hepsi_yon=uzun ret1=-0.582 sh1=-0.28399831421027205 ret2=-0.862 sh2=-0.8375951031911482 n=1382 exp=0.48551556001720925 t=6.4
1 1a grafik_1h_spo_PORT3_cikis=hedef_tipler=hepsi_trend_n=200_yon=uzun ret1=0.330 sh1=0.30205029118167054 ret2=-0.316 sh2=-0.10411185465382289 n=830 exp=0.3734941918829772 t=0.6
2 1a grafik_1h_spo_PORT3_cikis=sure_max_bar=20_tipler=hepsi_yon=uzun ret1=0.120 sh1=0.2033465983926883 ret2=-0.668 sh2=-0.467518172485209 n=1520 exp=0.4083428940197906 t=0.7
3 1a grafik_1h_spo_PORT3_cikis=sure_max_bar=20_tipler=hepsi_trend_n=200_yon=uzun ret1=1.233 sh1=0.6775577845551589 ret2=0.030 sh2=0.1302111012423518 n=967 exp=0.28963502079449305 t=0.8
4 1a grafik_1h_vad_PORT3_cikis=hedef_tipler=hepsi_yon=iki ret1=-0.542 sh1=-0.28929291332051954 ret2=-0.816 sh2=-0.8557309402007255 n=1956 exp=0.8278576317590691 t=4.6
5 1a grafik_1h_vad_PORT3_cikis=hedef_tipler=hepsi_trend_n=200_yon=iki ret1=-0.085 sh1=0.13754081080494354 ret2=-0.465 sh2=-0.20872972456799596 n=1149 exp=0.7003194159251654 t=0.4
6 1a grafik_1h_vad_PORT3_cikis=sure_max_bar=20_tipler=hepsi_yon=iki ret1=-0.645 sh1=-0.5031987480821183 ret2=-0.870 sh2=-1.170163746672695 n=2157 exp=0.7369096509240246 t=0.5
7 1a grafik_1h_vad_PORT3_cikis=sure_max_bar=20_tipler=hepsi_trend_n=200_yon=iki ret1=-0.281 sh1=-0.08514912109878622 ret2=-0.615 sh2=-0.5576649416449991 n=1338 exp=0.5626283367556468 t=0.4
8 1a grafik_4h_spo_PORT3_cikis=hedef_tipler=hepsi_yon=uzun ret1=3.691 sh1=0.9805219823985559 ret2=2.560 sh2=0.8317366524412253 n=345 exp=0.5055197132616488 t=2.3
9 1a grafik_4h_spo_PORT3_cikis=hedef_tipler=hepsi_trend_n=200_yon=uzun ret1=3.397 sh1=1.0734166131164482 ret2=2.747 sh2=0.9714635294084197 n=201 exp=0.3511111111111111 t=0.5
10 1a grafik_4h_spo_PORT3_cikis=sure_max_bar=20_tipler=hepsi_yon=uzun ret1=2.975 sh1=0.9360082704926443 ret2=1.905 sh2=0.7535707662652767 n=392 exp=0.42544802867383513 t=1.2
11 1a grafik_4h_spo_PORT3_cikis=sure_max_bar=20_tipler=hepsi_trend_n=200_yon=uzun ret1=4.030 sh1=1.2385230075898837 ret2=3.141 sh2=1.1033877796491962 n=243 exp=0.2839426523297491 t=0.4
12 1a grafik_4h_vad_PORT3_cikis=hedef_tipler=hepsi_yon=iki ret1=-0.488 sh1=-0.18736257444383017 ret2=-0.591 sh2=-0.3195433808532983 n=482 exp=0.8546657540497377 t=1.4
13 1a grafik_4h_vad_PORT3_cikis=hedef_tipler=hepsi_trend_n=200_yon=iki ret1=0.031 sh1=0.20329869271839826 ret2=-0.097 sh2=0.11471981412048095 n=283 exp=0.7365959388546658 t=0.6
14 1a grafik_4h_vad_PORT3_cikis=sure_max_bar=20_tipler=hepsi_yon=iki ret1=-0.217 sh1=0.03949427405204924 ret2=-0.391 sh2=-0.12015491070952329 n=540 exp=0.7534793520419804 t=0.3
15 1a grafik_4h_vad_PORT3_cikis=sure_max_bar=20_tipler=hepsi_trend_n=200_yon=iki ret1=0.869 sh1=0.6292252908678883 ret2=0.598 sh2=0.5130222220063846 n=335 exp=0.5772302076203514 t=0.3
16 1a grafik_1d_spo_PORT3_cikis=hedef_tipler=hepsi_yon=uzun ret1=1.966 sh1=0.8357164920878776 ret2=1.846 sh2=0.8084490134355865 n=52 exp=0.33676975945017185 t=0.8
17 1a grafik_1d_spo_PORT3_cikis=hedef_tipler=hepsi_trend_n=200_yon=uzun ret1=0.398 sh1=0.38343140624157745 ret2=0.363 sh2=0.3614489298066969 n=32 exp=0.19888316151202748 t=0.5
18 1a grafik_1d_spo_PORT3_cikis=sure_max_bar=20_tipler=hepsi_yon=uzun ret1=5.443 sh1=1.2725185133603036 ret2=5.178 sh2=1.246666548384998 n=53 exp=0.3646907216494845 t=0.4
19 1a grafik_1d_spo_PORT3_cikis=sure_max_bar=20_tipler=hepsi_trend_n=200_yon=uzun ret1=1.495 sh1=0.840238836130473 ret2=1.435 sh2=0.8206341862137433 n=31 exp=0.21778350515463918 t=0.4
20 1a grafik_1d_vad_PORT3_cikis=hedef_tipler=hepsi_yon=iki ret1=2.404 sh1=1.0411937842129544 ret2=2.304 sh2=1.0197757531106406 n=64 exp=0.675761421319797 t=0.5
21 1a grafik_1d_vad_PORT3_cikis=hedef_tipler=hepsi_trend_n=200_yon=iki ret1=-0.013 sh1=0.1652902918803058 ret2=-0.029 sh2=0.15424827147730616 n=35 exp=0.491751269035533 t=0.3
22 1a grafik_1d_vad_PORT3_cikis=sure_max_bar=20_tipler=hepsi_yon=iki ret1=2.683 sh1=1.026263329132117 ret2=2.561 sh2=1.0042307331132978 n=73 exp=0.6281725888324873 t=0.3
23 1a grafik_1d_vad_PORT3_cikis=sure_max_bar=20_tipler=hepsi_trend_n=200_yon=iki ret1=0.864 sh1=0.6972835555581316 ret2=0.829 sh2=0.6797811603369189 n=42 exp=0.41053299492385786 t=0.4
24 1b grafik_1h_spo_PORT3_cikis=hedef_tipler=ikili_yon=uzun ret1=-0.400 sh1=-0.6854179119607542 ret2=-0.536 sh2=-1.0563077388801767 n=321 exp=0.12729456474974904 t=0.6
25 1b grafik_1h_vad_PORT3_cikis=hedef_tipler=ikili_yon=iki ret1=-0.305 sh1=-0.42518496320938165 ret2=-0.447 sh2=-0.74745547814722 n=490 exp=0.2763518138261465 t=0.4
26 1b grafik_4h_spo_PORT3_cikis=hedef_tipler=ikili_yon=uzun ret1=0.096 sh1=0.17789018571668805 ret2=0.018 sh2=0.08596964461509485 n=93 exp=0.12494623655913978 t=0.4
27 1b grafik_4h_vad_PORT3_cikis=hedef_tipler=ikili_yon=iki ret1=-0.496 sh1=-0.9560891046078773 ret2=-0.521 sh2=-1.0348396200033647 n=110 exp=0.22359114761578827 t=0.3
28 1b grafik_1d_spo_PORT3_cikis=hedef_tipler=ikili_yon=uzun ret1=-0.043 sh1=-0.06154039770499585 ret2=-0.054 sh2=-0.08604965948328945 n=14 exp=0.06701030927835051 t=1.3
29 1b grafik_1d_vad_PORT3_cikis=hedef_tipler=ikili_yon=iki ret1=-0.108 sh1=-0.1554162566930088 ret2=-0.114 sh2=-0.16735032776999068 n=14 exp=0.11865482233502538 t=0.3
30 1b grafik_1h_spo_PORT3_cikis=hedef_tipler=uclu_yon=uzun ret1=0.159 sh1=0.34705454414234976 ret2=0.083 sh2=0.20560569497163245 n=84 exp=0.05424494478703571 t=1.7
31 1b grafik_1h_vad_PORT3_cikis=hedef_tipler=uclu_yon=iki ret1=-0.253 sh1=-0.526379848530583 ret2=-0.299 sh2=-0.6540299556270832 n=137 exp=0.1447068218115446 t=0.5
32 1b grafik_4h_spo_PORT3_cikis=hedef_tipler=uclu_yon=uzun ret1=0.188 sh1=0.5001032816912625 ret2=0.174 sh2=0.4682629233537553 n=15 exp=0.03770609318996416 t=0.4
33 1b grafik_4h_vad_PORT3_cikis=hedef_tipler=uclu_yon=iki ret1=-0.144 sh1=-0.39361529252041827 ret2=-0.155 sh2=-0.4320547243621328 n=29 exp=0.13677846224047457 t=0.3
34 1b grafik_1d_spo_PORT3_cikis=hedef_tipler=uclu_yon=uzun ret1=0.009 sh1=0.06510381488617516 ret2=0.004 sh2=0.057791756813898004 n=6 exp=0.055412371134020616 t=0.4
35 1b grafik_1d_vad_PORT3_cikis=hedef_tipler=uclu_yon=iki ret1=0.026 sh1=0.11955308806128521 ret2=0.023 sh2=0.11434611015396332 n=8 exp=0.10977157360406091 t=0.3
36 1b grafik_1h_spo_PORT3_cikis=hedef_tipler=obo_yon=uzun ret1=-0.177 sh1=-0.1539576417771448 ret2=-0.332 sh2=-0.3916712038365796 n=261 exp=0.16354151728094077 t=1.1
37 1b grafik_1h_vad_PORT3_cikis=hedef_tipler=obo_yon=iki ret1=-0.354 sh1=-0.4561126795663291 ret2=-0.451 sh2=-0.66293151893103 n=351 exp=0.3353582021446498 t=0.4
38 1b grafik_4h_spo_PORT3_cikis=hedef_tipler=obo_yon=uzun ret1=-0.175 sh1=-0.19004765527463324 ret2=-0.220 sh2=-0.26180241278813804 n=70 exp=0.14845878136200716 t=0.4
39 1b grafik_4h_vad_PORT3_cikis=hedef_tipler=obo_yon=iki ret1=-0.286 sh1=-0.4331773298399322 ret2=-0.313 sh2=-0.48985202141264517 n=81 exp=0.3077800593201004 t=0.3
40 1b grafik_1d_spo_PORT3_cikis=hedef_tipler=obo_yon=uzun ret1=0.121 sh1=0.4803770053109674 ret2=0.118 sh2=0.4679614389791397 n=4 exp=0.009879725085910653 t=0.4
41 1b grafik_1d_vad_PORT3_cikis=hedef_tipler=obo_yon=iki ret1=1.252 sh1=0.9447166618022614 ret2=1.241 sh2=0.9394259729501777 n=11 exp=0.26903553299492383 t=0.4
42 1b grafik_1h_spo_PORT3_cikis=hedef_tipler=ucgen_yon=uzun ret1=0.027 sh1=0.1239569031330799 ret2=-0.298 sh2=-0.1637631492567393 n=476 exp=0.24078588842678905 t=1.0
43 1b grafik_1h_vad_PORT3_cikis=hedef_tipler=ucgen_yon=iki ret1=0.211 sh1=0.3123126680205117 ret2=-0.111 sh2=0.03720574706354434 n=664 exp=0.4780971937029432 t=0.4
44 1b grafik_4h_spo_PORT3_cikis=hedef_tipler=ucgen_yon=uzun ret1=2.379 sh1=1.0867936894831907 ret2=2.028 sh2=0.997368776476171 n=137 exp=0.2845878136200717 t=0.5
45 1b grafik_4h_vad_PORT3_cikis=hedef_tipler=ucgen_yon=iki ret1=1.778 sh1=1.0534495624452975 ret2=1.570 sh2=0.9832584678811425 n=167 exp=0.5274925849874516 t=0.3
46 1b grafik_1d_spo_PORT3_cikis=hedef_tipler=ucgen_yon=uzun ret1=0.453 sh1=0.4412829066404488 ret2=0.427 sh2=0.4238637821099765 n=23 exp=0.17568728522336768 t=0.4
47 1b grafik_1d_vad_PORT3_cikis=hedef_tipler=ucgen_yon=iki ret1=0.267 sh1=0.37912031804354357 ret2=0.252 sh2=0.36465294828132505 n=26 exp=0.2366751269035533 t=0.3
48 1b grafik_1h_spo_PORT3_cikis=hedef_tipler=kama_yon=uzun ret1=0.364 sh1=0.35457434373114416 ret2=-0.000 sh2=0.09210394701454373 n=389 exp=0.23343611071274917 t=0.6
49 1b grafik_1h_vad_PORT3_cikis=hedef_tipler=kama_yon=iki ret1=-0.029 sh1=0.09902511530070238 ret2=-0.257 sh2=-0.16041413490702938 n=574 exp=0.44937827971708877 t=0.8
50 1b grafik_4h_spo_PORT3_cikis=hedef_tipler=kama_yon=uzun ret1=1.735 sh1=1.0451959301084293 ret2=1.510 sh2=0.9639549114295669 n=107 exp=0.2541935483870968 t=0.8
51 1b grafik_4h_vad_PORT3_cikis=hedef_tipler=kama_yon=iki ret1=0.292 sh1=0.3642372815689511 ret2=0.208 sh2=0.3060031001800132 n=145 exp=0.5370750627424139 t=0.3
52 1b grafik_1d_spo_PORT3_cikis=hedef_tipler=kama_yon=uzun ret1=0.209 sh1=0.2706506590361726 ret2=0.195 sh2=0.25848458646665706 n=15 exp=0.17826460481099657 t=0.4
53 1b grafik_1d_vad_PORT3_cikis=hedef_tipler=kama_yon=iki ret1=1.152 sh1=1.0489226723477914 ret2=1.132 sh2=1.03717156874594 n=20 exp=0.4003807106598985 t=0.3
54 1b grafik_1h_spo_PORT3_cikis=hedef_tipler=dikdortgen_yon=uzun ret1=-0.073 sh1=-0.21890115314933817 ret2=-0.108 sh2=-0.3397721966619958 n=47 exp=0.02798293417467374 t=1.0
55 1b grafik_1h_vad_PORT3_cikis=hedef_tipler=dikdortgen_yon=iki ret1=-0.113 sh1=-0.4682166957953993 ret2=-0.142 sh2=-0.6065895040867207 n=71 exp=0.05949121606205795 t=0.4
56 1b grafik_4h_spo_PORT3_cikis=hedef_tipler=dikdortgen_yon=uzun ret1=-0.132 sh1=-0.5985038341292737 ret2=-0.136 sh2=-0.618769253634788 n=6 exp=0.016057347670250896 t=0.4
57 1b grafik_4h_vad_PORT3_cikis=hedef_tipler=dikdortgen_yon=iki ret1=-0.343 sh1=-1.1808293622939077 ret2=-0.349 sh2=-1.2079630713603493 n=20 exp=0.06627880447182295 t=0.3
58 1b grafik_1d_spo_PORT3_cikis=hedef_tipler=dikdortgen_yon=uzun ret1=0.053 sh1=0.2404085619859173 ret2=0.050 sh2=0.23008425137359861 n=3 exp=0.015893470790378006 t=0.4
59 1b grafik_1d_vad_PORT3_cikis=hedef_tipler=dikdortgen_yon=iki ret1=0.071 sh1=0.6924647820132475 ret2=0.071 sh2=0.6888563115578716 n=1 exp=0.0038071065989847717 t=0.6
60 1b grafik_1h_spo_PORT3_cikis=hedef_tipler=bayrak_yon=uzun ret1=-0.278 sh1=-0.4282749146816491 ret2=-0.390 sh2=-0.6739636664112404 n=211 exp=0.11049763373010182 t=1.0
61 1b grafik_1h_vad_PORT3_cikis=hedef_tipler=bayrak_yon=iki ret1=-0.530 sh1=-0.9030783666688965 ret2=-0.585 sh2=-1.0657432157697855 n=268 exp=0.20454026922199406 t=0.5
62 1b grafik_4h_spo_PORT3_cikis=hedef_tipler=bayrak_yon=uzun ret1=0.079 sh1=0.18121426726982906 ret2=0.045 sh2=0.12176414704052023 n=41 exp=0.07383512544802867 t=0.5
63 1b grafik_4h_vad_PORT3_cikis=hedef_tipler=bayrak_yon=iki ret1=-0.218 sh1=-0.31925940091280625 ret2=-0.243 sh2=-0.37080926321404983 n=69 exp=0.19028062970568105 t=0.6
64 1b grafik_1d_spo_PORT3_cikis=hedef_tipler=bayrak_yon=uzun ret1=0.059 sh1=0.16509984371779535 ret2=0.053 sh2=0.15211670005412384 n=7 exp=0.06829896907216494 t=0.8
65 1b grafik_1d_vad_PORT3_cikis=hedef_tipler=bayrak_yon=iki ret1=-0.001 sh1=0.08966387833463643 ret2=-0.004 sh2=0.08527587080341606 n=7 exp=0.1453045685279188 t=0.4
66 1b grafik_1h_spo_PORT3_cikis=hedef_tipler=fincan_yon=uzun ret1=0.063 sh1=0.39515568441698024 ret2=0.062 sh2=0.3902048230918841 n=1 exp=0.0012727663846264163 t=0.6
67 1b grafik_1h_vad_PORT3_cikis=hedef_tipler=fincan_yon=iki ret1=0.040 sh1=0.31647729734157903 ret2=0.039 sh2=0.3090007355977857 n=2 exp=0.002623773671001597 t=0.8
68 1b grafik_4h_spo_PORT3_cikis=hedef_tipler=fincan_yon=uzun ret1=0.058 sh1=0.3609463432836951 ret2=0.057 sh2=0.35586273996135886 n=1 exp=0.0012186379928315412 t=0.6
69 1b grafik_4h_vad_PORT3_cikis=hedef_tipler=fincan_yon=iki ret1=0.113 sh1=0.7339307601261543 ret2=0.112 sh2=0.7283866371002263 n=2 exp=0.003080082135523614 t=0.3
70 1b grafik_1d_spo_PORT3_cikis=hedef_tipler=fincan_yon=uzun ret1=0.000 sh1=None ret2=0.000 sh2=None n=0 exp=0.0 t=0.4
71 1b grafik_1d_vad_PORT3_cikis=hedef_tipler=fincan_yon=iki ret1=0.000 sh1=None ret2=0.000 sh2=None n=0 exp=0.0 t=0.3
72 1c mum_1h_spo_PORT3_cikis=sure_tipler=doji_uc_tutma=10_yon=uzun ret1=-0.207 sh1=-0.37628368631131576 ret2=-0.406 sh2=-0.89518988614256 n=361 exp=0.057973612505377886 t=1.5
73 1c mum_1h_vad_PORT3_cikis=sure_tipler=doji_uc_tutma=10_yon=iki ret1=-0.307 sh1=-0.7143150813881054 ret2=-0.423 sh2=-1.0977245512699936 n=392 exp=0.10352498288843258 t=0.5
74 1c mum_4h_spo_PORT3_cikis=sure_tipler=doji_uc_tutma=10_yon=uzun ret1=-0.150 sh1=-0.39276779254942007 ret2=-0.192 sh2=-0.5218039865551176 n=63 exp=0.04236559139784946 t=0.5
75 1c mum_4h_vad_PORT3_cikis=sure_tipler=doji_uc_tutma=10_yon=iki ret1=-0.118 sh1=-0.30343787139058637 ret2=-0.147 sh2=-0.39500783609754464 n=71 exp=0.07631759069130732 t=0.4
76 1c mum_1d_spo_PORT3_cikis=sure_tipler=doji_uc_tutma=10_yon=uzun ret1=0.072 sh1=0.2345064600135219 ret2=0.065 sh2=0.21353233322678747 n=9 exp=0.03436426116838488 t=0.5
77 1c mum_1d_vad_PORT3_cikis=sure_tipler=doji_uc_tutma=10_yon=iki ret1=0.076 sh1=0.24553171569762616 ret2=0.069 sh2=0.22865788115321448 n=13 exp=0.06979695431472081 t=0.3
78 1c mum_1h_spo_PORT3_cikis=sure_tipler=cekic_tutma=10_yon=uzun ret1=-0.919 sh1=-1.1614598154738591 ret2=-0.991 sh2=-2.31619920733252 n=2792 exp=0.38145346335866914 t=0.8
79 1c mum_1h_vad_PORT3_cikis=sure_tipler=cekic_tutma=10_yon=iki ret1=-0.940 sh1=-1.5235379917065535 ret2=-0.988 sh2=-2.5457131302979694 n=3531 exp=0.6793862651152179 t=0.6
80 1c mum_4h_spo_PORT3_cikis=sure_tipler=cekic_tutma=10_yon=uzun ret1=0.238 sh1=0.2740967429538671 ret2=-0.307 sh2=0.011260484176252503 n=725 exp=0.3879569892473118 t=0.6
81 1c mum_4h_vad_PORT3_cikis=sure_tipler=cekic_tutma=10_yon=iki ret1=-0.226 sh1=0.09282893289837012 ret2=-0.498 sh2=-0.14274557213299027 n=929 exp=0.675336527492585 t=0.3
82 1c mum_1d_spo_PORT3_cikis=sure_tipler=cekic_tutma=10_yon=uzun ret1=0.052 sh1=0.17458207180795082 ret2=-0.033 sh2=0.12904652412819462 n=104 exp=0.35223367697594504 t=0.4
83 1c mum_1d_vad_PORT3_cikis=sure_tipler=cekic_tutma=10_yon=iki ret1=-0.434 sh1=-0.17598741222069067 ret2=-0.467 sh2=-0.2144881397795935 n=130 exp=0.5932741116751269 t=0.3
84 1c mum_1h_spo_PORT3_cikis=sure_tipler=ters_cekic_tutma=10_yon=uzun ret1=-0.428 sh1=-0.26142070724847866 ret2=-0.870 sh2=-1.2599542559529404 n=1853 exp=0.265488312060806 t=0.7
85 1c mum_1h_vad_PORT3_cikis=sure_tipler=ters_cekic_tutma=10_yon=iki ret1=-0.499 sh1=-0.30921849671429097 ret2=-0.879 sh2=-1.313950515606861 n=3038 exp=0.5982203969883642 t=1.0
86 1c mum_4h_spo_PORT3_cikis=sure_tipler=ters_cekic_tutma=10_yon=uzun ret1=0.367 sh1=0.3312940192754153 ret2=-0.055 sh2=0.07388776249621982 n=461 exp=0.26616487455197135 t=0.6
87 1c mum_4h_vad_PORT3_cikis=sure_tipler=ters_cekic_tutma=10_yon=iki ret1=-0.684 sh1=-0.6812224438462344 ret2=-0.776 sh2=-0.9345803222749071 n=735 exp=0.5951403148528405 t=0.3
88 1c mum_1d_spo_PORT3_cikis=sure_tipler=ters_cekic_tutma=10_yon=uzun ret1=1.087 sh1=0.6896311488596379 ret2=0.989 sh2=0.6506479695681948 n=60 exp=0.2109106529209622 t=0.4
89 1c mum_1d_vad_PORT3_cikis=sure_tipler=ters_cekic_tutma=10_yon=iki ret1=-0.444 sh1=-0.24121559102105197 ret2=-0.471 sh2=-0.27649721604543237 n=109 exp=0.5260152284263959 t=0.3
90 1c mum_1h_spo_PORT3_cikis=sure_tipler=yutan_tutma=10_yon=uzun ret1=-0.953 sh1=-1.155009367971555 ret2=-0.999 sh2=-2.8502350126421523 n=4882 exp=0.5537609350351356 t=1.6
91 1c mum_1h_vad_PORT3_cikis=sure_tipler=yutan_tutma=10_yon=iki ret1=-0.970 sh1=-1.4467524408940124 ret2=-0.999 sh2=-3.0357074697605313 n=7002 exp=0.9206593657312343 t=0.8
92 1c mum_4h_spo_PORT3_cikis=sure_tipler=yutan_tutma=10_yon=uzun ret1=1.526 sh1=0.5813345505190496 ret2=-0.042 sh2=0.16973541290828636 n=1213 exp=0.5421505376344086 t=0.5
93 1c mum_4h_vad_PORT3_cikis=sure_tipler=yutan_tutma=10_yon=iki ret1=-0.244 sh1=0.14622758845326692 ret2=-0.668 sh2=-0.22941720360292786 n=1760 exp=0.9239105635409537 t=0.5
94 1c mum_1d_spo_PORT3_cikis=sure_tipler=yutan_tutma=10_yon=uzun ret1=3.982 sh1=0.8934050276838285 ret2=3.244 sh2=0.8215724421560887 n=200 exp=0.5794673539518901 t=0.7
95 1c mum_1d_vad_PORT3_cikis=sure_tipler=yutan_tutma=10_yon=iki ret1=-0.432 sh1=0.0048208534753601835 ret2=-0.503 sh2=-0.05612699724190475 n=290 exp=0.858502538071066 t=0.3
96 1c mum_1h_spo_PORT3_cikis=sure_tipler=harami_tutma=10_yon=uzun ret1=-0.651 sh1=-0.4963238337493577 ret2=-0.944 sh2=-1.5840217249543567 n=2289 exp=0.3175103972465223 t=0.7
97 1c mum_1h_vad_PORT3_cikis=sure_tipler=harami_tutma=10_yon=iki ret1=-0.878 sh1=-1.3128550422485554 ret2=-0.973 sh2=-2.383538189120885 n=3203 exp=0.629734200319416 t=1.1
98 1c mum_4h_spo_PORT3_cikis=sure_tipler=harami_tutma=10_yon=uzun ret1=0.374 sh1=0.3199276002553432 ret2=-0.152 sh2=0.05120454352267723 n=603 exp=0.32810035842293905 t=0.6
99 1c mum_4h_vad_PORT3_cikis=sure_tipler=harami_tutma=10_yon=iki ret1=-0.772 sh1=-0.723278297442324 ret2=-0.848 sh2=-0.9763006500506239 n=862 exp=0.6559434177503992 t=0.3
100 1c mum_1d_spo_PORT3_cikis=sure_tipler=harami_tutma=10_yon=uzun ret1=-0.443 sh1=-0.2234588323724304 ret2=-0.485 sh2=-0.270687578003332 n=98 exp=0.3380584192439863 t=0.4
101 1c mum_1d_vad_PORT3_cikis=sure_tipler=harami_tutma=10_yon=iki ret1=-0.748 sh1=-0.6745383652350028 ret2=-0.765 sh2=-0.717809392018968 n=149 exp=0.6313451776649747 t=0.8
102 1c mum_1h_spo_PORT3_cikis=sure_tipler=delen_tutma=10_yon=uzun ret1=-0.426 sh1=-0.3035935869974222 ret2=-0.828 sh2=-1.188616103173754 n=1505 exp=0.21766097805822457 t=1.1
103 1c mum_1h_vad_PORT3_cikis=sure_tipler=delen_tutma=10_yon=iki ret1=-0.668 sh1=-0.836714899000317 ret2=-0.872 sh2=-1.6823206281709253 n=2043 exp=0.43392083048140545 t=0.5
104 1c mum_4h_spo_PORT3_cikis=sure_tipler=delen_tutma=10_yon=uzun ret1=-0.360 sh1=-0.23252199724984693 ret2=-0.514 sh2=-0.4407906252384395 n=344 exp=0.20186379928315412 t=0.7
105 1c mum_4h_vad_PORT3_cikis=sure_tipler=delen_tutma=10_yon=iki ret1=-0.498 sh1=-0.43939069406970305 ret2=-0.601 sh2=-0.6364390656026705 n=495 exp=0.4347478895733516 t=0.3
106 1c mum_1d_spo_PORT3_cikis=sure_tipler=delen_tutma=10_yon=uzun ret1=0.321 sh1=0.3481899513433292 ret2=0.279 sh2=0.3167549753301905 n=41 exp=0.14948453608247422 t=0.4
107 1c mum_1d_vad_PORT3_cikis=sure_tipler=delen_tutma=10_yon=iki ret1=-0.632 sh1=-0.9363663785595646 ret2=-0.644 sh2=-0.9715812713958046 n=73 exp=0.37182741116751267 t=0.3
108 1c mum_1h_spo_PORT3_cikis=sure_tipler=yildiz_tutma=10_yon=uzun ret1=-0.079 sh1=0.010259702707974525 ret2=-0.540 sh2=-0.6305022340560512 n=868 exp=0.13163272622974329 t=0.7
109 1c mum_1h_vad_PORT3_cikis=sure_tipler=yildiz_tutma=10_yon=iki ret1=-0.261 sh1=-0.2712568092221444 ret2=-0.563 sh2=-0.9172770140962296 n=1124 exp=0.257472051106548 t=0.8
110 1c mum_4h_spo_PORT3_cikis=sure_tipler=yildiz_tutma=10_yon=uzun ret1=0.063 sh1=0.1390267492621541 ret2=-0.102 sh2=-0.0341246643390778 n=210 exp=0.11985663082437276 t=0.7
111 1c mum_4h_vad_PORT3_cikis=sure_tipler=yildiz_tutma=10_yon=iki ret1=-0.089 sh1=-0.021768868230750263 ret2=-0.195 sh2=-0.18222389311890255 n=267 exp=0.2408167921514944 t=0.3
112 1c mum_1d_spo_PORT3_cikis=sure_tipler=yildiz_tutma=10_yon=uzun ret1=0.272 sh1=0.31058501407946365 ret2=0.236 sh2=0.28344105865682295 n=36 exp=0.13144329896907217 t=0.5
113 1c mum_1d_vad_PORT3_cikis=sure_tipler=yildiz_tutma=10_yon=iki ret1=0.385 sh1=0.42398659848845205 ret2=0.349 sh2=0.3996387966674619 n=57 exp=0.3102791878172589 t=0.3
114 1c mum_1h_spo_PORT3_cikis=sure_tipler=asker_tutma=10_yon=uzun ret1=0.033 sh1=0.12103885525465918 ret2=-0.045 sh2=-0.10274669474752297 n=98 exp=0.01645633156460634 t=1.3
115 1c mum_1h_vad_PORT3_cikis=sure_tipler=asker_tutma=10_yon=iki ret1=0.131 sh1=0.4183627547839326 ret2=0.070 sh2=0.2474637348066396 n=120 exp=0.02883299110198494 t=0.4
116 1c mum_4h_spo_PORT3_cikis=sure_tipler=asker_tutma=10_yon=uzun ret1=0.156 sh1=0.49700553174208295 ret2=0.128 sh2=0.42002350465167415 n=30 exp=0.02028673835125448 t=0.4
117 1c mum_4h_vad_PORT3_cikis=sure_tipler=asker_tutma=10_yon=iki ret1=0.159 sh1=0.5775779921827657 ret2=0.146 sh2=0.5377280511782659 n=24 exp=0.024184348619666896 t=0.3
118 1c mum_1d_spo_PORT3_cikis=sure_tipler=asker_tutma=10_yon=uzun ret1=0.499 sh1=1.0309730182611612 ret2=0.493 sh2=1.0222652544408033 n=5 exp=0.02276632302405498 t=0.4
119 1c mum_1d_vad_PORT3_cikis=sure_tipler=asker_tutma=10_yon=iki ret1=0.025 sh1=0.11258188516976404 ret2=0.024 sh2=0.10861409073813176 n=3 exp=0.0133248730964467 t=0.3
120 1c mum_1h_spo_PORT3_cikis=sure_tipler=marubozu_tutma=10_yon=uzun ret1=0.011 sh1=0.09661049072655163 ret2=-0.470 sh2=-0.4835310568739322 n=807 exp=0.12102036426215403 t=1.0
121 1c mum_1h_vad_PORT3_cikis=sure_tipler=marubozu_tutma=10_yon=iki ret1=-0.238 sh1=-0.2140544269498568 ret2=-0.476 sh2=-0.6550465027765665 n=802 exp=0.18098334474104494 t=0.4
122 1c mum_4h_spo_PORT3_cikis=sure_tipler=marubozu_tutma=10_yon=uzun ret1=0.479 sh1=0.47429527870766464 ret2=0.263 sh2=0.3146513274063908 n=197 exp=0.1243010752688172 t=0.4
123 1c mum_4h_vad_PORT3_cikis=sure_tipler=marubozu_tutma=10_yon=iki ret1=-0.184 sh1=-0.08450976381427441 ret2=-0.260 sh2=-0.1843403095811706 n=208 exp=0.18491900524754734 t=0.5
124 1c mum_1d_spo_PORT3_cikis=sure_tipler=marubozu_tutma=10_yon=uzun ret1=1.557 sh1=0.9528186200934796 ret2=1.470 sh2=0.92119300443134 n=43 exp=0.17353951890034364 t=0.6
125 1c mum_1d_vad_PORT3_cikis=sure_tipler=marubozu_tutma=10_yon=iki ret1=1.056 sh1=0.8731119643333142 ret2=1.012 sh2=0.8501293998784097 n=46 exp=0.22842639593908629 t=0.3
126 1c mum_1h_spo_PORT3_cikis=sure_tipler=cimbiz_tutma=10_yon=uzun ret1=-0.203 sh1=-0.06190331917925318 ret2=-0.772 sh2=-0.988317097538183 n=1565 exp=0.2245805248816865 t=0.7
127 1c mum_1h_vad_PORT3_cikis=sure_tipler=cimbiz_tutma=10_yon=iki ret1=-0.357 sh1=-0.24039041573450567 ret2=-0.759 sh2=-1.0961142160952018 n=2105 exp=0.4471252566735113 t=0.9
128 1c mum_4h_spo_PORT3_cikis=sure_tipler=cimbiz_tutma=10_yon=uzun ret1=-0.068 sh1=0.07758960149113267 ret2=-0.329 sh2=-0.13438980894344404 n=410 exp=0.22666666666666666 t=0.7
129 1c mum_4h_vad_PORT3_cikis=sure_tipler=cimbiz_tutma=10_yon=iki ret1=0.073 sh1=0.21033562964455685 ret2=-0.177 sh2=-0.0028306548572113225 n=567 exp=0.46851471594798083 t=0.3
130 1c mum_1d_spo_PORT3_cikis=sure_tipler=cimbiz_tutma=10_yon=uzun ret1=-0.154 sh1=-0.09857658001782553 ret2=-0.194 sh2=-0.1491624989916782 n=61 exp=0.1958762886597938 t=0.4
131 1c mum_1d_vad_PORT3_cikis=sure_tipler=cimbiz_tutma=10_yon=iki ret1=-0.706 sh1=-0.9849707114562724 ret2=-0.718 sh2=-1.0233267749272472 n=91 exp=0.42449238578680204 t=0.3
