iş sayısı 37
0 3F1 grafik_4h_vad_PORT3_cikis=hedef_tipler=ucgen+kama_trend_n=100_yon=uzun ret1=2.938 sh1=1.543 ret2=2.762 sh2=1.496 mdd=-0.232 n=98 exp=0.34
1 3F1 grafik_4h_vad_PORT3_cikis=hedef_tipler=ucgen+kama_trend_n=400_yon=uzun ret1=2.354 sh1=1.456 ret2=2.218 sh2=1.411 mdd=-0.181 n=89 exp=0.31
2 3F1 grafik_4h_vad_PORT3_cikis=hedef_hedef_k=1.5_tipler=ucgen+kama_trend_n=200_yon=uzun ret1=2.638 sh1=1.350 ret2=2.491 sh2=1.312 mdd=-0.198 n=88 exp=0.36
3 3F1 grafik_4h_vad_PORT3_cikis=hedef_hacim_k=1.5_tipler=ucgen+kama_trend_n=200_yon=uzun ret1=1.821 sh1=1.673 ret2=1.749 sh2=1.634 mdd=-0.193 n=56 exp=0.21
4 3F1 grafik_4h_vad_PORT3_cikis=stop_sure_tipler=ucgen+kama_trend_n=200_yon=uzun ret1=2.403 sh1=1.150 ret2=2.276 sh2=1.119 mdd=-0.260 n=82 exp=0.43
5 3F1 grafik_4h_vad_PORT3_cikis=hedef_olcekler=2.0+3.0+4.0_tipler=ucgen+kama_trend_n=200_yon=uzun ret1=1.779 sh1=1.214 ret2=1.648 sh2=1.162 mdd=-0.305 n=104 exp=0.33
6 3F1 grafik_4h_vad_PORT3_cikis=hedef_tipler=ucgen_trend_n=200_yon=uzun ret1=1.519 sh1=1.298 ret2=1.445 sh2=1.259 mdd=-0.192 n=64 exp=0.25
7 3F1 grafik_4h_vad_PORT3_cikis=hedef_tipler=kama_trend_n=200_yon=uzun ret1=0.824 sh1=1.169 ret2=0.791 sh2=1.137 mdd=-0.130 n=39 exp=0.16
8 3F1 grafik_4h_vad_PORT3_cikis=hedef_tipler=ucgen+kama+dikdortgen_trend_n=200_yon=uzun ret1=2.353 sh1=1.395 ret2=2.205 sh2=1.348 mdd=-0.258 n=97 exp=0.32
9 3F2 grafik_4h_vad_PORT3_cikis=hedef_hacim_k=1.25_tipler=ucgen+kama_yon=iki ret1=2.187 sh1=1.065 ret2=1.922 sh2=0.996 mdd=-0.357 n=186 exp=0.61
10 3F2 grafik_4h_vad_PORT3_cikis=hedef_hacim_k=2.0_tipler=ucgen+kama_yon=iki ret1=1.469 sh1=1.120 ret2=1.362 sh2=1.071 mdd=-0.313 n=95 exp=0.40
11 3F2 grafik_4h_vad_PORT3_cikis=hedef_hacim_k=1.5_tipler=ucgen+kama_trend_n=200_yon=iki ret1=2.020 sh1=1.416 ret2=1.896 sh2=1.366 mdd=-0.304 n=90 exp=0.34
12 3F2 grafik_4h_vad_PORT3_cikis=hedef_hacim_k=1.5_tipler=ucgen+kama_yon=kisa ret1=-0.028 sh1=0.062 ret2=-0.056 sh2=0.026 mdd=-0.475 n=62 exp=0.27
13 3F2 grafik_4h_vad_PORT3_cikis=hedef_hacim_k=1.5_hedef_k=1.5_tipler=ucgen+kama_yon=iki ret1=2.754 sh1=1.177 ret2=2.510 sh2=1.125 mdd=-0.281 n=144 exp=0.59
14 3F3 grafik_4h_vad_PORT3_cikis=sure_max_bar=5_tipler=hepsi_trend_n=200_yon=uzun ret1=0.750 sh1=1.167 ret2=0.586 sh2=0.975 mdd=-0.121 n=211 exp=0.11
15 3F3 grafik_4h_vad_PORT3_cikis=sure_max_bar=15_tipler=hepsi_trend_n=200_yon=uzun ret1=1.702 sh1=1.197 ret2=1.468 sh2=1.099 mdd=-0.191 n=194 exp=0.27
16 3F3 grafik_4h_vad_PORT3_cikis=sure_max_bar=10_tipler=hepsi_trend_n=100_yon=uzun ret1=2.038 sh1=1.480 ret2=1.747 sh2=1.357 mdd=-0.150 n=216 exp=0.21
17 3F3 grafik_4h_vad_PORT3_cikis=sure_max_bar=10_tipler=hepsi_trend_n=400_yon=uzun ret1=1.804 sh1=1.523 ret2=1.574 sh2=1.406 mdd=-0.121 n=184 exp=0.18
18 3F3 grafik_4h_vad_PORT3_cikis=sure_hacim_k=1.5_max_bar=10_tipler=hepsi_trend_n=200_yon=uzun ret1=1.373 sh1=1.452 ret2=1.243 sh2=1.365 mdd=-0.106 n=120 exp=0.12
19 3F3 grafik_4h_vad_PORT3_cikis=sure_max_bar=10_tipler=ucgen+kama_trend_n=200_yon=uzun ret1=1.227 sh1=1.517 ret2=1.112 sh2=1.424 mdd=-0.113 n=113 exp=0.12
20 3F3 grafik_4h_spo_PORT3_cikis=sure_max_bar=15_tipler=hepsi_trend_n=200_yon=uzun ret1=2.607 sh1=1.122 ret2=1.941 sh2=0.959 mdd=-0.220 n=255 exp=0.23
21 3F3 grafik_4h_vad_PORT3_cikis=sure_max_bar=5_tipler=hepsi_trend_n=200_yon=iki ret1=0.386 sh1=0.539 ret2=0.156 sh2=0.290 mdd=-0.299 n=388 exp=0.19
22 3F4 grafik_1d_vad_PORT3_cikis=hedef_olcekler=2.0+3.0_tipler=hepsi_yon=iki ret1=5.122 sh1=1.393 ret2=4.918 sh2=1.370 mdd=-0.355 n=73 exp=0.74
23 3F4 grafik_1d_vad_PORT3_cikis=hedef_olcekler=3.0_tipler=hepsi_yon=iki ret1=0.700 sh1=0.573 ret2=0.682 sh2=0.564 mdd=-0.563 n=23 exp=0.44
24 3F4 grafik_1d_vad_PORT3_cikis=hedef_olcekler=3.0+4.0_tipler=hepsi_yon=iki ret1=0.534 sh1=0.481 ret2=0.516 sh2=0.472 mdd=-0.615 n=26 exp=0.44
25 3F4 grafik_1d_vad_PORT3_cikis=hedef_hedef_k=1.5_olcekler=2.0+3.0+4.0_tipler=hepsi_yon=iki ret1=6.233 sh1=1.419 ret2=6.006 sh2=1.399 mdd=-0.409 n=69 exp=0.78
26 3F4 grafik_1d_vad_PORT3_cikis=stop_sure_olcekler=2.0+3.0+4.0_tipler=hepsi_yon=iki ret1=13.353 sh1=1.641 ret2=12.935 sh2=1.625 mdd=-0.412 n=65 exp=0.88
27 3F4 grafik_1d_vad_PORT3_cikis=hedef_olcekler=2.0+3.0+4.0_tipler=hepsi_yon=uzun ret1=3.568 sh1=1.466 ret2=3.476 sh2=1.448 mdd=-0.403 n=44 exp=0.34
28 3F4 grafik_1d_spo_PORT3_cikis=hedef_olcekler=2.0+3.0+4.0_tipler=hepsi_yon=uzun ret1=4.819 sh1=1.190 ret2=4.566 sh2=1.163 mdd=-0.405 n=56 exp=0.35
29 3F4 grafik_1d_vad_PORT3_cikis=hedef_olcekler=2.0+3.0+4.0_tipler=ucgen+kama_yon=iki ret1=3.248 sh1=1.333 ret2=3.151 sh2=1.314 mdd=-0.391 n=50 exp=0.53
30 3F5 mum_1d_vad_PORT3_cikis=atr_hedef_atr=4.0_stop_k=1.5_tipler=marubozu_tutma=20_yon=iki ret1=1.195 sh1=0.875 ret2=1.151 sh2=0.855 mdd=-0.415 n=44 exp=0.33
31 3F5 mum_1d_vad_PORT3_cikis=atr_hedef_atr=4.0_stop_k=3.0_tipler=marubozu_tutma=20_yon=iki ret1=1.535 sh1=0.985 ret2=1.483 sh2=0.966 mdd=-0.328 n=44 exp=0.36
32 3F5 mum_1d_vad_PORT3_cikis=atr_hedef_atr=3.0_stop_k=2.0_tipler=marubozu_tutma=20_yon=iki ret1=1.145 sh1=0.881 ret2=1.101 sh2=0.860 mdd=-0.217 n=45 exp=0.34
33 3F5 mum_1d_vad_PORT3_cikis=atr_hedef_atr=6.0_stop_k=2.0_tipler=marubozu_tutma=20_yon=iki ret1=1.670 sh1=1.023 ret2=1.616 sh2=1.004 mdd=-0.317 n=44 exp=0.37
34 3F5 mum_1d_vad_PORT3_cikis=atr_hedef_atr=4.0_stop_k=2.0_tipler=marubozu_tutma=10_yon=iki ret1=1.252 sh1=1.002 ret2=1.204 sh2=0.978 mdd=-0.195 n=46 exp=0.21
35 3F5 mum_1d_vad_PORT3_cikis=atr_hedef_atr=4.0_stop_k=2.0_tipler=marubozu_tutma=30_yon=iki ret1=1.952 sh1=1.016 ret2=1.895 sh2=1.000 mdd=-0.362 n=42 exp=0.45
36 3F5 mum_1d_vad_PORT3_cikis=atr_hedef_atr=4.0_stop_k=2.0_tipler=marubozu+asker_tutma=20_yon=iki ret1=1.524 sh1=0.927 ret2=1.470 sh2=0.909 mdd=-0.298 n=47 exp=0.37
