iş sayısı 139
0 2A grafik_4h_vad_PORT3_cikis=hedef_tipler=ucgen_yon=iki ret1=1.778 sh1=1.0534495624452975 ret2=1.570 sh2=0.9832584678811425 n=167 exp=0.5274925849874516 t=0.3
1 2A grafik_4h_vad_PORT3_cikis=hedef_hedef_k=1.5_tipler=ucgen_yon=iki ret1=1.279 sh1=0.7960884724261112 ret2=1.112 sh2=0.7367898358780632 n=163 exp=0.5743782797170888 t=1.8
2 2A grafik_4h_vad_PORT3_cikis=hedef_hedef_k=2.0_tipler=ucgen_yon=iki ret1=1.279 sh1=0.7616519699911944 ret2=1.116 sh2=0.707842921650719 n=159 exp=0.6136208076659821 t=0.3
3 2A grafik_4h_vad_PORT3_cikis=stop_sure_tipler=ucgen_yon=iki ret1=1.283 sh1=0.721224053950619 ret2=1.120 sh2=0.6724714226660864 n=159 exp=0.6406570841889117 t=0.4
4 2A grafik_4h_vad_PORT3_cikis=sure_max_bar=20_tipler=ucgen_yon=iki ret1=0.719 sh1=0.7322898393059024 ret2=0.580 sh2=0.6343177141741357 n=181 exp=0.31268537531371204 t=0.6
5 2A grafik_4h_vad_PORT3_cikis=hedef_tipler=ucgen_yon=uzun ret1=1.203 sh1=1.0519179263814482 ret2=1.100 sh2=0.9948232283251424 n=102 exp=0.34645220168834134 t=0.3
6 2A grafik_4h_vad_PORT3_cikis=hedef_hedef_k=1.5_tipler=ucgen_yon=uzun ret1=1.233 sh1=0.9465671645400535 ret2=1.132 sh2=0.8989304270108851 n=99 exp=0.3867214236824093 t=0.4
7 2A grafik_4h_vad_PORT3_cikis=hedef_hedef_k=2.0_tipler=ucgen_yon=uzun ret1=1.258 sh1=0.9376885638696295 ret2=1.160 sh2=0.8931858477122829 n=95 exp=0.42117271275382157 t=0.3
8 2A grafik_4h_vad_PORT3_cikis=stop_sure_tipler=ucgen_yon=uzun ret1=1.516 sh1=1.0002419445723454 ret2=1.407 sh2=0.9581814664245507 n=95 exp=0.43634496919917864 t=0.3
9 2A grafik_4h_vad_PORT3_cikis=sure_max_bar=20_tipler=ucgen_yon=uzun ret1=0.472 sh1=0.684609812069472 ret2=0.397 sh2=0.6030871223867564 n=112 exp=0.2107004334930413 t=0.3
10 2A grafik_4h_spo_PORT3_cikis=hedef_tipler=ucgen_yon=uzun ret1=2.379 sh1=1.0867936894831907 ret2=2.028 sh2=0.997368776476171 n=137 exp=0.2845878136200717 t=0.5
11 2A grafik_4h_spo_PORT3_cikis=hedef_hedef_k=1.5_tipler=ucgen_yon=uzun ret1=2.454 sh1=0.9694718918731543 ret2=2.100 sh2=0.8942982863547585 n=135 exp=0.3291756272401434 t=2.5
12 2A grafik_4h_spo_PORT3_cikis=hedef_hedef_k=2.0_tipler=ucgen_yon=uzun ret1=3.104 sh1=1.0699323983224869 ret2=2.693 sh2=0.9977450643196819 n=132 exp=0.35491039426523296 t=0.5
13 2A grafik_4h_spo_PORT3_cikis=stop_sure_tipler=ucgen_yon=uzun ret1=2.988 sh1=0.9892695185970554 ret2=2.597 sh2=0.9238797615303384 n=129 exp=0.3749820788530466 t=0.5
14 2A grafik_4h_spo_PORT3_cikis=sure_max_bar=20_tipler=ucgen_yon=uzun ret1=0.829 sh1=0.7154401664115683 ret2=0.620 sh2=0.5861078566802953 n=152 exp=0.19189964157706094 t=0.8
15 2A grafik_4h_vad_PORT3_cikis=hedef_tipler=kama_yon=iki ret1=0.292 sh1=0.3642372815689511 ret2=0.208 sh2=0.3060031001800132 n=145 exp=0.5370750627424139 t=0.3
16 2A grafik_4h_vad_PORT3_cikis=hedef_hedef_k=1.5_tipler=kama_yon=iki ret1=0.519 sh1=0.48905612158698025 ret2=0.422 sh2=0.4361202366989584 n=141 exp=0.5836185261236596 t=0.3
17 2A grafik_4h_vad_PORT3_cikis=hedef_hedef_k=2.0_tipler=kama_yon=iki ret1=0.562 sh1=0.5028731590212145 ret2=0.463 sh2=0.4524351138042597 n=140 exp=0.6129363449691991 t=0.3
18 2A grafik_4h_vad_PORT3_cikis=stop_sure_tipler=kama_yon=iki ret1=0.712 sh1=0.5643075166838032 ret2=0.604 sh2=0.51592917216047 n=140 exp=0.6402007757243897 t=0.4
19 2A grafik_4h_vad_PORT3_cikis=sure_max_bar=20_tipler=kama_yon=iki ret1=-0.244 sh1=-0.19432529150210678 ret2=-0.298 sh2=-0.276258751032489 n=160 exp=0.30070727812000914 t=0.3
20 2A grafik_4h_vad_PORT3_cikis=hedef_tipler=kama_yon=uzun ret1=1.379 sh1=1.2180095707557836 ret2=1.295 sh2=1.171949223991365 n=77 exp=0.31873146246862877 t=0.3
21 2A grafik_4h_vad_PORT3_cikis=hedef_hedef_k=1.5_tipler=kama_yon=uzun ret1=1.775 sh1=1.2643740473199672 ret2=1.680 sh2=1.224728482523601 n=75 exp=0.3564909879078257 t=0.4
22 2A grafik_4h_vad_PORT3_cikis=hedef_hedef_k=2.0_tipler=kama_yon=uzun ret1=2.197 sh1=1.334822123790025 ret2=2.087 sh2=1.2977439456440323 n=75 exp=0.37097878165639975 t=0.3
23 2A grafik_4h_vad_PORT3_cikis=stop_sure_tipler=kama_yon=uzun ret1=2.479 sh1=1.336642246565296 ret2=2.360 sh2=1.30223226547422 n=75 exp=0.4101072324891627 t=0.3
24 2A grafik_4h_vad_PORT3_cikis=sure_max_bar=20_tipler=kama_yon=uzun ret1=0.193 sh1=0.3497107212651517 ret2=0.149 sh2=0.292902583562013 n=81 exp=0.16415697011179559 t=0.3
25 2A grafik_4h_spo_PORT3_cikis=hedef_tipler=kama_yon=uzun ret1=1.735 sh1=1.0451959301084293 ret2=1.510 sh2=0.9639549114295669 n=107 exp=0.2541935483870968 t=0.8
26 2A grafik_4h_spo_PORT3_cikis=hedef_hedef_k=1.5_tipler=kama_yon=uzun ret1=2.759 sh1=1.2031529690447598 ret2=2.453 sh2=1.1322171514638477 n=106 exp=0.29304659498207886 t=0.7
27 2A grafik_4h_spo_PORT3_cikis=hedef_hedef_k=2.0_tipler=kama_yon=uzun ret1=3.862 sh1=1.3196379030888976 ret2=3.468 sh2=1.2542296394329353 n=106 exp=0.3171326164874552 t=0.7
28 2A grafik_4h_spo_PORT3_cikis=stop_sure_tipler=kama_yon=uzun ret1=9.546 sh1=1.6438796419078694 ret2=8.692 sh2=1.5882576364758716 n=106 exp=0.3697491039426523 t=0.4
29 2A grafik_4h_spo_PORT3_cikis=sure_max_bar=20_tipler=kama_yon=uzun ret1=0.249 sh1=0.31557200073961245 ret2=0.138 sh2=0.21436975750717854 n=116 exp=0.1439426523297491 t=0.6
30 2A grafik_4h_vad_PORT3_cikis=hedef_tipler=ucgen+kama_yon=iki ret1=1.372 sh1=0.7620681915159692 ret2=1.080 sh2=0.6738150297535397 n=282 exp=0.741615331964408 t=0.4
31 2A grafik_4h_vad_PORT3_cikis=hedef_hedef_k=1.5_tipler=ucgen+kama_yon=iki ret1=1.010 sh1=0.6257397780733592 ret2=0.768 sh2=0.5478092541798248 n=275 exp=0.7939767282683093 t=0.4
32 2A grafik_4h_vad_PORT3_cikis=hedef_hedef_k=2.0_tipler=ucgen+kama_yon=iki ret1=0.850 sh1=0.5665490351336705 ret2=0.631 sh2=0.49378527324130345 n=270 exp=0.8172484599589322 t=0.6
33 2A grafik_4h_vad_PORT3_cikis=stop_sure_tipler=ucgen+kama_yon=iki ret1=0.795 sh1=0.5405036908917664 ret2=0.585 sh2=0.47326830092198635 n=268 exp=0.8457677389915583 t=0.3
34 2A grafik_4h_vad_PORT3_cikis=sure_max_bar=20_tipler=ucgen+kama_yon=iki ret1=0.232 sh1=0.32414407093427405 ret2=0.058 sh2=0.1918985277018486 n=326 exp=0.5188227241615332 t=0.5
35 2A grafik_4h_vad_PORT3_cikis=hedef_tipler=ucgen+kama_yon=uzun ret1=2.544 sh1=1.305383947891933 ret2=2.297 sh2=1.238430736873134 n=155 exp=0.46668948208989275 t=0.4
36 2A grafik_4h_vad_PORT3_cikis=hedef_hedef_k=1.5_tipler=ucgen+kama_yon=uzun ret1=2.494 sh1=1.1543074664939978 ret2=2.256 sh2=1.097705324676921 n=151 exp=0.5157426420260096 t=0.3
37 2A grafik_4h_vad_PORT3_cikis=hedef_hedef_k=2.0_tipler=ucgen+kama_yon=uzun ret1=2.577 sh1=1.140933731956473 ret2=2.341 sh2=1.0880442598518392 n=146 exp=0.540497376226329 t=0.3
38 2A grafik_4h_vad_PORT3_cikis=stop_sure_tipler=ucgen+kama_yon=uzun ret1=2.864 sh1=1.1539754471428698 ret2=2.614 sh2=1.1046498364761992 n=144 exp=0.5666210358202145 t=0.4
39 2A grafik_4h_vad_PORT3_cikis=sure_max_bar=20_tipler=ucgen+kama_yon=uzun ret1=0.790 sh1=0.7775156330172988 ret2=0.644 sh2=0.6792643090737592 n=183 exp=0.32340862422997946 t=0.6
40 2A grafik_4h_spo_PORT3_cikis=hedef_tipler=ucgen+kama_yon=uzun ret1=5.764 sh1=1.3769718982364918 ret2=4.714 sh2=1.2661410202563381 n=211 exp=0.39039426523297494 t=0.5
41 2A grafik_4h_spo_PORT3_cikis=hedef_hedef_k=1.5_tipler=ucgen+kama_yon=uzun ret1=8.606 sh1=1.4356845283252893 ret2=7.134 sh2=1.3395491348995232 n=208 exp=0.44265232974910396 t=0.4
42 2A grafik_4h_spo_PORT3_cikis=hedef_hedef_k=2.0_tipler=ucgen+kama_yon=uzun ret1=11.001 sh1=1.4985958064102376 ret2=9.182 sh2=1.4080128200508262 n=206 exp=0.4675985663082437 t=0.8
43 2A grafik_4h_spo_PORT3_cikis=stop_sure_tipler=ucgen+kama_yon=uzun ret1=13.071 sh1=1.4887438930954557 ret2=10.996 sh2=1.4069246355122547 n=200 exp=0.5030107526881721 t=0.4
44 2A grafik_4h_spo_PORT3_cikis=sure_max_bar=20_tipler=ucgen+kama_yon=uzun ret1=1.474 sh1=0.8148670366695179 ret2=1.032 sh2=0.6592206622558034 n=246 exp=0.28845878136200714 t=0.4
45 2A grafik_4h_vad_PORT3_cikis=hedef_tipler=ucgen+kama_trend_n=200_yon=iki ret1=2.316 sh1=1.1143566655113675 ret2=2.076 sh2=1.0541970062798742 n=161 exp=0.5238421172712754 t=0.3
46 2A grafik_4h_vad_PORT3_cikis=hedef_hacim_k=1.5_tipler=ucgen+kama_yon=iki ret1=2.185 sh1=1.2024043344405633 ret2=1.975 sh2=1.139587792359609 n=146 exp=0.5250969655487109 t=0.3
47 2A grafik_4h_vad_PORT3_cikis=hedef_egilim_uyumu=True_tipler=ucgen+kama_yon=iki ret1=1.553 sh1=0.8773642816496875 ret2=1.307 sh2=0.7996974671661901 n=217 exp=0.6402007757243897 t=0.3
48 2A grafik_4h_vad_PORT3_cikis=hedef_olcekler=2.0_tipler=ucgen+kama_yon=iki ret1=0.907 sh1=0.6517204245598247 ret2=0.696 sh2=0.5628422533411797 n=251 exp=0.6034679443303673 t=1.2
49 2A grafik_4h_vad_PORT3_cikis=hedef_olcekler=4.0_tipler=ucgen+kama_yon=iki ret1=1.141 sh1=0.8023227396875077 ret2=1.075 sh2=0.7753772277483852 n=67 exp=0.4559662331736254 t=0.5
50 2A grafik_4h_vad_PORT3_cikis=hedef_olcekler=2.0+3.0+4.0_tipler=ucgen+kama_yon=iki ret1=1.038 sh1=0.6498945157952191 ret2=0.758 sh2=0.5544941552764033 n=317 exp=0.7680812229066849 t=1.9
51 2A grafik_4h_vad_PORT3_cikis=hedef_olcekler=1.5+3.0_tipler=ucgen+kama_yon=iki ret1=0.374 sh1=0.40020908400299604 ret2=0.088 sh2=0.2334317295191288 n=501 exp=0.7394478667579284 t=2.4
52 2A grafik_4h_vad_PORT3_cikis=hedef_tipler=ucgen+kama_trend_n=200_yon=uzun ret1=2.576 sh1=1.5080442408066725 ret2=2.425 sh2=1.4611235547675783 n=93 exp=0.30892083048140545 t=0.3
53 2A grafik_4h_vad_PORT3_cikis=hedef_hacim_k=1.5_tipler=ucgen+kama_yon=uzun ret1=2.245 sh1=1.5693189130464116 ret2=2.120 sh2=1.5208730726751514 n=84 exp=0.31473876340406115 t=0.3
54 2A grafik_4h_vad_PORT3_cikis=hedef_egilim_uyumu=True_tipler=ucgen+kama_yon=uzun ret1=0.861 sh1=0.784106794666758 ret2=0.759 sh2=0.7233207361548204 n=121 exp=0.4242527948893452 t=0.4
55 2A grafik_4h_vad_PORT3_cikis=hedef_olcekler=2.0_tipler=ucgen+kama_yon=uzun ret1=1.415 sh1=1.0868815707893618 ret2=1.262 sh2=1.0145301286206359 n=140 exp=0.3830709559662332 t=0.3
56 2A grafik_4h_vad_PORT3_cikis=hedef_olcekler=4.0_tipler=ucgen+kama_yon=uzun ret1=0.849 sh1=0.8977235886588129 ret2=0.820 sh2=0.8773677276902938 n=34 exp=0.22769792379648643 t=0.3
57 2A grafik_4h_vad_PORT3_cikis=hedef_olcekler=2.0+3.0+4.0_tipler=ucgen+kama_yon=uzun ret1=1.830 sh1=1.0985545871013307 ret2=1.617 sh2=1.025612462199404 n=168 exp=0.4714807209673739 t=0.6
58 2A grafik_4h_vad_PORT3_cikis=hedef_olcekler=1.5+3.0_tipler=ucgen+kama_yon=uzun ret1=0.815 sh1=0.6671477359814111 ret2=0.611 sh2=0.5616888892314202 n=255 exp=0.4469541409993155 t=0.3
59 2A grafik_4h_spo_PORT3_cikis=hedef_tipler=ucgen+kama_trend_n=200_yon=uzun ret1=4.555 sh1=1.4742495601001366 ret2=4.047 sh2=1.3984112855589004 n=120 exp=0.25670250896057345 t=0.8
60 2A grafik_4h_spo_PORT3_cikis=hedef_hacim_k=1.5_tipler=ucgen+kama_yon=uzun ret1=3.377 sh1=1.3845465316846806 ret2=2.964 sh2=1.298992887271206 n=124 exp=0.24487455197132615 t=0.5
61 2A grafik_4h_spo_PORT3_cikis=hedef_egilim_uyumu=True_tipler=ucgen+kama_yon=uzun ret1=1.650 sh1=0.8560356310129703 ret2=1.322 sh2=0.7538710154906278 n=165 exp=0.36129032258064514 t=1.0
62 2A grafik_4h_spo_PORT3_cikis=hedef_olcekler=2.0_tipler=ucgen+kama_yon=uzun ret1=2.326 sh1=0.9978178822440329 ret2=1.857 sh2=0.884874499993374 n=190 exp=0.3335483870967742 t=1.1
63 2A grafik_4h_spo_PORT3_cikis=hedef_olcekler=4.0_tipler=ucgen+kama_yon=uzun ret1=1.195 sh1=0.9498876786722112 ret2=1.119 sh2=0.9109803502406784 n=44 exp=0.19189964157706094 t=0.7
64 2A grafik_4h_spo_PORT3_cikis=hedef_olcekler=2.0+3.0+4.0_tipler=ucgen+kama_yon=uzun ret1=5.893 sh1=1.3465933251273117 ret2=4.730 sh2=1.2291937593602482 n=231 exp=0.4098924731182796 t=2.6
65 2A grafik_4h_spo_PORT3_cikis=hedef_olcekler=1.5+3.0_tipler=ucgen+kama_yon=uzun ret1=5.280 sh1=1.23417140422412 ret2=3.760 sh2=1.0668635806906595 n=347 exp=0.3823655913978495 t=3.4
66 2B grafik_4h_vad_PORT3_cikis=sure_max_bar=10_tipler=hepsi_trend_n=200_yon=iki ret1=1.385 sh1=0.9745443915517938 ret2=1.008 sh2=0.8069111235355731 n=369 exp=0.350901209217431 t=0.3
67 2B grafik_4h_vad_PORT3_cikis=sure_max_bar=20_tipler=hepsi_trend_n=200_yon=iki ret1=0.869 sh1=0.6292252908678883 ret2=0.598 sh2=0.5130222220063846 n=335 exp=0.5772302076203514 t=0.3
68 2B grafik_4h_vad_PORT3_cikis=sure_max_bar=40_tipler=hepsi_trend_n=200_yon=iki ret1=0.532 sh1=0.45828453465526653 ret2=0.346 sh2=0.3860350982157314 n=277 exp=0.8129135295459731 t=0.3
69 2B grafik_4h_vad_PORT3_cikis=stop_sure_tipler=hepsi_trend_n=200_yon=iki ret1=0.156 sh1=0.30698596315924453 ret2=0.032 sh2=0.24602663322804694 n=245 exp=0.8287702486881131 t=0.3
70 2B grafik_4h_vad_PORT3_cikis=hedef_tipler=hepsi_trend_n=200_yon=iki ret1=0.031 sh1=0.20329869271839826 ret2=-0.097 sh2=0.11471981412048095 n=283 exp=0.7365959388546658 t=0.6
71 2B grafik_4h_vad_PORT3_cikis=hedef_hedef_k=2.0_tipler=hepsi_trend_n=200_yon=iki ret1=0.020 sh1=0.23061316168107274 ret2=-0.094 sh2=0.16493437990732232 n=253 exp=0.822610084417066 t=0.3
72 2B grafik_4h_vad_PORT3_cikis=sure_max_bar=20_tipler=hepsi_trend_n=100_yon=iki ret1=0.561 sh1=0.4842965242223246 ret2=0.307 sh2=0.36360576985134824 n=380 exp=0.6176135067305498 t=0.5
73 2B grafik_4h_vad_PORT3_cikis=sure_max_bar=20_tipler=hepsi_trend_n=400_yon=iki ret1=0.371 sh1=0.40571412114245686 ret2=0.188 sh2=0.2934930010619608 n=307 exp=0.5410677618069816 t=0.5
74 2B grafik_4h_vad_PORT3_cikis=sure_hacim_k=1.5_max_bar=20_tipler=hepsi_trend_n=200_yon=iki ret1=1.793 sh1=1.1059373191660633 ret2=1.535 sh2=1.0138918338323308 n=208 exp=0.3795345653661875 t=0.3
75 2B grafik_4h_vad_PORT3_cikis=sure_max_bar=10_tipler=hepsi_trend_n=200_yon=uzun ret1=2.401 sh1=1.6431646733590461 ret2=2.100 sh2=1.5285724382266237 n=199 exp=0.19803787360255531 t=0.3
76 2B grafik_4h_vad_PORT3_cikis=sure_max_bar=20_tipler=hepsi_trend_n=200_yon=uzun ret1=2.319 sh1=1.2675554590357478 ret2=2.047 sh2=1.1869498288954246 n=183 exp=0.33915126625598907 t=0.3
77 2B grafik_4h_vad_PORT3_cikis=sure_max_bar=40_tipler=hepsi_trend_n=200_yon=uzun ret1=2.139 sh1=0.9293209880693645 ret2=1.931 sh2=0.8854325515704764 n=147 exp=0.5060460871549167 t=0.3
78 2B grafik_4h_vad_PORT3_cikis=stop_sure_tipler=hepsi_trend_n=200_yon=uzun ret1=1.958 sh1=0.9363145821703447 ret2=1.780 sh2=0.8927370829779766 n=134 exp=0.5078713210130048 t=0.6
79 2B grafik_4h_vad_PORT3_cikis=hedef_tipler=hepsi_trend_n=200_yon=uzun ret1=1.365 sh1=0.8858470592223355 ret2=1.197 sh2=0.8229169593428893 n=158 exp=0.43623089208304816 t=0.3
80 2B grafik_4h_vad_PORT3_cikis=hedef_hedef_k=2.0_tipler=hepsi_trend_n=200_yon=uzun ret1=1.849 sh1=0.9406335995253721 ret2=1.671 sh2=0.8928909431679138 n=139 exp=0.500456308464522 t=0.3
81 2B grafik_4h_vad_PORT3_cikis=sure_max_bar=20_tipler=hepsi_trend_n=100_yon=uzun ret1=2.300 sh1=1.24136313957935 ret2=2.006 sh2=1.1550613524030167 n=200 exp=0.3585443759981748 t=0.3
82 2B grafik_4h_vad_PORT3_cikis=sure_max_bar=20_tipler=hepsi_trend_n=400_yon=uzun ret1=1.661 sh1=1.1277613407244365 ret2=1.458 sh2=1.0464542510058545 n=170 exp=0.31553730321697465 t=0.3
83 2B grafik_4h_vad_PORT3_cikis=sure_hacim_k=1.5_max_bar=20_tipler=hepsi_trend_n=200_yon=uzun ret1=1.958 sh1=1.4163260685052037 ret2=1.806 sh2=1.35318526137349 n=113 exp=0.21971252566735114 t=0.3
84 2B grafik_4h_spo_PORT3_cikis=sure_max_bar=10_tipler=hepsi_trend_n=200_yon=uzun ret1=2.495 sh1=1.2615315509963299 ret2=1.840 sh2=1.06787094276142 n=259 exp=0.16150537634408602 t=1.2
85 2B grafik_4h_spo_PORT3_cikis=sure_max_bar=20_tipler=hepsi_trend_n=200_yon=uzun ret1=4.030 sh1=1.2385230075898837 ret2=3.141 sh2=1.1033877796491962 n=243 exp=0.2839426523297491 t=0.4
86 2B grafik_4h_spo_PORT3_cikis=sure_max_bar=40_tipler=hepsi_trend_n=200_yon=uzun ret1=10.861 sh1=1.3602446314289518 ret2=9.225 sh2=1.288739592028809 n=186 exp=0.4427956989247312 t=0.5
87 2B grafik_4h_spo_PORT3_cikis=stop_sure_tipler=hepsi_trend_n=200_yon=uzun ret1=10.632 sh1=1.396314426499131 ret2=9.124 sh2=1.3253271244804654 n=175 exp=0.44573476702508963 t=0.5
88 2B grafik_4h_spo_PORT3_cikis=hedef_tipler=hepsi_trend_n=200_yon=uzun ret1=3.397 sh1=1.0734166131164482 ret2=2.747 sh2=0.9714635294084197 n=201 exp=0.3511111111111111 t=0.5
89 2B grafik_4h_spo_PORT3_cikis=hedef_hedef_k=2.0_tipler=hepsi_trend_n=200_yon=uzun ret1=7.945 sh1=1.3304443954193017 ret2=6.754 sh2=1.2530367663684154 n=180 exp=0.42057347670250894 t=1.0
90 2B grafik_4h_spo_PORT3_cikis=sure_max_bar=20_tipler=hepsi_trend_n=100_yon=uzun ret1=5.770 sh1=1.402757153742477 ret2=4.476 sh2=1.2609429988119019 n=265 exp=0.30014336917562723 t=0.4
91 2B grafik_4h_spo_PORT3_cikis=sure_max_bar=20_tipler=hepsi_trend_n=400_yon=uzun ret1=2.597 sh1=1.0652661981913356 ret2=2.009 sh2=0.931861592031748 n=223 exp=0.2625806451612903 t=0.4
92 2B grafik_4h_spo_PORT3_cikis=sure_hacim_k=1.5_max_bar=20_tipler=hepsi_trend_n=200_yon=uzun ret1=2.134 sh1=1.064522310005442 ret2=1.770 sh2=0.9599685679740675 n=154 exp=0.18924731182795698 t=0.4
93 2C grafik_1d_vad_PORT3_cikis=hedef_hedef_k=0.5_tipler=hepsi_yon=iki ret1=0.929 sh1=0.6674826718722745 ret2=0.864 sh2=0.6401439008950638 n=74 exp=0.5336294416243654 t=0.5
94 2C grafik_1d_vad_PORT3_cikis=hedef_tipler=hepsi_yon=iki ret1=2.404 sh1=1.0411937842129544 ret2=2.304 sh2=1.0197757531106406 n=64 exp=0.675761421319797 t=0.5
95 2C grafik_1d_vad_PORT3_cikis=hedef_hedef_k=1.5_tipler=hepsi_yon=iki ret1=3.267 sh1=1.1489197326903933 ret2=3.144 sh2=1.1291548042480792 n=63 exp=0.7144670050761421 t=0.5
96 2C grafik_1d_vad_PORT3_cikis=hedef_hedef_k=2.0_tipler=hepsi_yon=iki ret1=2.514 sh1=0.9846072182087845 ret2=2.413 sh2=0.9660230652090991 n=63 exp=0.7703045685279187 t=0.3
97 2C grafik_1d_vad_PORT3_cikis=stop_sure_tipler=hepsi_yon=iki ret1=11.817 sh1=1.619085598335701 ret2=11.476 sh2=1.6040910119015708 n=59 exp=0.8229695431472082 t=0.3
98 2C grafik_1d_vad_PORT3_cikis=sure_max_bar=10_tipler=hepsi_yon=iki ret1=1.018 sh1=0.7450385215289079 ret2=0.941 sh2=0.711033028096842 n=84 exp=0.4022842639593909 t=0.3
99 2C grafik_1d_vad_PORT3_cikis=sure_max_bar=20_tipler=hepsi_yon=iki ret1=2.683 sh1=1.026263329132117 ret2=2.561 sh2=1.0042307331132978 n=73 exp=0.6281725888324873 t=0.3
100 2C grafik_1d_vad_PORT3_cikis=sure_max_bar=40_tipler=hepsi_yon=iki ret1=4.856 sh1=1.1423136217855325 ret2=4.691 sh2=1.127450673132648 n=62 exp=0.8102791878172588 t=0.3
101 2C grafik_1d_vad_PORT3_cikis=hedef_hedef_k=0.5_tipler=hepsi_yon=uzun ret1=0.564 sh1=0.5814810305038436 ret2=0.533 sh2=0.5600682736449385 n=44 exp=0.2817258883248731 t=0.7
102 2C grafik_1d_vad_PORT3_cikis=hedef_tipler=hepsi_yon=uzun ret1=1.527 sh1=0.996838632019819 ret2=1.480 sh2=0.9789823062678481 n=41 exp=0.33946700507614214 t=0.5
103 2C grafik_1d_vad_PORT3_cikis=hedef_hedef_k=1.5_tipler=hepsi_yon=uzun ret1=2.176 sh1=1.1152233558479836 ret2=2.117 sh2=1.0995111997044702 n=40 exp=0.39149746192893403 t=0.3
104 2C grafik_1d_vad_PORT3_cikis=hedef_hedef_k=2.0_tipler=hepsi_yon=uzun ret1=2.624 sh1=1.1991708025863521 ret2=2.559 sh2=1.1841820902710625 n=40 exp=0.43591370558375636 t=0.3
105 2C grafik_1d_vad_PORT3_cikis=stop_sure_tipler=hepsi_yon=uzun ret1=12.033 sh1=1.8263247423996283 ret2=11.822 sh2=1.8158613243489 n=36 exp=0.5222081218274112 t=0.3
106 2C grafik_1d_vad_PORT3_cikis=sure_max_bar=10_tipler=hepsi_yon=uzun ret1=1.639 sh1=1.1226301254034943 ret2=1.582 sh2=1.1001238446671389 n=47 exp=0.23604060913705585 t=0.3
107 2C grafik_1d_vad_PORT3_cikis=sure_max_bar=20_tipler=hepsi_yon=uzun ret1=4.619 sh1=1.4428820864236485 ret2=4.515 sh2=1.4289471806549938 n=41 exp=0.37880710659898476 t=0.3
108 2C grafik_1d_vad_PORT3_cikis=sure_max_bar=40_tipler=hepsi_yon=uzun ret1=9.177 sh1=1.5280166975704066 ret2=9.008 sh2=1.5183943136570088 n=37 exp=0.5532994923857868 t=0.6
109 2C grafik_1d_spo_PORT3_cikis=hedef_hedef_k=0.5_tipler=hepsi_yon=uzun ret1=0.507 sh1=0.40639901470688145 ret2=0.442 sh2=0.37427874642277303 n=55 exp=0.29510309278350516 t=1.1
110 2C grafik_1d_spo_PORT3_cikis=hedef_tipler=hepsi_yon=uzun ret1=1.966 sh1=0.8357164920878776 ret2=1.846 sh2=0.8084490134355865 n=52 exp=0.33676975945017185 t=0.8
111 2C grafik_1d_spo_PORT3_cikis=hedef_hedef_k=1.5_tipler=hepsi_yon=uzun ret1=3.024 sh1=0.9909140583528713 ret2=2.861 sh2=0.9652871043570395 n=52 exp=0.38187285223367695 t=0.4
112 2C grafik_1d_spo_PORT3_cikis=hedef_hedef_k=2.0_tipler=hepsi_yon=uzun ret1=4.401 sh1=1.1455464072984418 ret2=4.189 sh2=1.1214111654634695 n=51 exp=0.39862542955326463 t=1.0
113 2C grafik_1d_spo_PORT3_cikis=stop_sure_tipler=hepsi_yon=uzun ret1=26.072 sh1=1.7292901608810751 ret2=25.159 sh2=1.7130921717387215 n=44 exp=0.5176116838487973 t=0.4
114 2C grafik_1d_spo_PORT3_cikis=sure_max_bar=10_tipler=hepsi_yon=uzun ret1=2.938 sh1=1.140340638538695 ret2=2.741 sh2=1.1017586836701012 n=64 exp=0.23281786941580757 t=0.4
115 2C grafik_1d_spo_PORT3_cikis=sure_max_bar=20_tipler=hepsi_yon=uzun ret1=5.443 sh1=1.2725185133603036 ret2=5.178 sh2=1.246666548384998 n=53 exp=0.3646907216494845 t=0.4
116 2C grafik_1d_spo_PORT3_cikis=sure_max_bar=40_tipler=hepsi_yon=uzun ret1=22.019 sh1=1.6981770864929042 ret2=21.188 sh2=1.6801249924649058 n=47 exp=0.4957044673539519 t=0.4
117 2C grafik_1d_vad_PORT3_cikis=hedef_olcekler=1.5+3.0_tipler=hepsi_yon=iki ret1=2.350 sh1=0.8987517558894196 ret2=2.135 sh2=0.8602728429281497 n=143 exp=0.7696700507614214 t=0.8
118 2C grafik_1d_vad_PORT3_cikis=hedef_olcekler=2.0+3.0+4.0_tipler=hepsi_yon=iki ret1=4.786 sh1=1.3262899508145771 ret2=4.596 sh2=1.304320449806143 n=72 exp=0.7373096446700508 t=0.5
119 2C grafik_1d_vad_PORT3_cikis=hedef_olcekler=1.5+2.0+3.0+4.0_tipler=hepsi_yon=iki ret1=3.703 sh1=1.0597077733582376 ret2=3.393 sh2=1.0220659445750158 n=147 exp=0.7887055837563451 t=0.6
120 2C grafik_1d_vad_PORT3_cikis=hedef_hacim_k=1.5_tipler=hepsi_yon=iki ret1=-0.112 sh1=-0.05288450123424622 ret2=-0.124 sh2=-0.06954950592390517 n=29 exp=0.3699238578680203 t=0.3
121 2C grafik_1d_vad_PORT3_cikis=hedef_egilim_uyumu=True_tipler=hepsi_yon=iki ret1=1.348 sh1=0.7934847485417104 ret2=1.289 sh2=0.7743793947705371 n=55 exp=0.6586294416243654 t=0.3
122 2C grafik_1d_vad_PORT3_cikis=sure_max_bar=20_olcekler=1.5+3.0_tipler=hepsi_yon=iki ret1=0.746 sh1=0.5042389258229745 ret2=0.636 sh2=0.4721893711812292 n=141 exp=0.8191624365482234 t=0.7
123 2C grafik_1d_vad_PORT3_cikis=sure_max_bar=20_olcekler=2.0+3.0+4.0_tipler=hepsi_yon=iki ret1=3.349 sh1=1.1020652367197625 ret2=3.190 sh2=1.0788077830727714 n=81 exp=0.6618020304568528 t=0.3
124 2C grafik_1d_vad_PORT3_cikis=sure_max_bar=20_olcekler=1.5+2.0+3.0+4.0_tipler=hepsi_yon=iki ret1=1.405 sh1=0.6585016163025484 ret2=1.246 sh2=0.6254380616229301 n=148 exp=0.8629441624365483 t=0.3
125 2C grafik_1d_vad_PORT3_cikis=sure_hacim_k=1.5_max_bar=20_tipler=hepsi_yon=iki ret1=-0.364 sh1=-0.22059944847093574 ret2=-0.373 sh2=-0.2322644744500981 n=31 exp=0.3293147208121827 t=0.3
126 2C grafik_1d_vad_PORT3_cikis=sure_egilim_uyumu=True_max_bar=20_tipler=hepsi_yon=iki ret1=1.268 sh1=0.7265203634996423 ret2=1.200 sh2=0.7058994581295255 n=65 exp=0.5989847715736041 t=0.3
127 2D mum_1d_vad_PORT3_cikis=sure_tipler=marubozu_tutma=5_yon=iki ret1=0.061 sh1=0.16434515238990718 ret2=0.038 sh2=0.13159282984728565 n=47 exp=0.11802030456852793 t=0.3
128 2D mum_1d_vad_PORT3_cikis=sure_tipler=marubozu_tutma=10_yon=iki ret1=1.056 sh1=0.8731119643333142 ret2=1.012 sh2=0.8501293998784097 n=46 exp=0.22842639593908629 t=0.3
129 2D mum_1d_vad_PORT3_cikis=sure_tipler=marubozu_tutma=20_yon=iki ret1=0.698 sh1=0.5816817449044095 ret2=0.663 sh2=0.5642545337591672 n=44 exp=0.41814720812182743 t=0.6
130 2D mum_1d_vad_PORT3_cikis=atr_hedef_atr=4.0_stop_k=2.0_tipler=marubozu_tutma=20_yon=iki ret1=1.633 sh1=1.0286094641463723 ret2=1.579 sh2=1.0093517847778275 n=44 exp=0.350253807106599 t=0.3
131 2D mum_1d_vad_PORT3_cikis=sure_tipler=marubozu_tutma=5_yon=uzun ret1=0.078 sh1=0.21355914964180794 ret2=0.064 sh2=0.18555876359820747 n=28 exp=0.07931472081218274 t=0.3
132 2D mum_1d_vad_PORT3_cikis=sure_tipler=marubozu_tutma=10_yon=uzun ret1=0.815 sh1=0.900443218467701 ret2=0.792 sh2=0.8831135721007134 n=27 exp=0.15355329949238578 t=0.3
133 2D mum_1d_vad_PORT3_cikis=sure_tipler=marubozu_tutma=20_yon=uzun ret1=0.772 sh1=0.7057075781172001 ret2=0.752 sh2=0.6935434124697795 n=25 exp=0.2823604060913706 t=0.4
134 2D mum_1d_vad_PORT3_cikis=atr_hedef_atr=4.0_stop_k=2.0_tipler=marubozu_tutma=20_yon=uzun ret1=0.837 sh1=0.8037058626339454 ret2=0.816 sh2=0.7903182760483128 n=25 exp=0.2366751269035533 t=0.3
135 2D mum_1d_spo_PORT3_cikis=sure_tipler=marubozu_tutma=5_yon=uzun ret1=0.521 sh1=0.614202161484375 ret2=0.466 sh2=0.5656940182782793 n=46 exp=0.09407216494845361 t=0.9
136 2D mum_1d_spo_PORT3_cikis=sure_tipler=marubozu_tutma=10_yon=uzun ret1=1.557 sh1=0.9528186200934796 ret2=1.470 sh2=0.92119300443134 n=43 exp=0.17353951890034364 t=0.6
137 2D mum_1d_spo_PORT3_cikis=sure_tipler=marubozu_tutma=20_yon=uzun ret1=2.069 sh1=0.8903366722882227 ret2=1.965 sh2=0.8665873262439213 n=43 exp=0.30970790378006874 t=0.6
138 2D mum_1d_spo_PORT3_cikis=atr_hedef_atr=4.0_stop_k=2.0_tipler=marubozu_tutma=20_yon=uzun ret1=1.739 sh1=0.9110867380117821 ret2=1.644 sh2=0.8829111131492154 n=44 exp=0.2555841924398625 t=0.4
