carry_BTCUSDT_4h_n1_giris5e-05_cikis0.0_son_negFalse                      0.170 S=  2.90 DD= -0.050 n=162 2x=   0.004
carry_BTCUSDT_4h_n1_giris5e-05_cikis-5e-05_son_negFalse                   0.260 S=  4.72 DD= -0.019 n=84 2x=   0.165
carry_BTCUSDT_4h_n1_giris9e-05_cikis0.0_son_negFalse                      0.219 S=  3.94 DD= -0.035 n=110 2x=   0.099
carry_BTCUSDT_4h_n1_giris9e-05_cikis5e-05_son_negFalse                    0.126 S=  2.05 DD= -0.090 n=178 2x=  -0.048
carry_BTCUSDT_4h_n1_giris0.00015_cikis5e-05_son_negFalse                  0.256 S=  5.69 DD= -0.010 n=22 2x=   0.231
carry_BTCUSDT_4h_n3_giris5e-05_cikis0.0_son_negFalse                      0.277 S=  5.05 DD= -0.011 n=62 2x=   0.205
carry_BTCUSDT_4h_n3_giris5e-05_cikis-5e-05_son_negFalse                   0.321 S=  6.07 DD= -0.012 n=28 2x=   0.287
carry_BTCUSDT_4h_n3_giris9e-05_cikis0.0_son_negFalse                      0.288 S=  5.47 DD= -0.010 n=44 2x=   0.237
carry_BTCUSDT_4h_n3_giris9e-05_cikis5e-05_son_negFalse                    0.242 S=  4.57 DD= -0.021 n=66 2x=   0.168
carry_BTCUSDT_4h_n3_giris0.00015_cikis5e-05_son_negFalse                  0.257 S=  5.23 DD= -0.010 n=20 2x=   0.234
carry_BTCUSDT_4h_n7_giris5e-05_cikis0.0_son_negFalse                      0.311 S=  5.83 DD= -0.010 n=28 2x=   0.277
carry_BTCUSDT_4h_n7_giris5e-05_cikis-5e-05_son_negFalse                   0.340 S=  6.64 DD= -0.010 n=10 2x=   0.328
carry_BTCUSDT_4h_n7_giris9e-05_cikis0.0_son_negFalse                      0.298 S=  5.72 DD= -0.010 n=22 2x=   0.273
carry_BTCUSDT_4h_n7_giris9e-05_cikis5e-05_son_negFalse                    0.263 S=  5.15 DD= -0.012 n=34 2x=   0.224
carry_BTCUSDT_4h_n7_giris0.00015_cikis5e-05_son_negFalse                  0.252 S=  5.21 DD= -0.010 n=12 2x=   0.239
carry_ETHUSDT_4h_n1_giris5e-05_cikis0.0_son_negFalse                      0.253 S=  3.48 DD= -0.081 n=160 2x=   0.077
carry_ETHUSDT_4h_n1_giris5e-05_cikis-5e-05_son_negFalse                   0.364 S=  5.22 DD= -0.034 n=72 2x=   0.275
carry_ETHUSDT_4h_n1_giris9e-05_cikis0.0_son_negFalse                      0.330 S=  4.75 DD= -0.033 n=90 2x=   0.222
carry_ETHUSDT_4h_n1_giris9e-05_cikis5e-05_son_negFalse                    0.230 S=  2.88 DD= -0.088 n=152 2x=   0.065
carry_ETHUSDT_4h_n1_giris0.00015_cikis5e-05_son_negFalse                  0.356 S=  5.57 DD= -0.008 n=18 2x=   0.335
carry_ETHUSDT_4h_n3_giris5e-05_cikis0.0_son_negFalse                      0.388 S=  5.66 DD= -0.018 n=48 2x=   0.327
carry_ETHUSDT_4h_n3_giris5e-05_cikis-5e-05_son_negFalse                   0.417 S=  6.16 DD= -0.013 n=26 2x=   0.384
carry_ETHUSDT_4h_n3_giris9e-05_cikis0.0_son_negFalse                      0.405 S=  6.06 DD= -0.013 n=26 2x=   0.372
carry_ETHUSDT_4h_n3_giris9e-05_cikis5e-05_son_negFalse                    0.355 S=  5.30 DD= -0.018 n=52 2x=   0.291
carry_ETHUSDT_4h_n3_giris0.00015_cikis5e-05_son_negFalse                  0.354 S=  5.54 DD= -0.008 n=16 2x=   0.335
carry_ETHUSDT_4h_n7_giris5e-05_cikis0.0_son_negFalse                      0.410 S=  6.05 DD= -0.013 n=26 2x=   0.376
carry_ETHUSDT_4h_n7_giris5e-05_cikis-5e-05_son_negFalse                   0.429 S=  6.37 DD= -0.013 n=14 2x=   0.412
carry_ETHUSDT_4h_n7_giris9e-05_cikis0.0_son_negFalse                      0.409 S=  6.16 DD= -0.013 n=14 2x=   0.391
carry_ETHUSDT_4h_n7_giris9e-05_cikis5e-05_son_negFalse                    0.375 S=  5.68 DD= -0.017 n=24 2x=   0.346
carry_ETHUSDT_4h_n7_giris0.00015_cikis5e-05_son_negFalse                  0.358 S=  5.56 DD= -0.007 n=14 2x=   0.341
carry_SOLUSDT_4h_n1_giris5e-05_cikis0.0_son_negFalse                      0.048 S=  0.34 DD= -0.128 n=175 2x=  -0.112
carry_SOLUSDT_4h_n1_giris5e-05_cikis-5e-05_son_negFalse                   0.090 S=  0.61 DD= -0.093 n=129 2x=  -0.035
carry_SOLUSDT_4h_n1_giris9e-05_cikis0.0_son_negFalse                      0.097 S=  0.65 DD= -0.088 n=124 2x=  -0.024
carry_SOLUSDT_4h_n1_giris9e-05_cikis5e-05_son_negFalse                    0.077 S=  0.53 DD= -0.100 n=150 2x=  -0.065
carry_SOLUSDT_4h_n1_giris0.00015_cikis5e-05_son_negFalse                  0.182 S=  4.10 DD= -0.009 n=34 2x=   0.145
carry_SOLUSDT_4h_n3_giris5e-05_cikis0.0_son_negFalse                      0.141 S=  1.01 DD= -0.067 n=79 2x=   0.059
carry_SOLUSDT_4h_n3_giris5e-05_cikis-5e-05_son_negFalse                   0.248 S=  1.14 DD= -0.051 n=46 2x=   0.196
carry_SOLUSDT_4h_n3_giris9e-05_cikis0.0_son_negFalse                      0.176 S=  1.34 DD= -0.042 n=60 2x=   0.112
carry_SOLUSDT_4h_n3_giris9e-05_cikis5e-05_son_negFalse                    0.157 S=  1.20 DD= -0.044 n=76 2x=   0.077
carry_SOLUSDT_4h_n3_giris0.00015_cikis5e-05_son_negFalse                  0.191 S=  4.61 DD= -0.008 n=20 2x=   0.169
carry_SOLUSDT_4h_n7_giris5e-05_cikis0.0_son_negFalse                      0.201 S=  1.51 DD= -0.042 n=38 2x=   0.159
carry_SOLUSDT_4h_n7_giris5e-05_cikis-5e-05_son_negFalse                   0.232 S=  1.68 DD= -0.042 n=28 2x=   0.201
carry_SOLUSDT_4h_n7_giris9e-05_cikis0.0_son_negFalse                      0.204 S=  1.54 DD= -0.043 n=28 2x=   0.173
carry_SOLUSDT_4h_n7_giris9e-05_cikis5e-05_son_negFalse                    0.191 S=  1.45 DD= -0.043 n=32 2x=   0.156
carry_SOLUSDT_4h_n7_giris0.00015_cikis5e-05_son_negFalse                  0.189 S=  4.35 DD= -0.008 n=12 2x=   0.177
carry_SEPET3_4h_n1_giris5e-05_cikis0.0_son_negFalse                       0.155 S=  1.79 DD= -0.084 n=497 2x=  -0.012
carry_SEPET3_4h_n1_giris5e-05_cikis-5e-05_son_negFalse                    0.234 S=  2.67 DD= -0.040 n=285 2x=   0.129
carry_SEPET3_4h_n1_giris9e-05_cikis0.0_son_negFalse                       0.213 S=  2.43 DD= -0.047 n=324 2x=   0.095
carry_SEPET3_4h_n1_giris9e-05_cikis5e-05_son_negFalse                     0.144 S=  1.61 DD= -0.090 n=480 2x=  -0.017
carry_SEPET3_4h_n1_giris0.00015_cikis5e-05_son_negFalse                   0.263 S=  5.56 DD= -0.008 n=74 2x=   0.235
carry_SEPET3_4h_n3_giris5e-05_cikis0.0_son_negFalse                       0.266 S=  3.23 DD= -0.025 n=189 2x=   0.193
carry_SEPET3_4h_n3_giris5e-05_cikis-5e-05_son_negFalse                    0.328 S=  2.92 DD= -0.015 n=100 2x=   0.288
carry_SEPET3_4h_n3_giris9e-05_cikis0.0_son_negFalse                       0.287 S=  3.68 DD= -0.014 n=130 2x=   0.236
carry_SEPET3_4h_n3_giris9e-05_cikis5e-05_son_negFalse                     0.250 S=  3.23 DD= -0.021 n=194 2x=   0.176
carry_SEPET3_4h_n3_giris0.00015_cikis5e-05_son_negFalse                   0.265 S=  5.62 DD= -0.008 n=56 2x=   0.244
carry_SEPET3_4h_n7_giris5e-05_cikis0.0_son_negFalse                       0.305 S=  3.89 DD= -0.014 n=92 2x=   0.269
carry_SEPET3_4h_n7_giris5e-05_cikis-5e-05_son_negFalse                    0.332 S=  4.13 DD= -0.014 n=52 2x=   0.312
carry_SEPET3_4h_n7_giris9e-05_cikis0.0_son_negFalse                       0.302 S=  3.88 DD= -0.015 n=64 2x=   0.277
carry_SEPET3_4h_n7_giris9e-05_cikis5e-05_son_negFalse                     0.275 S=  3.58 DD= -0.014 n=90 2x=   0.240
carry_SEPET3_4h_n7_giris0.00015_cikis5e-05_son_negFalse                   0.265 S=  5.53 DD= -0.008 n=38 2x=   0.251
carry_SEPET3_1h_n3_giris5e-05_cikis0.0_son_negFalse                       0.252 S=  2.84 DD= -0.034 n=189 2x=   0.180
carry_SEPET3_1h_n0_giris0.0_cikis0.0_son_negFalse                         0.212 S=  0.99 DD= -0.109 n=6 2x=   0.211
carry_SEPET3_1d_n3_giris5e-05_cikis0.0_son_negFalse                       0.277 S=  5.01 DD= -0.010 n=166 2x=   0.212
carry_SEPET3_1d_n0_giris0.0_cikis0.0_son_negFalse                         0.181 S=  0.89 DD= -0.101 n=6 2x=   0.180
64 yapılandırma, 35 sn
yonlu_BTCUSDT_4h_n1_filtreyok_m100_tut2_olcekmutlak_yonuzun_alt0.0_ust1.0    3.205 S=  1.21 DD= -0.313 n=65 2x=   2.839
yonlu_BTCUSDT_4h_n1_filtreyok_m100_tut2_olcekmutlak_yonuzun_alt-5e-05_ust1.0    1.359 S=  0.95 DD= -0.250 n=39 2x=   1.233
yonlu_BTCUSDT_4h_n1_filtreyok_m100_tut2_olcekmutlak_yonkisa_alt-1.0_ust0.0003    0.139 S=  0.26 DD= -0.505 n=30 2x=   0.093
yonlu_BTCUSDT_4h_n1_filtreyok_m100_tut2_olcekmutlak_yonkisa_alt-1.0_ust0.0006   -0.189 S= -0.10 DD= -0.445 n=19 2x=  -0.210
yonlu_BTCUSDT_4h_n1_filtreyok_m100_tut2_olcekyuzdelik_W180_yoniki_alt0.1_ust0.9    0.267 S=  0.35 DD= -0.538 n=89 2x=   0.119
yonlu_BTCUSDT_4h_n1_filtreyok_m100_tut7_olcekmutlak_yonuzun_alt0.0_ust1.0    0.586 S=  0.48 DD= -0.679 n=29 2x=   0.523
yonlu_BTCUSDT_4h_n1_filtreyok_m100_tut7_olcekmutlak_yonuzun_alt-5e-05_ust1.0    2.736 S=  1.13 DD= -0.245 n=22 2x=   2.623
yonlu_BTCUSDT_4h_n1_filtreyok_m100_tut7_olcekmutlak_yonkisa_alt-1.0_ust0.0003   -0.064 S=  0.18 DD= -0.699 n=16 2x=  -0.085
yonlu_BTCUSDT_4h_n1_filtreyok_m100_tut7_olcekmutlak_yonkisa_alt-1.0_ust0.0006   -0.259 S= -0.13 DD= -0.612 n=12 2x=  -0.271
yonlu_BTCUSDT_4h_n1_filtreyok_m100_tut7_olcekyuzdelik_W180_yoniki_alt0.1_ust0.9   -0.316 S=  0.04 DD= -0.678 n=44 2x=  -0.356
yonlu_BTCUSDT_4h_n1_filtreile_m100_tut2_olcekmutlak_yonuzun_alt0.0_ust1.0    0.623 S=  1.04 DD= -0.114 n=20 2x=   0.578
yonlu_BTCUSDT_4h_n1_filtreile_m100_tut2_olcekmutlak_yonuzun_alt-5e-05_ust1.0    0.178 S=  0.60 DD= -0.105 n=8 2x=   0.165
yonlu_BTCUSDT_4h_n1_filtreile_m100_tut2_olcekmutlak_yonkisa_alt-1.0_ust0.0003    0.172 S=  0.44 DD= -0.119 n=1 2x=   0.170
yonlu_BTCUSDT_4h_n1_filtreile_m100_tut2_olcekmutlak_yonkisa_alt-1.0_ust0.0006    0.000 S=   nan DD=  0.000 n=0 2x=   0.000
yonlu_BTCUSDT_4h_n1_filtreile_m100_tut2_olcekyuzdelik_W180_yoniki_alt0.1_ust0.9    0.996 S=  1.37 DD= -0.114 n=30 2x=   0.913
yonlu_BTCUSDT_4h_n1_filtreile_m100_tut7_olcekmutlak_yonuzun_alt0.0_ust1.0    0.701 S=  0.79 DD= -0.322 n=16 2x=   0.663
yonlu_BTCUSDT_4h_n1_filtreile_m100_tut7_olcekmutlak_yonuzun_alt-5e-05_ust1.0    0.522 S=  0.94 DD= -0.090 n=6 2x=   0.510
yonlu_BTCUSDT_4h_n1_filtreile_m100_tut7_olcekmutlak_yonkisa_alt-1.0_ust0.0003    0.159 S=  0.35 DD= -0.178 n=1 2x=   0.157
yonlu_BTCUSDT_4h_n1_filtreile_m100_tut7_olcekmutlak_yonkisa_alt-1.0_ust0.0006    0.000 S=   nan DD=  0.000 n=0 2x=   0.000
yonlu_BTCUSDT_4h_n1_filtreile_m100_tut7_olcekyuzdelik_W180_yoniki_alt0.1_ust0.9    1.002 S=  0.99 DD= -0.219 n=19 2x=   0.950
yonlu_BTCUSDT_4h_n3_filtreyok_m100_tut2_olcekmutlak_yonuzun_alt0.0_ust1.0    3.224 S=  1.39 DD= -0.215 n=37 2x=   3.011
yonlu_BTCUSDT_4h_n3_filtreyok_m100_tut2_olcekmutlak_yonuzun_alt-5e-05_ust1.0    1.252 S=  1.05 DD= -0.180 n=14 2x=   1.208
yonlu_BTCUSDT_4h_n3_filtreyok_m100_tut2_olcekmutlak_yonkisa_alt-1.0_ust0.0003   -0.074 S=  0.09 DD= -0.594 n=22 2x=  -0.102
yonlu_BTCUSDT_4h_n3_filtreyok_m100_tut2_olcekmutlak_yonkisa_alt-1.0_ust0.0006   -0.152 S= -0.08 DD= -0.467 n=11 2x=  -0.165
yonlu_BTCUSDT_4h_n3_filtreyok_m100_tut2_olcekyuzdelik_W180_yoniki_alt0.1_ust0.9    0.399 S=  0.41 DD= -0.601 n=57 2x=   0.293
yonlu_BTCUSDT_4h_n3_filtreyok_m100_tut7_olcekmutlak_yonuzun_alt0.0_ust1.0    3.820 S=  1.27 DD= -0.257 n=24 2x=   3.661
yonlu_BTCUSDT_4h_n3_filtreyok_m100_tut7_olcekmutlak_yonuzun_alt-5e-05_ust1.0    0.883 S=  0.75 DD= -0.244 n=12 2x=   0.852
yonlu_BTCUSDT_4h_n3_filtreyok_m100_tut7_olcekmutlak_yonkisa_alt-1.0_ust0.0003   -0.136 S=  0.12 DD= -0.730 n=11 2x=  -0.149
yonlu_BTCUSDT_4h_n3_filtreyok_m100_tut7_olcekmutlak_yonkisa_alt-1.0_ust0.0006   -0.351 S= -0.30 DD= -0.557 n=8 2x=  -0.358
yonlu_BTCUSDT_4h_n3_filtreyok_m100_tut7_olcekyuzdelik_W180_yoniki_alt0.1_ust0.9    0.288 S=  0.36 DD= -0.646 n=40 2x=   0.219
yonlu_BTCUSDT_4h_n3_filtreile_m100_tut2_olcekmutlak_yonuzun_alt0.0_ust1.0    0.689 S=  1.19 DD= -0.089 n=9 2x=   0.668
yonlu_BTCUSDT_4h_n3_filtreile_m100_tut2_olcekmutlak_yonuzun_alt-5e-05_ust1.0    0.081 S=  0.34 DD= -0.069 n=2 2x=   0.078
yonlu_BTCUSDT_4h_n3_filtreile_m100_tut2_olcekmutlak_yonkisa_alt-1.0_ust0.0003    0.231 S=  0.53 DD= -0.119 n=2 2x=   0.228
yonlu_BTCUSDT_4h_n3_filtreile_m100_tut2_olcekmutlak_yonkisa_alt-1.0_ust0.0006    0.000 S=   nan DD=  0.000 n=0 2x=   0.000
yonlu_BTCUSDT_4h_n3_filtreile_m100_tut2_olcekyuzdelik_W180_yoniki_alt0.1_ust0.9    1.404 S=  1.61 DD= -0.086 n=19 2x=   1.341
yonlu_BTCUSDT_4h_n3_filtreile_m100_tut7_olcekmutlak_yonuzun_alt0.0_ust1.0    0.976 S=  1.19 DD= -0.114 n=8 2x=   0.954
yonlu_BTCUSDT_4h_n3_filtreile_m100_tut7_olcekmutlak_yonuzun_alt-5e-05_ust1.0    0.124 S=  0.42 DD= -0.070 n=2 2x=   0.120
yonlu_BTCUSDT_4h_n3_filtreile_m100_tut7_olcekmutlak_yonkisa_alt-1.0_ust0.0003    0.188 S=  0.40 DD= -0.197 n=1 2x=   0.186
yonlu_BTCUSDT_4h_n3_filtreile_m100_tut7_olcekmutlak_yonkisa_alt-1.0_ust0.0006    0.000 S=   nan DD=  0.000 n=0 2x=   0.000
yonlu_BTCUSDT_4h_n3_filtreile_m100_tut7_olcekyuzdelik_W180_yoniki_alt0.1_ust0.9    1.812 S=  1.54 DD= -0.178 n=17 2x=   1.745
yonlu_ETHUSDT_4h_n1_filtreyok_m100_tut2_olcekmutlak_yonuzun_alt0.0_ust1.0    1.855 S=  0.83 DD= -0.593 n=59 2x=   1.629
yonlu_ETHUSDT_4h_n1_filtreyok_m100_tut2_olcekmutlak_yonuzun_alt-5e-05_ust1.0    0.015 S=  0.19 DD= -0.500 n=37 2x=  -0.037
yonlu_ETHUSDT_4h_n1_filtreyok_m100_tut2_olcekmutlak_yonkisa_alt-1.0_ust0.0003   -0.883 S= -0.76 DD= -0.920 n=30 2x=  -0.888
yonlu_ETHUSDT_4h_n1_filtreyok_m100_tut2_olcekmutlak_yonkisa_alt-1.0_ust0.0006   -0.727 S= -0.76 DD= -0.798 n=27 2x=  -0.737
yonlu_ETHUSDT_4h_n1_filtreyok_m100_tut2_olcekyuzdelik_W180_yoniki_alt0.1_ust0.9   -0.398 S=  0.07 DD= -0.606 n=96 2x=  -0.474
yonlu_ETHUSDT_4h_n1_filtreyok_m100_tut7_olcekmutlak_yonuzun_alt0.0_ust1.0    1.012 S=  0.59 DD= -0.733 n=25 2x=   0.942
yonlu_ETHUSDT_4h_n1_filtreyok_m100_tut7_olcekmutlak_yonuzun_alt-5e-05_ust1.0    0.013 S=  0.23 DD= -0.644 n=20 2x=  -0.015
yonlu_ETHUSDT_4h_n1_filtreyok_m100_tut7_olcekmutlak_yonkisa_alt-1.0_ust0.0003   -0.927 S= -0.70 DD= -0.950 n=15 2x=  -0.929
yonlu_ETHUSDT_4h_n1_filtreyok_m100_tut7_olcekmutlak_yonkisa_alt-1.0_ust0.0006   -0.864 S= -0.97 DD= -0.891 n=13 2x=  -0.867
yonlu_ETHUSDT_4h_n1_filtreyok_m100_tut7_olcekyuzdelik_W180_yoniki_alt0.1_ust0.9   -0.740 S= -0.14 DD= -0.813 n=44 2x=  -0.755
yonlu_ETHUSDT_4h_n1_filtreile_m100_tut2_olcekmutlak_yonuzun_alt0.0_ust1.0    0.230 S=  0.35 DD= -0.259 n=19 2x=   0.198
yonlu_ETHUSDT_4h_n1_filtreile_m100_tut2_olcekmutlak_yonuzun_alt-5e-05_ust1.0   -0.041 S=  0.03 DD= -0.285 n=11 2x=  -0.055
yonlu_ETHUSDT_4h_n1_filtreile_m100_tut2_olcekmutlak_yonkisa_alt-1.0_ust0.0003    0.000 S=   nan DD=  0.000 n=0 2x=   0.000
yonlu_ETHUSDT_4h_n1_filtreile_m100_tut2_olcekmutlak_yonkisa_alt-1.0_ust0.0006    0.000 S=   nan DD=  0.000 n=0 2x=   0.000
yonlu_ETHUSDT_4h_n1_filtreile_m100_tut2_olcekyuzdelik_W180_yoniki_alt0.1_ust0.9    0.394 S=  0.42 DD= -0.422 n=35 2x=   0.328
yonlu_ETHUSDT_4h_n1_filtreile_m100_tut7_olcekmutlak_yonuzun_alt0.0_ust1.0    0.175 S=  0.28 DD= -0.559 n=12 2x=   0.155
yonlu_ETHUSDT_4h_n1_filtreile_m100_tut7_olcekmutlak_yonuzun_alt-5e-05_ust1.0   -0.235 S= -0.09 DD= -0.460 n=7 2x=  -0.243
yonlu_ETHUSDT_4h_n1_filtreile_m100_tut7_olcekmutlak_yonkisa_alt-1.0_ust0.0003    0.000 S=   nan DD=  0.000 n=0 2x=   0.000
yonlu_ETHUSDT_4h_n1_filtreile_m100_tut7_olcekmutlak_yonkisa_alt-1.0_ust0.0006    0.000 S=   nan DD=  0.000 n=0 2x=   0.000
yonlu_ETHUSDT_4h_n1_filtreile_m100_tut7_olcekyuzdelik_W180_yoniki_alt0.1_ust0.9   -0.266 S=  0.02 DD= -0.648 n=20 2x=  -0.286
yonlu_ETHUSDT_4h_n3_filtreyok_m100_tut2_olcekmutlak_yonuzun_alt0.0_ust1.0    0.712 S=  0.54 DD= -0.459 n=26 2x=   0.651
yonlu_ETHUSDT_4h_n3_filtreyok_m100_tut2_olcekmutlak_yonuzun_alt-5e-05_ust1.0    0.453 S=  0.45 DD= -0.380 n=20 2x=   0.413
yonlu_ETHUSDT_4h_n3_filtreyok_m100_tut2_olcekmutlak_yonkisa_alt-1.0_ust0.0003   -0.826 S= -0.70 DD= -0.899 n=20 2x=  -0.831
yonlu_ETHUSDT_4h_n3_filtreyok_m100_tut2_olcekmutlak_yonkisa_alt-1.0_ust0.0006   -0.650 S= -0.65 DD= -0.700 n=16 2x=  -0.658
yonlu_ETHUSDT_4h_n3_filtreyok_m100_tut2_olcekyuzdelik_W180_yoniki_alt0.1_ust0.9   -0.246 S=  0.12 DD= -0.613 n=57 2x=  -0.304
yonlu_ETHUSDT_4h_n3_filtreyok_m100_tut7_olcekmutlak_yonuzun_alt0.0_ust1.0   -0.014 S=  0.22 DD= -0.640 n=20 2x=  -0.041
yonlu_ETHUSDT_4h_n3_filtreyok_m100_tut7_olcekmutlak_yonuzun_alt-5e-05_ust1.0    0.343 S=  0.38 DD= -0.555 n=14 2x=   0.316
yonlu_ETHUSDT_4h_n3_filtreyok_m100_tut7_olcekmutlak_yonkisa_alt-1.0_ust0.0003   -0.900 S= -0.65 DD= -0.933 n=11 2x=  -0.901
yonlu_ETHUSDT_4h_n3_filtreyok_m100_tut7_olcekmutlak_yonkisa_alt-1.0_ust0.0006   -0.811 S= -0.87 DD= -0.856 n=10 2x=  -0.813
yonlu_ETHUSDT_4h_n3_filtreyok_m100_tut7_olcekyuzdelik_W180_yoniki_alt0.1_ust0.9   -0.771 S= -0.30 DD= -0.812 n=37 2x=  -0.783
yonlu_ETHUSDT_4h_n3_filtreile_m100_tut2_olcekmutlak_yonuzun_alt0.0_ust1.0    0.079 S=  0.19 DD= -0.338 n=9 2x=   0.066
yonlu_ETHUSDT_4h_n3_filtreile_m100_tut2_olcekmutlak_yonuzun_alt-5e-05_ust1.0   -0.068 S=  0.00 DD= -0.338 n=5 2x=  -0.074
yonlu_ETHUSDT_4h_n3_filtreile_m100_tut2_olcekmutlak_yonkisa_alt-1.0_ust0.0003    0.000 S=   nan DD=  0.000 n=0 2x=   0.000
yonlu_ETHUSDT_4h_n3_filtreile_m100_tut2_olcekmutlak_yonkisa_alt-1.0_ust0.0006    0.000 S=   nan DD=  0.000 n=0 2x=   0.000
yonlu_ETHUSDT_4h_n3_filtreile_m100_tut2_olcekyuzdelik_W180_yoniki_alt0.1_ust0.9   -0.130 S=  0.02 DD= -0.338 n=21 2x=  -0.155
yonlu_ETHUSDT_4h_n3_filtreile_m100_tut7_olcekmutlak_yonuzun_alt0.0_ust1.0   -0.319 S= -0.16 DD= -0.578 n=7 2x=  -0.326
yonlu_ETHUSDT_4h_n3_filtreile_m100_tut7_olcekmutlak_yonuzun_alt-5e-05_ust1.0   -0.310 S= -0.30 DD= -0.405 n=4 2x=  -0.314
yonlu_ETHUSDT_4h_n3_filtreile_m100_tut7_olcekmutlak_yonkisa_alt-1.0_ust0.0003    0.000 S=   nan DD=  0.000 n=0 2x=   0.000
yonlu_ETHUSDT_4h_n3_filtreile_m100_tut7_olcekmutlak_yonkisa_alt-1.0_ust0.0006    0.000 S=   nan DD=  0.000 n=0 2x=   0.000
yonlu_ETHUSDT_4h_n3_filtreile_m100_tut7_olcekyuzdelik_W180_yoniki_alt0.1_ust0.9   -0.412 S= -0.21 DD= -0.584 n=13 2x=  -0.422
yonlu_SEPET3_4h_n1_filtreyok_m100_tut2_olcekmutlak_yonuzun_alt0.0_ust1.0    2.893 S=  0.98 DD= -0.548 n=180 2x=   2.579
yonlu_SEPET3_4h_n1_filtreyok_m100_tut2_olcekmutlak_yonuzun_alt-5e-05_ust1.0    2.402 S=  0.99 DD= -0.423 n=135 2x=   2.194
yonlu_SEPET3_4h_n1_filtreyok_m100_tut2_olcekmutlak_yonkisa_alt-1.0_ust0.0003   -0.802 S= -0.92 DD= -0.856 n=87 2x=  -0.810
yonlu_SEPET3_4h_n1_filtreyok_m100_tut2_olcekmutlak_yonkisa_alt-1.0_ust0.0006   -0.788 S= -1.44 DD= -0.800 n=60 2x=  -0.794
yonlu_SEPET3_4h_n1_filtreyok_m100_tut2_olcekyuzdelik_W180_yoniki_alt0.1_ust0.9   -0.574 S= -0.23 DD= -0.626 n=247 2x=  -0.620
yonlu_SEPET3_4h_n1_filtreyok_m100_tut7_olcekmutlak_yonuzun_alt0.0_ust1.0    1.610 S=  0.71 DD= -0.763 n=79 2x=   1.515
yonlu_SEPET3_4h_n1_filtreyok_m100_tut7_olcekmutlak_yonuzun_alt-5e-05_ust1.0    2.239 S=  0.86 DD= -0.598 n=68 2x=   2.137
yonlu_SEPET3_4h_n1_filtreyok_m100_tut7_olcekmutlak_yonkisa_alt-1.0_ust0.0003   -0.900 S= -0.98 DD= -0.938 n=42 2x=  -0.902
yonlu_SEPET3_4h_n1_filtreyok_m100_tut7_olcekmutlak_yonkisa_alt-1.0_ust0.0006   -0.870 S= -1.56 DD= -0.879 n=35 2x=  -0.872
yonlu_SEPET3_4h_n1_filtreyok_m100_tut7_olcekyuzdelik_W180_yoniki_alt0.1_ust0.9   -0.787 S= -0.44 DD= -0.821 n=125 2x=  -0.799
yonlu_SEPET3_4h_n1_filtreile_m100_tut2_olcekmutlak_yonuzun_alt0.0_ust1.0    0.463 S=  0.59 DD= -0.336 n=67 2x=   0.418
yonlu_SEPET3_4h_n1_filtreile_m100_tut2_olcekmutlak_yonuzun_alt-5e-05_ust1.0    0.290 S=  0.47 DD= -0.216 n=41 2x=   0.265
yonlu_SEPET3_4h_n1_filtreile_m100_tut2_olcekmutlak_yonkisa_alt-1.0_ust0.0003    0.059 S=  0.45 DD= -0.041 n=1 2x=   0.059
yonlu_SEPET3_4h_n1_filtreile_m100_tut2_olcekmutlak_yonkisa_alt-1.0_ust0.0006    0.000 S=   nan DD=  0.000 n=0 2x=   0.000
yonlu_SEPET3_4h_n1_filtreile_m100_tut2_olcekyuzdelik_W180_yoniki_alt0.1_ust0.9    0.578 S=  0.71 DD= -0.228 n=85 2x=   0.516
yonlu_SEPET3_4h_n1_filtreile_m100_tut7_olcekmutlak_yonuzun_alt0.0_ust1.0    1.120 S=  0.83 DD= -0.372 n=47 2x=   1.074
yonlu_SEPET3_4h_n1_filtreile_m100_tut7_olcekmutlak_yonuzun_alt-5e-05_ust1.0    0.845 S=  0.77 DD= -0.303 n=27 2x=   0.822
yonlu_SEPET3_4h_n1_filtreile_m100_tut7_olcekmutlak_yonkisa_alt-1.0_ust0.0003    0.060 S=  0.36 DD= -0.061 n=1 2x=   0.060
yonlu_SEPET3_4h_n1_filtreile_m100_tut7_olcekmutlak_yonkisa_alt-1.0_ust0.0006    0.000 S=   nan DD=  0.000 n=0 2x=   0.000
yonlu_SEPET3_4h_n1_filtreile_m100_tut7_olcekyuzdelik_W180_yoniki_alt0.1_ust0.9    0.331 S=  0.39 DD= -0.352 n=52 2x=   0.299
yonlu_SEPET3_4h_n3_filtreyok_m100_tut2_olcekmutlak_yonuzun_alt0.0_ust1.0    2.174 S=  0.90 DD= -0.477 n=102 2x=   2.027
yonlu_SEPET3_4h_n3_filtreyok_m100_tut2_olcekmutlak_yonuzun_alt-5e-05_ust1.0    2.416 S=  1.04 DD= -0.335 n=63 2x=   2.317
yonlu_SEPET3_4h_n3_filtreyok_m100_tut2_olcekmutlak_yonkisa_alt-1.0_ust0.0003   -0.794 S= -0.93 DD= -0.825 n=58 2x=  -0.800
yonlu_SEPET3_4h_n3_filtreyok_m100_tut2_olcekmutlak_yonkisa_alt-1.0_ust0.0006   -0.701 S= -1.20 DD= -0.717 n=35 2x=  -0.706
yonlu_SEPET3_4h_n3_filtreyok_m100_tut2_olcekyuzdelik_W180_yoniki_alt0.1_ust0.9    0.027 S=  0.21 DD= -0.414 n=153 2x=  -0.043
yonlu_SEPET3_4h_n3_filtreyok_m100_tut7_olcekmutlak_yonuzun_alt0.0_ust1.0    2.146 S=  0.84 DD= -0.611 n=67 2x=   2.049
yonlu_SEPET3_4h_n3_filtreyok_m100_tut7_olcekmutlak_yonuzun_alt-5e-05_ust1.0    1.850 S=  0.85 DD= -0.515 n=42 2x=   1.795
yonlu_SEPET3_4h_n3_filtreyok_m100_tut7_olcekmutlak_yonkisa_alt-1.0_ust0.0003   -0.869 S= -0.89 DD= -0.920 n=35 2x=  -0.871
yonlu_SEPET3_4h_n3_filtreyok_m100_tut7_olcekmutlak_yonkisa_alt-1.0_ust0.0006   -0.833 S= -1.49 DD= -0.849 n=24 2x=  -0.835
yonlu_SEPET3_4h_n3_filtreyok_m100_tut7_olcekyuzdelik_W180_yoniki_alt0.1_ust0.9   -0.521 S= -0.17 DD= -0.650 n=105 2x=  -0.544
yonlu_SEPET3_4h_n3_filtreile_m100_tut2_olcekmutlak_yonuzun_alt0.0_ust1.0    0.560 S=  0.66 DD= -0.303 n=34 2x=   0.536
yonlu_SEPET3_4h_n3_filtreile_m100_tut2_olcekmutlak_yonuzun_alt-5e-05_ust1.0    0.391 S=  0.54 DD= -0.303 n=19 2x=   0.379
yonlu_SEPET3_4h_n3_filtreile_m100_tut2_olcekmutlak_yonkisa_alt-1.0_ust0.0003    0.076 S=  0.52 DD= -0.041 n=2 2x=   0.075
yonlu_SEPET3_4h_n3_filtreile_m100_tut2_olcekmutlak_yonkisa_alt-1.0_ust0.0006    0.000 S=   nan DD=  0.000 n=0 2x=   0.000
yonlu_SEPET3_4h_n3_filtreile_m100_tut2_olcekyuzdelik_W180_yoniki_alt0.1_ust0.9    0.746 S=  0.89 DD= -0.124 n=54 2x=   0.703
yonlu_SEPET3_4h_n3_filtreile_m100_tut7_olcekmutlak_yonuzun_alt0.0_ust1.0    0.674 S=  0.66 DD= -0.401 n=27 2x=   0.653
yonlu_SEPET3_4h_n3_filtreile_m100_tut7_olcekmutlak_yonuzun_alt-5e-05_ust1.0    0.563 S=  0.64 DD= -0.303 n=15 2x=   0.552
yonlu_SEPET3_4h_n3_filtreile_m100_tut7_olcekmutlak_yonkisa_alt-1.0_ust0.0003    0.069 S=  0.41 DD= -0.069 n=1 2x=   0.069
yonlu_SEPET3_4h_n3_filtreile_m100_tut7_olcekmutlak_yonkisa_alt-1.0_ust0.0006    0.000 S=   nan DD=  0.000 n=0 2x=   0.000
yonlu_SEPET3_4h_n3_filtreile_m100_tut7_olcekyuzdelik_W180_yoniki_alt0.1_ust0.9    0.346 S=  0.44 DD= -0.212 n=42 2x=   0.320
120 yapılandırma, 36 sn
