carry_BTCUSDT_4h_n0_giris0.0_cikis0.0_son_negFalse                        0.342 S=  6.70 DD= -0.014 n=2 2x=   0.341
carry_BTCUSDT_4h_n1_giris0.0_cikis0.0_son_negFalse                        0.096 S=  1.50 DD= -0.091 n=232 2x=  -0.120
carry_BTCUSDT_4h_n1_giris0.0_cikis0.0_son_negTrue                        -0.128 S= -1.72 DD= -0.254 n=474 2x=  -0.444
carry_BTCUSDT_4h_n1_giris0.0001_cikis0.0_son_negFalse                     0.274 S=  5.72 DD= -0.011 n=22 2x=   0.249
carry_BTCUSDT_4h_n1_giris0.0001_cikis0.0_son_negTrue                      0.266 S=  5.89 DD= -0.010 n=24 2x=   0.238
carry_BTCUSDT_4h_n1_giris0.0001_cikis5e-05_son_negFalse                   0.268 S=  5.88 DD= -0.010 n=26 2x=   0.238
carry_BTCUSDT_4h_n1_giris0.0001_cikis5e-05_son_negTrue                    0.263 S=  5.81 DD= -0.010 n=26 2x=   0.233
carry_BTCUSDT_4h_n1_giris0.0002_cikis0.0_son_negFalse                     0.261 S=  5.49 DD= -0.011 n=20 2x=   0.238
carry_BTCUSDT_4h_n1_giris0.0002_cikis0.0_son_negTrue                      0.252 S=  5.64 DD= -0.010 n=22 2x=   0.227
carry_BTCUSDT_4h_n1_giris0.0002_cikis0.0001_son_negFalse                  0.236 S=  5.32 DD= -0.010 n=26 2x=   0.207
carry_BTCUSDT_4h_n1_giris0.0002_cikis0.0001_son_negTrue                   0.236 S=  5.32 DD= -0.010 n=26 2x=   0.207
carry_BTCUSDT_4h_n1_giris0.0003_cikis0.0001_son_negFalse                  0.228 S=  5.28 DD= -0.010 n=20 2x=   0.206
carry_BTCUSDT_4h_n1_giris0.0003_cikis0.0001_son_negTrue                   0.228 S=  5.28 DD= -0.010 n=20 2x=   0.206
carry_BTCUSDT_4h_n3_giris0.0_cikis0.0_son_negFalse                        0.244 S=  4.19 DD= -0.016 n=94 2x=   0.139
carry_BTCUSDT_4h_n3_giris0.0_cikis0.0_son_negTrue                        -0.117 S= -1.55 DD= -0.255 n=462 2x=  -0.431
carry_BTCUSDT_4h_n3_giris0.0001_cikis0.0_son_negFalse                     0.293 S=  5.86 DD= -0.010 n=20 2x=   0.270
carry_BTCUSDT_4h_n3_giris0.0001_cikis0.0_son_negTrue                      0.263 S=  5.85 DD= -0.010 n=26 2x=   0.234
carry_BTCUSDT_4h_n3_giris0.0001_cikis5e-05_son_negFalse                   0.271 S=  5.49 DD= -0.010 n=22 2x=   0.246
carry_BTCUSDT_4h_n3_giris0.0001_cikis5e-05_son_negTrue                    0.263 S=  5.85 DD= -0.010 n=26 2x=   0.234
carry_BTCUSDT_4h_n3_giris0.0002_cikis0.0_son_negFalse                     0.249 S=  5.13 DD= -0.010 n=14 2x=   0.233
carry_BTCUSDT_4h_n3_giris0.0002_cikis0.0_son_negTrue                      0.234 S=  5.34 DD= -0.010 n=20 2x=   0.212
carry_BTCUSDT_4h_n3_giris0.0002_cikis0.0001_son_negFalse                  0.230 S=  5.28 DD= -0.010 n=20 2x=   0.208
carry_BTCUSDT_4h_n3_giris0.0002_cikis0.0001_son_negTrue                   0.228 S=  5.20 DD= -0.010 n=22 2x=   0.204
carry_BTCUSDT_4h_n3_giris0.0003_cikis0.0001_son_negFalse                  0.216 S=  5.08 DD= -0.010 n=16 2x=   0.199
carry_BTCUSDT_4h_n3_giris0.0003_cikis0.0001_son_negTrue                   0.216 S=  5.06 DD= -0.010 n=16 2x=   0.198
carry_BTCUSDT_4h_n7_giris0.0_cikis0.0_son_negFalse                        0.292 S=  5.23 DD= -0.014 n=50 2x=   0.233
carry_BTCUSDT_4h_n7_giris0.0_cikis0.0_son_negTrue                        -0.135 S= -1.76 DD= -0.266 n=480 2x=  -0.451
carry_BTCUSDT_4h_n7_giris0.0001_cikis0.0_son_negFalse                     0.297 S=  5.77 DD= -0.010 n=16 2x=   0.278
carry_BTCUSDT_4h_n7_giris0.0001_cikis0.0_son_negTrue                      0.244 S=  5.23 DD= -0.013 n=38 2x=   0.201
carry_BTCUSDT_4h_n7_giris0.0001_cikis5e-05_son_negFalse                   0.266 S=  5.31 DD= -0.011 n=22 2x=   0.241
carry_BTCUSDT_4h_n7_giris0.0001_cikis5e-05_son_negTrue                    0.244 S=  5.23 DD= -0.013 n=38 2x=   0.201
carry_BTCUSDT_4h_n7_giris0.0002_cikis0.0_son_negFalse                     0.246 S=  5.01 DD= -0.010 n=10 2x=   0.235
carry_BTCUSDT_4h_n7_giris0.0002_cikis0.0_son_negTrue                      0.217 S=  5.05 DD= -0.010 n=18 2x=   0.198
carry_BTCUSDT_4h_n7_giris0.0002_cikis0.0001_son_negFalse                  0.216 S=  4.57 DD= -0.010 n=16 2x=   0.199
carry_BTCUSDT_4h_n7_giris0.0002_cikis0.0001_son_negTrue                   0.217 S=  5.06 DD= -0.010 n=18 2x=   0.197
carry_BTCUSDT_4h_n7_giris0.0003_cikis0.0001_son_negFalse                  0.196 S=  4.33 DD= -0.010 n=12 2x=   0.184
carry_BTCUSDT_4h_n7_giris0.0003_cikis0.0001_son_negTrue                   0.199 S=  4.88 DD= -0.010 n=12 2x=   0.186
carry_BTCUSDT_4h_n14_giris0.0_cikis0.0_son_negFalse                       0.326 S=  6.28 DD= -0.010 n=20 2x=   0.302
carry_BTCUSDT_4h_n14_giris0.0_cikis0.0_son_negTrue                       -0.133 S= -1.74 DD= -0.264 n=476 2x=  -0.449
carry_BTCUSDT_4h_n14_giris0.0001_cikis0.0_son_negFalse                    0.314 S=  6.29 DD= -0.010 n=8 2x=   0.306
carry_BTCUSDT_4h_n14_giris0.0001_cikis0.0_son_negTrue                     0.230 S=  4.83 DD= -0.012 n=42 2x=   0.183
carry_BTCUSDT_4h_n14_giris0.0001_cikis5e-05_son_negFalse                  0.260 S=  5.34 DD= -0.010 n=18 2x=   0.239
carry_BTCUSDT_4h_n14_giris0.0001_cikis5e-05_son_negTrue                   0.226 S=  4.75 DD= -0.012 n=44 2x=   0.177
carry_BTCUSDT_4h_n14_giris0.0002_cikis0.0_son_negFalse                    0.245 S=  5.23 DD= -0.010 n=8 2x=   0.237
carry_BTCUSDT_4h_n14_giris0.0002_cikis0.0_son_negTrue                     0.200 S=  4.68 DD= -0.011 n=22 2x=   0.176
carry_BTCUSDT_4h_n14_giris0.0002_cikis0.0001_son_negFalse                 0.211 S=  4.66 DD= -0.010 n=12 2x=   0.199
carry_BTCUSDT_4h_n14_giris0.0002_cikis0.0001_son_negTrue                  0.200 S=  4.68 DD= -0.011 n=22 2x=   0.176
carry_BTCUSDT_4h_n14_giris0.0003_cikis0.0001_son_negFalse                 0.192 S=  4.38 DD= -0.010 n=8 2x=   0.183
carry_BTCUSDT_4h_n14_giris0.0003_cikis0.0001_son_negTrue                  0.184 S=  4.61 DD= -0.010 n=12 2x=   0.170
carry_ETHUSDT_4h_n0_giris0.0_cikis0.0_son_negFalse                        0.437 S=  6.40 DD= -0.013 n=2 2x=   0.435
carry_ETHUSDT_4h_n1_giris0.0_cikis0.0_son_negFalse                        0.171 S=  2.17 DD= -0.138 n=236 2x=  -0.064
carry_ETHUSDT_4h_n1_giris0.0_cikis0.0_son_negTrue                        -0.047 S= -0.54 DD= -0.268 n=452 2x=  -0.379
carry_ETHUSDT_4h_n1_giris0.0001_cikis0.0_son_negFalse                     0.371 S=  5.73 DD= -0.014 n=18 2x=   0.349
carry_ETHUSDT_4h_n1_giris0.0001_cikis0.0_son_negTrue                      0.362 S=  5.62 DD= -0.014 n=22 2x=   0.335
carry_ETHUSDT_4h_n1_giris0.0001_cikis5e-05_son_negFalse                   0.362 S=  5.61 DD= -0.006 n=22 2x=   0.335
carry_ETHUSDT_4h_n1_giris0.0001_cikis5e-05_son_negTrue                    0.362 S=  5.62 DD= -0.006 n=22 2x=   0.335
carry_ETHUSDT_4h_n1_giris0.0002_cikis0.0_son_negFalse                     0.360 S=  5.59 DD= -0.015 n=16 2x=   0.341
carry_ETHUSDT_4h_n1_giris0.0002_cikis0.0_son_negTrue                      0.351 S=  5.48 DD= -0.015 n=18 2x=   0.329
carry_ETHUSDT_4h_n1_giris0.0002_cikis0.0001_son_negFalse                  0.346 S=  5.42 DD= -0.008 n=18 2x=   0.325
carry_ETHUSDT_4h_n1_giris0.0002_cikis0.0001_son_negTrue                   0.346 S=  5.42 DD= -0.008 n=18 2x=   0.325
carry_ETHUSDT_4h_n1_giris0.0003_cikis0.0001_son_negFalse                  0.330 S=  5.24 DD= -0.006 n=16 2x=   0.311
carry_ETHUSDT_4h_n1_giris0.0003_cikis0.0001_son_negTrue                   0.330 S=  5.24 DD= -0.006 n=16 2x=   0.311
carry_ETHUSDT_4h_n3_giris0.0_cikis0.0_son_negFalse                        0.338 S=  4.65 DD= -0.046 n=90 2x=   0.230
carry_ETHUSDT_4h_n3_giris0.0_cikis0.0_son_negTrue                        -0.020 S= -0.22 DD= -0.247 n=420 2x=  -0.342
carry_ETHUSDT_4h_n3_giris0.0001_cikis0.0_son_negFalse                     0.388 S=  5.95 DD= -0.013 n=16 2x=   0.368
carry_ETHUSDT_4h_n3_giris0.0001_cikis0.0_son_negTrue                      0.362 S=  5.62 DD= -0.014 n=22 2x=   0.335
carry_ETHUSDT_4h_n3_giris0.0001_cikis5e-05_son_negFalse                   0.366 S=  5.68 DD= -0.014 n=22 2x=   0.339
carry_ETHUSDT_4h_n3_giris0.0001_cikis5e-05_son_negTrue                    0.361 S=  5.62 DD= -0.014 n=22 2x=   0.334
carry_ETHUSDT_4h_n3_giris0.0002_cikis0.0_son_negFalse                     0.368 S=  5.73 DD= -0.008 n=12 2x=   0.354
carry_ETHUSDT_4h_n3_giris0.0002_cikis0.0_son_negTrue                      0.336 S=  5.33 DD= -0.008 n=16 2x=   0.317
carry_ETHUSDT_4h_n3_giris0.0002_cikis0.0001_son_negFalse                  0.332 S=  5.28 DD= -0.008 n=16 2x=   0.313
carry_ETHUSDT_4h_n3_giris0.0002_cikis0.0001_son_negTrue                   0.332 S=  5.28 DD= -0.008 n=16 2x=   0.313
carry_ETHUSDT_4h_n3_giris0.0003_cikis0.0001_son_negFalse                  0.304 S=  4.96 DD= -0.006 n=12 2x=   0.291
carry_ETHUSDT_4h_n3_giris0.0003_cikis0.0001_son_negTrue                   0.304 S=  4.96 DD= -0.006 n=12 2x=   0.291
carry_ETHUSDT_4h_n7_giris0.0_cikis0.0_son_negFalse                        0.406 S=  5.92 DD= -0.013 n=36 2x=   0.360
carry_ETHUSDT_4h_n7_giris0.0_cikis0.0_son_negTrue                        -0.018 S= -0.20 DD= -0.240 n=418 2x=  -0.340
carry_ETHUSDT_4h_n7_giris0.0001_cikis0.0_son_negFalse                     0.407 S=  6.15 DD= -0.013 n=12 2x=   0.392
carry_ETHUSDT_4h_n7_giris0.0001_cikis0.0_son_negTrue                      0.354 S=  5.45 DD= -0.014 n=26 2x=   0.322
carry_ETHUSDT_4h_n7_giris0.0001_cikis5e-05_son_negFalse                   0.377 S=  5.74 DD= -0.014 n=18 2x=   0.355
carry_ETHUSDT_4h_n7_giris0.0001_cikis5e-05_son_negTrue                    0.354 S=  5.45 DD= -0.014 n=26 2x=   0.322
carry_ETHUSDT_4h_n7_giris0.0002_cikis0.0_son_negFalse                     0.361 S=  5.63 DD= -0.007 n=8 2x=   0.352
carry_ETHUSDT_4h_n7_giris0.0002_cikis0.0_son_negTrue                      0.323 S=  5.17 DD= -0.006 n=14 2x=   0.306
carry_ETHUSDT_4h_n7_giris0.0002_cikis0.0001_son_negFalse                  0.321 S=  5.16 DD= -0.006 n=14 2x=   0.305
carry_ETHUSDT_4h_n7_giris0.0002_cikis0.0001_son_negTrue                   0.320 S=  5.13 DD= -0.006 n=14 2x=   0.304
carry_ETHUSDT_4h_n7_giris0.0003_cikis0.0001_son_negFalse                  0.287 S=  4.79 DD= -0.006 n=12 2x=   0.274
carry_ETHUSDT_4h_n7_giris0.0003_cikis0.0001_son_negTrue                   0.286 S=  4.77 DD= -0.006 n=12 2x=   0.273
carry_ETHUSDT_4h_n14_giris0.0_cikis0.0_son_negFalse                       0.422 S=  6.21 DD= -0.013 n=22 2x=   0.394
carry_ETHUSDT_4h_n14_giris0.0_cikis0.0_son_negTrue                       -0.040 S= -0.45 DD= -0.256 n=440 2x=  -0.368
carry_ETHUSDT_4h_n14_giris0.0001_cikis0.0_son_negFalse                    0.411 S=  6.22 DD= -0.013 n=8 2x=   0.402
carry_ETHUSDT_4h_n14_giris0.0001_cikis0.0_son_negTrue                     0.348 S=  5.33 DD= -0.009 n=28 2x=   0.314
carry_ETHUSDT_4h_n14_giris0.0001_cikis5e-05_son_negFalse                  0.375 S=  5.75 DD= -0.006 n=14 2x=   0.358
carry_ETHUSDT_4h_n14_giris0.0001_cikis5e-05_son_negTrue                   0.344 S=  5.26 DD= -0.010 n=30 2x=   0.308
carry_ETHUSDT_4h_n14_giris0.0002_cikis0.0_son_negFalse                    0.360 S=  5.60 DD= -0.006 n=6 2x=   0.353
carry_ETHUSDT_4h_n14_giris0.0002_cikis0.0_son_negTrue                     0.302 S=  4.92 DD= -0.006 n=16 2x=   0.284
carry_ETHUSDT_4h_n14_giris0.0002_cikis0.0001_son_negFalse                 0.299 S=  4.83 DD= -0.007 n=14 2x=   0.283
carry_ETHUSDT_4h_n14_giris0.0002_cikis0.0001_son_negTrue                  0.296 S=  4.82 DD= -0.006 n=16 2x=   0.277
carry_ETHUSDT_4h_n14_giris0.0003_cikis0.0001_son_negFalse                 0.267 S=  4.50 DD= -0.006 n=10 2x=   0.255
carry_ETHUSDT_4h_n14_giris0.0003_cikis0.0001_son_negTrue                  0.267 S=  4.55 DD= -0.006 n=10 2x=   0.255
carry_SOLUSDT_4h_n0_giris0.0_cikis0.0_son_negFalse                       -0.065 S= -0.10 DD= -0.276 n=2 2x=  -0.066
carry_SOLUSDT_4h_n1_giris0.0_cikis0.0_son_negFalse                       -0.024 S= -0.14 DD= -0.187 n=253 2x=  -0.232
carry_SOLUSDT_4h_n1_giris0.0_cikis0.0_son_negTrue                        -0.111 S= -0.77 DD= -0.249 n=373 2x=  -0.376
carry_SOLUSDT_4h_n1_giris0.0001_cikis0.0_son_negFalse                     0.199 S=  4.38 DD= -0.010 n=36 2x=   0.160
carry_SOLUSDT_4h_n1_giris0.0001_cikis0.0_son_negTrue                      0.187 S=  4.12 DD= -0.008 n=40 2x=   0.144
carry_SOLUSDT_4h_n1_giris0.0001_cikis5e-05_son_negFalse                   0.185 S=  4.09 DD= -0.009 n=38 2x=   0.144
carry_SOLUSDT_4h_n1_giris0.0001_cikis5e-05_son_negTrue                    0.187 S=  4.12 DD= -0.008 n=40 2x=   0.144
carry_SOLUSDT_4h_n1_giris0.0002_cikis0.0_son_negFalse                     0.191 S=  4.51 DD= -0.009 n=24 2x=   0.165
carry_SOLUSDT_4h_n1_giris0.0002_cikis0.0_son_negTrue                      0.180 S=  4.24 DD= -0.008 n=28 2x=   0.150
carry_SOLUSDT_4h_n1_giris0.0002_cikis0.0001_son_negFalse                  0.165 S=  3.87 DD= -0.009 n=34 2x=   0.129
carry_SOLUSDT_4h_n1_giris0.0002_cikis0.0001_son_negTrue                   0.171 S=  4.03 DD= -0.008 n=34 2x=   0.135
carry_SOLUSDT_4h_n1_giris0.0003_cikis0.0001_son_negFalse                  0.165 S=  3.89 DD= -0.009 n=28 2x=   0.135
carry_SOLUSDT_4h_n1_giris0.0003_cikis0.0001_son_negTrue                   0.171 S=  4.05 DD= -0.008 n=28 2x=   0.141
carry_SOLUSDT_4h_n3_giris0.0_cikis0.0_son_negFalse                        0.071 S=  0.46 DD= -0.105 n=112 2x=  -0.037
carry_SOLUSDT_4h_n3_giris0.0_cikis0.0_son_negTrue                        -0.045 S= -0.27 DD= -0.185 n=321 2x=  -0.296
carry_SOLUSDT_4h_n3_giris0.0001_cikis0.0_son_negFalse                     0.192 S=  4.40 DD= -0.013 n=32 2x=   0.157
carry_SOLUSDT_4h_n3_giris0.0001_cikis0.0_son_negTrue                      0.166 S=  3.65 DD= -0.011 n=50 2x=   0.113
carry_SOLUSDT_4h_n3_giris0.0001_cikis5e-05_son_negFalse                   0.189 S=  4.39 DD= -0.012 n=34 2x=   0.152
carry_SOLUSDT_4h_n3_giris0.0001_cikis5e-05_son_negTrue                    0.165 S=  3.64 DD= -0.011 n=50 2x=   0.112
carry_SOLUSDT_4h_n3_giris0.0002_cikis0.0_son_negFalse                     0.190 S=  4.66 DD= -0.008 n=18 2x=   0.171
carry_SOLUSDT_4h_n3_giris0.0002_cikis0.0_son_negTrue                      0.169 S=  3.93 DD= -0.009 n=28 2x=   0.140
carry_SOLUSDT_4h_n3_giris0.0002_cikis0.0001_son_negFalse                  0.176 S=  4.45 DD= -0.008 n=22 2x=   0.152
carry_SOLUSDT_4h_n3_giris0.0002_cikis0.0001_son_negTrue                   0.163 S=  3.80 DD= -0.009 n=30 2x=   0.131
carry_SOLUSDT_4h_n3_giris0.0003_cikis0.0001_son_negFalse                  0.159 S=  4.17 DD= -0.007 n=18 2x=   0.140
carry_SOLUSDT_4h_n3_giris0.0003_cikis0.0001_son_negTrue                   0.147 S=  3.55 DD= -0.010 n=26 2x=   0.120
carry_SOLUSDT_4h_n7_giris0.0_cikis0.0_son_negFalse                        0.192 S=  1.45 DD= -0.045 n=52 2x=   0.136
carry_SOLUSDT_4h_n7_giris0.0_cikis0.0_son_negTrue                        -0.039 S= -0.29 DD= -0.183 n=298 2x=  -0.276
carry_SOLUSDT_4h_n7_giris0.0001_cikis0.0_son_negFalse                     0.202 S=  1.54 DD= -0.043 n=24 2x=   0.176
carry_SOLUSDT_4h_n7_giris0.0001_cikis0.0_son_negTrue                      0.167 S=  1.28 DD= -0.043 n=56 2x=   0.108
carry_SOLUSDT_4h_n7_giris0.0001_cikis5e-05_son_negFalse                   0.192 S=  1.47 DD= -0.043 n=26 2x=   0.164
carry_SOLUSDT_4h_n7_giris0.0001_cikis5e-05_son_negTrue                    0.160 S=  1.24 DD= -0.043 n=56 2x=   0.101
carry_SOLUSDT_4h_n7_giris0.0002_cikis0.0_son_negFalse                     0.184 S=  4.31 DD= -0.008 n=10 2x=   0.174
carry_SOLUSDT_4h_n7_giris0.0002_cikis0.0_son_negTrue                      0.163 S=  3.75 DD= -0.009 n=22 2x=   0.140
carry_SOLUSDT_4h_n7_giris0.0002_cikis0.0001_son_negFalse                  0.176 S=  4.20 DD= -0.009 n=14 2x=   0.161
carry_SOLUSDT_4h_n7_giris0.0002_cikis0.0001_son_negTrue                   0.158 S=  3.65 DD= -0.009 n=26 2x=   0.131
carry_SOLUSDT_4h_n7_giris0.0003_cikis0.0001_son_negFalse                  0.155 S=  4.14 DD= -0.007 n=10 2x=   0.145
carry_SOLUSDT_4h_n7_giris0.0003_cikis0.0001_son_negTrue                   0.139 S=  3.34 DD= -0.010 n=20 2x=   0.118
carry_SOLUSDT_4h_n14_giris0.0_cikis0.0_son_negFalse                       0.224 S=  1.64 DD= -0.042 n=30 2x=   0.191
carry_SOLUSDT_4h_n14_giris0.0_cikis0.0_son_negTrue                       -0.047 S= -0.35 DD= -0.187 n=288 2x=  -0.274
carry_SOLUSDT_4h_n14_giris0.0001_cikis0.0_son_negFalse                    0.186 S=  4.25 DD= -0.010 n=14 2x=   0.172
carry_SOLUSDT_4h_n14_giris0.0001_cikis0.0_son_negTrue                     0.168 S=  3.73 DD= -0.009 n=36 2x=   0.130
carry_SOLUSDT_4h_n14_giris0.0001_cikis5e-05_son_negFalse                  0.185 S=  4.11 DD= -0.012 n=14 2x=   0.171
carry_SOLUSDT_4h_n14_giris0.0001_cikis5e-05_son_negTrue                   0.169 S=  3.76 DD= -0.009 n=36 2x=   0.131
carry_SOLUSDT_4h_n14_giris0.0002_cikis0.0_son_negFalse                    0.167 S=  4.57 DD= -0.007 n=6 2x=   0.161
carry_SOLUSDT_4h_n14_giris0.0002_cikis0.0_son_negTrue                     0.142 S=  3.44 DD= -0.009 n=16 2x=   0.125
carry_SOLUSDT_4h_n14_giris0.0002_cikis0.0001_son_negFalse                 0.159 S=  4.42 DD= -0.007 n=6 2x=   0.154
carry_SOLUSDT_4h_n14_giris0.0002_cikis0.0001_son_negTrue                  0.141 S=  3.44 DD= -0.009 n=16 2x=   0.125
carry_SOLUSDT_4h_n14_giris0.0003_cikis0.0001_son_negFalse                 0.154 S=  4.33 DD= -0.007 n=4 2x=   0.149
carry_SOLUSDT_4h_n14_giris0.0003_cikis0.0001_son_negTrue                  0.134 S=  3.30 DD= -0.009 n=14 2x=   0.119
carry_SEPET3_4h_n0_giris0.0_cikis0.0_son_negFalse                         0.221 S=  1.05 DD= -0.101 n=6 2x=   0.220
carry_SEPET3_4h_n1_giris0.0_cikis0.0_son_negFalse                         0.079 S=  0.91 DD= -0.138 n=721 2x=  -0.141
carry_SEPET3_4h_n1_giris0.0_cikis0.0_son_negTrue                         -0.095 S= -1.10 DD= -0.252 n=1299 2x=  -0.400
carry_SEPET3_4h_n1_giris0.0001_cikis0.0_son_negFalse                      0.280 S=  5.72 DD= -0.011 n=76 2x=   0.250
carry_SEPET3_4h_n1_giris0.0001_cikis0.0_son_negTrue                       0.270 S=  5.65 DD= -0.008 n=86 2x=   0.237
carry_SEPET3_4h_n1_giris0.0001_cikis5e-05_son_negFalse                    0.270 S=  5.65 DD= -0.008 n=86 2x=   0.237
carry_SEPET3_4h_n1_giris0.0001_cikis5e-05_son_negTrue                     0.269 S=  5.63 DD= -0.008 n=88 2x=   0.235
carry_SEPET3_4h_n1_giris0.0002_cikis0.0_son_negFalse                      0.269 S=  5.60 DD= -0.008 n=60 2x=   0.246
carry_SEPET3_4h_n1_giris0.0002_cikis0.0_son_negTrue                       0.259 S=  5.54 DD= -0.008 n=68 2x=   0.234
carry_SEPET3_4h_n1_giris0.0002_cikis0.0001_son_negFalse                   0.247 S=  5.31 DD= -0.008 n=78 2x=   0.218
carry_SEPET3_4h_n1_giris0.0002_cikis0.0001_son_negTrue                    0.249 S=  5.35 DD= -0.008 n=78 2x=   0.220
carry_SEPET3_4h_n1_giris0.0003_cikis0.0001_son_negFalse                   0.239 S=  5.21 DD= -0.008 n=64 2x=   0.215
carry_SEPET3_4h_n1_giris0.0003_cikis0.0001_son_negTrue                    0.242 S=  5.25 DD= -0.008 n=64 2x=   0.218
carry_SEPET3_4h_n3_giris0.0_cikis0.0_son_negFalse                         0.214 S=  2.35 DD= -0.050 n=296 2x=   0.106
carry_SEPET3_4h_n3_giris0.0_cikis0.0_son_negTrue                         -0.061 S= -0.68 DD= -0.224 n=1203 2x=  -0.358
carry_SEPET3_4h_n3_giris0.0001_cikis0.0_son_negFalse                      0.288 S=  6.00 DD= -0.010 n=68 2x=   0.262
carry_SEPET3_4h_n3_giris0.0001_cikis0.0_son_negTrue                       0.261 S=  5.60 DD= -0.008 n=98 2x=   0.224
carry_SEPET3_4h_n3_giris0.0001_cikis5e-05_son_negFalse                    0.274 S=  5.73 DD= -0.008 n=78 2x=   0.244
carry_SEPET3_4h_n3_giris0.0001_cikis5e-05_son_negTrue                     0.261 S=  5.60 DD= -0.008 n=98 2x=   0.224
carry_SEPET3_4h_n3_giris0.0002_cikis0.0_son_negFalse                      0.267 S=  5.68 DD= -0.008 n=44 2x=   0.251
carry_SEPET3_4h_n3_giris0.0002_cikis0.0_son_negTrue                       0.245 S=  5.38 DD= -0.008 n=64 2x=   0.221
carry_SEPET3_4h_n3_giris0.0002_cikis0.0001_son_negFalse                   0.244 S=  5.44 DD= -0.008 n=58 2x=   0.223
carry_SEPET3_4h_n3_giris0.0002_cikis0.0001_son_negTrue                    0.239 S=  5.27 DD= -0.008 n=68 2x=   0.214
carry_SEPET3_4h_n3_giris0.0003_cikis0.0001_son_negFalse                   0.225 S=  5.12 DD= -0.008 n=46 2x=   0.208
carry_SEPET3_4h_n3_giris0.0003_cikis0.0001_son_negTrue                    0.221 S=  4.98 DD= -0.008 n=54 2x=   0.201
carry_SEPET3_4h_n7_giris0.0_cikis0.0_son_negFalse                         0.295 S=  3.74 DD= -0.016 n=138 2x=   0.240
carry_SEPET3_4h_n7_giris0.0_cikis0.0_son_negTrue                         -0.065 S= -0.80 DD= -0.223 n=1196 2x=  -0.359
carry_SEPET3_4h_n7_giris0.0001_cikis0.0_son_negFalse                      0.300 S=  3.88 DD= -0.015 n=52 2x=   0.280
carry_SEPET3_4h_n7_giris0.0001_cikis0.0_son_negTrue                       0.254 S=  3.37 DD= -0.015 n=120 2x=   0.208
carry_SEPET3_4h_n7_giris0.0001_cikis5e-05_son_negFalse                    0.277 S=  3.62 DD= -0.015 n=66 2x=   0.252
carry_SEPET3_4h_n7_giris0.0001_cikis5e-05_son_negTrue                     0.251 S=  3.35 DD= -0.015 n=120 2x=   0.206
carry_SEPET3_4h_n7_giris0.0002_cikis0.0_son_negFalse                      0.262 S=  5.48 DD= -0.008 n=28 2x=   0.252
carry_SEPET3_4h_n7_giris0.0002_cikis0.0_son_negTrue                       0.233 S=  5.11 DD= -0.008 n=54 2x=   0.213
carry_SEPET3_4h_n7_giris0.0002_cikis0.0001_son_negFalse                   0.236 S=  5.08 DD= -0.008 n=44 2x=   0.220
carry_SEPET3_4h_n7_giris0.0002_cikis0.0001_son_negTrue                    0.230 S=  5.07 DD= -0.008 n=58 2x=   0.209
carry_SEPET3_4h_n7_giris0.0003_cikis0.0001_son_negFalse                   0.212 S=  4.78 DD= -0.008 n=34 2x=   0.200
carry_SEPET3_4h_n7_giris0.0003_cikis0.0001_son_negTrue                    0.207 S=  4.75 DD= -0.008 n=44 2x=   0.191
carry_SEPET3_4h_n14_giris0.0_cikis0.0_son_negFalse                        0.322 S=  4.05 DD= -0.014 n=72 2x=   0.294
carry_SEPET3_4h_n14_giris0.0_cikis0.0_son_negTrue                        -0.074 S= -0.92 DD= -0.229 n=1204 2x=  -0.367
carry_SEPET3_4h_n14_giris0.0001_cikis0.0_son_negFalse                     0.301 S=  6.23 DD= -0.008 n=30 2x=   0.290
carry_SEPET3_4h_n14_giris0.0001_cikis0.0_son_negTrue                      0.247 S=  5.26 DD= -0.008 n=106 2x=   0.207
carry_SEPET3_4h_n14_giris0.0001_cikis5e-05_son_negFalse                   0.271 S=  5.66 DD= -0.008 n=46 2x=   0.254
carry_SEPET3_4h_n14_giris0.0001_cikis5e-05_son_negTrue                    0.245 S=  5.20 DD= -0.008 n=110 2x=   0.203
carry_SEPET3_4h_n14_giris0.0002_cikis0.0_son_negFalse                     0.255 S=  5.64 DD= -0.008 n=20 2x=   0.248
carry_SEPET3_4h_n14_giris0.0002_cikis0.0_son_negTrue                      0.213 S=  4.86 DD= -0.008 n=54 2x=   0.193
carry_SEPET3_4h_n14_giris0.0002_cikis0.0001_son_negFalse                  0.222 S=  5.02 DD= -0.008 n=32 2x=   0.211
carry_SEPET3_4h_n14_giris0.0002_cikis0.0001_son_negTrue                   0.211 S=  4.82 DD= -0.008 n=54 2x=   0.191
carry_SEPET3_4h_n14_giris0.0003_cikis0.0001_son_negFalse                  0.204 S=  4.74 DD= -0.008 n=22 2x=   0.195
carry_SEPET3_4h_n14_giris0.0003_cikis0.0001_son_negTrue                   0.194 S=  4.58 DD= -0.008 n=36 2x=   0.180
196 yapılandırma, 91 sn
