44 yapılandırma
t2_meta_4h_kanal_n20_b3.0-1.5-H30_hepsi x1.0: ret -0.518 sh -0.06 dd -0.764 tr 859 alfa +0.043 b -0.06 t +0.20 | olay 2058 taban 0.417 auc nan kabul 1712 k_net -0.0015 r_net +nan (2s)
t2_meta_4h_kanal_n20_iz3.0-H60_hepsi x1.0: ret -0.326 sh 0.15 dd -0.764 tr 610 alfa +0.177 b -0.08 t +0.69 | olay 2055 taban 0.400 auc nan kabul 1709 k_net +0.0013 r_net +nan (0s)
t2_meta_4h_kanal_n48_b3.0-1.5-H30_hepsi x1.0: ret +0.015 sh 0.19 dd -0.461 tr 498 alfa +0.163 b -0.08 t +0.99 | olay 1251 taban 0.430 auc nan kabul 938 k_net +0.0017 r_net +nan (0s)
t2_meta_4h_kanal_n48_iz3.0-H60_hepsi x1.0: ret +0.584 sh 0.43 dd -0.515 tr 344 alfa +0.313 b -0.10 t +1.52 | olay 1250 taban 0.419 auc nan kabul 937 k_net +0.0046 r_net +nan (0s)
t2_meta_4h_kanal_n120_b3.0-1.5-H30_hepsi x1.0: ret +0.242 sh 0.30 dd -0.353 tr 244 alfa +0.148 b -0.06 t +1.17 | olay 753 taban 0.470 auc nan kabul 450 k_net +0.0065 r_net +nan (0s)
t2_meta_4h_kanal_n120_iz3.0-H60_hepsi x1.0: ret +0.370 sh 0.35 dd -0.358 tr 179 alfa +0.184 b -0.06 t +1.22 | olay 752 taban 0.459 auc nan kabul 449 k_net +0.0072 r_net +nan (0s)
t2_meta_4h_ema_e20-100_b3.0-1.5-H30_hepsi x1.0: ret +0.074 sh 0.23 dd -0.105 tr 78 alfa +0.018 b -0.00 t +0.53 | olay 380 taban 0.442 auc nan kabul 78 k_net +0.0018 r_net +nan (0s)
t2_meta_4h_ema_e20-100_iz3.0-H60_hepsi x1.0: ret -0.020 sh 0.03 dd -0.230 tr 78 alfa +0.008 b -0.00 t +0.13 | olay 380 taban 0.392 auc nan kabul 78 k_net +0.0079 r_net +nan (0s)
t2_meta_4h_ema_e50-200_b3.0-1.5-H30_hepsi x1.0: ret +0.000 sh nan dd 0.000 tr 0 alfa +0.000 b +0.00 t +nan | olay 154 taban 0.442 auc nan kabul 0 k_net +nan r_net +nan (0s)
t2_meta_4h_ema_e50-200_iz3.0-H60_hepsi x1.0: ret +0.000 sh nan dd 0.000 tr 0 alfa +0.000 b +0.00 t +nan | olay 152 taban 0.467 auc nan kabul 0 k_net +nan r_net +nan (0s)
t2_meta_4h_donus_k6z2.5_b2.0-2.0-H12_hepsi x1.0: ret -0.465 sh -1.01 dd -0.478 tr 184 alfa -0.115 b -0.00 t -2.18 | olay 535 taban 0.452 auc nan kabul 227 k_net -0.0077 r_net +nan (0s)
t2_meta_4h_donus_k6z2.5_b0.0-3.0-H6_hepsi x1.0: ret -0.304 sh -0.69 dd -0.376 tr 184 alfa -0.064 b -0.00 t -1.45 | olay 535 taban 0.490 auc nan kabul 227 k_net -0.0042 r_net +nan (0s)
t2_meta_4h_donus_k6z3.5_b2.0-2.0-H12_hepsi x1.0: ret +0.000 sh nan dd 0.000 tr 0 alfa +0.000 b +0.00 t +nan | olay 202 taban 0.455 auc nan kabul 0 k_net +nan r_net +nan (0s)
t2_meta_4h_donus_k6z3.5_b0.0-3.0-H6_hepsi x1.0: ret +0.000 sh nan dd 0.000 tr 0 alfa +0.000 b +0.00 t +nan | olay 202 taban 0.510 auc nan kabul 0 k_net +nan r_net +nan (0s)
t2_meta_4h_donus_k24z2.5_b2.0-2.0-H12_hepsi x1.0: ret +0.052 sh 0.64 dd -0.028 tr 5 alfa +0.010 b +0.00 t +1.37 | olay 307 taban 0.450 auc nan kabul 5 k_net +0.0315 r_net +nan (0s)
t2_meta_4h_donus_k24z2.5_b0.0-3.0-H6_hepsi x1.0: ret +0.055 sh 0.40 dd -0.028 tr 5 alfa +0.011 b +0.00 t +0.89 | olay 307 taban 0.489 auc nan kabul 5 k_net +0.0326 r_net +nan (0s)
t2_meta_4h_donus_k24z3.5_b2.0-2.0-H12_hepsi x1.0: ret +0.000 sh nan dd 0.000 tr 0 alfa +0.000 b +0.00 t +nan | olay 113 taban 0.442 auc nan kabul 0 k_net +nan r_net +nan (0s)
t2_meta_4h_donus_k24z3.5_b0.0-3.0-H6_hepsi x1.0: ret +0.000 sh nan dd 0.000 tr 0 alfa +0.000 b +0.00 t +nan | olay 113 taban 0.442 auc nan kabul 0 k_net +nan r_net +nan (0s)
t2_meta_4h_fonlama_fz2.0_b2.0-2.0-H12_hepsi x1.0: ret -0.166 sh -0.12 dd -0.321 tr 253 alfa -0.064 b +0.04 t -0.83 | olay 662 taban 0.505 auc nan kabul 360 k_net +0.0002 r_net +nan (0s)
t2_meta_4h_fonlama_fz2.0_b0.0-3.0-H18_hepsi x1.0: ret -0.250 sh -0.14 dd -0.442 tr 200 alfa -0.103 b +0.06 t -1.04 | olay 662 taban 0.482 auc nan kabul 360 k_net -0.0017 r_net +nan (0s)
t2_meta_4h_fonlama_fz3.0_b2.0-2.0-H12_hepsi x1.0: ret -0.055 sh -0.23 dd -0.097 tr 16 alfa -0.011 b +0.00 t -0.54 | olay 325 taban 0.492 auc nan kabul 18 k_net -0.0120 r_net +nan (0s)
t2_meta_4h_fonlama_fz3.0_b0.0-3.0-H18_hepsi x1.0: ret -0.056 sh -0.16 dd -0.130 tr 15 alfa -0.010 b +0.00 t -0.38 | olay 325 taban 0.458 auc nan kabul 18 k_net -0.0048 r_net +nan (0s)
t2_meta_1h_kanal_n48_b3.0-1.5-H72_hepsi x1.0: ret -0.804 sh -0.60 dd -0.816 tr 2219 alfa -0.208 b -0.03 t -1.14 | olay 4537 taban 0.364 auc nan kabul 4222 k_net -0.0031 r_net +nan (2s)
t2_meta_1h_kanal_n48_iz3.0-H120_hepsi x1.0: ret -0.817 sh -0.44 dd -0.855 tr 1648 alfa -0.186 b -0.03 t -0.84 | olay 4536 taban 0.357 auc nan kabul 4221 k_net -0.0033 r_net +nan (1s)
t2_meta_1h_kanal_n120_b3.0-1.5-H72_hepsi x1.0: ret -0.668 sh -0.50 dd -0.739 tr 1209 alfa -0.149 b -0.01 t -1.00 | olay 2601 taban 0.372 auc nan kabul 2284 k_net -0.0030 r_net +nan (1s)
t2_meta_1h_kanal_n120_iz3.0-H120_hepsi x1.0: ret -0.553 sh -0.19 dd -0.712 tr 891 alfa -0.064 b -0.01 t -0.35 | olay 2601 taban 0.369 auc nan kabul 2284 k_net -0.0029 r_net +nan (0s)
t2_meta_1h_kanal_n240_b3.0-1.5-H72_hepsi x1.0: ret -0.432 sh -0.25 dd -0.550 tr 767 alfa -0.049 b -0.02 t -0.38 | olay 1822 taban 0.387 auc nan kabul 1485 k_net -0.0023 r_net +nan (0s)
t2_meta_1h_kanal_n240_iz3.0-H120_hepsi x1.0: ret -0.384 sh -0.11 dd -0.535 tr 567 alfa -0.011 b -0.02 t -0.07 | olay 1822 taban 0.378 auc nan kabul 1485 k_net -0.0027 r_net +nan (1s)
t2_meta_1h_ema_e50-200_b3.0-1.5-H72_hepsi x1.0: ret +0.216 sh 0.44 dd -0.145 tr 404 alfa +0.046 b -0.00 t +1.03 | olay 712 taban 0.407 auc nan kabul 404 k_net +0.0016 r_net +nan (0s)
t2_meta_1h_ema_e50-200_iz3.0-H120_hepsi x1.0: ret +0.113 sh 0.21 dd -0.238 tr 404 alfa +0.046 b -0.01 t +0.63 | olay 712 taban 0.396 auc nan kabul 404 k_net +0.0009 r_net +nan (0s)
t2_meta_1h_ema_e100-400_b3.0-1.5-H72_hepsi x1.0: ret +0.164 sh 0.89 dd -0.044 tr 40 alfa +0.032 b -0.00 t +2.04 | olay 344 taban 0.436 auc nan kabul 40 k_net +0.0115 r_net +nan (0s)
t2_meta_1h_ema_e100-400_iz3.0-H120_hepsi x1.0: ret +0.236 sh 0.77 dd -0.072 tr 40 alfa +0.045 b -0.00 t +1.74 | olay 344 taban 0.422 auc nan kabul 40 k_net +0.0170 r_net +nan (0s)
t2_meta_1h_donus_k4z3.0_b2.0-2.0-H24_hepsi x1.0: ret -0.626 sh -0.57 dd -0.742 tr 1144 alfa -0.162 b +0.00 t -1.29 | olay 1622 taban 0.464 auc nan kabul 1302 k_net -0.0016 r_net +nan (0s)
t2_meta_1h_donus_k4z3.0_b0.0-3.0-H12_hepsi x1.0: ret -0.743 sh -0.82 dd -0.818 tr 1140 alfa -0.212 b -0.02 t -1.66 | olay 1622 taban 0.443 auc nan kabul 1302 k_net -0.0037 r_net +nan (1s)
t2_meta_1h_donus_k4z4.0_b2.0-2.0-H24_hepsi x1.0: ret -0.296 sh -0.36 dd -0.343 tr 322 alfa -0.083 b +0.02 t -1.16 | olay 669 taban 0.462 auc nan kabul 353 k_net -0.0025 r_net +nan (0s)
t2_meta_1h_donus_k4z4.0_b0.0-3.0-H12_hepsi x1.0: ret -0.232 sh -0.33 dd -0.294 tr 320 alfa -0.058 b +0.01 t -0.98 | olay 669 taban 0.438 auc nan kabul 353 k_net -0.0024 r_net +nan (0s)
t2_meta_1h_donus_k24z3.0_b2.0-2.0-H24_hepsi x1.0: ret -0.379 sh -0.63 dd -0.566 tr 299 alfa -0.097 b +0.01 t -1.59 | olay 751 taban 0.473 auc nan kabul 442 k_net -0.0027 r_net +nan (0s)
t2_meta_1h_donus_k24z3.0_b0.0-3.0-H12_hepsi x1.0: ret -0.490 sh -0.82 dd -0.601 tr 300 alfa -0.145 b +0.02 t -2.18 | olay 751 taban 0.486 auc nan kabul 442 k_net -0.0035 r_net +nan (0s)
t2_meta_1h_donus_k24z4.0_b2.0-2.0-H24_hepsi x1.0: ret +0.004 sh 0.07 dd -0.022 tr 2 alfa +0.001 b +0.00 t +0.13 | olay 310 taban 0.455 auc nan kabul 3 k_net -0.0072 r_net +nan (0s)
t2_meta_1h_donus_k24z4.0_b0.0-3.0-H12_hepsi x1.0: ret +0.035 sh 0.41 dd -0.009 tr 2 alfa +0.007 b +0.00 t +0.90 | olay 310 taban 0.516 auc nan kabul 3 k_net +0.0412 r_net +nan (0s)
t2_meta_1h_fonlama_fz2.0_b2.0-2.0-H24_hepsi x1.0: ret +0.214 sh 0.41 dd -0.150 tr 330 alfa +0.021 b +0.02 t +0.42 | olay 662 taban 0.518 auc nan kabul 360 k_net +0.0017 r_net +nan (0s)
t2_meta_1h_fonlama_fz2.0_b0.0-3.0-H48_hepsi x1.0: ret -0.081 sh -0.01 dd -0.321 tr 261 alfa -0.049 b +0.04 t -0.63 | olay 662 taban 0.465 auc nan kabul 360 k_net +0.0006 r_net +nan (0s)
t2_meta_1h_fonlama_fz3.0_b2.0-2.0-H24_hepsi x1.0: ret +0.054 sh 0.50 dd -0.028 tr 17 alfa +0.011 b -0.00 t +1.14 | olay 325 taban 0.554 auc nan kabul 18 k_net +0.0105 r_net +nan (0s)
t2_meta_1h_fonlama_fz3.0_b0.0-3.0-H48_hepsi x1.0: ret -0.076 sh -0.38 dd -0.098 tr 16 alfa -0.014 b -0.00 t -0.78 | olay 325 taban 0.440 auc nan kabul 18 k_net -0.0140 r_net +nan (0s)
BITTI
