60 yapılandırma
t2_meta_4h_kanal_n14_iz3.0-H60_hepsi x1.0: ret +0.013 sh 0.30 dd -0.745 tr 818 alfa +0.282 b -0.09 t +1.05 | olay 2541 taban 0.399 auc nan kabul 2225 k_net +0.0024 r_net +nan (3s)
t2_meta_4h_kanal_n14_iz3.0-H60_logit_tam_taban0.0 x1.0: ret +6.216 sh 1.13 dd -0.325 tr 395 alfa +0.422 b +0.05 t +2.22 | olay 2541 taban 0.399 auc 0.552 kabul 902 k_net +0.0148 r_net -0.0061 (3s)
t2_meta_4h_kanal_n14_b3.0-1.5-H30_hepsi x1.0: ret -0.435 sh 0.04 dd -0.767 tr 1090 alfa +0.096 b -0.06 t +0.41 | olay 2549 taban 0.416 auc nan kabul 2233 k_net -0.0012 r_net +nan (0s)
t2_meta_4h_kanal_n14_b3.0-1.5-H30_logit_tam_taban0.0 x1.0: ret +3.096 sh 1.09 dd -0.419 tr 588 alfa +0.293 b +0.03 t +2.18 | olay 2549 taban 0.416 auc 0.561 kabul 980 k_net +0.0061 r_net -0.0070 (3s)
t2_meta_4h_kanal_n30_iz3.0-H60_hepsi x1.0: ret +0.734 sh 0.47 dd -0.480 tr 463 alfa +0.361 b -0.10 t +1.58 | olay 1615 taban 0.407 auc nan kabul 1288 k_net +0.0051 r_net +nan (0s)
t2_meta_4h_kanal_n30_iz3.0-H60_logit_tam_taban0.0 x1.0: ret +2.124 sh 0.81 dd -0.308 tr 254 alfa +0.274 b +0.01 t +1.71 | olay 1615 taban 0.407 auc 0.551 kabul 563 k_net +0.0196 r_net -0.0062 (1s)
t2_meta_4h_kanal_n30_b3.0-1.5-H30_hepsi x1.0: ret -0.016 sh 0.20 dd -0.394 tr 669 alfa +0.176 b -0.08 t +0.95 | olay 1616 taban 0.424 auc nan kabul 1289 k_net +0.0002 r_net +nan (0s)
t2_meta_4h_kanal_n30_b3.0-1.5-H30_logit_tam_taban0.0 x1.0: ret +1.246 sh 0.82 dd -0.271 tr 361 alfa +0.163 b +0.02 t +1.60 | olay 1616 taban 0.424 auc 0.550 kabul 591 k_net +0.0064 r_net -0.0051 (1s)
t2_meta_4h_kanal_n20_iz3.0-H60_logit_fiyat_taban0.0 x1.0: ret +1.519 sh 0.63 dd -0.582 tr 361 alfa +0.188 b +0.08 t +0.95 | olay 2055 taban 0.400 auc 0.555 kabul 870 k_net +0.0147 r_net -0.0126 (1s)
t2_meta_4h_kanal_n20_iz3.0-H60_logit_temel_taban0.0 x1.0: ret +3.638 sh 0.98 dd -0.475 tr 331 alfa +0.172 b +0.18 t +1.05 | olay 2055 taban 0.400 auc 0.569 kabul 880 k_net +0.0158 r_net -0.0141 (1s)
t2_meta_4h_kanal_n20_b3.0-1.5-H30_logit_fiyat_taban0.0 x1.0: ret +1.535 sh 0.81 dd -0.347 tr 506 alfa +0.170 b +0.05 t +1.39 | olay 2058 taban 0.417 auc 0.556 kabul 871 k_net +0.0062 r_net -0.0095 (1s)
t2_meta_4h_kanal_n20_b3.0-1.5-H30_logit_temel_taban0.0 x1.0: ret +2.748 sh 1.04 dd -0.351 tr 500 alfa +0.222 b +0.07 t +1.71 | olay 2058 taban 0.417 auc 0.574 kabul 891 k_net +0.0066 r_net -0.0103 (1s)
t2_meta_4h_kanal_n48_iz3.0-H60_logit_fiyat_taban0.0 x1.0: ret +1.264 sh 0.63 dd -0.411 tr 239 alfa +0.221 b +0.01 t +1.35 | olay 1250 taban 0.419 auc 0.539 kabul 529 k_net +0.0169 r_net -0.0114 (1s)
t2_meta_4h_kanal_n48_iz3.0-H60_logit_temel_taban0.0 x1.0: ret +1.850 sh 0.76 dd -0.318 tr 231 alfa +0.217 b +0.05 t +1.35 | olay 1250 taban 0.419 auc 0.546 kabul 557 k_net +0.0163 r_net -0.0126 (1s)
t2_meta_4h_kanal_n48_b3.0-1.5-H30_logit_fiyat_taban0.0 x1.0: ret +1.172 sh 0.84 dd -0.257 tr 330 alfa +0.149 b +0.02 t +1.59 | olay 1251 taban 0.430 auc 0.530 kabul 526 k_net +0.0056 r_net -0.0033 (1s)
t2_meta_4h_kanal_n48_b3.0-1.5-H30_logit_temel_taban0.0 x1.0: ret +1.664 sh 0.86 dd -0.252 tr 332 alfa +0.209 b +0.02 t +1.76 | olay 1251 taban 0.430 auc 0.553 kabul 565 k_net +0.0065 r_net -0.0057 (1s)
t2_meta_4h_kanal_n20_iz3.0-H60_hgb_fiyat_taban0.0 x1.0: ret +1.940 sh 0.74 dd -0.372 tr 349 alfa +0.233 b +0.05 t +1.31 | olay 2055 taban 0.400 auc 0.521 kabul 759 k_net +0.0135 r_net -0.0085 (10s)
t2_meta_4h_kanal_n20_iz3.0-H60_logit_tam_taban0.0_C0.03 x1.0: ret +4.698 sh 1.07 dd -0.303 tr 303 alfa +0.379 b +0.04 t +2.12 | olay 2055 taban 0.400 auc 0.556 kabul 728 k_net +0.0183 r_net -0.0114 (1s)
t2_meta_4h_kanal_n20_iz3.0-H60_logit_tam_taban0.0_C0.3 x1.0: ret +4.434 sh 1.04 dd -0.318 tr 312 alfa +0.385 b +0.03 t +2.13 | olay 2055 taban 0.400 auc 0.551 kabul 724 k_net +0.0173 r_net -0.0105 (2s)
t2_meta_4h_kanal_n20_iz3.0-H60_logit_tam_taban0.0_C1.0 x1.0: ret +4.298 sh 1.03 dd -0.318 tr 312 alfa +0.378 b +0.03 t +2.10 | olay 2055 taban 0.400 auc 0.550 kabul 714 k_net +0.0175 r_net -0.0104 (1s)
t2_meta_4h_kanal_n20_b3.0-1.5-H30_logit_tam_taban0.0_C0.03 x1.0: ret +2.417 sh 1.05 dd -0.363 tr 446 alfa +0.238 b +0.04 t +2.00 | olay 2058 taban 0.417 auc 0.573 kabul 765 k_net +0.0088 r_net -0.0098 (1s)
t2_meta_4h_kanal_n20_b3.0-1.5-H30_logit_tam_taban0.0_C0.3 x1.0: ret +2.234 sh 0.99 dd -0.341 tr 445 alfa +0.237 b +0.03 t +1.94 | olay 2058 taban 0.417 auc 0.570 kabul 762 k_net +0.0079 r_net -0.0091 (1s)
t2_meta_4h_kanal_n20_b3.0-1.5-H30_logit_tam_taban0.0_C1.0 x1.0: ret +2.273 sh 1.00 dd -0.327 tr 446 alfa +0.239 b +0.03 t +1.96 | olay 2058 taban 0.417 auc 0.568 kabul 757 k_net +0.0080 r_net -0.0090 (2s)
t2_meta_4h_kanal_n20_iz3.0-H60_logit_tam_taban0.03 x1.0: ret +3.426 sh 0.97 dd -0.294 tr 278 alfa +0.330 b +0.03 t +1.94 | olay 2055 taban 0.400 auc 0.553 kabul 598 k_net +0.0211 r_net -0.0094 (1s)
t2_meta_4h_kanal_n20_iz3.0-H60_logit_tam_taban0.06 x1.0: ret +3.442 sh 1.03 dd -0.265 tr 229 alfa +0.313 b +0.04 t +2.03 | olay 2055 taban 0.400 auc 0.553 kabul 476 k_net +0.0234 r_net -0.0073 (0s)
t2_meta_4h_kanal_n20_iz3.0-H60_logit_tam_ev0.0 x1.0: ret +3.755 sh 0.93 dd -0.376 tr 357 alfa +0.358 b +0.04 t +1.85 | olay 2055 taban 0.400 auc 0.553 kabul 848 k_net +0.0153 r_net -0.0125 (0s)
t2_meta_4h_kanal_n20_b3.0-1.5-H30_logit_tam_taban0.03 x1.0: ret +2.859 sh 1.18 dd -0.283 tr 399 alfa +0.269 b +0.03 t +2.34 | olay 2058 taban 0.417 auc 0.572 kabul 658 k_net +0.0101 r_net -0.0088 (1s)
t2_meta_4h_kanal_n20_b3.0-1.5-H30_logit_tam_taban0.06 x1.0: ret +1.878 sh 1.03 dd -0.259 tr 342 alfa +0.207 b +0.03 t +2.02 | olay 2058 taban 0.417 auc 0.572 kabul 550 k_net +0.0099 r_net -0.0069 (0s)
t2_meta_4h_kanal_n20_b3.0-1.5-H30_logit_tam_ev0.0 x1.0: ret +1.770 sh 0.88 dd -0.356 tr 445 alfa +0.198 b +0.04 t +1.62 | olay 2058 taban 0.417 auc 0.572 kabul 756 k_net +0.0082 r_net -0.0092 (0s)
t2_meta_4h_kanal_n20_iz2.0-H60_hepsi x1.0: ret -0.549 sh -0.05 dd -0.842 tr 749 alfa +0.052 b -0.07 t +0.23 | olay 2058 taban 0.384 auc nan kabul 1712 k_net -0.0043 r_net +nan (1s)
t2_meta_4h_kanal_n20_iz2.0-H60_logit_tam_taban0.0 x1.0: ret +2.191 sh 0.83 dd -0.399 tr 380 alfa +0.330 b -0.03 t +2.08 | olay 2058 taban 0.384 auc 0.580 kabul 740 k_net +0.0111 r_net -0.0161 (1s)
t2_meta_4h_kanal_n20_iz4.0-H60_hepsi x1.0: ret -0.410 sh 0.12 dd -0.775 tr 559 alfa +0.149 b -0.07 t +0.56 | olay 2055 taban 0.433 auc nan kabul 1709 k_net +0.0056 r_net +nan (0s)
t2_meta_4h_kanal_n20_iz4.0-H60_logit_tam_taban0.0 x1.0: ret +3.115 sh 0.87 dd -0.553 tr 290 alfa +0.293 b +0.07 t +1.52 | olay 2055 taban 0.433 auc 0.547 kabul 729 k_net +0.0235 r_net -0.0076 (2s)
t2_meta_4h_kanal_n20_iz3.0-H30_hepsi x1.0: ret -0.356 sh 0.13 dd -0.753 tr 677 alfa +0.164 b -0.08 t +0.65 | olay 2056 taban 0.448 auc nan kabul 1710 k_net -0.0001 r_net +nan (0s)
t2_meta_4h_kanal_n20_iz3.0-H30_logit_tam_taban0.0 x1.0: ret +1.795 sh 0.78 dd -0.496 tr 359 alfa +0.204 b +0.05 t +1.37 | olay 2056 taban 0.448 auc 0.558 kabul 773 k_net +0.0099 r_net -0.0083 (1s)
t2_meta_4h_kanal_n20_iz3.0-H120_hepsi x1.0: ret -0.339 sh 0.14 dd -0.764 tr 606 alfa +0.173 b -0.08 t +0.67 | olay 2053 taban 0.390 auc nan kabul 1707 k_net +0.0033 r_net +nan (0s)
t2_meta_4h_kanal_n20_iz3.0-H120_logit_tam_taban0.0 x1.0: ret +4.863 sh 1.03 dd -0.405 tr 304 alfa +0.407 b +0.03 t +2.12 | olay 2053 taban 0.390 auc 0.559 kabul 751 k_net +0.0183 r_net -0.0084 (2s)
t2_meta_4h_kanal_n20_b2.0-1.0-H30_hepsi x1.0: ret -0.661 sh -0.36 dd -0.798 tr 1026 alfa -0.103 b -0.03 t -0.59 | olay 2058 taban 0.385 auc nan kabul 1712 k_net -0.0040 r_net +nan (0s)
t2_meta_4h_kanal_n20_b2.0-1.0-H30_logit_tam_taban0.0 x1.0: ret +0.913 sh 0.71 dd -0.351 tr 520 alfa +0.123 b +0.03 t +1.28 | olay 2058 taban 0.385 auc 0.568 kabul 756 k_net +0.0025 r_net -0.0091 (1s)
t2_meta_4h_kanal_n20_b4.0-2.0-H30_hepsi x1.0: ret -0.409 sh 0.06 dd -0.743 tr 754 alfa +0.120 b -0.08 t +0.51 | olay 2058 taban 0.444 auc nan kabul 1712 k_net -0.0011 r_net +nan (0s)
t2_meta_4h_kanal_n20_b4.0-2.0-H30_logit_tam_taban0.0 x1.0: ret +1.400 sh 0.72 dd -0.483 tr 409 alfa +0.201 b +0.02 t +1.46 | olay 2058 taban 0.444 auc 0.558 kabul 814 k_net +0.0074 r_net -0.0087 (1s)
t2_meta_4h_kanal_n20_b3.0-1.5-H60_hepsi x1.0: ret -0.453 sh -0.01 dd -0.745 tr 825 alfa +0.070 b -0.07 t +0.33 | olay 2058 taban 0.398 auc nan kabul 1712 k_net -0.0010 r_net +nan (0s)
t2_meta_4h_kanal_n20_b3.0-1.5-H60_logit_tam_taban0.0 x1.0: ret +4.164 sh 1.31 dd -0.245 tr 439 alfa +0.324 b +0.04 t +2.61 | olay 2058 taban 0.398 auc 0.575 kabul 776 k_net +0.0109 r_net -0.0108 (2s)
t2_meta_4h_kanal_n20_iz3.0-H60_logit_tam_taban0.0_yeniden3 x1.0: ret +3.259 sh 0.93 dd -0.365 tr 306 alfa +0.342 b +0.02 t +1.96 | olay 2055 taban 0.400 auc 0.558 kabul 712 k_net +0.0160 r_net -0.0082 (1s)
t2_meta_4h_kanal_n20_iz3.0-H60_logit_tam_taban0.0_pencere_gun730 x1.0: ret +4.128 sh 1.01 dd -0.291 tr 312 alfa +0.401 b +0.01 t +2.22 | olay 2055 taban 0.400 auc 0.530 kabul 707 k_net +0.0155 r_net -0.0088 (1s)
t2_meta_4h_kanal_n20_iz3.0-H60_logit_tam_taban0.0_min_olay150 x1.0: ret +5.632 sh 1.11 dd -0.303 tr 342 alfa +0.419 b +0.04 t +2.23 | olay 2055 taban 0.400 auc 0.554 kabul 785 k_net +0.0191 r_net -0.0100 (2s)
t2_meta_4h_kanal_n20_iz3.0-H60_logit_tam_taban0.0_min_olay500 x1.0: ret +3.628 sh 1.00 dd -0.303 tr 293 alfa +0.379 b -0.00 t +2.23 | olay 2055 taban 0.400 auc 0.553 kabul 681 k_net +0.0180 r_net -0.0106 (1s)
t2_meta_4h_kanal_n20_iz3.0-H60_logit_tam_taban0.0_agirlikgetiri x1.0: ret +4.039 sh 0.94 dd -0.402 tr 422 alfa +0.371 b +0.05 t +1.84 | olay 2055 taban 0.400 auc 0.559 kabul 1094 k_net +0.0124 r_net -0.0185 (2s)
t2_meta_4h_kanal_n20_iz3.0-H60_hgb_tam_taban0.0_agirlikgetiri x1.0: ret +1.999 sh 0.72 dd -0.444 tr 441 alfa +0.278 b +0.03 t +1.42 | olay 2055 taban 0.400 auc 0.529 kabul 1077 k_net +0.0101 r_net -0.0138 (236s)
t2_meta_4h_kanal_n20_b3.0-1.5-H30_logit_tam_taban0.0_agirlikgetiri x1.0: ret +2.007 sh 0.84 dd -0.379 tr 630 alfa +0.261 b +0.01 t +1.80 | olay 2058 taban 0.417 auc 0.573 kabul 1160 k_net +0.0045 r_net -0.0141 (1s)
t2_meta_4h_kanal_n20_b3.0-1.5-H30_hgb_tam_taban0.0_agirlikgetiri x1.0: ret +0.471 sh 0.41 dd -0.335 tr 606 alfa +0.116 b +0.01 t +0.86 | olay 2058 taban 0.417 auc 0.534 kabul 1052 k_net +0.0030 r_net -0.0087 (237s)
t2_meta_4h_kanal_n20_iz3.0-H60_hgb_tam_taban0.0_hgb_iter50_hgb_yaprak4_hgb_min_yaprak100 x1.0: ret +2.057 sh 0.80 dd -0.431 tr 310 alfa +0.201 b +0.07 t +1.28 | olay 2055 taban 0.400 auc 0.530 kabul 738 k_net +0.0131 r_net -0.0077 (6s)
t2_meta_4h_kanal_n120_b3.0-1.5-H30_hgb_tam_taban0.0_min_olay150_hgb_iter50_hgb_yaprak4_hgb_min_yaprak100 x1.0: ret +0.982 sh 0.92 dd -0.247 tr 183 alfa +0.149 b +0.00 t +2.05 | olay 753 taban 0.470 auc 0.496 kabul 253 k_net +0.0087 r_net +0.0043 (5s)
t2_meta_4h_kanal_n20_iz3.0-H60_uzun_hepsi x1.0: ret +2.133 sh 0.79 dd -0.568 tr 285 alfa -0.004 b +0.26 t -0.03 | olay 1201 taban 0.440 auc nan kabul 900 k_net +0.0152 r_net +nan (0s)
t2_meta_4h_kanal_n20_iz3.0-H60_uzun_logit_tam_taban0.0 x1.0: ret +1.475 sh 0.84 dd -0.313 tr 152 alfa +0.061 b +0.13 t +0.59 | olay 1201 taban 0.440 auc 0.542 kabul 369 k_net +0.0221 r_net +0.0104 (1s)
t2_meta_1h_kanal_n48_iz3.0-H120_logit_fiyat_taban0.0 x1.0: ret +0.549 sh 0.43 dd -0.400 tr 1006 alfa +0.063 b +0.07 t +0.43 | olay 4536 taban 0.357 auc 0.562 kabul 2072 k_net +0.0049 r_net -0.0111 (2s)
t2_meta_1h_kanal_n48_iz3.0-H120_logit_tam_taban0.0_C0.03 x1.0: ret +1.246 sh 0.62 dd -0.390 tr 893 alfa +0.219 b +0.01 t +1.35 | olay 4536 taban 0.357 auc 0.556 kabul 1777 k_net +0.0058 r_net -0.0099 (4s)
t2_meta_1h_kanal_n48_iz3.0-H120_logit_tam_taban0.05 x1.0: ret +1.333 sh 0.68 dd -0.338 tr 640 alfa +0.228 b -0.01 t +1.56 | olay 4536 taban 0.357 auc 0.553 kabul 1160 k_net +0.0064 r_net -0.0069 (3s)
t2_meta_1h_kanal_n96_iz3.0-H120_hepsi x1.0: ret -0.671 sh -0.31 dd -0.738 tr 1041 alfa -0.110 b -0.02 t -0.57 | olay 2966 taban 0.365 auc nan kabul 2658 k_net -0.0033 r_net +nan (1s)
t2_meta_1h_kanal_n96_iz3.0-H120_logit_tam_taban0.0 x1.0: ret +1.902 sh 0.83 dd -0.291 tr 558 alfa +0.268 b -0.01 t +1.92 | olay 2966 taban 0.365 auc 0.572 kabul 1089 k_net +0.0060 r_net -0.0098 (2s)
BITTI
