12 yapılandırma
t2_meta_4h_kanal_top[n14-20-30-48]_n48_iz3.0-H60_logit_tam_taban0.0 x1.0: ret +3.411 sh 1.02 dd -0.279 tr 409 alfa +0.323 b +0.03 t +2.06 | olay 7461 taban 0.404 auc 0.550 kabul 2627 k_net +0.0178 r_net -0.0080 (6s)
t2_meta_4h_kanal_top[n14-20-30-48]_n48_iz3.0-H60_logit_tam_taban0.0 x2.0: ret +2.849 sh 0.94 dd -0.287 tr 409 alfa +0.296 b +0.03 t +1.89 | olay 7461 taban 0.404 auc 0.550 kabul 2627 k_net +0.0178 r_net -0.0080 (6s)
t2_meta_4h_kanal_top[n14-20-30-48]_n48_b3.0-1.5-H60_logit_tam_taban0.0 x1.0: ret +2.882 sh 1.30 dd -0.242 tr 585 alfa +0.255 b +0.04 t +2.51 | olay 7473 taban 0.402 auc 0.560 kabul 2746 k_net +0.0085 r_net -0.0069 (4s)
t2_meta_4h_kanal_top[n14-20-30-48]_n48_b3.0-1.5-H60_logit_tam_taban0.0 x2.0: ret +2.223 sh 1.14 dd -0.255 tr 585 alfa +0.218 b +0.04 t +2.15 | olay 7473 taban 0.402 auc 0.560 kabul 2746 k_net +0.0085 r_net -0.0069 (4s)
t2_meta_4h_kanal_top[n14-20-30-48_cikisiz-bariyer]_n48_b3.0-1.5-H60_hepsi x1.0: ret +0.087 sh 0.26 dd -0.515 tr 739 alfa +0.213 b -0.08 t +1.07 | olay 14934 taban 0.403 auc nan kabul 12330 k_net +0.0015 r_net +nan (1s)
t2_meta_4h_kanal_top[n14-20-30-48_cikisiz-bariyer]_n48_b3.0-1.5-H60_hepsi x2.0: ret -0.198 sh 0.12 dd -0.557 tr 739 alfa +0.152 b -0.08 t +0.76 | olay 14934 taban 0.403 auc nan kabul 12330 k_net +0.0015 r_net +nan (1s)
t2_meta_4h_kanal_top[n14-20-30-48_cikisiz-bariyer]_n48_b3.0-1.5-H60_logit_tam_taban0.0 x1.0: ret +3.278 sh 1.21 dd -0.255 tr 477 alfa +0.288 b +0.03 t +2.41 | olay 14934 taban 0.403 auc 0.555 kabul 5373 k_net +0.0130 r_net -0.0075 (1s)
t2_meta_4h_kanal_top[n14-20-30-48_cikisiz-bariyer]_n48_b3.0-1.5-H60_logit_tam_taban0.0 x2.0: ret +2.644 sh 1.09 dd -0.266 tr 477 alfa +0.256 b +0.03 t +2.14 | olay 14934 taban 0.403 auc 0.555 kabul 5373 k_net +0.0130 r_net -0.0075 (1s)
t2_meta_4h_kanal_top[n14-20-30-48_cikisiz-bariyer]_n48_b3.0-1.5-H60_logit_tam_taban0.03 x1.0: ret +2.802 sh 1.21 dd -0.225 tr 435 alfa +0.259 b +0.03 t +2.37 | olay 14934 taban 0.403 auc 0.555 kabul 4510 k_net +0.0146 r_net -0.0061 (0s)
t2_meta_4h_kanal_top[n14-20-30-48_cikisiz-bariyer]_n48_b3.0-1.5-H60_logit_tam_taban0.03 x2.0: ret +2.307 sh 1.10 dd -0.235 tr 435 alfa +0.231 b +0.03 t +2.12 | olay 14934 taban 0.403 auc 0.555 kabul 4510 k_net +0.0146 r_net -0.0061 (0s)
t2_meta_4h_kanal_top[n14-20-30-48_cikisiz-bariyer]_n48_b3.0-1.5-H60_logit_temel_taban0.0 x1.0: ret +3.601 sh 1.11 dd -0.307 tr 480 alfa +0.261 b +0.08 t +1.86 | olay 14934 taban 0.403 auc 0.563 kabul 6483 k_net +0.0117 r_net -0.0099 (6s)
t2_meta_4h_kanal_top[n14-20-30-48_cikisiz-bariyer]_n48_b3.0-1.5-H60_logit_temel_taban0.0 x2.0: ret +2.863 sh 1.00 dd -0.320 tr 480 alfa +0.226 b +0.08 t +1.61 | olay 14934 taban 0.403 auc 0.563 kabul 6483 k_net +0.0117 r_net -0.0099 (6s)
t2_meta_4h_kanal_top[n14-20-30-48_cikisiz-bariyer]_n48_b3.0-1.5-H60_hgb_tam_taban0.0 x1.0: ret +1.979 sh 0.97 dd -0.279 tr 536 alfa +0.239 b +0.01 t +2.07 | olay 14934 taban 0.403 auc 0.538 kabul 5358 k_net +0.0097 r_net -0.0049 (82s)
t2_meta_4h_kanal_top[n14-20-30-48_cikisiz-bariyer]_n48_b3.0-1.5-H60_hgb_tam_taban0.0 x2.0: ret +1.519 sh 0.84 dd -0.289 tr 536 alfa +0.205 b +0.01 t +1.78 | olay 14934 taban 0.403 auc 0.538 kabul 5358 k_net +0.0097 r_net -0.0049 (82s)
t2_meta_1h_kanal_n96_b3.0-1.5-H72_logit_tam_taban0.0 x1.0: ret +0.703 sh 0.68 dd -0.184 tr 726 alfa +0.091 b +0.03 t +1.14 | olay 2966 taban 0.370 auc 0.554 kabul 1112 k_net +0.0015 r_net -0.0066 (3s)
t2_meta_1h_kanal_n96_b3.0-1.5-H72_logit_tam_taban0.0 x2.0: ret +0.213 sh 0.30 dd -0.214 tr 726 alfa +0.024 b +0.03 t +0.30 | olay 2966 taban 0.370 auc 0.554 kabul 1112 k_net +0.0015 r_net -0.0066 (3s)
t2_meta_1h_kanal_n192_iz3.0-H120_hepsi x1.0: ret -0.465 sh -0.15 dd -0.650 tr 653 alfa -0.031 b -0.02 t -0.19 | olay 2031 taban 0.371 auc nan kabul 1704 k_net -0.0031 r_net +nan (1s)
t2_meta_1h_kanal_n192_iz3.0-H120_hepsi x2.0: ret -0.606 sh -0.32 dd -0.700 tr 653 alfa -0.091 b -0.02 t -0.55 | olay 2031 taban 0.371 auc nan kabul 1704 k_net -0.0031 r_net +nan (1s)
t2_meta_1h_kanal_n192_iz3.0-H120_logit_tam_taban0.0 x1.0: ret +0.383 sh 0.41 dd -0.219 tr 369 alfa +0.064 b +0.02 t +0.68 | olay 2031 taban 0.371 auc 0.540 kabul 731 k_net +0.0020 r_net -0.0069 (2s)
t2_meta_1h_kanal_n192_iz3.0-H120_logit_tam_taban0.0 x2.0: ret +0.164 sh 0.25 dd -0.227 tr 369 alfa +0.030 b +0.02 t +0.32 | olay 2031 taban 0.371 auc 0.540 kabul 731 k_net +0.0020 r_net -0.0069 (2s)
t2_meta_1h_kanal_n96_iz3.0-H120_logit_tam_taban0.05 x1.0: ret +1.468 sh 0.80 dd -0.283 tr 422 alfa +0.225 b -0.01 t +1.87 | olay 2966 taban 0.365 auc 0.572 kabul 765 k_net +0.0065 r_net -0.0073 (3s)
t2_meta_1h_kanal_n96_iz3.0-H120_logit_tam_taban0.05 x2.0: ret +1.026 sh 0.66 dd -0.286 tr 422 alfa +0.186 b -0.01 t +1.54 | olay 2966 taban 0.365 auc 0.572 kabul 765 k_net +0.0065 r_net -0.0073 (3s)
t2_meta_1h_kanal_top[n48-96-192]_n48_iz3.0-H120_logit_tam_taban0.0 x1.0: ret +1.087 sh 0.67 dd -0.255 tr 939 alfa +0.176 b +0.01 t +1.45 | olay 9533 taban 0.363 auc 0.556 kabul 3589 k_net +0.0047 r_net -0.0090 (3s)
t2_meta_1h_kanal_top[n48-96-192]_n48_iz3.0-H120_logit_tam_taban0.0 x2.0: ret +0.572 sh 0.46 dd -0.270 tr 939 alfa +0.120 b +0.01 t +0.98 | olay 9533 taban 0.363 auc 0.556 kabul 3589 k_net +0.0047 r_net -0.0090 (3s)
BITTI
