62 yapılandırma
t2_meta_4h_kanal_n20_b3.0-1.5-H30_hgb_tam_taban0.0 x1.0: ret +0.730 sh 0.54 dd -0.329 tr 481 alfa +0.135 b +0.01 t +1.13 | olay 2058 taban 0.417 auc 0.537 kabul 753 k_net +0.0040 r_net -0.0058 (13s)
t2_meta_4h_kanal_n20_b3.0-1.5-H30_logit_tam_taban0.0 x1.0: ret +2.426 sh 1.04 dd -0.315 tr 446 alfa +0.244 b +0.03 t +2.02 | olay 2058 taban 0.417 auc 0.572 kabul 760 k_net +0.0084 r_net -0.0094 (1s)
t2_meta_4h_kanal_n20_iz3.0-H60_hgb_tam_taban0.0 x1.0: ret +2.429 sh 0.81 dd -0.343 tr 352 alfa +0.324 b +0.00 t +1.77 | olay 2055 taban 0.400 auc 0.542 kabul 761 k_net +0.0162 r_net -0.0107 (11s)
t2_meta_4h_kanal_n20_iz3.0-H60_logit_tam_taban0.0 x1.0: ret +4.338 sh 1.02 dd -0.303 tr 314 alfa +0.385 b +0.03 t +2.12 | olay 2055 taban 0.400 auc 0.553 kabul 727 k_net +0.0183 r_net -0.0113 (2s)
t2_meta_4h_kanal_n48_b3.0-1.5-H30_hgb_tam_taban0.0 x1.0: ret +0.419 sh 0.45 dd -0.253 tr 285 alfa +0.057 b +0.03 t +0.65 | olay 1251 taban 0.430 auc 0.499 kabul 415 k_net +0.0025 r_net +0.0010 (10s)
t2_meta_4h_kanal_n48_b3.0-1.5-H30_logit_tam_taban0.0 x1.0: ret +0.511 sh 0.52 dd -0.325 tr 293 alfa +0.071 b +0.03 t +0.82 | olay 1251 taban 0.430 auc 0.531 kabul 468 k_net +0.0046 r_net -0.0012 (1s)
t2_meta_4h_kanal_n48_iz3.0-H60_hgb_tam_taban0.0 x1.0: ret +0.529 sh 0.45 dd -0.337 tr 218 alfa +0.100 b +0.02 t +0.83 | olay 1250 taban 0.419 auc 0.527 kabul 419 k_net +0.0103 r_net -0.0001 (9s)
t2_meta_4h_kanal_n48_iz3.0-H60_logit_tam_taban0.0 x1.0: ret +1.568 sh 0.77 dd -0.311 tr 206 alfa +0.209 b +0.02 t +1.53 | olay 1250 taban 0.419 auc 0.542 kabul 435 k_net +0.0206 r_net -0.0093 (1s)
t2_meta_4h_kanal_n120_b3.0-1.5-H30_hepsi x1.0: ret +0.513 sh 0.42 dd -0.353 tr 302 alfa +0.183 b -0.05 t +1.34 | olay 753 taban 0.470 auc nan kabul 581 k_net +0.0062 r_net +nan (0s)
t2_meta_4h_kanal_n120_b3.0-1.5-H30_hgb_tam_taban0.0_min_olay150 x1.0: ret +1.237 sh 1.06 dd -0.183 tr 188 alfa +0.157 b +0.02 t +2.13 | olay 753 taban 0.470 auc 0.526 kabul 277 k_net +0.0104 r_net +0.0023 (9s)
t2_meta_4h_kanal_n120_b3.0-1.5-H30_logit_tam_taban0.0_min_olay150 x1.0: ret +0.491 sh 0.58 dd -0.213 tr 182 alfa +0.073 b +0.02 t +1.03 | olay 753 taban 0.470 auc 0.502 kabul 277 k_net +0.0058 r_net +0.0065 (1s)
t2_meta_4h_kanal_n120_iz3.0-H60_hepsi x1.0: ret +1.175 sh 0.60 dd -0.358 tr 214 alfa +0.274 b -0.04 t +1.65 | olay 752 taban 0.459 auc nan kabul 580 k_net +0.0127 r_net +nan (0s)
t2_meta_4h_kanal_n120_iz3.0-H60_hgb_tam_taban0.0_min_olay150 x1.0: ret +0.894 sh 0.65 dd -0.309 tr 161 alfa +0.135 b +0.02 t +1.25 | olay 752 taban 0.459 auc 0.484 kabul 292 k_net +0.0171 r_net +0.0082 (9s)
t2_meta_4h_kanal_n120_iz3.0-H60_logit_tam_taban0.0_min_olay150 x1.0: ret +1.050 sh 0.76 dd -0.240 tr 121 alfa +0.131 b +0.03 t +1.34 | olay 752 taban 0.459 auc 0.515 kabul 243 k_net +0.0290 r_net +0.0009 (1s)
t2_meta_1h_kanal_n48_b3.0-1.5-H72_hgb_tam_taban0.0 x1.0: ret +0.028 sh 0.14 dd -0.356 tr 1181 alfa -0.002 b +0.03 t -0.02 | olay 4537 taban 0.364 auc 0.545 kabul 1708 k_net -0.0002 r_net -0.0050 (14s)
t2_meta_1h_kanal_n48_b3.0-1.5-H72_logit_tam_taban0.0 x1.0: ret +0.951 sh 0.69 dd -0.245 tr 1153 alfa +0.111 b +0.04 t +1.07 | olay 4537 taban 0.364 auc 0.545 kabul 1752 k_net +0.0006 r_net -0.0057 (3s)
t2_meta_1h_kanal_n48_iz3.0-H120_hgb_tam_taban0.0 x1.0: ret +0.847 sh 0.53 dd -0.291 tr 941 alfa +0.150 b +0.02 t +1.01 | olay 4536 taban 0.357 auc 0.539 kabul 1771 k_net +0.0037 r_net -0.0083 (14s)
t2_meta_1h_kanal_n48_iz3.0-H120_logit_tam_taban0.0 x1.0: ret +1.019 sh 0.56 dd -0.390 tr 893 alfa +0.199 b +0.00 t +1.22 | olay 4536 taban 0.357 auc 0.553 kabul 1769 k_net +0.0050 r_net -0.0092 (2s)
t2_meta_1h_kanal_n120_b3.0-1.5-H72_hgb_tam_taban0.0 x1.0: ret -0.184 sh -0.15 dd -0.376 tr 679 alfa -0.044 b +0.02 t -0.57 | olay 2601 taban 0.372 auc 0.536 kabul 971 k_net -0.0011 r_net -0.0044 (12s)
t2_meta_1h_kanal_n120_b3.0-1.5-H72_logit_tam_taban0.0 x1.0: ret +0.460 sh 0.55 dd -0.187 tr 616 alfa +0.053 b +0.03 t +0.74 | olay 2601 taban 0.372 auc 0.553 kabul 964 k_net +0.0010 r_net -0.0059 (1s)
t2_meta_1h_kanal_n120_iz3.0-H120_hgb_tam_taban0.0 x1.0: ret +0.058 sh 0.17 dd -0.351 tr 544 alfa +0.014 b +0.03 t +0.12 | olay 2601 taban 0.369 auc 0.522 kabul 962 k_net -0.0004 r_net -0.0048 (12s)
t2_meta_1h_kanal_n120_iz3.0-H120_logit_tam_taban0.0 x1.0: ret +0.956 sh 0.62 dd -0.281 tr 460 alfa +0.160 b +0.01 t +1.28 | olay 2601 taban 0.369 auc 0.563 kabul 917 k_net +0.0043 r_net -0.0078 (2s)
t2_meta_1h_kanal_n240_b3.0-1.5-H72_hgb_tam_taban0.0 x1.0: ret +0.236 sh 0.33 dd -0.210 tr 450 alfa +0.064 b -0.01 t +0.81 | olay 1822 taban 0.387 auc 0.530 kabul 647 k_net +0.0007 r_net -0.0047 (11s)
t2_meta_1h_kanal_n240_b3.0-1.5-H72_logit_tam_taban0.0 x1.0: ret +0.208 sh 0.35 dd -0.219 tr 420 alfa +0.019 b +0.02 t +0.32 | olay 1822 taban 0.387 auc 0.532 kabul 640 k_net +0.0001 r_net -0.0041 (1s)
t2_meta_1h_kanal_n240_iz3.0-H120_hgb_tam_taban0.0 x1.0: ret +0.025 sh 0.13 dd -0.334 tr 362 alfa +0.019 b +0.01 t +0.20 | olay 1822 taban 0.378 auc 0.500 kabul 644 k_net -0.0014 r_net -0.0037 (11s)
t2_meta_1h_kanal_n240_iz3.0-H120_logit_tam_taban0.0 x1.0: ret +0.543 sh 0.53 dd -0.191 tr 327 alfa +0.086 b +0.02 t +0.95 | olay 1822 taban 0.378 auc 0.538 kabul 617 k_net +0.0028 r_net -0.0066 (1s)
t2_meta_1h_donus_k4z3.0_b2.0-2.0-H24_hepsi x1.0: ret -0.762 sh -0.80 dd -0.783 tr 1286 alfa -0.233 b -0.01 t -1.71 | olay 1622 taban 0.464 auc nan kabul 1464 k_net -0.0022 r_net +nan (0s)
t2_meta_1h_donus_k4z3.0_b2.0-2.0-H24_hgb_tam_taban0.0_min_olay150 x1.0: ret -0.152 sh -0.06 dd -0.355 tr 723 alfa -0.049 b +0.03 t -0.53 | olay 1622 taban 0.464 auc 0.533 kabul 798 k_net +0.0002 r_net -0.0051 (11s)
t2_meta_1h_donus_k4z3.0_b2.0-2.0-H24_logit_tam_taban0.0_min_olay150 x1.0: ret +0.209 sh 0.26 dd -0.310 tr 670 alfa +0.063 b +0.01 t +0.50 | olay 1622 taban 0.464 auc 0.545 kabul 742 k_net +0.0020 r_net -0.0065 (1s)
t2_meta_1h_donus_k4z3.0_b0.0-3.0-H12_hepsi x1.0: ret -0.803 sh -0.94 dd -0.826 tr 1281 alfa -0.257 b -0.02 t -1.91 | olay 1622 taban 0.443 auc nan kabul 1464 k_net -0.0037 r_net +nan (0s)
t2_meta_1h_donus_k4z3.0_b0.0-3.0-H12_hgb_tam_taban0.0_min_olay150 x1.0: ret -0.377 sh -0.35 dd -0.530 tr 695 alfa -0.089 b +0.01 t -0.96 | olay 1622 taban 0.443 auc 0.518 kabul 759 k_net -0.0022 r_net -0.0053 (11s)
t2_meta_1h_donus_k4z3.0_b0.0-3.0-H12_logit_tam_taban0.0_min_olay150 x1.0: ret +0.059 sh 0.16 dd -0.420 tr 622 alfa +0.030 b +0.01 t +0.29 | olay 1622 taban 0.443 auc 0.546 kabul 700 k_net -0.0004 r_net -0.0068 (1s)
t2_meta_1h_donus_k4z4.0_b2.0-2.0-H24_hepsi x1.0: ret -0.482 sh -0.62 dd -0.493 tr 478 alfa -0.147 b +0.03 t -1.80 | olay 669 taban 0.462 auc nan kabul 518 k_net -0.0034 r_net +nan (0s)
t2_meta_1h_donus_k4z4.0_b2.0-2.0-H24_hgb_tam_taban0.0_min_olay150 x1.0: ret -0.173 sh -0.16 dd -0.282 tr 237 alfa -0.059 b +0.03 t -0.84 | olay 669 taban 0.462 auc 0.492 kabul 249 k_net -0.0013 r_net -0.0053 (8s)
t2_meta_1h_donus_k4z4.0_b2.0-2.0-H24_logit_tam_taban0.0_min_olay150 x1.0: ret -0.077 sh -0.02 dd -0.258 tr 246 alfa -0.042 b +0.03 t -0.60 | olay 669 taban 0.462 auc 0.530 kabul 259 k_net -0.0001 r_net -0.0066 (1s)
t2_meta_1h_donus_k4z4.0_b0.0-3.0-H12_hepsi x1.0: ret -0.490 sh -0.81 dd -0.508 tr 476 alfa -0.144 b +0.02 t -2.12 | olay 669 taban 0.438 auc nan kabul 518 k_net -0.0040 r_net +nan (0s)
t2_meta_1h_donus_k4z4.0_b0.0-3.0-H12_hgb_tam_taban0.0_min_olay150 x1.0: ret -0.311 sh -0.66 dd -0.338 tr 223 alfa -0.078 b +0.01 t -1.67 | olay 669 taban 0.438 auc 0.508 kabul 233 k_net -0.0043 r_net -0.0036 (8s)
t2_meta_1h_donus_k4z4.0_b0.0-3.0-H12_logit_tam_taban0.0_min_olay150 x1.0: ret -0.069 sh -0.05 dd -0.234 tr 246 alfa -0.032 b +0.02 t -0.56 | olay 669 taban 0.438 auc 0.551 kabul 257 k_net -0.0005 r_net -0.0073 (1s)
t2_meta_1h_donus_k24z3.0_b2.0-2.0-H24_hepsi x1.0: ret -0.406 sh -0.52 dd -0.611 tr 399 alfa -0.111 b +0.02 t -1.45 | olay 751 taban 0.473 auc nan kabul 590 k_net -0.0029 r_net +nan (0s)
t2_meta_1h_donus_k24z3.0_b2.0-2.0-H24_hgb_tam_taban0.0_min_olay150 x1.0: ret -0.252 sh -0.32 dd -0.455 tr 223 alfa -0.073 b +0.02 t -1.12 | olay 751 taban 0.473 auc 0.505 kabul 306 k_net -0.0023 r_net -0.0035 (9s)
t2_meta_1h_donus_k24z3.0_b2.0-2.0-H24_logit_tam_taban0.0_min_olay150 x1.0: ret -0.062 sh -0.02 dd -0.427 tr 233 alfa -0.024 b +0.02 t -0.38 | olay 751 taban 0.473 auc 0.533 kabul 319 k_net -0.0008 r_net -0.0053 (1s)
t2_meta_1h_donus_k24z3.0_b0.0-3.0-H12_hepsi x1.0: ret -0.532 sh -0.77 dd -0.640 tr 399 alfa -0.167 b +0.03 t -2.13 | olay 751 taban 0.486 auc nan kabul 590 k_net -0.0032 r_net +nan (0s)
t2_meta_1h_donus_k24z3.0_b0.0-3.0-H12_hgb_tam_taban0.0_min_olay150 x1.0: ret -0.183 sh -0.30 dd -0.391 tr 209 alfa -0.049 b +0.01 t -0.97 | olay 751 taban 0.486 auc 0.548 kabul 278 k_net +0.0002 r_net -0.0061 (9s)
t2_meta_1h_donus_k24z3.0_b0.0-3.0-H12_logit_tam_taban0.0_min_olay150 x1.0: ret -0.166 sh -0.19 dd -0.369 tr 223 alfa -0.056 b +0.03 t -0.92 | olay 751 taban 0.486 auc 0.553 kabul 310 k_net -0.0006 r_net -0.0059 (1s)
t2_meta_4h_donus_k6z2.5_b2.0-2.0-H12_hepsi x1.0: ret -0.684 sh -1.06 dd -0.767 tr 318 alfa -0.236 b +0.02 t -2.65 | olay 535 taban 0.452 auc nan kabul 384 k_net -0.0089 r_net +nan (0s)
t2_meta_4h_donus_k6z2.5_b2.0-2.0-H12_hgb_tam_taban0.0_min_olay150 x1.0: ret -0.620 sh -1.15 dd -0.676 tr 182 alfa -0.205 b +0.02 t -2.93 | olay 535 taban 0.452 auc 0.523 kabul 210 k_net -0.0136 r_net -0.0033 (7s)
t2_meta_4h_donus_k6z2.5_b2.0-2.0-H12_logit_tam_taban0.0_min_olay150 x1.0: ret -0.390 sh -0.66 dd -0.475 tr 151 alfa -0.112 b +0.02 t -1.85 | olay 535 taban 0.452 auc 0.508 kabul 176 k_net -0.0067 r_net -0.0108 (1s)
t2_meta_4h_donus_k6z2.5_b0.0-3.0-H6_hepsi x1.0: ret -0.499 sh -0.76 dd -0.606 tr 318 alfa -0.148 b +0.02 t -2.02 | olay 535 taban 0.490 auc nan kabul 384 k_net -0.0054 r_net +nan (0s)
t2_meta_4h_donus_k6z2.5_b0.0-3.0-H6_hgb_tam_taban0.0_min_olay150 x1.0: ret -0.222 sh -0.36 dd -0.330 tr 161 alfa -0.070 b +0.02 t -1.33 | olay 535 taban 0.490 auc 0.552 kabul 186 k_net -0.0038 r_net -0.0069 (7s)
t2_meta_4h_donus_k6z2.5_b0.0-3.0-H6_logit_tam_taban0.0_min_olay150 x1.0: ret -0.198 sh -0.35 dd -0.310 tr 144 alfa -0.055 b +0.01 t -1.14 | olay 535 taban 0.490 auc 0.519 kabul 174 k_net -0.0025 r_net -0.0077 (1s)
t2_meta_1h_fonlama_fz2.0_b2.0-2.0-H24_hepsi x1.0: ret -0.122 sh -0.08 dd -0.327 tr 454 alfa -0.063 b +0.04 t -0.91 | olay 662 taban 0.518 auc nan kabul 500 k_net -0.0004 r_net +nan (0s)
t2_meta_1h_fonlama_fz2.0_b2.0-2.0-H24_hgb_tam_taban0.0_min_olay150 x1.0: ret +0.205 sh 0.42 dd -0.181 tr 271 alfa +0.015 b +0.02 t +0.33 | olay 662 taban 0.518 auc 0.543 kabul 280 k_net +0.0022 r_net -0.0037 (8s)
t2_meta_1h_fonlama_fz2.0_b2.0-2.0-H24_logit_tam_taban0.0_min_olay150 x1.0: ret +0.121 sh 0.29 dd -0.160 tr 236 alfa +0.006 b +0.02 t +0.14 | olay 662 taban 0.518 auc 0.502 kabul 251 k_net +0.0015 r_net -0.0024 (1s)
t2_meta_1h_fonlama_fz2.0_b0.0-3.0-H48_hepsi x1.0: ret -0.212 sh -0.06 dd -0.355 tr 360 alfa -0.111 b +0.08 t -1.01 | olay 662 taban 0.465 auc nan kabul 500 k_net -0.0003 r_net +nan (0s)
t2_meta_1h_fonlama_fz2.0_b0.0-3.0-H48_hgb_tam_taban0.0_min_olay150 x1.0: ret +0.662 sh 0.67 dd -0.186 tr 223 alfa +0.067 b +0.04 t +0.88 | olay 662 taban 0.465 auc 0.533 kabul 270 k_net +0.0063 r_net -0.0081 (9s)
t2_meta_1h_fonlama_fz2.0_b0.0-3.0-H48_logit_tam_taban0.0_min_olay150 x1.0: ret +0.093 sh 0.20 dd -0.223 tr 188 alfa -0.003 b +0.03 t -0.05 | olay 662 taban 0.465 auc 0.532 kabul 222 k_net +0.0028 r_net -0.0028 (1s)
t2_meta_4h_fonlama_fz2.0_b2.0-2.0-H12_hepsi x1.0: ret -0.179 sh -0.04 dd -0.370 tr 343 alfa -0.097 b +0.08 t -0.91 | olay 662 taban 0.505 auc nan kabul 500 k_net -0.0007 r_net +nan (0s)
t2_meta_4h_fonlama_fz2.0_b2.0-2.0-H12_hgb_tam_taban0.0_min_olay150 x1.0: ret -0.006 sh 0.07 dd -0.254 tr 190 alfa -0.039 b +0.04 t -0.58 | olay 662 taban 0.505 auc 0.512 kabul 247 k_net +0.0014 r_net -0.0026 (9s)
t2_meta_4h_fonlama_fz2.0_b2.0-2.0-H12_logit_tam_taban0.0_min_olay150 x1.0: ret -0.051 sh 0.02 dd -0.320 tr 186 alfa -0.055 b +0.05 t -0.76 | olay 662 taban 0.505 auc 0.498 kabul 237 k_net +0.0004 r_net -0.0016 (1s)
t2_meta_4h_fonlama_fz2.0_b0.0-3.0-H18_hepsi x1.0: ret -0.421 sh -0.21 dd -0.593 tr 265 alfa -0.182 b +0.10 t -1.40 | olay 662 taban 0.482 auc nan kabul 500 k_net -0.0029 r_net +nan (0s)
t2_meta_4h_fonlama_fz2.0_b0.0-3.0-H18_hgb_tam_taban0.0_min_olay150 x1.0: ret -0.342 sh -0.27 dd -0.414 tr 174 alfa -0.132 b +0.06 t -1.38 | olay 662 taban 0.482 auc 0.509 kabul 263 k_net -0.0019 r_net -0.0040 (9s)
t2_meta_4h_fonlama_fz2.0_b0.0-3.0-H18_logit_tam_taban0.0_min_olay150 x1.0: ret -0.105 sh 0.00 dd -0.367 tr 171 alfa -0.083 b +0.07 t -0.90 | olay 662 taban 0.482 auc 0.544 kabul 250 k_net +0.0021 r_net -0.0079 (1s)
BITTI
