60 yapılandırma
t2_genis_evren_1d_fon_3Pmom_28_r1_k02                                  getiri +0.0590 sharpe +0.94 alfa +0.0120 beta -0.001 t +2.41 işlem 4787 (9s)
t2_genis_evren_1d_fon_3Pmom_28_r1_k05                                  getiri +0.0949 sharpe +1.05 alfa +0.0195 beta -0.002 t +2.76 işlem 7215 (9s)
t2_genis_evren_1d_fon_3Pmom_28_r7_k02                                  getiri +0.0781 sharpe +1.31 alfa +0.0144 beta -0.000 t +3.06 işlem 1570 (9s)
t2_genis_evren_1d_fon_3Pmom_28_r7_k05                                  getiri +0.0849 sharpe +0.96 alfa +0.0164 beta -0.001 t +2.35 işlem 2493 (8s)
t2_genis_evren_1d_fon_3Pmom_90_r1_k02                                  getiri +0.0470 sharpe +0.88 alfa +0.0092 beta -0.001 t +2.16 işlem 3814 (7s)
t2_genis_evren_1d_fon_3Pmom_90_r1_k05                                  getiri +0.1163 sharpe +1.46 alfa +0.0211 beta -0.000 t +3.42 işlem 5722 (9s)
t2_genis_evren_1d_fon_3Pmom_90_r7_k02                                  getiri +0.0621 sharpe +1.21 alfa +0.0110 beta +0.000 t +2.69 işlem 1208 (8s)
t2_genis_evren_1d_fon_3Pmom_90_r7_k05                                  getiri +0.1094 sharpe +1.36 alfa +0.0191 beta +0.000 t +3.05 işlem 1940 (8s)
t2_genis_evren_1d_fon_7Pmom_28_r1_k02                                  getiri +0.0658 sharpe +1.05 alfa +0.0131 beta -0.001 t +2.62 işlem 3888 (8s)
t2_genis_evren_1d_fon_7Pmom_28_r1_k05                                  getiri +0.1129 sharpe +1.23 alfa +0.0213 beta -0.001 t +2.99 işlem 5829 (9s)
t2_genis_evren_1d_fon_7Pmom_28_r7_k02                                  getiri +0.0612 sharpe +1.03 alfa +0.0116 beta -0.000 t +2.44 işlem 1467 (7s)
t2_genis_evren_1d_fon_7Pmom_28_r7_k05                                  getiri +0.1053 sharpe +1.18 alfa +0.0189 beta +0.000 t +2.71 işlem 2315 (8s)
t2_genis_evren_1d_fon_3Pmom_7_r1_k02                                   getiri +0.0705 sharpe +1.08 alfa +0.0147 beta -0.002 t +2.86 işlem 6492 (9s)
t2_genis_evren_1d_fon_3Pmom_7_r1_k05                                   getiri +0.0972 sharpe +1.02 alfa +0.0203 beta -0.003 t +2.72 işlem 9478 (10s)
t2_genis_evren_1d_fon_3Pmom_7_r7_k02                                   getiri +0.0497 sharpe +0.84 alfa +0.0107 beta -0.002 t +2.26 işlem 2075 (8s)
t2_genis_evren_1d_fon_3Pmom_7_r7_k05                                   getiri +0.1090 sharpe +1.15 alfa +0.0218 beta -0.002 t +2.95 işlem 3212 (8s)
t2_genis_evren_1d_fon_3Pmom_28Pmom_90_r1_k02                           getiri +0.0700 sharpe +1.19 alfa +0.0138 beta -0.001 t +2.97 işlem 3689 (8s)
t2_genis_evren_1d_fon_3Pmom_28Pmom_90_r1_k05                           getiri +0.1192 sharpe +1.39 alfa +0.0219 beta -0.001 t +3.28 işlem 5163 (9s)
t2_genis_evren_1d_fon_3Pmom_28Pmom_90_r7_k02                           getiri +0.0658 sharpe +1.19 alfa +0.0120 beta -0.000 t +2.75 işlem 1165 (7s)
t2_genis_evren_1d_fon_3Pmom_28Pmom_90_r7_k05                           getiri +0.1155 sharpe +1.39 alfa +0.0202 beta +0.000 t +3.11 işlem 1795 (7s)
t2_genis_evren_1d_fon_3Pmom_28Poyn_60_r1_k02                           getiri +0.0663 sharpe +1.05 alfa +0.0158 beta -0.004 t +3.25 işlem 4052 (8s)
t2_genis_evren_1d_fon_3Pmom_28Poyn_60_r1_k05                           getiri +0.1189 sharpe +1.21 alfa +0.0266 beta -0.005 t +3.59 işlem 5638 (8s)
t2_genis_evren_1d_fon_3Pmom_28Poyn_60_r7_k02                           getiri +0.0546 sharpe +0.91 alfa +0.0123 beta -0.002 t +2.59 işlem 1302 (7s)
t2_genis_evren_1d_fon_3Pmom_28Poyn_60_r7_k05                           getiri +0.1343 sharpe +1.42 alfa +0.0277 beta -0.004 t +3.86 işlem 1971 (9s)
t2_genis_evren_1d_fon_3_r3_k02                                         getiri +0.0505 sharpe +0.84 alfa +0.0098 beta -0.001 t +2.03 işlem 3071 (9s)
t2_genis_evren_1d_fon_3_r3_k05                                         getiri +0.0403 sharpe +0.48 alfa +0.0082 beta -0.001 t +1.20 işlem 4879 (9s)
t2_genis_evren_1d_fon_3_r14_k02                                        getiri +0.0204 sharpe +0.38 alfa +0.0036 beta +0.000 t +0.82 işlem 944 (7s)
t2_genis_evren_1d_fon_3_r14_k05                                        getiri +0.0706 sharpe +0.84 alfa +0.0124 beta +0.001 t +1.86 işlem 1584 (7s)
t2_genis_evren_1d_fon_3_r7_k05_beta                                    getiri +0.0991 sharpe +1.26 alfa +0.0164 beta +0.001 t +2.67 işlem 2607 (10s)
t2_genis_evren_1d_fon_3_r7_k05_ters_oyn                                getiri +0.0544 sharpe +1.30 alfa +0.0103 beta -0.000 t +3.10 işlem 2657 (8s)
t2_genis_evren_1d_fon_3_r7_k05_sira                                    getiri +0.0647 sharpe +1.17 alfa +0.0124 beta -0.001 t +2.82 işlem 2655 (8s)
t2_genis_evren_1d_fon_3_r7_k05_n20                                     getiri +0.0710 sharpe +1.09 alfa +0.0131 beta -0.000 t +2.53 işlem 1878 (8s)
t2_genis_evren_1d_fon_3_r7_k033                                        getiri +0.0658 sharpe +0.90 alfa +0.0130 beta -0.001 t +2.24 işlem 2321 (8s)
t2_genis_evren_1d_mom_28_r3_k02                                        getiri +0.0596 sharpe +0.82 alfa +0.0116 beta -0.001 t +1.99 işlem 2030 (7s)
t2_genis_evren_1d_mom_28_r3_k05                                        getiri +0.0936 sharpe +0.89 alfa +0.0177 beta -0.001 t +2.13 işlem 3173 (8s)
t2_genis_evren_1d_mom_28_r14_k02                                       getiri +0.0225 sharpe +0.35 alfa +0.0038 beta +0.000 t +0.72 işlem 958 (9s)
t2_genis_evren_1d_mom_28_r14_k05                                       getiri +0.0546 sharpe +0.59 alfa +0.0087 beta +0.001 t +1.16 işlem 1593 (9s)
t2_genis_evren_1d_mom_28_r7_k05_beta                                   getiri +0.0560 sharpe +0.65 alfa +0.0096 beta +0.001 t +1.38 işlem 2076 (9s)
t2_genis_evren_1d_mom_28_r7_k05_ters_oyn                               getiri +0.0500 sharpe +0.97 alfa +0.0093 beta -0.000 t +2.26 işlem 2135 (8s)
t2_genis_evren_1d_mom_28_r7_k05_sira                                   getiri +0.0549 sharpe +0.80 alfa +0.0103 beta -0.000 t +1.88 işlem 2135 (9s)
t2_genis_evren_1d_mom_28_r7_k05_n20                                    getiri +0.0520 sharpe +0.72 alfa +0.0099 beta -0.000 t +1.71 işlem 1457 (8s)
t2_genis_evren_1d_mom_28_r7_k033                                       getiri +0.0837 sharpe +0.94 alfa +0.0156 beta -0.000 t +2.22 işlem 1842 (7s)
t2_genis_evren_1d_mom_90_r3_k02                                        getiri +0.0580 sharpe +1.00 alfa +0.0101 beta +0.001 t +2.18 işlem 1003 (7s)
t2_genis_evren_1d_mom_90_r3_k05                                        getiri +0.0770 sharpe +0.90 alfa +0.0134 beta +0.001 t +1.97 işlem 1545 (8s)
t2_genis_evren_1d_mom_90_r14_k02                                       getiri +0.0546 sharpe +0.94 alfa +0.0086 beta +0.001 t +1.86 işlem 512 (8s)
t2_genis_evren_1d_mom_90_r14_k05                                       getiri +0.0654 sharpe +0.78 alfa +0.0103 beta +0.002 t +1.55 işlem 852 (8s)
t2_genis_evren_1d_mom_90_r7_k05_beta                                   getiri +0.0727 sharpe +0.92 alfa +0.0116 beta +0.002 t +1.85 işlem 1097 (8s)
t2_genis_evren_1d_mom_90_r7_k05_ters_oyn                               getiri +0.0463 sharpe +1.01 alfa +0.0078 beta +0.001 t +2.12 işlem 1097 (8s)
t2_genis_evren_1d_mom_90_r7_k05_sira                                   getiri +0.0455 sharpe +0.79 alfa +0.0077 beta +0.001 t +1.66 işlem 1097 (7s)
t2_genis_evren_1d_mom_90_r7_k05_n20                                    getiri +0.0174 sharpe +0.28 alfa +0.0028 beta +0.001 t +0.54 işlem 743 (8s)
t2_genis_evren_1d_mom_90_r7_k033                                       getiri +0.0539 sharpe +0.72 alfa +0.0089 beta +0.001 t +1.48 işlem 919 (7s)
t2_genis_evren_1d_fon_3_r1_k05_beta                                    getiri +0.0790 sharpe +1.01 alfa +0.0142 beta +0.000 t +2.29 işlem 6948 (9s)
t2_genis_evren_1d_fon_3_r1_k02_t01                                     getiri +0.0763 sharpe +1.27 alfa +0.0145 beta -0.001 t +3.04 işlem 2966 (9s)
t2_genis_evren_1d_fon_3_r1_k02_t02                                     getiri +0.0504 sharpe +0.86 alfa +0.0102 beta -0.001 t +2.19 işlem 2069 (8s)
t2_genis_evren_1d_mom_28_r1_k02_t01                                    getiri +0.0407 sharpe +0.58 alfa +0.0087 beta -0.001 t +1.55 işlem 1678 (9s)
t2_genis_evren_1d_mom_28_r1_k02_t02                                    getiri +0.0619 sharpe +0.88 alfa +0.0123 beta -0.001 t +2.21 işlem 1177 (8s)
t2_genis_evren_1d_mom_7_r1_k02_t01                                     getiri +0.0737 sharpe +0.98 alfa +0.0152 beta -0.002 t +2.55 işlem 4222 (8s)
t2_genis_evren_1d_mom_7_r1_k02_t02                                     getiri +0.0583 sharpe +0.79 alfa +0.0124 beta -0.002 t +2.12 işlem 3271 (9s)
t2_genis_evren_1d_fon_3_r7_k05_dlFalse                                 getiri +0.1047 sharpe +1.21 alfa +0.0193 beta -0.000 t +2.86 işlem 2656 (8s)
t2_genis_evren_1d_mom_28_r7_k05_dlFalse                                getiri +0.0871 sharpe +0.87 alfa +0.0162 beta -0.000 t +2.04 işlem 2135 (8s)
