64 yapılandırma
t2_genis_evren_1d_rev_1_r1_k02                                         getiri -0.0707 sharpe -1.04 alfa -0.0152 beta +0.001 t -2.66 işlem 16059 (6s)
t2_genis_evren_1d_rev_1_r1_k05                                         getiri -0.1207 sharpe -1.33 alfa -0.0264 beta +0.002 t -3.39 işlem 26710 (6s)
t2_genis_evren_1d_rev_1_r7_k02                                         getiri -0.0188 sharpe -0.29 alfa -0.0040 beta +0.001 t -0.75 işlem 2301 (5s)
t2_genis_evren_1d_rev_1_r7_k05                                         getiri -0.0471 sharpe -0.53 alfa -0.0103 beta +0.001 t -1.40 işlem 3919 (5s)
t2_genis_evren_1d_rev_3_r1_k02                                         getiri -0.0779 sharpe -1.09 alfa -0.0168 beta +0.002 t -2.80 işlem 9553 (5s)
t2_genis_evren_1d_rev_3_r1_k05                                         getiri -0.1151 sharpe -1.20 alfa -0.0257 beta +0.003 t -3.14 işlem 14731 (6s)
t2_genis_evren_1d_rev_3_r7_k02                                         getiri -0.0340 sharpe -0.52 alfa -0.0073 beta +0.001 t -1.36 işlem 2356 (6s)
t2_genis_evren_1d_rev_3_r7_k05                                         getiri -0.0705 sharpe -0.79 alfa -0.0158 beta +0.002 t -2.11 işlem 3886 (6s)
t2_genis_evren_1d_mom_7_r1_k02                                         getiri +0.0702 sharpe +0.92 alfa +0.0145 beta -0.002 t +2.41 işlem 6346 (6s)
t2_genis_evren_1d_mom_7_r1_k05                                         getiri +0.0625 sharpe +0.61 alfa +0.0142 beta -0.003 t +1.72 işlem 9753 (6s)
t2_genis_evren_1d_mom_7_r7_k02                                         getiri +0.0232 sharpe +0.33 alfa +0.0060 beta -0.002 t +1.05 işlem 2300 (6s)
t2_genis_evren_1d_mom_7_r7_k05                                         getiri +0.0359 sharpe +0.37 alfa +0.0093 beta -0.002 t +1.17 işlem 3856 (6s)
t2_genis_evren_1d_mom_14_r1_k02                                        getiri +0.0467 sharpe +0.64 alfa +0.0098 beta -0.001 t +1.68 işlem 4768 (5s)
t2_genis_evren_1d_mom_14_r1_k05                                        getiri +0.0376 sharpe +0.37 alfa +0.0087 beta -0.002 t +1.04 işlem 7175 (6s)
t2_genis_evren_1d_mom_14_r7_k02                                        getiri +0.0380 sharpe +0.57 alfa +0.0077 beta -0.001 t +1.42 işlem 1756 (6s)
t2_genis_evren_1d_mom_14_r7_k05                                        getiri +0.0435 sharpe +0.46 alfa +0.0085 beta -0.000 t +1.11 işlem 2780 (6s)
t2_genis_evren_1d_mom_28_r1_k02                                        getiri +0.0633 sharpe +0.85 alfa +0.0127 beta -0.001 t +2.14 işlem 3458 (6s)
t2_genis_evren_1d_mom_28_r1_k05                                        getiri +0.0834 sharpe +0.79 alfa +0.0166 beta -0.001 t +1.99 işlem 5272 (5s)
t2_genis_evren_1d_mom_28_r7_k02                                        getiri +0.0495 sharpe +0.72 alfa +0.0093 beta -0.000 t +1.68 işlem 1368 (6s)
t2_genis_evren_1d_mom_28_r7_k05                                        getiri +0.0869 sharpe +0.87 alfa +0.0162 beta -0.000 t +2.03 işlem 2135 (6s)
t2_genis_evren_1d_mom_56_r1_k02                                        getiri +0.0106 sharpe +0.17 alfa +0.0024 beta -0.000 t +0.44 işlem 2390 (5s)
t2_genis_evren_1d_mom_56_r1_k05                                        getiri +0.0700 sharpe +0.73 alfa +0.0120 beta +0.001 t +1.58 işlem 3312 (5s)
t2_genis_evren_1d_mom_56_r7_k02                                        getiri +0.0203 sharpe +0.33 alfa +0.0032 beta +0.001 t +0.62 işlem 944 (5s)
t2_genis_evren_1d_mom_56_r7_k05                                        getiri +0.0456 sharpe +0.50 alfa +0.0072 beta +0.001 t +0.97 işlem 1479 (5s)
t2_genis_evren_1d_mom_90_r1_k02                                        getiri +0.0537 sharpe +0.89 alfa +0.0097 beta +0.000 t +2.02 işlem 1770 (5s)
t2_genis_evren_1d_mom_90_r1_k05                                        getiri +0.0872 sharpe +1.01 alfa +0.0153 beta +0.001 t +2.25 işlem 2509 (5s)
t2_genis_evren_1d_mom_90_r7_k02                                        getiri +0.0457 sharpe +0.77 alfa +0.0075 beta +0.001 t +1.58 işlem 693 (5s)
t2_genis_evren_1d_mom_90_r7_k05                                        getiri +0.0874 sharpe +1.03 alfa +0.0149 beta +0.001 t +2.23 işlem 1097 (5s)
t2_genis_evren_1d_mom_28_7_r1_k02                                      getiri +0.0201 sharpe +0.31 alfa +0.0044 beta -0.001 t +0.81 işlem 3945 (5s)
t2_genis_evren_1d_mom_28_7_r1_k05                                      getiri -0.0007 sharpe +0.00 alfa +0.0004 beta -0.000 t +0.06 işlem 5796 (6s)
t2_genis_evren_1d_mom_28_7_r7_k02                                      getiri +0.0430 sharpe +0.67 alfa +0.0075 beta +0.000 t +1.46 işlem 1501 (6s)
t2_genis_evren_1d_mom_28_7_r7_k05                                      getiri +0.0604 sharpe +0.63 alfa +0.0101 beta +0.001 t +1.31 işlem 2362 (5s)
t2_genis_evren_1d_fon_1_r1_k02                                         getiri +0.0407 sharpe +0.68 alfa +0.0079 beta -0.000 t +1.64 işlem 8324 (6s)
t2_genis_evren_1d_fon_1_r1_k05                                         getiri +0.0355 sharpe +0.41 alfa +0.0078 beta -0.001 t +1.12 işlem 13019 (6s)
t2_genis_evren_1d_fon_1_r7_k02                                         getiri +0.0373 sharpe +0.67 alfa +0.0075 beta -0.001 t +1.67 işlem 1753 (6s)
t2_genis_evren_1d_fon_1_r7_k05                                         getiri +0.0629 sharpe +0.79 alfa +0.0125 beta -0.001 t +1.96 işlem 2921 (6s)
t2_genis_evren_1d_fon_3_r1_k02                                         getiri +0.0455 sharpe +0.73 alfa +0.0089 beta -0.000 t +1.78 işlem 4711 (5s)
t2_genis_evren_1d_fon_3_r1_k05                                         getiri +0.0758 sharpe +0.88 alfa +0.0152 beta -0.001 t +2.23 işlem 7051 (6s)
t2_genis_evren_1d_fon_3_r7_k02                                         getiri +0.0622 sharpe +1.08 alfa +0.0117 beta -0.000 t +2.56 işlem 1616 (6s)
t2_genis_evren_1d_fon_3_r7_k05                                         getiri +0.1046 sharpe +1.21 alfa +0.0193 beta -0.000 t +2.86 işlem 2655 (6s)
t2_genis_evren_1d_fon_7_r1_k02                                         getiri +0.0470 sharpe +0.78 alfa +0.0090 beta -0.000 t +1.86 işlem 2853 (5s)
t2_genis_evren_1d_fon_7_r1_k05                                         getiri +0.0751 sharpe +0.86 alfa +0.0138 beta -0.000 t +1.99 işlem 4263 (6s)
t2_genis_evren_1d_fon_7_r7_k02                                         getiri +0.0422 sharpe +0.73 alfa +0.0081 beta -0.000 t +1.74 işlem 1458 (5s)
t2_genis_evren_1d_fon_7_r7_k05                                         getiri +0.0687 sharpe +0.81 alfa +0.0131 beta -0.001 t +1.94 işlem 2352 (6s)
t2_genis_evren_1d_fon_14_r1_k02                                        getiri +0.0320 sharpe +0.55 alfa +0.0063 beta -0.000 t +1.34 işlem 1916 (6s)
t2_genis_evren_1d_fon_14_r1_k05                                        getiri +0.0689 sharpe +0.76 alfa +0.0133 beta -0.001 t +1.84 işlem 2870 (7s)
t2_genis_evren_1d_fon_14_r7_k02                                        getiri +0.0201 sharpe +0.35 alfa +0.0038 beta -0.000 t +0.81 işlem 1053 (6s)
t2_genis_evren_1d_fon_14_r7_k05                                        getiri +0.0534 sharpe +0.61 alfa +0.0103 beta -0.000 t +1.46 işlem 1725 (6s)
t2_genis_evren_1d_fon_30_r1_k02                                        getiri +0.0163 sharpe +0.29 alfa +0.0038 beta -0.001 t +0.81 işlem 1284 (6s)
t2_genis_evren_1d_fon_30_r1_k05                                        getiri +0.0142 sharpe +0.17 alfa +0.0035 beta -0.001 t +0.49 işlem 1868 (5s)
t2_genis_evren_1d_fon_30_r7_k02                                        getiri +0.0098 sharpe +0.18 alfa +0.0026 beta -0.001 t +0.58 işlem 812 (5s)
t2_genis_evren_1d_fon_30_r7_k05                                        getiri -0.0030 sharpe -0.03 alfa +0.0000 beta -0.000 t +0.01 işlem 1258 (5s)
t2_genis_evren_1d_oyn_14_r7_k02                                        getiri +0.0031 sharpe +0.05 alfa +0.0062 beta -0.005 t +1.11 işlem 1125 (5s)
t2_genis_evren_1d_oyn_14_r7_k02_beta                                   getiri +0.0260 sharpe +0.51 alfa +0.0045 beta +0.000 t +1.09 işlem 1107 (6s)
t2_genis_evren_1d_oyn_14_r7_k05                                        getiri -0.0211 sharpe -0.20 alfa +0.0044 beta -0.008 t +0.55 işlem 1817 (6s)
t2_genis_evren_1d_oyn_14_r7_k05_beta                                   getiri +0.0120 sharpe +0.16 alfa +0.0015 beta +0.001 t +0.24 işlem 1770 (6s)
t2_genis_evren_1d_oyn_30_r7_k02                                        getiri +0.0181 sharpe +0.25 alfa +0.0089 beta -0.005 t +1.58 işlem 755 (5s)
t2_genis_evren_1d_oyn_30_r7_k02_beta                                   getiri +0.0292 sharpe +0.60 alfa +0.0050 beta +0.000 t +1.26 işlem 741 (5s)
t2_genis_evren_1d_oyn_30_r7_k05                                        getiri +0.0182 sharpe +0.18 alfa +0.0115 beta -0.008 t +1.37 işlem 1264 (5s)
t2_genis_evren_1d_oyn_30_r7_k05_beta                                   getiri +0.0493 sharpe +0.58 alfa +0.0081 beta +0.001 t +1.19 işlem 1226 (5s)
t2_genis_evren_1d_oyn_60_r7_k02                                        getiri +0.0130 sharpe +0.19 alfa +0.0070 beta -0.004 t +1.27 işlem 528 (5s)
t2_genis_evren_1d_oyn_60_r7_k02_beta                                   getiri +0.0402 sharpe +0.82 alfa +0.0061 beta +0.001 t +1.56 işlem 528 (6s)
t2_genis_evren_1d_oyn_60_r7_k05                                        getiri +0.0205 sharpe +0.21 alfa +0.0108 beta -0.007 t +1.35 işlem 891 (6s)
t2_genis_evren_1d_oyn_60_r7_k05_beta                                   getiri +0.0571 sharpe +0.67 alfa +0.0090 beta +0.002 t +1.32 işlem 891 (6s)
