toplam yapılandırma: 245
uygun ve sağlam: 121
SEÇ  t2_konumlanma_kalabalik_1h_SEPET3_genel_w7_c0.5_cx0.5_s-1_limit_lb1: alfa t 4.67, komşu 2/2 pozitif, kesik veriyle eğitim getirisi +48.840 (defter +48.840), en yüksek korelasyon nan
ret  t2_konumlanma_kalabalik_1h_SEPET3_genel_w7_c0.5_cx0.5_s-1: alfa t 4.56, komşu 6/6 pozitif, kesik veriyle eğitim getirisi +44.516 (defter +44.516), en yüksek korelasyon 0.999
ret  t2_konumlanma_kalabalik_1h_SEPET3_genel_w7_c0.5_cx0.0_s-1: alfa t 4.55, komşu 6/6 pozitif, kesik veriyle eğitim getirisi +51.918 (defter +51.918), en yüksek korelasyon 0.956
ret  t2_konumlanma_kalabalik_1h_SEPET3_genel_w7_c1.0_cx0.5_s-1: alfa t 4.48, komşu 5/5 pozitif, kesik veriyle eğitim getirisi +35.360 (defter +35.360), en yüksek korelasyon 0.949
ret  t2_konumlanma_kalabalik_1h_SEPET3_genel_w7_c1.0_cx0.0_s-1_g30: alfa t 4.38, komşu 3/3 pozitif, kesik veriyle eğitim getirisi +37.846 (defter +37.846), en yüksek korelasyon 0.920
ret  t2_konumlanma_kalabalik_1h_SEPET3_genel_w7_c1.0_cx0.0_s-1_g60: alfa t 4.32, komşu 3/3 pozitif, kesik veriyle eğitim getirisi +35.841 (defter +35.841), en yüksek korelasyon 0.910
ret  t2_konumlanma_kalabalik_1h_SEPET3_genel_w7_c1.0_cx0.0_s-1_limit_lb1: alfa t 4.30, komşu 2/2 pozitif, kesik veriyle eğitim getirisi +35.642 (defter +35.642), en yüksek korelasyon 0.928
ret  t2_konumlanma_kalabalik_1h_SEPET3_genel_w7_c1.0_cx0.0_s-1: alfa t 4.27, komşu 14/14 pozitif, kesik veriyle eğitim getirisi +34.772 (defter +34.772), en yüksek korelasyon 0.928
ret  t2_konumlanma_kalabalik_1h_SEPET3_genel_w3_c1.0_cx0.5_s-1: alfa t 4.18, komşu 5/5 pozitif, kesik veriyle eğitim getirisi +28.723 (defter +28.723), en yüksek korelasyon 0.760
ret  t2_konumlanma_kalabalik_1h_SEPET3_genel_w3_c1.5_cx0.5_s-1: alfa t 4.17, komşu 5/5 pozitif, kesik veriyle eğitim getirisi +23.861 (defter +23.861), en yüksek korelasyon 0.744
ret  t2_konumlanma_kalabalik_1h_SEPET3_genel_w7_c1.5_cx0.5_s-1: alfa t 4.16, komşu 5/5 pozitif, kesik veriyle eğitim getirisi +21.970 (defter +21.970), en yüksek korelasyon 0.882
ret  t2_konumlanma_kalabalik_1h_SEPET3_genel_w14_c1.5_cx0.5_s-1: alfa t 4.15, komşu 5/5 pozitif, kesik veriyle eğitim getirisi +17.134 (defter +17.134), en yüksek korelasyon 0.761
ret  t2_konumlanma_kalabalik_1h_SEPET3_genel_w14_c0.5_cx0.0_s-1: alfa t 4.10, komşu 5/5 pozitif, kesik veriyle eğitim getirisi +34.519 (defter +34.519), en yüksek korelasyon 0.805
ret  t2_konumlanma_kalabalik_1h_SEPET3_genel_w3_c1.0_cx0.0_s-1: alfa t 4.04, komşu 7/7 pozitif, kesik veriyle eğitim getirisi +28.877 (defter +28.877), en yüksek korelasyon 0.788
ret  t2_konumlanma_kalabalik_1h_SEPET3_genel_w7_c1.0_cx0.0_s-1_g120: alfa t 4.00, komşu 3/3 pozitif, kesik veriyle eğitim getirisi +26.623 (defter +26.623), en yüksek korelasyon 0.891
ret  t2_konumlanma_kalabalik_1h_SEPET3_genel_w7_c1.5_cx0.0_s-1: alfa t 3.99, komşu 6/6 pozitif, kesik veriyle eğitim getirisi +24.092 (defter +24.092), en yüksek korelasyon 0.880
ret  t2_konumlanma_kalabalik_1h_SEPET3_genel_w14_c1.0_cx0.5_s-1: alfa t 3.98, komşu 5/5 pozitif, kesik veriyle eğitim getirisi +19.767 (defter +19.767), en yüksek korelasyon 0.828
ret  t2_konumlanma_kalabalik_4h_SEPET3_genel_w7_c1.0_cx0.5_s-1: alfa t 3.90, komşu 5/5 pozitif, kesik veriyle eğitim getirisi +20.397 (defter +20.397), en yüksek korelasyon 0.894
SEÇ  t2_konumlanma_kalabalik_1h_SEPET3_genel_w30_c1.0_cx0.0_s-1: alfa t 3.89, komşu 5/5 pozitif, kesik veriyle eğitim getirisi +20.829 (defter +20.828), en yüksek korelasyon 0.591
SEÇ  t2_konumlanma_oi_1h_SEPET3_birikim_k8_w30_a1.0_b1.5_t12: alfa t 3.69, komşu 7/7 pozitif, kesik veriyle eğitim getirisi +3.673 (defter +3.673), en yüksek korelasyon 0.298
ret  t2_konumlanma_bilesik_1h_SEPET3_w7_k48_wt30_c0.5_cx0.0: alfa t 3.31, komşu 2/2 pozitif, kesik veriyle eğitim getirisi +14.905 (defter +14.905), en yüksek korelasyon 0.864
ret  t2_konumlanma_bilesik_1h_SEPET3_w7_k48_wt30_c1.0_cx0.0: alfa t 3.30, komşu 2/2 pozitif, kesik veriyle eğitim getirisi +12.555 (defter +12.555), en yüksek korelasyon 0.815
ret  t2_konumlanma_bilesik_4h_SEPET3_w7_k12_wt30_c1.0_cx0.0: alfa t 3.25, komşu 2/2 pozitif, kesik veriyle eğitim getirisi +12.156 (defter +12.156), en yüksek korelasyon 0.775
ret  t2_konumlanma_bilesik_1h_SEPET3_w7_k24_wt30_c0.5_cx0.0: alfa t 3.20, komşu 2/2 pozitif, kesik veriyle eğitim getirisi +13.484 (defter +13.484), en yüksek korelasyon 0.885
ret  t2_konumlanma_bilesik_4h_SEPET3_w7_k12_wt30_c0.5_cx0.0: alfa t 3.14, komşu 2/2 pozitif, kesik veriyle eğitim getirisi +11.403 (defter +11.403), en yüksek korelasyon 0.823
SEÇ  t2_konumlanma_fark_1h_SEPET3_w14_c0.5_cx0.0_s1: alfa t 2.99, komşu 4/4 pozitif, kesik veriyle eğitim getirisi +5.557 (defter +5.557), en yüksek korelasyon 0.457
ret  t2_konumlanma_oi_1h_SEPET3_birikim_k8_w30_a1.0_b2.0_t12: alfa t 2.78, komşu 5/5 pozitif, kesik veriyle eğitim getirisi +1.418 (defter +1.418), en yüksek korelasyon 0.872
ret  t2_konumlanma_oi_1h_SEPET3_birikim_k12_w30_a1.0_b1.5_t12: alfa t 2.75, komşu 9/10 pozitif, kesik veriyle eğitim getirisi +1.806 (defter +1.806), en yüksek korelasyon 0.870
ret  t2_konumlanma_bilesik_4h_SEPET3_w7_k6_wt30_c0.5_cx0.0: alfa t 2.69, komşu 2/2 pozitif, kesik veriyle eğitim getirisi +7.776 (defter +7.776), en yüksek korelasyon 0.844
ret  t2_konumlanma_fark_1h_SEPET3_w14_c1.0_cx0.0_s1: alfa t 2.68, komşu 4/4 pozitif, kesik veriyle eğitim getirisi +3.882 (defter +3.882), en yüksek korelasyon 0.940
SEÇ  t2_konumlanma_taker_4h_SEPET3_k12_w30_c2.0_cx0.0_s1: alfa t 2.62, komşu 4/5 pozitif, kesik veriyle eğitim getirisi +3.553 (defter +3.553), en yüksek korelasyon 0.331
                                                                     t2_konumlanma_kalabalik_1h_SEPET3_genel_w7_c0.5_cx0.5_s-1_limit_lb1  t2_konumlanma_kalabalik_1h_SEPET3_genel_w30_c1.0_cx0.0_s-1  t2_konumlanma_oi_1h_SEPET3_birikim_k8_w30_a1.0_b1.5_t12  t2_konumlanma_fark_1h_SEPET3_w14_c0.5_cx0.0_s1  t2_konumlanma_taker_4h_SEPET3_k12_w30_c2.0_cx0.0_s1
t2_konumlanma_kalabalik_1h_SEPET3_genel_w7_c0.5_cx0.5_s-1_limit_lb1                                                                1.000                                                       0.591                                                    0.298                                           0.390                                                0.253
t2_konumlanma_kalabalik_1h_SEPET3_genel_w30_c1.0_cx0.0_s-1                                                                         0.591                                                       1.000                                                    0.218                                           0.457                                                0.331
t2_konumlanma_oi_1h_SEPET3_birikim_k8_w30_a1.0_b1.5_t12                                                                            0.298                                                       0.218                                                    1.000                                           0.106                                                0.161
t2_konumlanma_fark_1h_SEPET3_w14_c0.5_cx0.0_s1                                                                                     0.390                                                       0.457                                                    0.106                                           1.000                                                0.128
t2_konumlanma_taker_4h_SEPET3_k12_w30_c2.0_cx0.0_s1                                                                                0.253                                                       0.331                                                    0.161                                           0.128                                                1.000
