== BTCUSDT  ölçü 2020-09-01 00:00:00+00:00 … 2024-12-31 23:55:00+00:00 (455273 kayıt)
   k  corr(taker_oran, mum taker)  corr(ΔlogOI, mum |getiri|)  corr(Δlog genel_oran, mum getiri)
  -4  -0.007                       -0.011                      -0.048
  -3  -0.006                       -0.010                      -0.085
  -2  +0.038                       -0.037                      -0.033
  -1  +0.771                       -0.192                      +0.366
  +0  +0.294                       -0.049                      -0.014
  +1  +0.019                       -0.026                      -0.026
  +2  -0.007                       -0.016                      -0.009
  +3  -0.012                       -0.011                      -0.017
== ETHUSDT  ölçü 2021-12-01 00:00:00+00:00 … 2024-12-31 23:55:00+00:00 (324439 kayıt)
   k  corr(taker_oran, mum taker)  corr(ΔlogOI, mum |getiri|)  corr(Δlog genel_oran, mum getiri)
  -4  -0.009                       +0.007                      -0.070
  -3  -0.001                       +0.012                      -0.095
  -2  +0.027                       -0.012                      -0.043
  -1  +0.688                       -0.177                      +0.166
  +0  +0.367                       -0.058                      -0.042
  +1  +0.027                       -0.022                      -0.025
  +2  -0.006                       -0.015                      -0.003
  +3  -0.013                       -0.008                      -0.007
/home/user/venv/lib/python3.13/site-packages/pandas/core/arraylike.py:402: RuntimeWarning: divide by zero encountered in log
  result = getattr(ufunc, method)(*inputs, **kwargs)
== SOLUSDT  ölçü 2021-12-01 00:00:00+00:00 … 2024-12-31 23:55:00+00:00 (324422 kayıt)
   k  corr(taker_oran, mum taker)  corr(ΔlogOI, mum |getiri|)  corr(Δlog genel_oran, mum getiri)
  -4  -0.004                       -0.002                      -0.015
  -3  +0.003                       -0.002                      -0.037
  -2  +0.009                       -0.027                      +0.021
  -1  +0.654                       -0.150                      +0.124
  +0  +0.373                       -0.034                      -0.054
  +1  +0.021                       -0.001                      -0.026
  +2  -0.002                       -0.001                      +0.003
  +3  +0.003                       +0.001                      -0.009
